Java HotSpot(TM) 64-Bit Server VM (25.91-b15) for windows-amd64 JRE (1.8.0_91-b15), built on May 20 2016 17:43:15 by "java_re" with MS VC++ 10.0 (VS2010)
Memory: 4k page, physical 16718916k(8649708k free), swap 16718916k(6613908k free)
CommandLine flags: -XX:InitialHeapSize=134217728 -XX:MaxHeapSize=134217728 -XX:MaxNewSize=44740608 -XX:MaxTenuringThreshold=6 -XX:NewSize=44740608 -XX:OldPLABSize=16 -XX:OldSize=89477120 -XX:+PrintGC -XX:+PrintGCDateStamps -XX:+PrintGCDetails -XX:+PrintGCTimeStamps -XX:+UseCompressedClassPointers -XX:+UseCompressedOops -XX:+UseConcMarkSweepGC -XX:-UseLargePagesIndividualAllocation -XX:+UseParNewGC 
2020-10-27T23:25:00.535+0800: 0.120: [GC (Allocation Failure) 2020-10-27T23:25:00.535+0800: 0.120: [ParNew: 34902K->4351K(39296K), 0.0032217 secs] 34902K->11800K(126720K), 0.0033878 secs] [Times: user=0.00 sys=0.00, real=0.00 secs] 
2020-10-27T23:25:00.548+0800: 0.134: [GC (Allocation Failure) 2020-10-27T23:25:00.548+0800: 0.134: [ParNew: 39295K->4351K(39296K), 0.0041795 secs] 46744K->21955K(126720K), 0.0042404 secs] [Times: user=0.00 sys=0.00, real=0.00 secs] 
2020-10-27T23:25:00.559+0800: 0.144: [GC (Allocation Failure) 2020-10-27T23:25:00.559+0800: 0.144: [ParNew: 39208K->4341K(39296K), 0.0067784 secs] 56812K->34055K(126720K), 0.0068719 secs] [Times: user=0.00 sys=0.00, real=0.01 secs] 
2020-10-27T23:25:00.573+0800: 0.158: [GC (Allocation Failure) 2020-10-27T23:25:00.573+0800: 0.158: [ParNew: 39285K->4349K(39296K), 0.0069516 secs] 68999K->46228K(126720K), 0.0070325 secs] [Times: user=0.00 sys=0.00, real=0.01 secs] 
2020-10-27T23:25:00.590+0800: 0.175: [GC (Allocation Failure) 2020-10-27T23:25:00.590+0800: 0.175: [ParNew: 39293K->4351K(39296K), 0.0057541 secs] 81172K->56329K(126720K), 0.0058398 secs] [Times: user=0.00 sys=0.00, real=0.01 secs] 
2020-10-27T23:25:00.596+0800: 0.181: [GC (CMS Initial Mark) [1 CMS-initial-mark: 51977K(87424K)] 56617K(126720K), 0.0002532 secs] [Times: user=0.00 sys=0.00, real=0.00 secs] 
2020-10-27T23:25:00.596+0800: 0.181: [CMS-concurrent-mark-start]
2020-10-27T23:25:00.597+0800: 0.182: [CMS-concurrent-mark: 0.001/0.001 secs] [Times: user=0.00 sys=0.00, real=0.00 secs] 
2020-10-27T23:25:00.598+0800: 0.183: [CMS-concurrent-preclean-start]
2020-10-27T23:25:00.598+0800: 0.183: [CMS-concurrent-preclean: 0.000/0.000 secs] [Times: user=0.00 sys=0.00, real=0.00 secs] 
2020-10-27T23:25:00.598+0800: 0.183: [CMS-concurrent-abortable-preclean-start]
2020-10-27T23:25:00.603+0800: 0.188: [GC (Allocation Failure) 2020-10-27T23:25:00.603+0800: 0.188: [ParNew: 39025K->4338K(39296K), 0.0071207 secs] 91003K->68467K(126720K), 0.0071816 secs] [Times: user=0.00 sys=0.00, real=0.01 secs] 
2020-10-27T23:25:00.617+0800: 0.202: [GC (Allocation Failure) 2020-10-27T23:25:00.617+0800: 0.202: [ParNew: 38983K->4348K(39296K), 0.0061055 secs] 103112K->79493K(126720K), 0.0061690 secs] [Times: user=0.13 sys=0.00, real=0.01 secs] 
2020-10-27T23:25:00.630+0800: 0.215: [GC (Allocation Failure) 2020-10-27T23:25:00.630+0800: 0.215: [ParNew: 39176K->39176K(39296K), 0.0000157 secs]2020-10-27T23:25:00.630+0800: 0.215: [CMS2020-10-27T23:25:00.630+0800: 0.215: [CMS-concurrent-abortable-preclean: 0.001/0.032 secs] [Times: user=0.16 sys=0.00, real=0.03 secs] 
 (concurrent mode failure): 75145K->76553K(87424K), 0.0126530 secs] 114321K->76553K(126720K), [Metaspace: 2774K->2774K(1056768K)], 0.0127391 secs] [Times: user=0.02 sys=0.00, real=0.01 secs] 
2020-10-27T23:25:00.648+0800: 0.234: [GC (Allocation Failure) 2020-10-27T23:25:00.649+0800: 0.234: [ParNew: 34791K->4350K(39296K), 0.0035995 secs] 111344K->86616K(126720K), 0.0036599 secs] [Times: user=0.11 sys=0.02, real=0.00 secs] 
2020-10-27T23:25:00.652+0800: 0.237: [GC (CMS Initial Mark) [1 CMS-initial-mark: 82265K(87424K)] 86818K(126720K), 0.0001953 secs] [Times: user=0.00 sys=0.00, real=0.00 secs] 
2020-10-27T23:25:00.653+0800: 0.238: [CMS-concurrent-mark-start]
2020-10-27T23:25:00.653+0800: 0.238: [CMS-concurrent-mark: 0.001/0.001 secs] [Times: user=0.00 sys=0.00, real=0.00 secs] 
2020-10-27T23:25:00.653+0800: 0.238: [CMS-concurrent-preclean-start]
2020-10-27T23:25:00.653+0800: 0.238: [CMS-concurrent-preclean: 0.000/0.000 secs] [Times: user=0.00 sys=0.00, real=0.00 secs] 
2020-10-27T23:25:00.653+0800: 0.238: [CMS-concurrent-abortable-preclean-start]
2020-10-27T23:25:00.653+0800: 0.238: [CMS-concurrent-abortable-preclean: 0.000/0.000 secs] [Times: user=0.00 sys=0.00, real=0.00 secs] 
2020-10-27T23:25:00.654+0800: 0.239: [GC (CMS Final Remark) [YG occupancy: 11449 K (39296 K)]2020-10-27T23:25:00.654+0800: 0.239: [Rescan (parallel) , 0.0002107 secs]2020-10-27T23:25:00.654+0800: 0.239: [weak refs processing, 0.0000114 secs]2020-10-27T23:25:00.654+0800: 0.239: [class unloading, 0.0001990 secs]2020-10-27T23:25:00.654+0800: 0.239: [scrub symbol table, 0.0003624 secs]2020-10-27T23:25:00.654+0800: 0.239: [scrub string table, 0.0001013 secs][1 CMS-remark: 82265K(87424K)] 93715K(126720K), 0.0009468 secs] [Times: user=0.00 sys=0.00, real=0.00 secs] 
2020-10-27T23:25:00.655+0800: 0.240: [CMS-concurrent-sweep-start]
2020-10-27T23:25:00.655+0800: 0.240: [CMS-concurrent-sweep: 0.000/0.000 secs] [Times: user=0.00 sys=0.00, real=0.00 secs] 
2020-10-27T23:25:00.655+0800: 0.240: [CMS-concurrent-reset-start]
2020-10-27T23:25:00.655+0800: 0.240: [CMS-concurrent-reset: 0.000/0.000 secs] [Times: user=0.00 sys=0.00, real=0.00 secs] 
2020-10-27T23:25:00.658+0800: 0.243: [GC (Allocation Failure) 2020-10-27T23:25:00.658+0800: 0.243: [ParNew (promotion failed): 39294K->39295K(39296K), 0.0037771 secs]2020-10-27T23:25:00.662+0800: 0.247: [CMS: 87135K->87389K(87424K), 0.0130470 secs] 118778K->94287K(126720K), [Metaspace: 2774K->2774K(1056768K)], 0.0169078 secs] [Times: user=0.02 sys=0.00, real=0.02 secs] 
2020-10-27T23:25:00.675+0800: 0.260: [GC (CMS Initial Mark) [1 CMS-initial-mark: 87389K(87424K)] 95128K(126720K), 0.0002203 secs] [Times: user=0.00 sys=0.00, real=0.00 secs] 
2020-10-27T23:25:00.675+0800: 0.260: [CMS-concurrent-mark-start]
2020-10-27T23:25:00.676+0800: 0.261: [CMS-concurrent-mark: 0.001/0.001 secs] [Times: user=0.00 sys=0.00, real=0.00 secs] 
2020-10-27T23:25:00.676+0800: 0.261: [CMS-concurrent-preclean-start]
2020-10-27T23:25:00.676+0800: 0.261: [CMS-concurrent-preclean: 0.001/0.001 secs] [Times: user=0.00 sys=0.00, real=0.00 secs] 
2020-10-27T23:25:00.676+0800: 0.261: [CMS-concurrent-abortable-preclean-start]
2020-10-27T23:25:00.676+0800: 0.261: [CMS-concurrent-abortable-preclean: 0.000/0.000 secs] [Times: user=0.00 sys=0.00, real=0.00 secs] 
2020-10-27T23:25:00.676+0800: 0.261: [GC (CMS Final Remark) [YG occupancy: 15054 K (39296 K)]2020-10-27T23:25:00.677+0800: 0.261: [Rescan (parallel) , 0.0001931 secs]2020-10-27T23:25:00.677+0800: 0.262: [weak refs processing, 0.0000119 secs]2020-10-27T23:25:00.677+0800: 0.262: [class unloading, 0.0001996 secs]2020-10-27T23:25:00.677+0800: 0.262: [scrub symbol table, 0.0003323 secs]2020-10-27T23:25:00.677+0800: 0.262: [scrub string table, 0.0001012 secs][1 CMS-remark: 87389K(87424K)] 102443K(126720K), 0.0009260 secs] [Times: user=0.00 sys=0.00, real=0.00 secs] 
2020-10-27T23:25:00.678+0800: 0.262: [CMS-concurrent-sweep-start]
2020-10-27T23:25:00.678+0800: 0.263: [CMS-concurrent-sweep: 0.000/0.000 secs] [Times: user=0.00 sys=0.00, real=0.00 secs] 
2020-10-27T23:25:00.678+0800: 0.263: [CMS-concurrent-reset-start]
2020-10-27T23:25:00.678+0800: 0.263: [CMS-concurrent-reset: 0.000/0.000 secs] [Times: user=0.00 sys=0.00, real=0.00 secs] 
2020-10-27T23:25:00.681+0800: 0.266: [GC (Allocation Failure) 2020-10-27T23:25:00.681+0800: 0.266: [ParNew: 39265K->39265K(39296K), 0.0000155 secs]2020-10-27T23:25:00.681+0800: 0.266: [CMS: 87389K->87398K(87424K), 0.0138780 secs] 126654K->102801K(126720K), [Metaspace: 2774K->2774K(1056768K)], 0.0139799 secs] [Times: user=0.00 sys=0.00, real=0.01 secs] 
2020-10-27T23:25:00.695+0800: 0.280: [GC (CMS Initial Mark) [1 CMS-initial-mark: 87398K(87424K)] 103623K(126720K), 0.0003554 secs] [Times: user=0.00 sys=0.00, real=0.00 secs] 
2020-10-27T23:25:00.695+0800: 0.280: [CMS-concurrent-mark-start]
2020-10-27T23:25:00.696+0800: 0.281: [CMS-concurrent-mark: 0.001/0.001 secs] [Times: user=0.00 sys=0.00, real=0.00 secs] 
2020-10-27T23:25:00.696+0800: 0.281: [CMS-concurrent-preclean-start]
2020-10-27T23:25:00.697+0800: 0.282: [CMS-concurrent-preclean: 0.000/0.000 secs] [Times: user=0.03 sys=0.00, real=0.00 secs] 
2020-10-27T23:25:00.697+0800: 0.282: [CMS-concurrent-abortable-preclean-start]
2020-10-27T23:25:00.697+0800: 0.282: [CMS-concurrent-abortable-preclean: 0.000/0.000 secs] [Times: user=0.00 sys=0.00, real=0.00 secs] 
2020-10-27T23:25:00.697+0800: 0.282: [GC (CMS Final Remark) [YG occupancy: 27322 K (39296 K)]2020-10-27T23:25:00.697+0800: 0.282: [Rescan (parallel) , 0.0004935 secs]2020-10-27T23:25:00.697+0800: 0.282: [weak refs processing, 0.0000225 secs]2020-10-27T23:25:00.697+0800: 0.282: [class unloading, 0.0002432 secs]2020-10-27T23:25:00.698+0800: 0.283: [scrub symbol table, 0.0004075 secs]2020-10-27T23:25:00.698+0800: 0.283: [scrub string table, 0.0000977 secs][1 CMS-remark: 87398K(87424K)] 114721K(126720K), 0.0013632 secs] [Times: user=0.00 sys=0.00, real=0.00 secs] 
2020-10-27T23:25:00.698+0800: 0.283: [CMS-concurrent-sweep-start]
2020-10-27T23:25:00.698+0800: 0.283: [CMS-concurrent-sweep: 0.000/0.000 secs] [Times: user=0.00 sys=0.00, real=0.00 secs] 
2020-10-27T23:25:00.698+0800: 0.283: [CMS-concurrent-reset-start]
2020-10-27T23:25:00.699+0800: 0.284: [CMS-concurrent-reset: 0.000/0.000 secs] [Times: user=0.00 sys=0.00, real=0.00 secs] 
2020-10-27T23:25:00.700+0800: 0.285: [GC (Allocation Failure) 2020-10-27T23:25:00.700+0800: 0.285: [ParNew: 39288K->39288K(39296K), 0.0000144 secs]2020-10-27T23:25:00.700+0800: 0.285: [CMS: 87398K->87361K(87424K), 0.0143991 secs] 126687K->114788K(126720K), [Metaspace: 2774K->2774K(1056768K)], 0.0144814 secs] [Times: user=0.02 sys=0.00, real=0.01 secs] 
2020-10-27T23:25:00.715+0800: 0.300: [GC (CMS Initial Mark) [1 CMS-initial-mark: 87361K(87424K)] 115613K(126720K), 0.0003775 secs] [Times: user=0.00 sys=0.00, real=0.00 secs] 
2020-10-27T23:25:00.716+0800: 0.301: [CMS-concurrent-mark-start]
2020-10-27T23:25:00.716+0800: 0.301: [CMS-concurrent-mark: 0.001/0.001 secs] [Times: user=0.00 sys=0.00, real=0.00 secs] 
2020-10-27T23:25:00.716+0800: 0.301: [CMS-concurrent-preclean-start]
2020-10-27T23:25:00.717+0800: 0.302: [Full GC (Allocation Failure) 2020-10-27T23:25:00.717+0800: 0.302: [CMS2020-10-27T23:25:00.717+0800: 0.302: [CMS-concurrent-preclean: 0.001/0.001 secs] [Times: user=0.00 sys=0.00, real=0.00 secs] 
 (concurrent mode failure): 87361K->87302K(87424K), 0.0159612 secs] 126626K->116474K(126720K), [Metaspace: 2774K->2774K(1056768K)], 0.0160119 secs] [Times: user=0.02 sys=0.00, real=0.02 secs] 
2020-10-27T23:25:00.735+0800: 0.320: [Full GC (Allocation Failure) 2020-10-27T23:25:00.735+0800: 0.320: [CMS: 87302K->87335K(87424K), 0.0142014 secs] 125870K->116850K(126720K), [Metaspace: 2774K->2774K(1056768K)], 0.0142562 secs] [Times: user=0.02 sys=0.00, real=0.01 secs] 
2020-10-27T23:25:00.749+0800: 0.334: [GC (CMS Initial Mark) [1 CMS-initial-mark: 87335K(87424K)] 117639K(126720K), 0.0003826 secs] [Times: user=0.00 sys=0.00, real=0.00 secs] 
2020-10-27T23:25:00.749+0800: 0.334: [CMS-concurrent-mark-start]
2020-10-27T23:25:00.750+0800: 0.335: [CMS-concurrent-mark: 0.001/0.001 secs] [Times: user=0.00 sys=0.00, real=0.00 secs] 
2020-10-27T23:25:00.750+0800: 0.335: [CMS-concurrent-preclean-start]
2020-10-27T23:25:00.751+0800: 0.336: [Full GC (Allocation Failure) 2020-10-27T23:25:00.751+0800: 0.336: [CMS2020-10-27T23:25:00.751+0800: 0.336: [CMS-concurrent-preclean: 0.000/0.001 secs] [Times: user=0.00 sys=0.00, real=0.00 secs] 
 (concurrent mode failure): 87335K->86902K(87424K), 0.0119470 secs] 126317K->120028K(126720K), [Metaspace: 2774K->2774K(1056768K)], 0.0119966 secs] [Times: user=0.01 sys=0.00, real=0.01 secs] 
2020-10-27T23:25:00.764+0800: 0.348: [Full GC (Allocation Failure) 2020-10-27T23:25:00.764+0800: 0.348: [CMS: 87204K->86776K(87424K), 0.0146260 secs] 126497K->122873K(126720K), [Metaspace: 2774K->2774K(1056768K)], 0.0146759 secs] [Times: user=0.02 sys=0.00, real=0.01 secs] 
2020-10-27T23:25:00.778+0800: 0.363: [GC (CMS Initial Mark) [1 CMS-initial-mark: 86776K(87424K)] 123154K(126720K), 0.0002073 secs] [Times: user=0.00 sys=0.00, real=0.00 secs] 
2020-10-27T23:25:00.779+0800: 0.364: [CMS-concurrent-mark-start]
2020-10-27T23:25:00.779+0800: 0.364: [Full GC (Allocation Failure) 2020-10-27T23:25:00.779+0800: 0.364: [CMS2020-10-27T23:25:00.781+0800: 0.366: [CMS-concurrent-mark: 0.001/0.002 secs] [Times: user=0.00 sys=0.00, real=0.00 secs] 
 (concurrent mode failure): 87208K->86992K(87424K), 0.0057263 secs] 126407K->123577K(126720K), [Metaspace: 2774K->2774K(1056768K)], 0.0057761 secs] [Times: user=0.00 sys=0.00, real=0.01 secs] 
2020-10-27T23:25:00.786+0800: 0.370: [Full GC (Allocation Failure) 2020-10-27T23:25:00.786+0800: 0.371: [CMS: 87349K->87316K(87424K), 0.0115357 secs] 126643K->124180K(126720K), [Metaspace: 2774K->2774K(1056768K)], 0.0115869 secs] [Times: user=0.01 sys=0.00, real=0.01 secs] 
2020-10-27T23:25:00.797+0800: 0.382: [GC (CMS Initial Mark) [1 CMS-initial-mark: 87316K(87424K)] 124522K(126720K), 0.0003078 secs] [Times: user=0.00 sys=0.00, real=0.00 secs] 
2020-10-27T23:25:00.798+0800: 0.383: [CMS-concurrent-mark-start]
2020-10-27T23:25:00.798+0800: 0.383: [Full GC (Allocation Failure) 2020-10-27T23:25:00.798+0800: 0.383: [CMS2020-10-27T23:25:00.800+0800: 0.385: [CMS-concurrent-mark: 0.001/0.002 secs] [Times: user=0.00 sys=0.00, real=0.00 secs] 
 (concurrent mode failure): 87370K->87408K(87424K), 0.0171224 secs] 126661K->124354K(126720K), [Metaspace: 2774K->2774K(1056768K)], 0.0171723 secs] [Times: user=0.02 sys=0.00, real=0.02 secs] 
2020-10-27T23:25:00.816+0800: 0.401: [Full GC (Allocation Failure) 2020-10-27T23:25:00.816+0800: 0.401: [CMS: 87408K->87397K(87424K), 0.0163345 secs] 126665K->125283K(126720K), [Metaspace: 2774K->2774K(1056768K)], 0.0163841 secs] [Times: user=0.02 sys=0.00, real=0.02 secs] 
2020-10-27T23:25:00.832+0800: 0.417: [GC (CMS Initial Mark) [1 CMS-initial-mark: 87397K(87424K)] 125592K(126720K), 0.0002867 secs] [Times: user=0.00 sys=0.00, real=0.00 secs] 
2020-10-27T23:25:00.833+0800: 0.418: [CMS-concurrent-mark-start]
2020-10-27T23:25:00.833+0800: 0.418: [Full GC (Allocation Failure) 2020-10-27T23:25:00.833+0800: 0.418: [CMS2020-10-27T23:25:00.835+0800: 0.420: [CMS-concurrent-mark: 0.001/0.002 secs] [Times: user=0.00 sys=0.00, real=0.00 secs] 
 (concurrent mode failure): 87397K->87392K(87424K), 0.0121474 secs] 126399K->125666K(126720K), [Metaspace: 2774K->2774K(1056768K)], 0.0121996 secs] [Times: user=0.02 sys=0.00, real=0.01 secs] 
2020-10-27T23:25:00.845+0800: 0.430: [Full GC (Allocation Failure) 2020-10-27T23:25:00.845+0800: 0.430: [CMS: 87410K->87369K(87424K), 0.0137180 secs] 126687K->125615K(126720K), [Metaspace: 2774K->2774K(1056768K)], 0.0137655 secs] [Times: user=0.02 sys=0.00, real=0.01 secs] 
2020-10-27T23:25:00.859+0800: 0.444: [GC (CMS Initial Mark) [1 CMS-initial-mark: 87369K(87424K)] 125771K(126720K), 0.0001845 secs] [Times: user=0.00 sys=0.00, real=0.00 secs] 
2020-10-27T23:25:00.860+0800: 0.444: [CMS-concurrent-mark-start]
2020-10-27T23:25:00.860+0800: 0.445: [Full GC (Allocation Failure) 2020-10-27T23:25:00.860+0800: 0.445: [CMS2020-10-27T23:25:00.862+0800: 0.447: [CMS-concurrent-mark: 0.001/0.002 secs] [Times: user=0.00 sys=0.00, real=0.00 secs] 
 (concurrent mode failure): 87369K->87351K(87424K), 0.0035388 secs] 126610K->125673K(126720K), [Metaspace: 2774K->2774K(1056768K)], 0.0035685 secs] [Times: user=0.00 sys=0.00, real=0.00 secs] 
2020-10-27T23:25:00.863+0800: 0.449: [Full GC (Allocation Failure) 2020-10-27T23:25:00.863+0800: 0.449: [CMS: 87351K->87351K(87424K), 0.0011732 secs] 125900K->125662K(126720K), [Metaspace: 2774K->2774K(1056768K)], 0.0012027 secs] [Times: user=0.00 sys=0.00, real=0.00 secs] 
2020-10-27T23:25:00.865+0800: 0.450: [GC (CMS Initial Mark) [1 CMS-initial-mark: 87351K(87424K)] 126440K(126720K), 0.0003278 secs] [Times: user=0.00 sys=0.00, real=0.00 secs] 
2020-10-27T23:25:00.866+0800: 0.450: [CMS-concurrent-mark-start]
2020-10-27T23:25:00.866+0800: 0.451: [Full GC (Allocation Failure) 2020-10-27T23:25:00.866+0800: 0.451: [CMS2020-10-27T23:25:00.868+0800: 0.453: [CMS-concurrent-mark: 0.001/0.002 secs] [Times: user=0.00 sys=0.00, real=0.00 secs] 
 (concurrent mode failure): 87351K->87351K(87424K), 0.0035811 secs] 126593K->125734K(126720K), [Metaspace: 2774K->2774K(1056768K)], 0.0036129 secs] [Times: user=0.02 sys=0.00, real=0.00 secs] 
2020-10-27T23:25:00.870+0800: 0.454: [Full GC (Allocation Failure) 2020-10-27T23:25:00.870+0800: 0.454: [CMS: 87351K->87351K(87424K), 0.0012526 secs] 126570K->125734K(126720K), [Metaspace: 2774K->2774K(1056768K)], 0.0012803 secs] [Times: user=0.00 sys=0.00, real=0.00 secs] 
2020-10-27T23:25:00.871+0800: 0.456: [GC (CMS Initial Mark) [1 CMS-initial-mark: 87351K(87424K)] 125878K(126720K), 0.0003400 secs] [Times: user=0.00 sys=0.00, real=0.00 secs] 
2020-10-27T23:25:00.871+0800: 0.456: [CMS-concurrent-mark-start]
2020-10-27T23:25:00.872+0800: 0.456: [Full GC (Allocation Failure) 2020-10-27T23:25:00.872+0800: 0.457: [CMS2020-10-27T23:25:00.874+0800: 0.459: [CMS-concurrent-mark: 0.001/0.003 secs] [Times: user=0.00 sys=0.00, real=0.00 secs] 
 (concurrent mode failure): 87423K->87423K(87424K), 0.0035547 secs] 126690K->125810K(126720K), [Metaspace: 2774K->2774K(1056768K)], 0.0035862 secs] [Times: user=0.00 sys=0.00, real=0.00 secs] 
2020-10-27T23:25:00.875+0800: 0.460: [Full GC (Allocation Failure) 2020-10-27T23:25:00.876+0800: 0.460: [CMS: 87423K->87362K(87424K), 0.0130110 secs] 126634K->125507K(126720K), [Metaspace: 2774K->2774K(1056768K)], 0.0130571 secs] [Times: user=0.01 sys=0.00, real=0.01 secs] 
2020-10-27T23:25:00.889+0800: 0.473: [GC (CMS Initial Mark) [1 CMS-initial-mark: 87362K(87424K)] 126104K(126720K), 0.0002173 secs] [Times: user=0.00 sys=0.00, real=0.00 secs] 
2020-10-27T23:25:00.889+0800: 0.474: [CMS-concurrent-mark-start]
2020-10-27T23:25:00.889+0800: 0.474: [Full GC (Allocation Failure) 2020-10-27T23:25:00.889+0800: 0.474: [CMS2020-10-27T23:25:00.891+0800: 0.476: [CMS-concurrent-mark: 0.001/0.002 secs] [Times: user=0.00 sys=0.00, real=0.00 secs] 
 (concurrent mode failure): 87362K->87362K(87424K), 0.0036909 secs] 126328K->126267K(126720K), [Metaspace: 2774K->2774K(1056768K)], 0.0037217 secs] [Times: user=0.00 sys=0.00, real=0.00 secs] 
2020-10-27T23:25:00.893+0800: 0.478: [Full GC (Allocation Failure) 2020-10-27T23:25:00.893+0800: 0.478: [CMS: 87362K->87343K(87424K), 0.0106839 secs] 126267K->126247K(126720K), [Metaspace: 2774K->2774K(1056768K)], 0.0107261 secs] [Times: user=0.02 sys=0.00, real=0.01 secs] 
Heap
 par new generation   total 39296K, used 38968K [0x00000000f8000000, 0x00000000faaa0000, 0x00000000faaa0000)
  eden space 34944K, 100% used [0x00000000f8000000, 0x00000000fa220000, 0x00000000fa220000)
  from space 4352K,  92% used [0x00000000fa660000, 0x00000000faa4e200, 0x00000000faaa0000)
  to   space 4352K,   0% used [0x00000000fa220000, 0x00000000fa220000, 0x00000000fa660000)
 concurrent mark-sweep generation total 87424K, used 87343K [0x00000000faaa0000, 0x0000000100000000, 0x0000000100000000)
 Metaspace       used 2804K, capacity 4486K, committed 4864K, reserved 1056768K
  class space    used 316K, capacity 386K, committed 512K, reserved 1048576K
