Java HotSpot(TM) 64-Bit Server VM (25.91-b15) for windows-amd64 JRE (1.8.0_91-b15), built on May 20 2016 17:43:15 by "java_re" with MS VC++ 10.0 (VS2010)
Memory: 4k page, physical 16718916k(8673532k free), swap 16718916k(6643660k free)
CommandLine flags: -XX:InitialHeapSize=1073741824 -XX:MaxHeapSize=1073741824 -XX:+PrintGC -XX:+PrintGCDateStamps -XX:+PrintGCDetails -XX:+PrintGCTimeStamps -XX:+UseCompressedClassPointers -XX:+UseCompressedOops -XX:-UseLargePagesIndividualAllocation -XX:+UseSerialGC 
2020-10-27T23:12:55.955+0800: 0.241: [GC (Allocation Failure) 2020-10-27T23:12:55.955+0800: 0.241: [DefNew: 279616K->34944K(314560K), 0.0385651 secs] 279616K->87203K(1013632K), 0.0387099 secs] [Times: user=0.03 sys=0.02, real=0.04 secs] 
2020-10-27T23:12:56.028+0800: 0.315: [GC (Allocation Failure) 2020-10-27T23:12:56.028+0800: 0.315: [DefNew: 314560K->34944K(314560K), 0.0493745 secs] 366819K->165930K(1013632K), 0.0494325 secs] [Times: user=0.01 sys=0.03, real=0.05 secs] 
2020-10-27T23:12:56.112+0800: 0.398: [GC (Allocation Failure) 2020-10-27T23:12:56.112+0800: 0.398: [DefNew: 314560K->34943K(314560K), 0.0395490 secs] 445546K->245839K(1013632K), 0.0396078 secs] [Times: user=0.05 sys=0.00, real=0.04 secs] 
2020-10-27T23:12:56.186+0800: 0.472: [GC (Allocation Failure) 2020-10-27T23:12:56.186+0800: 0.472: [DefNew: 314559K->34943K(314560K), 0.0355500 secs] 525455K->318140K(1013632K), 0.0356099 secs] [Times: user=0.01 sys=0.02, real=0.04 secs] 
2020-10-27T23:12:56.255+0800: 0.541: [GC (Allocation Failure) 2020-10-27T23:12:56.255+0800: 0.541: [DefNew: 314402K->34943K(314560K), 0.0366097 secs] 597599K->391965K(1013632K), 0.0366743 secs] [Times: user=0.02 sys=0.03, real=0.04 secs] 
2020-10-27T23:12:56.325+0800: 0.611: [GC (Allocation Failure) 2020-10-27T23:12:56.325+0800: 0.611: [DefNew: 314559K->34943K(314560K), 0.0395920 secs] 671581K->471292K(1013632K), 0.0396479 secs] [Times: user=0.03 sys=0.00, real=0.04 secs] 
2020-10-27T23:12:56.399+0800: 0.685: [GC (Allocation Failure) 2020-10-27T23:12:56.399+0800: 0.685: [DefNew: 314559K->34943K(314560K), 0.0396781 secs] 750908K->548920K(1013632K), 0.0397375 secs] [Times: user=0.00 sys=0.05, real=0.04 secs] 
2020-10-27T23:12:56.474+0800: 0.760: [GC (Allocation Failure) 2020-10-27T23:12:56.474+0800: 0.760: [DefNew: 314466K->34943K(314560K), 0.0344243 secs] 828443K->615933K(1013632K), 0.0344787 secs] [Times: user=0.02 sys=0.01, real=0.03 secs] 
2020-10-27T23:12:56.543+0800: 0.829: [GC (Allocation Failure) 2020-10-27T23:12:56.543+0800: 0.829: [DefNew: 314559K->34944K(314560K), 0.0383002 secs] 895549K->692919K(1013632K), 0.0383601 secs] [Times: user=0.02 sys=0.02, real=0.04 secs] 
2020-10-27T23:12:56.615+0800: 0.901: [GC (Allocation Failure) 2020-10-27T23:12:56.615+0800: 0.901: [DefNew: 314560K->314560K(314560K), 0.0000141 secs]2020-10-27T23:12:56.615+0800: 0.901: [Tenured: 657975K->377400K(699072K), 0.0508037 secs] 972535K->377400K(1013632K), [Metaspace: 2774K->2774K(1056768K)], 0.0508876 secs] [Times: user=0.06 sys=0.00, real=0.05 secs] 
2020-10-27T23:12:56.700+0800: 0.985: [GC (Allocation Failure) 2020-10-27T23:12:56.700+0800: 0.985: [DefNew: 279616K->34942K(314560K), 0.0133616 secs] 657016K->471225K(1013632K), 0.0134315 secs] [Times: user=0.01 sys=0.00, real=0.01 secs] 
2020-10-27T23:12:56.748+0800: 1.033: [GC (Allocation Failure) 2020-10-27T23:12:56.748+0800: 1.033: [DefNew: 314558K->34943K(314560K), 0.0180070 secs] 750841K->549303K(1013632K), 0.0180678 secs] [Times: user=0.02 sys=0.00, real=0.02 secs] 
2020-10-27T23:12:56.799+0800: 1.085: [GC (Allocation Failure) 2020-10-27T23:12:56.799+0800: 1.085: [DefNew: 314559K->34943K(314560K), 0.0165232 secs] 828919K->625045K(1013632K), 0.0165848 secs] [Times: user=0.02 sys=0.00, real=0.02 secs] 
Heap
 def new generation   total 314560K, used 46658K [0x00000000c0000000, 0x00000000d5550000, 0x00000000d5550000)
  eden space 279616K,   4% used [0x00000000c0000000, 0x00000000c0b70990, 0x00000000d1110000)
  from space 34944K,  99% used [0x00000000d1110000, 0x00000000d332fff8, 0x00000000d3330000)
  to   space 34944K,   0% used [0x00000000d3330000, 0x00000000d3330000, 0x00000000d5550000)
 tenured generation   total 699072K, used 590101K [0x00000000d5550000, 0x0000000100000000, 0x0000000100000000)
   the space 699072K,  84% used [0x00000000d5550000, 0x00000000f9595570, 0x00000000f9595600, 0x0000000100000000)
 Metaspace       used 2780K, capacity 4486K, committed 4864K, reserved 1056768K
  class space    used 313K, capacity 386K, committed 512K, reserved 1048576K
