Java HotSpot(TM) 64-Bit Server VM (25.91-b15) for windows-amd64 JRE (1.8.0_91-b15), built on May 20 2016 17:43:15 by "java_re" with MS VC++ 10.0 (VS2010)
Memory: 4k page, physical 16718916k(8676764k free), swap 16718916k(6640672k free)
CommandLine flags: -XX:InitialHeapSize=4294967296 -XX:MaxHeapSize=4294967296 -XX:+PrintGC -XX:+PrintGCDateStamps -XX:+PrintGCDetails -XX:+PrintGCTimeStamps -XX:+UseCompressedClassPointers -XX:+UseCompressedOops -XX:-UseLargePagesIndividualAllocation -XX:+UseParallelGC 
2020-10-27T23:23:24.902+0800: 0.650: [GC (Allocation Failure) [PSYoungGen: 1048576K->174582K(1223168K)] 1048576K->235681K(4019712K), 0.0327763 secs] [Times: user=0.09 sys=0.16, real=0.03 secs] 
2020-10-27T23:23:25.065+0800: 0.813: [GC (Allocation Failure) [PSYoungGen: 1223158K->174586K(1223168K)] 1284257K->367038K(4019712K), 0.0420917 secs] [Times: user=0.16 sys=0.22, real=0.04 secs] 
2020-10-27T23:23:25.231+0800: 0.979: [GC (Allocation Failure) [PSYoungGen: 1223162K->174586K(1223168K)] 1415614K->497208K(4019712K), 0.0422650 secs] [Times: user=0.17 sys=0.08, real=0.04 secs] 
Heap
 PSYoungGen      total 1223168K, used 1081895K [0x000000076ab00000, 0x00000007c0000000, 0x00000007c0000000)
  eden space 1048576K, 86% used [0x000000076ab00000,0x00000007a210b438,0x00000007aab00000)
  from space 174592K, 99% used [0x00000007aab00000,0x00000007b557e948,0x00000007b5580000)
  to   space 174592K, 0% used [0x00000007b5580000,0x00000007b5580000,0x00000007c0000000)
 ParOldGen       total 2796544K, used 322622K [0x00000006c0000000, 0x000000076ab00000, 0x000000076ab00000)
  object space 2796544K, 11% used [0x00000006c0000000,0x00000006d3b0f900,0x000000076ab00000)
 Metaspace       used 2780K, capacity 4486K, committed 4864K, reserved 1056768K
  class space    used 313K, capacity 386K, committed 512K, reserved 1048576K
