Java HotSpot(TM) 64-Bit Server VM (25.91-b15) for windows-amd64 JRE (1.8.0_91-b15), built on May 20 2016 17:43:15 by "java_re" with MS VC++ 10.0 (VS2010)
Memory: 4k page, physical 16718916k(9103252k free), swap 16718916k(6723824k free)
CommandLine flags: -XX:InitialHeapSize=268435456 -XX:MaxGCPauseMillis=50 -XX:MaxHeapSize=268435456 -XX:+PrintGC -XX:+PrintGCDateStamps -XX:+PrintGCDetails -XX:+PrintGCTimeStamps -XX:+UseCompressedClassPointers -XX:+UseCompressedOops -XX:+UseG1GC -XX:-UseLargePagesIndividualAllocation 
2020-10-27T23:32:17.625+0800: 0.134: [GC pause (G1 Evacuation Pause) (young), 0.0023060 secs]
   [Parallel Time: 1.2 ms, GC Workers: 8]
      [GC Worker Start (ms): Min: 133.8, Avg: 134.0, Max: 134.9, Diff: 1.1]
      [Ext Root Scanning (ms): Min: 0.0, Avg: 0.2, Max: 1.1, Diff: 1.1, Sum: 1.9]
      [Update RS (ms): Min: 0.0, Avg: 0.0, Max: 0.0, Diff: 0.0, Sum: 0.0]
         [Processed Buffers: Min: 0, Avg: 0.0, Max: 0, Diff: 0, Sum: 0]
      [Scan RS (ms): Min: 0.0, Avg: 0.0, Max: 0.0, Diff: 0.0, Sum: 0.0]
      [Code Root Scanning (ms): Min: 0.0, Avg: 0.0, Max: 0.0, Diff: 0.0, Sum: 0.0]
      [Object Copy (ms): Min: 0.0, Avg: 0.5, Max: 0.8, Diff: 0.8, Sum: 4.3]
      [Termination (ms): Min: 0.0, Avg: 0.1, Max: 0.1, Diff: 0.1, Sum: 0.7]
         [Termination Attempts: Min: 1, Avg: 2.6, Max: 6, Diff: 5, Sum: 21]
      [GC Worker Other (ms): Min: 0.0, Avg: 0.1, Max: 0.6, Diff: 0.6, Sum: 0.8]
      [GC Worker Total (ms): Min: 0.1, Avg: 1.0, Max: 1.1, Diff: 1.1, Sum: 7.8]
      [GC Worker End (ms): Min: 135.0, Avg: 135.0, Max: 135.0, Diff: 0.0]
   [Code Root Fixup: 0.0 ms]
   [Code Root Purge: 0.0 ms]
   [Clear CT: 0.4 ms]
   [Other: 0.7 ms]
      [Choose CSet: 0.0 ms]
      [Ref Proc: 0.3 ms]
      [Ref Enq: 0.0 ms]
      [Redirty Cards: 0.4 ms]
      [Humongous Register: 0.0 ms]
      [Humongous Reclaim: 0.0 ms]
      [Free CSet: 0.0 ms]
   [Eden: 12.0M(12.0M)->0.0B(10.0M) Survivors: 0.0B->2048.0K Heap: 14.0M(256.0M)->4406.3K(256.0M)]
 [Times: user=0.00 sys=0.00, real=0.00 secs] 
2020-10-27T23:32:17.632+0800: 0.141: [GC pause (G1 Evacuation Pause) (young), 0.0026072 secs]
   [Parallel Time: 1.4 ms, GC Workers: 8]
      [GC Worker Start (ms): Min: 140.7, Avg: 140.8, Max: 140.8, Diff: 0.1]
      [Ext Root Scanning (ms): Min: 0.1, Avg: 0.1, Max: 0.2, Diff: 0.2, Sum: 0.9]
      [Update RS (ms): Min: 0.0, Avg: 0.0, Max: 0.1, Diff: 0.1, Sum: 0.3]
         [Processed Buffers: Min: 0, Avg: 0.9, Max: 2, Diff: 2, Sum: 7]
      [Scan RS (ms): Min: 0.0, Avg: 0.0, Max: 0.0, Diff: 0.0, Sum: 0.0]
      [Code Root Scanning (ms): Min: 0.0, Avg: 0.0, Max: 0.0, Diff: 0.0, Sum: 0.0]
      [Object Copy (ms): Min: 0.7, Avg: 0.8, Max: 1.0, Diff: 0.3, Sum: 6.3]
      [Termination (ms): Min: 0.0, Avg: 0.2, Max: 0.3, Diff: 0.3, Sum: 1.3]
         [Termination Attempts: Min: 1, Avg: 1.0, Max: 1, Diff: 0, Sum: 8]
      [GC Worker Other (ms): Min: 0.0, Avg: 0.0, Max: 0.0, Diff: 0.0, Sum: 0.1]
      [GC Worker Total (ms): Min: 1.1, Avg: 1.1, Max: 1.2, Diff: 0.1, Sum: 8.9]
      [GC Worker End (ms): Min: 141.9, Avg: 141.9, Max: 141.9, Diff: 0.0]
   [Code Root Fixup: 0.0 ms]
   [Code Root Purge: 0.0 ms]
   [Clear CT: 0.2 ms]
   [Other: 1.0 ms]
      [Choose CSet: 0.0 ms]
      [Ref Proc: 0.6 ms]
      [Ref Enq: 0.0 ms]
      [Redirty Cards: 0.3 ms]
      [Humongous Register: 0.0 ms]
      [Humongous Reclaim: 0.0 ms]
      [Free CSet: 0.0 ms]
   [Eden: 10.0M(10.0M)->0.0B(10.0M) Survivors: 2048.0K->2048.0K Heap: 16.4M(256.0M)->10.2M(256.0M)]
 [Times: user=0.02 sys=0.00, real=0.00 secs] 
2020-10-27T23:32:17.637+0800: 0.146: [GC pause (G1 Evacuation Pause) (young), 0.0025442 secs]
   [Parallel Time: 1.3 ms, GC Workers: 8]
      [GC Worker Start (ms): Min: 146.5, Avg: 146.6, Max: 146.6, Diff: 0.1]
      [Ext Root Scanning (ms): Min: 0.1, Avg: 0.1, Max: 0.2, Diff: 0.1, Sum: 0.9]
      [Update RS (ms): Min: 0.0, Avg: 0.1, Max: 0.4, Diff: 0.4, Sum: 0.9]
         [Processed Buffers: Min: 1, Avg: 1.4, Max: 4, Diff: 3, Sum: 11]
      [Scan RS (ms): Min: 0.0, Avg: 0.0, Max: 0.0, Diff: 0.0, Sum: 0.0]
      [Code Root Scanning (ms): Min: 0.0, Avg: 0.0, Max: 0.0, Diff: 0.0, Sum: 0.0]
      [Object Copy (ms): Min: 0.2, Avg: 0.5, Max: 0.7, Diff: 0.5, Sum: 4.2]
      [Termination (ms): Min: 0.0, Avg: 0.2, Max: 0.3, Diff: 0.3, Sum: 1.4]
         [Termination Attempts: Min: 1, Avg: 1.0, Max: 1, Diff: 0, Sum: 8]
      [GC Worker Other (ms): Min: 0.0, Avg: 0.0, Max: 0.0, Diff: 0.0, Sum: 0.1]
      [GC Worker Total (ms): Min: 0.9, Avg: 0.9, Max: 1.0, Diff: 0.1, Sum: 7.3]
      [GC Worker End (ms): Min: 147.5, Avg: 147.5, Max: 147.5, Diff: 0.0]
   [Code Root Fixup: 0.0 ms]
   [Code Root Purge: 0.0 ms]
   [Clear CT: 0.5 ms]
   [Other: 0.7 ms]
      [Choose CSet: 0.0 ms]
      [Ref Proc: 0.4 ms]
      [Ref Enq: 0.0 ms]
      [Redirty Cards: 0.3 ms]
      [Humongous Register: 0.0 ms]
      [Humongous Reclaim: 0.0 ms]
      [Free CSet: 0.0 ms]
   [Eden: 10.0M(10.0M)->0.0B(14.0M) Survivors: 2048.0K->2048.0K Heap: 22.4M(256.0M)->13.5M(256.0M)]
 [Times: user=0.00 sys=0.00, real=0.00 secs] 
2020-10-27T23:32:17.644+0800: 0.153: [GC pause (G1 Evacuation Pause) (young), 0.0027645 secs]
   [Parallel Time: 1.6 ms, GC Workers: 8]
      [GC Worker Start (ms): Min: 152.8, Avg: 152.9, Max: 152.9, Diff: 0.1]
      [Ext Root Scanning (ms): Min: 0.1, Avg: 0.1, Max: 0.2, Diff: 0.1, Sum: 0.8]
      [Update RS (ms): Min: 0.0, Avg: 0.0, Max: 0.0, Diff: 0.0, Sum: 0.1]
         [Processed Buffers: Min: 1, Avg: 1.3, Max: 2, Diff: 1, Sum: 10]
      [Scan RS (ms): Min: 0.0, Avg: 0.0, Max: 0.0, Diff: 0.0, Sum: 0.0]
      [Code Root Scanning (ms): Min: 0.0, Avg: 0.0, Max: 0.0, Diff: 0.0, Sum: 0.0]
      [Object Copy (ms): Min: 0.9, Avg: 1.0, Max: 1.0, Diff: 0.1, Sum: 7.8]
      [Termination (ms): Min: 0.0, Avg: 0.1, Max: 0.1, Diff: 0.1, Sum: 0.5]
         [Termination Attempts: Min: 1, Avg: 1.0, Max: 1, Diff: 0, Sum: 8]
      [GC Worker Other (ms): Min: 0.0, Avg: 0.0, Max: 0.0, Diff: 0.0, Sum: 0.1]
      [GC Worker Total (ms): Min: 1.1, Avg: 1.2, Max: 1.2, Diff: 0.1, Sum: 9.3]
      [GC Worker End (ms): Min: 154.0, Avg: 154.0, Max: 154.0, Diff: 0.0]
   [Code Root Fixup: 0.0 ms]
   [Code Root Purge: 0.0 ms]
   [Clear CT: 0.7 ms]
   [Other: 0.5 ms]
      [Choose CSet: 0.0 ms]
      [Ref Proc: 0.1 ms]
      [Ref Enq: 0.0 ms]
      [Redirty Cards: 0.3 ms]
      [Humongous Register: 0.0 ms]
      [Humongous Reclaim: 0.0 ms]
      [Free CSet: 0.0 ms]
   [Eden: 14.0M(14.0M)->0.0B(16.0M) Survivors: 2048.0K->2048.0K Heap: 29.7M(256.0M)->20.0M(256.0M)]
 [Times: user=0.00 sys=0.00, real=0.00 secs] 
2020-10-27T23:32:17.653+0800: 0.162: [GC pause (G1 Evacuation Pause) (young), 0.0026591 secs]
   [Parallel Time: 1.7 ms, GC Workers: 8]
      [GC Worker Start (ms): Min: 162.3, Avg: 162.3, Max: 162.5, Diff: 0.2]
      [Ext Root Scanning (ms): Min: 0.0, Avg: 0.1, Max: 0.2, Diff: 0.2, Sum: 0.8]
      [Update RS (ms): Min: 0.0, Avg: 0.0, Max: 0.2, Diff: 0.2, Sum: 0.3]
         [Processed Buffers: Min: 0, Avg: 1.4, Max: 3, Diff: 3, Sum: 11]
      [Scan RS (ms): Min: 0.0, Avg: 0.0, Max: 0.0, Diff: 0.0, Sum: 0.0]
      [Code Root Scanning (ms): Min: 0.0, Avg: 0.0, Max: 0.0, Diff: 0.0, Sum: 0.0]
      [Object Copy (ms): Min: 0.8, Avg: 1.0, Max: 1.2, Diff: 0.4, Sum: 8.1]
      [Termination (ms): Min: 0.0, Avg: 0.1, Max: 0.4, Diff: 0.4, Sum: 1.2]
         [Termination Attempts: Min: 1, Avg: 1.0, Max: 1, Diff: 0, Sum: 8]
      [GC Worker Other (ms): Min: 0.0, Avg: 0.0, Max: 0.0, Diff: 0.0, Sum: 0.1]
      [GC Worker Total (ms): Min: 1.2, Avg: 1.3, Max: 1.4, Diff: 0.2, Sum: 10.4]
      [GC Worker End (ms): Min: 163.6, Avg: 163.6, Max: 163.6, Diff: 0.0]
   [Code Root Fixup: 0.0 ms]
   [Code Root Purge: 0.0 ms]
   [Clear CT: 0.5 ms]
   [Other: 0.5 ms]
      [Choose CSet: 0.0 ms]
      [Ref Proc: 0.2 ms]
      [Ref Enq: 0.0 ms]
      [Redirty Cards: 0.2 ms]
      [Humongous Register: 0.0 ms]
      [Humongous Reclaim: 0.0 ms]
      [Free CSet: 0.0 ms]
   [Eden: 16.0M(16.0M)->0.0B(22.0M) Survivors: 2048.0K->3072.0K Heap: 39.3M(256.0M)->27.0M(256.0M)]
 [Times: user=0.00 sys=0.00, real=0.00 secs] 
2020-10-27T23:32:17.663+0800: 0.172: [GC pause (G1 Evacuation Pause) (young), 0.0031643 secs]
   [Parallel Time: 2.1 ms, GC Workers: 8]
      [GC Worker Start (ms): Min: 172.1, Avg: 172.1, Max: 172.2, Diff: 0.2]
      [Ext Root Scanning (ms): Min: 0.0, Avg: 0.1, Max: 0.2, Diff: 0.2, Sum: 0.8]
      [Update RS (ms): Min: 0.0, Avg: 0.0, Max: 0.0, Diff: 0.0, Sum: 0.2]
         [Processed Buffers: Min: 0, Avg: 1.3, Max: 2, Diff: 2, Sum: 10]
      [Scan RS (ms): Min: 0.0, Avg: 0.0, Max: 0.0, Diff: 0.0, Sum: 0.0]
      [Code Root Scanning (ms): Min: 0.0, Avg: 0.0, Max: 0.0, Diff: 0.0, Sum: 0.0]
      [Object Copy (ms): Min: 1.5, Avg: 1.6, Max: 1.7, Diff: 0.2, Sum: 12.8]
      [Termination (ms): Min: 0.0, Avg: 0.2, Max: 0.2, Diff: 0.2, Sum: 1.2]
         [Termination Attempts: Min: 1, Avg: 1.0, Max: 1, Diff: 0, Sum: 8]
      [GC Worker Other (ms): Min: 0.0, Avg: 0.0, Max: 0.0, Diff: 0.0, Sum: 0.1]
      [GC Worker Total (ms): Min: 1.8, Avg: 1.9, Max: 2.0, Diff: 0.2, Sum: 15.1]
      [GC Worker End (ms): Min: 174.0, Avg: 174.0, Max: 174.0, Diff: 0.0]
   [Code Root Fixup: 0.0 ms]
   [Code Root Purge: 0.0 ms]
   [Clear CT: 0.3 ms]
   [Other: 0.7 ms]
      [Choose CSet: 0.0 ms]
      [Ref Proc: 0.3 ms]
      [Ref Enq: 0.0 ms]
      [Redirty Cards: 0.3 ms]
      [Humongous Register: 0.0 ms]
      [Humongous Reclaim: 0.0 ms]
      [Free CSet: 0.0 ms]
   [Eden: 22.0M(22.0M)->0.0B(54.0M) Survivors: 3072.0K->4096.0K Heap: 53.5M(256.0M)->38.6M(256.0M)]
 [Times: user=0.05 sys=0.08, real=0.00 secs] 
2020-10-27T23:32:17.687+0800: 0.196: [GC pause (G1 Evacuation Pause) (young), 0.0048663 secs]
   [Parallel Time: 3.7 ms, GC Workers: 8]
      [GC Worker Start (ms): Min: 196.2, Avg: 196.3, Max: 196.4, Diff: 0.2]
      [Ext Root Scanning (ms): Min: 0.0, Avg: 0.1, Max: 0.2, Diff: 0.2, Sum: 0.8]
      [Update RS (ms): Min: 0.0, Avg: 0.0, Max: 0.0, Diff: 0.0, Sum: 0.2]
         [Processed Buffers: Min: 0, Avg: 1.0, Max: 2, Diff: 2, Sum: 8]
      [Scan RS (ms): Min: 0.0, Avg: 0.0, Max: 0.0, Diff: 0.0, Sum: 0.0]
      [Code Root Scanning (ms): Min: 0.0, Avg: 0.0, Max: 0.0, Diff: 0.0, Sum: 0.0]
      [Object Copy (ms): Min: 2.8, Avg: 3.0, Max: 3.2, Diff: 0.3, Sum: 23.7]
      [Termination (ms): Min: 0.0, Avg: 0.2, Max: 0.3, Diff: 0.3, Sum: 1.7]
         [Termination Attempts: Min: 1, Avg: 1.0, Max: 1, Diff: 0, Sum: 8]
      [GC Worker Other (ms): Min: 0.0, Avg: 0.0, Max: 0.0, Diff: 0.0, Sum: 0.1]
      [GC Worker Total (ms): Min: 3.2, Avg: 3.3, Max: 3.4, Diff: 0.2, Sum: 26.5]
      [GC Worker End (ms): Min: 199.6, Avg: 199.6, Max: 199.6, Diff: 0.0]
   [Code Root Fixup: 0.0 ms]
   [Code Root Purge: 0.0 ms]
   [Clear CT: 0.5 ms]
   [Other: 0.7 ms]
      [Choose CSet: 0.0 ms]
      [Ref Proc: 0.3 ms]
      [Ref Enq: 0.0 ms]
      [Redirty Cards: 0.2 ms]
      [Humongous Register: 0.0 ms]
      [Humongous Reclaim: 0.0 ms]
      [Free CSet: 0.0 ms]
   [Eden: 54.0M(54.0M)->0.0B(31.0M) Survivors: 4096.0K->8192.0K Heap: 100.7M(256.0M)->57.8M(256.0M)]
 [Times: user=0.00 sys=0.00, real=0.00 secs] 
2020-10-27T23:32:17.701+0800: 0.210: [GC pause (G1 Evacuation Pause) (young), 0.0041571 secs]
   [Parallel Time: 3.1 ms, GC Workers: 8]
      [GC Worker Start (ms): Min: 210.3, Avg: 210.4, Max: 210.5, Diff: 0.2]
      [Ext Root Scanning (ms): Min: 0.0, Avg: 0.1, Max: 0.2, Diff: 0.2, Sum: 0.8]
      [Update RS (ms): Min: 0.0, Avg: 0.0, Max: 0.1, Diff: 0.1, Sum: 0.3]
         [Processed Buffers: Min: 0, Avg: 1.1, Max: 2, Diff: 2, Sum: 9]
      [Scan RS (ms): Min: 0.0, Avg: 0.0, Max: 0.0, Diff: 0.0, Sum: 0.0]
      [Code Root Scanning (ms): Min: 0.0, Avg: 0.0, Max: 0.0, Diff: 0.0, Sum: 0.0]
      [Object Copy (ms): Min: 2.5, Avg: 2.6, Max: 2.7, Diff: 0.2, Sum: 21.2]
      [Termination (ms): Min: 0.0, Avg: 0.1, Max: 0.2, Diff: 0.2, Sum: 0.7]
         [Termination Attempts: Min: 1, Avg: 1.0, Max: 1, Diff: 0, Sum: 8]
      [GC Worker Other (ms): Min: 0.0, Avg: 0.0, Max: 0.0, Diff: 0.0, Sum: 0.1]
      [GC Worker Total (ms): Min: 2.8, Avg: 2.9, Max: 3.0, Diff: 0.2, Sum: 23.1]
      [GC Worker End (ms): Min: 213.3, Avg: 213.3, Max: 213.3, Diff: 0.0]
   [Code Root Fixup: 0.0 ms]
   [Code Root Purge: 0.0 ms]
   [Clear CT: 0.4 ms]
   [Other: 0.7 ms]
      [Choose CSet: 0.0 ms]
      [Ref Proc: 0.1 ms]
      [Ref Enq: 0.0 ms]
      [Redirty Cards: 0.4 ms]
      [Humongous Register: 0.0 ms]
      [Humongous Reclaim: 0.0 ms]
      [Free CSet: 0.0 ms]
   [Eden: 31.0M(31.0M)->0.0B(48.0M) Survivors: 8192.0K->5120.0K Heap: 97.5M(256.0M)->72.6M(256.0M)]
 [Times: user=0.00 sys=0.00, real=0.00 secs] 
2020-10-27T23:32:17.719+0800: 0.228: [GC pause (G1 Evacuation Pause) (young), 0.0046882 secs]
   [Parallel Time: 3.7 ms, GC Workers: 8]
      [GC Worker Start (ms): Min: 227.8, Avg: 227.9, Max: 228.0, Diff: 0.2]
      [Ext Root Scanning (ms): Min: 0.0, Avg: 0.1, Max: 0.2, Diff: 0.2, Sum: 0.8]
      [Update RS (ms): Min: 0.0, Avg: 0.2, Max: 1.2, Diff: 1.2, Sum: 1.5]
         [Processed Buffers: Min: 0, Avg: 1.1, Max: 2, Diff: 2, Sum: 9]
      [Scan RS (ms): Min: 0.0, Avg: 0.0, Max: 0.0, Diff: 0.0, Sum: 0.0]
      [Code Root Scanning (ms): Min: 0.0, Avg: 0.0, Max: 0.0, Diff: 0.0, Sum: 0.0]
      [Object Copy (ms): Min: 2.2, Avg: 3.1, Max: 3.4, Diff: 1.2, Sum: 25.0]
      [Termination (ms): Min: 0.0, Avg: 0.1, Max: 0.1, Diff: 0.1, Sum: 0.6]
         [Termination Attempts: Min: 1, Avg: 1.0, Max: 1, Diff: 0, Sum: 8]
      [GC Worker Other (ms): Min: 0.0, Avg: 0.0, Max: 0.0, Diff: 0.0, Sum: 0.1]
      [GC Worker Total (ms): Min: 3.4, Avg: 3.5, Max: 3.6, Diff: 0.2, Sum: 28.0]
      [GC Worker End (ms): Min: 231.4, Avg: 231.4, Max: 231.4, Diff: 0.0]
   [Code Root Fixup: 0.0 ms]
   [Code Root Purge: 0.0 ms]
   [Clear CT: 0.2 ms]
   [Other: 0.8 ms]
      [Choose CSet: 0.0 ms]
      [Ref Proc: 0.2 ms]
      [Ref Enq: 0.0 ms]
      [Redirty Cards: 0.5 ms]
      [Humongous Register: 0.0 ms]
      [Humongous Reclaim: 0.0 ms]
      [Free CSet: 0.0 ms]
   [Eden: 48.0M(48.0M)->0.0B(64.0M) Survivors: 5120.0K->7168.0K Heap: 132.3M(256.0M)->95.4M(256.0M)]
 [Times: user=0.00 sys=0.00, real=0.00 secs] 
2020-10-27T23:32:17.735+0800: 0.244: [GC pause (G1 Humongous Allocation) (young) (initial-mark), 0.0039378 secs]
   [Parallel Time: 2.9 ms, GC Workers: 8]
      [GC Worker Start (ms): Min: 244.5, Avg: 244.6, Max: 244.6, Diff: 0.1]
      [Ext Root Scanning (ms): Min: 0.1, Avg: 0.1, Max: 0.2, Diff: 0.1, Sum: 0.9]
      [Update RS (ms): Min: 0.0, Avg: 0.0, Max: 0.1, Diff: 0.1, Sum: 0.3]
         [Processed Buffers: Min: 1, Avg: 1.1, Max: 2, Diff: 1, Sum: 9]
      [Scan RS (ms): Min: 0.0, Avg: 0.0, Max: 0.0, Diff: 0.0, Sum: 0.0]
      [Code Root Scanning (ms): Min: 0.0, Avg: 0.0, Max: 0.0, Diff: 0.0, Sum: 0.0]
      [Object Copy (ms): Min: 2.5, Avg: 2.5, Max: 2.7, Diff: 0.2, Sum: 20.4]
      [Termination (ms): Min: 0.0, Avg: 0.1, Max: 0.2, Diff: 0.2, Sum: 0.9]
         [Termination Attempts: Min: 1, Avg: 1.0, Max: 1, Diff: 0, Sum: 8]
      [GC Worker Other (ms): Min: 0.0, Avg: 0.0, Max: 0.0, Diff: 0.0, Sum: 0.1]
      [GC Worker Total (ms): Min: 2.8, Avg: 2.8, Max: 2.9, Diff: 0.1, Sum: 22.6]
      [GC Worker End (ms): Min: 247.4, Avg: 247.4, Max: 247.4, Diff: 0.0]
   [Code Root Fixup: 0.0 ms]
   [Code Root Purge: 0.0 ms]
   [Clear CT: 0.5 ms]
   [Other: 0.6 ms]
      [Choose CSet: 0.0 ms]
      [Ref Proc: 0.1 ms]
      [Ref Enq: 0.0 ms]
      [Redirty Cards: 0.3 ms]
      [Humongous Register: 0.0 ms]
      [Humongous Reclaim: 0.0 ms]
      [Free CSet: 0.0 ms]
   [Eden: 42.0M(64.0M)->0.0B(77.0M) Survivors: 7168.0K->9216.0K Heap: 148.0M(256.0M)->113.4M(256.0M)]
 [Times: user=0.00 sys=0.00, real=0.00 secs] 
2020-10-27T23:32:17.739+0800: 0.248: [GC concurrent-root-region-scan-start]
2020-10-27T23:32:17.740+0800: 0.249: [GC concurrent-root-region-scan-end, 0.0001734 secs]
2020-10-27T23:32:17.740+0800: 0.249: [GC concurrent-mark-start]
2020-10-27T23:32:17.741+0800: 0.250: [GC concurrent-mark-end, 0.0012111 secs]
2020-10-27T23:32:17.741+0800: 0.250: [GC remark 2020-10-27T23:32:17.741+0800: 0.250: [Finalize Marking, 0.0001606 secs] 2020-10-27T23:32:17.741+0800: 0.250: [GC ref-proc, 0.0002078 secs] 2020-10-27T23:32:17.741+0800: 0.250: [Unloading, 0.0004880 secs], 0.0011310 secs]
 [Times: user=0.00 sys=0.00, real=0.00 secs] 
2020-10-27T23:32:17.742+0800: 0.251: [GC cleanup 120M->120M(256M), 0.0008446 secs]
 [Times: user=0.00 sys=0.02, real=0.00 secs] 
2020-10-27T23:32:17.765+0800: 0.274: [GC pause (G1 Evacuation Pause) (young) (to-space exhausted), 0.0043637 secs]
   [Parallel Time: 3.3 ms, GC Workers: 8]
      [GC Worker Start (ms): Min: 274.4, Avg: 274.5, Max: 274.6, Diff: 0.2]
      [Ext Root Scanning (ms): Min: 0.0, Avg: 0.1, Max: 0.2, Diff: 0.1, Sum: 0.8]
      [Update RS (ms): Min: 0.1, Avg: 0.1, Max: 0.2, Diff: 0.0, Sum: 1.1]
         [Processed Buffers: Min: 1, Avg: 2.3, Max: 4, Diff: 3, Sum: 18]
      [Scan RS (ms): Min: 0.0, Avg: 0.0, Max: 0.0, Diff: 0.0, Sum: 0.1]
      [Code Root Scanning (ms): Min: 0.0, Avg: 0.0, Max: 0.0, Diff: 0.0, Sum: 0.0]
      [Object Copy (ms): Min: 2.7, Avg: 2.8, Max: 2.8, Diff: 0.1, Sum: 22.1]
      [Termination (ms): Min: 0.0, Avg: 0.0, Max: 0.0, Diff: 0.0, Sum: 0.2]
         [Termination Attempts: Min: 1, Avg: 1.0, Max: 1, Diff: 0, Sum: 8]
      [GC Worker Other (ms): Min: 0.0, Avg: 0.0, Max: 0.0, Diff: 0.0, Sum: 0.1]
      [GC Worker Total (ms): Min: 3.0, Avg: 3.1, Max: 3.1, Diff: 0.2, Sum: 24.5]
      [GC Worker End (ms): Min: 277.6, Avg: 277.6, Max: 277.6, Diff: 0.0]
   [Code Root Fixup: 0.0 ms]
   [Code Root Purge: 0.0 ms]
   [Clear CT: 0.3 ms]
   [Other: 0.8 ms]
      [Evacuation Failure: 0.2 ms]
      [Choose CSet: 0.0 ms]
      [Ref Proc: 0.2 ms]
      [Ref Enq: 0.0 ms]
      [Redirty Cards: 0.2 ms]
      [Humongous Register: 0.0 ms]
      [Humongous Reclaim: 0.0 ms]
      [Free CSet: 0.0 ms]
   [Eden: 77.0M(77.0M)->0.0B(4096.0K) Survivors: 9216.0K->11.0M Heap: 212.7M(256.0M)->187.6M(256.0M)]
 [Times: user=0.00 sys=0.00, real=0.00 secs] 
2020-10-27T23:32:17.771+0800: 0.280: [GC pause (G1 Evacuation Pause) (mixed), 0.0030255 secs]
   [Parallel Time: 2.3 ms, GC Workers: 8]
      [GC Worker Start (ms): Min: 279.6, Avg: 279.6, Max: 279.7, Diff: 0.1]
      [Ext Root Scanning (ms): Min: 0.1, Avg: 0.1, Max: 0.1, Diff: 0.1, Sum: 0.9]
      [Update RS (ms): Min: 0.0, Avg: 0.1, Max: 0.1, Diff: 0.1, Sum: 0.6]
         [Processed Buffers: Min: 0, Avg: 2.3, Max: 4, Diff: 4, Sum: 18]
      [Scan RS (ms): Min: 0.0, Avg: 0.0, Max: 0.1, Diff: 0.1, Sum: 0.1]
      [Code Root Scanning (ms): Min: 0.0, Avg: 0.0, Max: 0.0, Diff: 0.0, Sum: 0.0]
      [Object Copy (ms): Min: 1.9, Avg: 2.0, Max: 2.0, Diff: 0.1, Sum: 15.6]
      [Termination (ms): Min: 0.0, Avg: 0.1, Max: 0.1, Diff: 0.1, Sum: 0.6]
         [Termination Attempts: Min: 1, Avg: 1.3, Max: 2, Diff: 1, Sum: 10]
      [GC Worker Other (ms): Min: 0.0, Avg: 0.0, Max: 0.0, Diff: 0.0, Sum: 0.1]
      [GC Worker Total (ms): Min: 2.2, Avg: 2.2, Max: 2.3, Diff: 0.1, Sum: 17.8]
      [GC Worker End (ms): Min: 281.9, Avg: 281.9, Max: 281.9, Diff: 0.0]
   [Code Root Fixup: 0.0 ms]
   [Code Root Purge: 0.0 ms]
   [Clear CT: 0.2 ms]
   [Other: 0.5 ms]
      [Choose CSet: 0.0 ms]
      [Ref Proc: 0.2 ms]
      [Ref Enq: 0.0 ms]
      [Redirty Cards: 0.2 ms]
      [Humongous Register: 0.0 ms]
      [Humongous Reclaim: 0.0 ms]
      [Free CSet: 0.0 ms]
   [Eden: 4096.0K(4096.0K)->0.0B(22.0M) Survivors: 11.0M->1024.0K Heap: 192.2M(256.0M)->181.3M(256.0M)]
 [Times: user=0.00 sys=0.00, real=0.00 secs] 
2020-10-27T23:32:17.774+0800: 0.283: [GC pause (G1 Humongous Allocation) (young) (initial-mark), 0.0009628 secs]
   [Parallel Time: 0.4 ms, GC Workers: 8]
      [GC Worker Start (ms): Min: 283.0, Avg: 283.0, Max: 283.1, Diff: 0.1]
      [Ext Root Scanning (ms): Min: 0.1, Avg: 0.1, Max: 0.2, Diff: 0.1, Sum: 0.9]
      [Update RS (ms): Min: 0.0, Avg: 0.0, Max: 0.1, Diff: 0.1, Sum: 0.4]
         [Processed Buffers: Min: 1, Avg: 1.0, Max: 1, Diff: 0, Sum: 8]
      [Scan RS (ms): Min: 0.0, Avg: 0.0, Max: 0.0, Diff: 0.0, Sum: 0.0]
      [Code Root Scanning (ms): Min: 0.0, Avg: 0.0, Max: 0.0, Diff: 0.0, Sum: 0.0]
      [Object Copy (ms): Min: 0.0, Avg: 0.0, Max: 0.1, Diff: 0.1, Sum: 0.3]
      [Termination (ms): Min: 0.0, Avg: 0.0, Max: 0.1, Diff: 0.1, Sum: 0.4]
         [Termination Attempts: Min: 1, Avg: 1.5, Max: 2, Diff: 1, Sum: 12]
      [GC Worker Other (ms): Min: 0.0, Avg: 0.0, Max: 0.0, Diff: 0.0, Sum: 0.1]
      [GC Worker Total (ms): Min: 0.2, Avg: 0.3, Max: 0.3, Diff: 0.1, Sum: 2.0]
      [GC Worker End (ms): Min: 283.3, Avg: 283.3, Max: 283.3, Diff: 0.0]
   [Code Root Fixup: 0.0 ms]
   [Code Root Purge: 0.0 ms]
   [Clear CT: 0.1 ms]
   [Other: 0.4 ms]
      [Choose CSet: 0.0 ms]
      [Ref Proc: 0.2 ms]
      [Ref Enq: 0.0 ms]
      [Redirty Cards: 0.2 ms]
      [Humongous Register: 0.0 ms]
      [Humongous Reclaim: 0.0 ms]
      [Free CSet: 0.0 ms]
   [Eden: 1024.0K(22.0M)->0.0B(24.0M) Survivors: 1024.0K->1024.0K Heap: 182.1M(256.0M)->180.8M(256.0M)]
 [Times: user=0.00 sys=0.02, real=0.00 secs] 
2020-10-27T23:32:17.775+0800: 0.284: [GC concurrent-root-region-scan-start]
2020-10-27T23:32:17.775+0800: 0.284: [GC concurrent-root-region-scan-end, 0.0001016 secs]
2020-10-27T23:32:17.775+0800: 0.284: [GC concurrent-mark-start]
2020-10-27T23:32:17.776+0800: 0.285: [GC concurrent-mark-end, 0.0011707 secs]
2020-10-27T23:32:17.776+0800: 0.285: [GC remark 2020-10-27T23:32:17.776+0800: 0.285: [Finalize Marking, 0.0001744 secs] 2020-10-27T23:32:17.777+0800: 0.286: [GC ref-proc, 0.0001788 secs] 2020-10-27T23:32:17.777+0800: 0.286: [Unloading, 0.0004588 secs], 0.0011803 secs]
 [Times: user=0.00 sys=0.00, real=0.00 secs] 
2020-10-27T23:32:17.778+0800: 0.287: [GC cleanup 192M->192M(256M), 0.0006413 secs]
 [Times: user=0.00 sys=0.00, real=0.00 secs] 
2020-10-27T23:32:17.781+0800: 0.290: [GC pause (G1 Evacuation Pause) (young), 0.0022026 secs]
   [Parallel Time: 1.5 ms, GC Workers: 8]
      [GC Worker Start (ms): Min: 290.5, Avg: 290.5, Max: 290.5, Diff: 0.1]
      [Ext Root Scanning (ms): Min: 0.1, Avg: 0.1, Max: 0.1, Diff: 0.1, Sum: 0.9]
      [Update RS (ms): Min: 0.2, Avg: 0.2, Max: 0.2, Diff: 0.0, Sum: 1.5]
         [Processed Buffers: Min: 1, Avg: 3.1, Max: 4, Diff: 3, Sum: 25]
      [Scan RS (ms): Min: 0.0, Avg: 0.0, Max: 0.0, Diff: 0.0, Sum: 0.0]
      [Code Root Scanning (ms): Min: 0.0, Avg: 0.0, Max: 0.0, Diff: 0.0, Sum: 0.0]
      [Object Copy (ms): Min: 1.0, Avg: 1.1, Max: 1.1, Diff: 0.1, Sum: 8.7]
      [Termination (ms): Min: 0.0, Avg: 0.0, Max: 0.1, Diff: 0.1, Sum: 0.4]
         [Termination Attempts: Min: 1, Avg: 1.0, Max: 1, Diff: 0, Sum: 8]
      [GC Worker Other (ms): Min: 0.0, Avg: 0.0, Max: 0.0, Diff: 0.0, Sum: 0.1]
      [GC Worker Total (ms): Min: 1.4, Avg: 1.4, Max: 1.5, Diff: 0.1, Sum: 11.6]
      [GC Worker End (ms): Min: 291.9, Avg: 291.9, Max: 291.9, Diff: 0.0]
   [Code Root Fixup: 0.0 ms]
   [Code Root Purge: 0.0 ms]
   [Clear CT: 0.2 ms]
   [Other: 0.5 ms]
      [Choose CSet: 0.0 ms]
      [Ref Proc: 0.2 ms]
      [Ref Enq: 0.0 ms]
      [Redirty Cards: 0.2 ms]
      [Humongous Register: 0.0 ms]
      [Humongous Reclaim: 0.0 ms]
      [Free CSet: 0.0 ms]
   [Eden: 24.0M(24.0M)->0.0B(8192.0K) Survivors: 1024.0K->4096.0K Heap: 214.4M(256.0M)->192.0M(256.0M)]
 [Times: user=0.00 sys=0.00, real=0.00 secs] 
2020-10-27T23:32:17.785+0800: 0.294: [GC pause (G1 Evacuation Pause) (mixed), 0.0020273 secs]
   [Parallel Time: 1.4 ms, GC Workers: 8]
      [GC Worker Start (ms): Min: 294.2, Avg: 294.2, Max: 294.3, Diff: 0.1]
      [Ext Root Scanning (ms): Min: 0.1, Avg: 0.1, Max: 0.1, Diff: 0.1, Sum: 0.8]
      [Update RS (ms): Min: 0.1, Avg: 0.1, Max: 0.1, Diff: 0.0, Sum: 1.1]
         [Processed Buffers: Min: 0, Avg: 2.1, Max: 5, Diff: 5, Sum: 17]
      [Scan RS (ms): Min: 0.0, Avg: 0.0, Max: 0.0, Diff: 0.0, Sum: 0.1]
      [Code Root Scanning (ms): Min: 0.0, Avg: 0.0, Max: 0.0, Diff: 0.0, Sum: 0.0]
      [Object Copy (ms): Min: 1.0, Avg: 1.0, Max: 1.1, Diff: 0.1, Sum: 8.3]
      [Termination (ms): Min: 0.0, Avg: 0.0, Max: 0.1, Diff: 0.1, Sum: 0.3]
         [Termination Attempts: Min: 1, Avg: 1.1, Max: 2, Diff: 1, Sum: 9]
      [GC Worker Other (ms): Min: 0.0, Avg: 0.0, Max: 0.0, Diff: 0.0, Sum: 0.1]
      [GC Worker Total (ms): Min: 1.3, Avg: 1.3, Max: 1.4, Diff: 0.1, Sum: 10.6]
      [GC Worker End (ms): Min: 295.6, Avg: 295.6, Max: 295.6, Diff: 0.0]
   [Code Root Fixup: 0.0 ms]
   [Code Root Purge: 0.0 ms]
   [Clear CT: 0.2 ms]
   [Other: 0.3 ms]
      [Choose CSet: 0.0 ms]
      [Ref Proc: 0.1 ms]
      [Ref Enq: 0.0 ms]
      [Redirty Cards: 0.1 ms]
      [Humongous Register: 0.0 ms]
      [Humongous Reclaim: 0.0 ms]
      [Free CSet: 0.0 ms]
   [Eden: 8192.0K(8192.0K)->0.0B(10.0M) Survivors: 4096.0K->2048.0K Heap: 202.0M(256.0M)->171.6M(256.0M)]
 [Times: user=0.00 sys=0.00, real=0.00 secs] 
2020-10-27T23:32:17.789+0800: 0.298: [GC pause (G1 Evacuation Pause) (mixed), 0.0028206 secs]
   [Parallel Time: 2.3 ms, GC Workers: 8]
      [GC Worker Start (ms): Min: 298.3, Avg: 298.3, Max: 298.3, Diff: 0.1]
      [Ext Root Scanning (ms): Min: 0.1, Avg: 0.1, Max: 0.1, Diff: 0.1, Sum: 0.8]
      [Update RS (ms): Min: 0.2, Avg: 0.2, Max: 0.3, Diff: 0.1, Sum: 1.8]
         [Processed Buffers: Min: 1, Avg: 3.3, Max: 4, Diff: 3, Sum: 26]
      [Scan RS (ms): Min: 0.0, Avg: 0.0, Max: 0.0, Diff: 0.0, Sum: 0.1]
      [Code Root Scanning (ms): Min: 0.0, Avg: 0.0, Max: 0.0, Diff: 0.0, Sum: 0.0]
      [Object Copy (ms): Min: 1.6, Avg: 1.7, Max: 1.7, Diff: 0.1, Sum: 13.5]
      [Termination (ms): Min: 0.0, Avg: 0.1, Max: 0.1, Diff: 0.1, Sum: 0.6]
         [Termination Attempts: Min: 1, Avg: 1.3, Max: 2, Diff: 1, Sum: 10]
      [GC Worker Other (ms): Min: 0.0, Avg: 0.0, Max: 0.0, Diff: 0.0, Sum: 0.1]
      [GC Worker Total (ms): Min: 2.1, Avg: 2.1, Max: 2.1, Diff: 0.1, Sum: 16.8]
      [GC Worker End (ms): Min: 300.4, Avg: 300.4, Max: 300.4, Diff: 0.0]
   [Code Root Fixup: 0.0 ms]
   [Code Root Purge: 0.0 ms]
   [Clear CT: 0.1 ms]
   [Other: 0.4 ms]
      [Choose CSet: 0.0 ms]
      [Ref Proc: 0.2 ms]
      [Ref Enq: 0.0 ms]
      [Redirty Cards: 0.1 ms]
      [Humongous Register: 0.0 ms]
      [Humongous Reclaim: 0.0 ms]
      [Free CSet: 0.0 ms]
   [Eden: 10.0M(10.0M)->0.0B(10.0M) Survivors: 2048.0K->2048.0K Heap: 184.9M(256.0M)->157.5M(256.0M)]
 [Times: user=0.13 sys=0.00, real=0.00 secs] 
2020-10-27T23:32:17.794+0800: 0.303: [GC pause (G1 Evacuation Pause) (mixed), 0.0029249 secs]
   [Parallel Time: 2.2 ms, GC Workers: 8]
      [GC Worker Start (ms): Min: 302.8, Avg: 302.9, Max: 302.9, Diff: 0.1]
      [Ext Root Scanning (ms): Min: 0.1, Avg: 0.1, Max: 0.2, Diff: 0.1, Sum: 0.8]
      [Update RS (ms): Min: 0.1, Avg: 0.1, Max: 0.2, Diff: 0.1, Sum: 1.2]
         [Processed Buffers: Min: 2, Avg: 2.9, Max: 3, Diff: 1, Sum: 23]
      [Scan RS (ms): Min: 0.0, Avg: 0.0, Max: 0.0, Diff: 0.0, Sum: 0.1]
      [Code Root Scanning (ms): Min: 0.0, Avg: 0.0, Max: 0.0, Diff: 0.0, Sum: 0.0]
      [Object Copy (ms): Min: 1.7, Avg: 1.8, Max: 1.8, Diff: 0.1, Sum: 14.2]
      [Termination (ms): Min: 0.0, Avg: 0.0, Max: 0.1, Diff: 0.1, Sum: 0.3]
         [Termination Attempts: Min: 1, Avg: 1.0, Max: 1, Diff: 0, Sum: 8]
      [GC Worker Other (ms): Min: 0.0, Avg: 0.0, Max: 0.0, Diff: 0.0, Sum: 0.1]
      [GC Worker Total (ms): Min: 2.0, Avg: 2.1, Max: 2.1, Diff: 0.1, Sum: 16.6]
      [GC Worker End (ms): Min: 305.0, Avg: 305.0, Max: 305.0, Diff: 0.0]
   [Code Root Fixup: 0.0 ms]
   [Code Root Purge: 0.0 ms]
   [Clear CT: 0.3 ms]
   [Other: 0.5 ms]
      [Choose CSet: 0.0 ms]
      [Ref Proc: 0.1 ms]
      [Ref Enq: 0.0 ms]
      [Redirty Cards: 0.2 ms]
      [Humongous Register: 0.0 ms]
      [Humongous Reclaim: 0.0 ms]
      [Free CSet: 0.0 ms]
   [Eden: 10.0M(10.0M)->0.0B(39.0M) Survivors: 2048.0K->2048.0K Heap: 169.2M(256.0M)->156.5M(256.0M)]
 [Times: user=0.00 sys=0.00, real=0.00 secs] 
2020-10-27T23:32:17.797+0800: 0.306: [GC pause (G1 Humongous Allocation) (young) (initial-mark), 0.0009702 secs]
   [Parallel Time: 0.4 ms, GC Workers: 8]
      [GC Worker Start (ms): Min: 306.1, Avg: 306.1, Max: 306.2, Diff: 0.1]
      [Ext Root Scanning (ms): Min: 0.1, Avg: 0.1, Max: 0.2, Diff: 0.1, Sum: 0.8]
      [Update RS (ms): Min: 0.0, Avg: 0.0, Max: 0.1, Diff: 0.1, Sum: 0.3]
         [Processed Buffers: Min: 1, Avg: 1.1, Max: 2, Diff: 1, Sum: 9]
      [Scan RS (ms): Min: 0.0, Avg: 0.0, Max: 0.0, Diff: 0.0, Sum: 0.0]
      [Code Root Scanning (ms): Min: 0.0, Avg: 0.0, Max: 0.0, Diff: 0.0, Sum: 0.0]
      [Object Copy (ms): Min: 0.1, Avg: 0.1, Max: 0.2, Diff: 0.1, Sum: 1.1]
      [Termination (ms): Min: 0.0, Avg: 0.1, Max: 0.1, Diff: 0.1, Sum: 0.5]
         [Termination Attempts: Min: 1, Avg: 1.3, Max: 3, Diff: 2, Sum: 10]
      [GC Worker Other (ms): Min: 0.0, Avg: 0.0, Max: 0.0, Diff: 0.0, Sum: 0.0]
      [GC Worker Total (ms): Min: 0.3, Avg: 0.3, Max: 0.4, Diff: 0.1, Sum: 2.7]
      [GC Worker End (ms): Min: 306.5, Avg: 306.5, Max: 306.5, Diff: 0.0]
   [Code Root Fixup: 0.0 ms]
   [Code Root Purge: 0.0 ms]
   [Clear CT: 0.1 ms]
   [Other: 0.4 ms]
      [Choose CSet: 0.0 ms]
      [Ref Proc: 0.2 ms]
      [Ref Enq: 0.0 ms]
      [Redirty Cards: 0.1 ms]
      [Humongous Register: 0.0 ms]
      [Humongous Reclaim: 0.0 ms]
      [Free CSet: 0.0 ms]
   [Eden: 1024.0K(39.0M)->0.0B(40.0M) Survivors: 2048.0K->2048.0K Heap: 157.0M(256.0M)->156.4M(256.0M)]
 [Times: user=0.00 sys=0.00, real=0.00 secs] 
2020-10-27T23:32:17.798+0800: 0.307: [GC concurrent-root-region-scan-start]
2020-10-27T23:32:17.798+0800: 0.307: [GC concurrent-root-region-scan-end, 0.0000839 secs]
2020-10-27T23:32:17.798+0800: 0.307: [GC concurrent-mark-start]
2020-10-27T23:32:17.799+0800: 0.308: [GC concurrent-mark-end, 0.0010453 secs]
2020-10-27T23:32:17.799+0800: 0.308: [GC remark 2020-10-27T23:32:17.799+0800: 0.308: [Finalize Marking, 0.0001415 secs] 2020-10-27T23:32:17.799+0800: 0.309: [GC ref-proc, 0.0002005 secs] 2020-10-27T23:32:17.800+0800: 0.309: [Unloading, 0.0004970 secs], 0.0012957 secs]
 [Times: user=0.00 sys=0.00, real=0.00 secs] 
2020-10-27T23:32:17.801+0800: 0.310: [GC cleanup 162M->162M(256M), 0.0006202 secs]
 [Times: user=0.00 sys=0.00, real=0.00 secs] 
2020-10-27T23:32:17.809+0800: 0.318: [GC pause (G1 Evacuation Pause) (young), 0.0027999 secs]
   [Parallel Time: 1.9 ms, GC Workers: 8]
      [GC Worker Start (ms): Min: 317.7, Avg: 317.7, Max: 317.8, Diff: 0.2]
      [Ext Root Scanning (ms): Min: 0.0, Avg: 0.1, Max: 0.2, Diff: 0.2, Sum: 0.8]
      [Update RS (ms): Min: 0.1, Avg: 0.2, Max: 0.2, Diff: 0.1, Sum: 1.3]
         [Processed Buffers: Min: 0, Avg: 2.4, Max: 3, Diff: 3, Sum: 19]
      [Scan RS (ms): Min: 0.0, Avg: 0.0, Max: 0.0, Diff: 0.0, Sum: 0.0]
      [Code Root Scanning (ms): Min: 0.0, Avg: 0.0, Max: 0.0, Diff: 0.0, Sum: 0.0]
      [Object Copy (ms): Min: 1.3, Avg: 1.3, Max: 1.4, Diff: 0.1, Sum: 10.7]
      [Termination (ms): Min: 0.0, Avg: 0.0, Max: 0.1, Diff: 0.1, Sum: 0.2]
         [Termination Attempts: Min: 1, Avg: 1.0, Max: 1, Diff: 0, Sum: 8]
      [GC Worker Other (ms): Min: 0.0, Avg: 0.0, Max: 0.0, Diff: 0.0, Sum: 0.1]
      [GC Worker Total (ms): Min: 1.5, Avg: 1.6, Max: 1.7, Diff: 0.2, Sum: 13.1]
      [GC Worker End (ms): Min: 319.3, Avg: 319.3, Max: 319.4, Diff: 0.0]
   [Code Root Fixup: 0.0 ms]
   [Code Root Purge: 0.0 ms]
   [Clear CT: 0.3 ms]
   [Other: 0.6 ms]
      [Choose CSet: 0.0 ms]
      [Ref Proc: 0.1 ms]
      [Ref Enq: 0.0 ms]
      [Redirty Cards: 0.3 ms]
      [Humongous Register: 0.1 ms]
      [Humongous Reclaim: 0.0 ms]
      [Free CSet: 0.0 ms]
   [Eden: 40.0M(40.0M)->0.0B(6144.0K) Survivors: 2048.0K->6144.0K Heap: 210.8M(256.0M)->173.2M(256.0M)]
 [Times: user=0.00 sys=0.00, real=0.00 secs] 
2020-10-27T23:32:17.811+0800: 0.321: [GC pause (G1 Evacuation Pause) (mixed), 0.0034014 secs]
   [Parallel Time: 2.5 ms, GC Workers: 8]
      [GC Worker Start (ms): Min: 321.3, Avg: 321.4, Max: 321.4, Diff: 0.1]
      [Ext Root Scanning (ms): Min: 0.1, Avg: 0.1, Max: 0.1, Diff: 0.1, Sum: 0.8]
      [Update RS (ms): Min: 0.0, Avg: 0.1, Max: 0.1, Diff: 0.1, Sum: 0.6]
         [Processed Buffers: Min: 1, Avg: 1.9, Max: 2, Diff: 1, Sum: 15]
      [Scan RS (ms): Min: 0.0, Avg: 0.0, Max: 0.0, Diff: 0.0, Sum: 0.1]
      [Code Root Scanning (ms): Min: 0.0, Avg: 0.0, Max: 0.0, Diff: 0.0, Sum: 0.0]
      [Object Copy (ms): Min: 2.1, Avg: 2.1, Max: 2.1, Diff: 0.1, Sum: 16.8]
      [Termination (ms): Min: 0.0, Avg: 0.1, Max: 0.1, Diff: 0.1, Sum: 0.4]
         [Termination Attempts: Min: 1, Avg: 1.0, Max: 1, Diff: 0, Sum: 8]
      [GC Worker Other (ms): Min: 0.0, Avg: 0.0, Max: 0.0, Diff: 0.0, Sum: 0.1]
      [GC Worker Total (ms): Min: 2.3, Avg: 2.4, Max: 2.4, Diff: 0.1, Sum: 18.8]
      [GC Worker End (ms): Min: 323.8, Avg: 323.8, Max: 323.8, Diff: 0.0]
   [Code Root Fixup: 0.0 ms]
   [Code Root Purge: 0.0 ms]
   [Clear CT: 0.3 ms]
   [Other: 0.6 ms]
      [Choose CSet: 0.0 ms]
      [Ref Proc: 0.2 ms]
      [Ref Enq: 0.0 ms]
      [Redirty Cards: 0.3 ms]
      [Humongous Register: 0.0 ms]
      [Humongous Reclaim: 0.0 ms]
      [Free CSet: 0.0 ms]
   [Eden: 6144.0K(6144.0K)->0.0B(29.0M) Survivors: 6144.0K->2048.0K Heap: 179.8M(256.0M)->167.9M(256.0M)]
 [Times: user=0.00 sys=0.00, real=0.00 secs] 
2020-10-27T23:32:17.815+0800: 0.325: [GC pause (G1 Humongous Allocation) (young) (initial-mark), 0.0010359 secs]
   [Parallel Time: 0.5 ms, GC Workers: 8]
      [GC Worker Start (ms): Min: 325.3, Avg: 325.3, Max: 325.3, Diff: 0.1]
      [Ext Root Scanning (ms): Min: 0.1, Avg: 0.1, Max: 0.2, Diff: 0.1, Sum: 0.9]
      [Update RS (ms): Min: 0.0, Avg: 0.0, Max: 0.1, Diff: 0.1, Sum: 0.3]
         [Processed Buffers: Min: 1, Avg: 1.1, Max: 2, Diff: 1, Sum: 9]
      [Scan RS (ms): Min: 0.0, Avg: 0.0, Max: 0.0, Diff: 0.0, Sum: 0.0]
      [Code Root Scanning (ms): Min: 0.0, Avg: 0.0, Max: 0.0, Diff: 0.0, Sum: 0.0]
      [Object Copy (ms): Min: 0.1, Avg: 0.1, Max: 0.2, Diff: 0.1, Sum: 0.8]
      [Termination (ms): Min: 0.0, Avg: 0.1, Max: 0.1, Diff: 0.1, Sum: 0.5]
         [Termination Attempts: Min: 1, Avg: 1.0, Max: 1, Diff: 0, Sum: 8]
      [GC Worker Other (ms): Min: 0.0, Avg: 0.0, Max: 0.0, Diff: 0.0, Sum: 0.1]
      [GC Worker Total (ms): Min: 0.3, Avg: 0.3, Max: 0.4, Diff: 0.1, Sum: 2.6]
      [GC Worker End (ms): Min: 325.6, Avg: 325.6, Max: 325.6, Diff: 0.0]
   [Code Root Fixup: 0.0 ms]
   [Code Root Purge: 0.0 ms]
   [Clear CT: 0.2 ms]
   [Other: 0.4 ms]
      [Choose CSet: 0.0 ms]
      [Ref Proc: 0.2 ms]
      [Ref Enq: 0.0 ms]
      [Redirty Cards: 0.1 ms]
      [Humongous Register: 0.0 ms]
      [Humongous Reclaim: 0.0 ms]
      [Free CSet: 0.0 ms]
   [Eden: 2048.0K(29.0M)->0.0B(30.0M) Survivors: 2048.0K->2048.0K Heap: 169.5M(256.0M)->167.5M(256.0M)]
 [Times: user=0.00 sys=0.00, real=0.00 secs] 
2020-10-27T23:32:17.817+0800: 0.326: [GC concurrent-root-region-scan-start]
2020-10-27T23:32:17.817+0800: 0.326: [GC concurrent-root-region-scan-end, 0.0000578 secs]
2020-10-27T23:32:17.817+0800: 0.326: [GC concurrent-mark-start]
2020-10-27T23:32:17.818+0800: 0.328: [GC concurrent-mark-end, 0.0011388 secs]
2020-10-27T23:32:17.818+0800: 0.328: [GC remark 2020-10-27T23:32:17.818+0800: 0.328: [Finalize Marking, 0.0001449 secs] 2020-10-27T23:32:17.818+0800: 0.328: [GC ref-proc, 0.0001923 secs] 2020-10-27T23:32:17.818+0800: 0.328: [Unloading, 0.0003990 secs], 0.0011725 secs]
 [Times: user=0.00 sys=0.00, real=0.00 secs] 
2020-10-27T23:32:17.819+0800: 0.329: [GC cleanup 178M->178M(256M), 0.0004950 secs]
 [Times: user=0.00 sys=0.00, real=0.00 secs] 
2020-10-27T23:32:17.824+0800: 0.333: [GC pause (G1 Evacuation Pause) (young), 0.0028385 secs]
   [Parallel Time: 1.9 ms, GC Workers: 8]
      [GC Worker Start (ms): Min: 333.5, Avg: 333.6, Max: 333.9, Diff: 0.4]
      [Ext Root Scanning (ms): Min: 0.0, Avg: 0.1, Max: 0.1, Diff: 0.1, Sum: 0.8]
      [Update RS (ms): Min: 0.1, Avg: 0.3, Max: 0.3, Diff: 0.3, Sum: 2.0]
         [Processed Buffers: Min: 1, Avg: 3.0, Max: 4, Diff: 3, Sum: 24]
      [Scan RS (ms): Min: 0.0, Avg: 0.0, Max: 0.0, Diff: 0.0, Sum: 0.0]
      [Code Root Scanning (ms): Min: 0.0, Avg: 0.0, Max: 0.0, Diff: 0.0, Sum: 0.0]
      [Object Copy (ms): Min: 1.3, Avg: 1.3, Max: 1.4, Diff: 0.1, Sum: 10.6]
      [Termination (ms): Min: 0.0, Avg: 0.1, Max: 0.1, Diff: 0.1, Sum: 0.5]
         [Termination Attempts: Min: 1, Avg: 1.0, Max: 1, Diff: 0, Sum: 8]
      [GC Worker Other (ms): Min: 0.0, Avg: 0.0, Max: 0.0, Diff: 0.0, Sum: 0.1]
      [GC Worker Total (ms): Min: 1.5, Avg: 1.8, Max: 1.8, Diff: 0.4, Sum: 14.0]
      [GC Worker End (ms): Min: 335.3, Avg: 335.3, Max: 335.3, Diff: 0.0]
   [Code Root Fixup: 0.0 ms]
   [Code Root Purge: 0.0 ms]
   [Clear CT: 0.4 ms]
   [Other: 0.6 ms]
      [Choose CSet: 0.0 ms]
      [Ref Proc: 0.2 ms]
      [Ref Enq: 0.0 ms]
      [Redirty Cards: 0.3 ms]
      [Humongous Register: 0.0 ms]
      [Humongous Reclaim: 0.0 ms]
      [Free CSet: 0.0 ms]
   [Eden: 30.0M(30.0M)->0.0B(8192.0K) Survivors: 2048.0K->4096.0K Heap: 205.6M(256.0M)->182.8M(256.0M)]
 [Times: user=0.00 sys=0.00, real=0.00 secs] 
2020-10-27T23:32:17.828+0800: 0.338: [GC pause (G1 Evacuation Pause) (mixed), 0.0027164 secs]
   [Parallel Time: 1.9 ms, GC Workers: 8]
      [GC Worker Start (ms): Min: 337.8, Avg: 337.9, Max: 337.9, Diff: 0.1]
      [Ext Root Scanning (ms): Min: 0.1, Avg: 0.1, Max: 0.1, Diff: 0.1, Sum: 0.8]
      [Update RS (ms): Min: 0.1, Avg: 0.2, Max: 0.2, Diff: 0.1, Sum: 1.5]
         [Processed Buffers: Min: 3, Avg: 3.1, Max: 4, Diff: 1, Sum: 25]
      [Scan RS (ms): Min: 0.0, Avg: 0.0, Max: 0.0, Diff: 0.0, Sum: 0.1]
      [Code Root Scanning (ms): Min: 0.0, Avg: 0.0, Max: 0.0, Diff: 0.0, Sum: 0.0]
      [Object Copy (ms): Min: 1.4, Avg: 1.4, Max: 1.4, Diff: 0.1, Sum: 11.1]
      [Termination (ms): Min: 0.0, Avg: 0.0, Max: 0.0, Diff: 0.0, Sum: 0.2]
         [Termination Attempts: Min: 1, Avg: 1.0, Max: 1, Diff: 0, Sum: 8]
      [GC Worker Other (ms): Min: 0.0, Avg: 0.0, Max: 0.0, Diff: 0.0, Sum: 0.1]
      [GC Worker Total (ms): Min: 1.7, Avg: 1.7, Max: 1.8, Diff: 0.1, Sum: 13.8]
      [GC Worker End (ms): Min: 339.6, Avg: 339.6, Max: 339.6, Diff: 0.0]
   [Code Root Fixup: 0.0 ms]
   [Code Root Purge: 0.0 ms]
   [Clear CT: 0.3 ms]
   [Other: 0.5 ms]
      [Choose CSet: 0.0 ms]
      [Ref Proc: 0.2 ms]
      [Ref Enq: 0.0 ms]
      [Redirty Cards: 0.2 ms]
      [Humongous Register: 0.0 ms]
      [Humongous Reclaim: 0.0 ms]
      [Free CSet: 0.0 ms]
   [Eden: 8192.0K(8192.0K)->0.0B(17.0M) Survivors: 4096.0K->2048.0K Heap: 193.2M(256.0M)->180.5M(256.0M)]
 [Times: user=0.00 sys=0.00, real=0.00 secs] 
2020-10-27T23:32:17.831+0800: 0.341: [GC pause (G1 Humongous Allocation) (young) (initial-mark), 0.0009451 secs]
   [Parallel Time: 0.4 ms, GC Workers: 8]
      [GC Worker Start (ms): Min: 340.8, Avg: 340.9, Max: 340.9, Diff: 0.1]
      [Ext Root Scanning (ms): Min: 0.1, Avg: 0.1, Max: 0.2, Diff: 0.1, Sum: 0.9]
      [Update RS (ms): Min: 0.0, Avg: 0.0, Max: 0.1, Diff: 0.1, Sum: 0.3]
         [Processed Buffers: Min: 0, Avg: 1.3, Max: 2, Diff: 2, Sum: 10]
      [Scan RS (ms): Min: 0.0, Avg: 0.0, Max: 0.0, Diff: 0.0, Sum: 0.0]
      [Code Root Scanning (ms): Min: 0.0, Avg: 0.0, Max: 0.0, Diff: 0.0, Sum: 0.0]
      [Object Copy (ms): Min: 0.0, Avg: 0.1, Max: 0.1, Diff: 0.1, Sum: 0.7]
      [Termination (ms): Min: 0.0, Avg: 0.0, Max: 0.1, Diff: 0.1, Sum: 0.4]
         [Termination Attempts: Min: 1, Avg: 1.0, Max: 1, Diff: 0, Sum: 8]
      [GC Worker Other (ms): Min: 0.0, Avg: 0.0, Max: 0.0, Diff: 0.0, Sum: 0.1]
      [GC Worker Total (ms): Min: 0.3, Avg: 0.3, Max: 0.3, Diff: 0.1, Sum: 2.4]
      [GC Worker End (ms): Min: 341.1, Avg: 341.2, Max: 341.2, Diff: 0.0]
   [Code Root Fixup: 0.0 ms]
   [Code Root Purge: 0.0 ms]
   [Clear CT: 0.1 ms]
   [Other: 0.3 ms]
      [Choose CSet: 0.0 ms]
      [Ref Proc: 0.1 ms]
      [Ref Enq: 0.0 ms]
      [Redirty Cards: 0.1 ms]
      [Humongous Register: 0.0 ms]
      [Humongous Reclaim: 0.0 ms]
      [Free CSet: 0.0 ms]
   [Eden: 1024.0K(17.0M)->0.0B(17.0M) Survivors: 2048.0K->2048.0K Heap: 181.1M(256.0M)->180.3M(256.0M)]
 [Times: user=0.00 sys=0.00, real=0.00 secs] 
2020-10-27T23:32:17.832+0800: 0.342: [GC concurrent-root-region-scan-start]
2020-10-27T23:32:17.832+0800: 0.342: [GC concurrent-root-region-scan-end, 0.0000583 secs]
2020-10-27T23:32:17.832+0800: 0.342: [GC concurrent-mark-start]
2020-10-27T23:32:17.833+0800: 0.343: [GC concurrent-mark-end, 0.0011695 secs]
2020-10-27T23:32:17.833+0800: 0.343: [GC remark 2020-10-27T23:32:17.833+0800: 0.343: [Finalize Marking, 0.0001388 secs] 2020-10-27T23:32:17.834+0800: 0.343: [GC ref-proc, 0.0001962 secs] 2020-10-27T23:32:17.834+0800: 0.344: [Unloading, 0.0004087 secs], 0.0011854 secs]
 [Times: user=0.00 sys=0.00, real=0.00 secs] 
2020-10-27T23:32:17.835+0800: 0.344: [GC cleanup 189M->189M(256M), 0.0004781 secs]
 [Times: user=0.00 sys=0.00, real=0.00 secs] 
2020-10-27T23:32:17.837+0800: 0.347: [GC pause (G1 Evacuation Pause) (young), 0.0019705 secs]
   [Parallel Time: 1.3 ms, GC Workers: 8]
      [GC Worker Start (ms): Min: 346.6, Avg: 346.7, Max: 346.7, Diff: 0.1]
      [Ext Root Scanning (ms): Min: 0.1, Avg: 0.1, Max: 0.1, Diff: 0.1, Sum: 0.8]
      [Update RS (ms): Min: 0.2, Avg: 0.2, Max: 0.2, Diff: 0.0, Sum: 1.8]
         [Processed Buffers: Min: 4, Avg: 4.1, Max: 5, Diff: 1, Sum: 33]
      [Scan RS (ms): Min: 0.0, Avg: 0.0, Max: 0.0, Diff: 0.0, Sum: 0.0]
      [Code Root Scanning (ms): Min: 0.0, Avg: 0.0, Max: 0.0, Diff: 0.0, Sum: 0.0]
      [Object Copy (ms): Min: 0.8, Avg: 0.8, Max: 0.9, Diff: 0.1, Sum: 6.5]
      [Termination (ms): Min: 0.0, Avg: 0.1, Max: 0.1, Diff: 0.1, Sum: 0.5]
         [Termination Attempts: Min: 1, Avg: 1.0, Max: 1, Diff: 0, Sum: 8]
      [GC Worker Other (ms): Min: 0.0, Avg: 0.0, Max: 0.0, Diff: 0.0, Sum: 0.1]
      [GC Worker Total (ms): Min: 1.2, Avg: 1.2, Max: 1.2, Diff: 0.1, Sum: 9.6]
      [GC Worker End (ms): Min: 347.9, Avg: 347.9, Max: 347.9, Diff: 0.0]
   [Code Root Fixup: 0.0 ms]
   [Code Root Purge: 0.0 ms]
   [Clear CT: 0.3 ms]
   [Other: 0.4 ms]
      [Choose CSet: 0.0 ms]
      [Ref Proc: 0.1 ms]
      [Ref Enq: 0.0 ms]
      [Redirty Cards: 0.1 ms]
      [Humongous Register: 0.0 ms]
      [Humongous Reclaim: 0.0 ms]
      [Free CSet: 0.0 ms]
   [Eden: 17.0M(17.0M)->0.0B(9216.0K) Survivors: 2048.0K->3072.0K Heap: 200.2M(256.0M)->188.5M(256.0M)]
 [Times: user=0.00 sys=0.00, real=0.00 secs] 
2020-10-27T23:32:17.840+0800: 0.350: [GC pause (G1 Evacuation Pause) (mixed), 0.0029575 secs]
   [Parallel Time: 2.3 ms, GC Workers: 8]
      [GC Worker Start (ms): Min: 350.3, Avg: 350.3, Max: 350.3, Diff: 0.1]
      [Ext Root Scanning (ms): Min: 0.1, Avg: 0.1, Max: 0.1, Diff: 0.1, Sum: 0.9]
      [Update RS (ms): Min: 0.1, Avg: 0.1, Max: 0.1, Diff: 0.0, Sum: 1.0]
         [Processed Buffers: Min: 1, Avg: 2.6, Max: 4, Diff: 3, Sum: 21]
      [Scan RS (ms): Min: 0.0, Avg: 0.0, Max: 0.0, Diff: 0.0, Sum: 0.1]
      [Code Root Scanning (ms): Min: 0.0, Avg: 0.0, Max: 0.0, Diff: 0.0, Sum: 0.0]
      [Object Copy (ms): Min: 1.9, Avg: 1.9, Max: 1.9, Diff: 0.1, Sum: 15.1]
      [Termination (ms): Min: 0.0, Avg: 0.0, Max: 0.1, Diff: 0.1, Sum: 0.4]
         [Termination Attempts: Min: 1, Avg: 1.0, Max: 1, Diff: 0, Sum: 8]
      [GC Worker Other (ms): Min: 0.0, Avg: 0.0, Max: 0.0, Diff: 0.0, Sum: 0.1]
      [GC Worker Total (ms): Min: 2.2, Avg: 2.2, Max: 2.2, Diff: 0.1, Sum: 17.5]
      [GC Worker End (ms): Min: 352.5, Avg: 352.5, Max: 352.5, Diff: 0.0]
   [Code Root Fixup: 0.0 ms]
   [Code Root Purge: 0.0 ms]
   [Clear CT: 0.2 ms]
   [Other: 0.5 ms]
      [Choose CSet: 0.0 ms]
      [Ref Proc: 0.1 ms]
      [Ref Enq: 0.0 ms]
      [Redirty Cards: 0.2 ms]
      [Humongous Register: 0.0 ms]
      [Humongous Reclaim: 0.0 ms]
      [Free CSet: 0.0 ms]
   [Eden: 9216.0K(9216.0K)->0.0B(10.0M) Survivors: 3072.0K->2048.0K Heap: 198.8M(256.0M)->188.3M(256.0M)]
 [Times: user=0.00 sys=0.00, real=0.00 secs] 
2020-10-27T23:32:17.844+0800: 0.354: [GC pause (G1 Humongous Allocation) (young) (initial-mark), 0.0014512 secs]
   [Parallel Time: 0.6 ms, GC Workers: 8]
      [GC Worker Start (ms): Min: 353.8, Avg: 353.9, Max: 353.9, Diff: 0.1]
      [Ext Root Scanning (ms): Min: 0.1, Avg: 0.1, Max: 0.2, Diff: 0.1, Sum: 0.8]
      [Update RS (ms): Min: 0.0, Avg: 0.0, Max: 0.0, Diff: 0.0, Sum: 0.3]
         [Processed Buffers: Min: 1, Avg: 1.3, Max: 2, Diff: 1, Sum: 10]
      [Scan RS (ms): Min: 0.0, Avg: 0.0, Max: 0.0, Diff: 0.0, Sum: 0.0]
      [Code Root Scanning (ms): Min: 0.0, Avg: 0.0, Max: 0.0, Diff: 0.0, Sum: 0.0]
      [Object Copy (ms): Min: 0.1, Avg: 0.2, Max: 0.3, Diff: 0.2, Sum: 1.5]
      [Termination (ms): Min: 0.0, Avg: 0.1, Max: 0.1, Diff: 0.1, Sum: 0.5]
         [Termination Attempts: Min: 1, Avg: 1.0, Max: 1, Diff: 0, Sum: 8]
      [GC Worker Other (ms): Min: 0.0, Avg: 0.0, Max: 0.0, Diff: 0.0, Sum: 0.1]
      [GC Worker Total (ms): Min: 0.4, Avg: 0.4, Max: 0.5, Diff: 0.1, Sum: 3.2]
      [GC Worker End (ms): Min: 354.3, Avg: 354.3, Max: 354.3, Diff: 0.0]
   [Code Root Fixup: 0.0 ms]
   [Code Root Purge: 0.0 ms]
   [Clear CT: 0.3 ms]
   [Other: 0.5 ms]
      [Choose CSet: 0.0 ms]
      [Ref Proc: 0.3 ms]
      [Ref Enq: 0.0 ms]
      [Redirty Cards: 0.1 ms]
      [Humongous Register: 0.0 ms]
      [Humongous Reclaim: 0.0 ms]
      [Free CSet: 0.0 ms]
   [Eden: 3072.0K(10.0M)->0.0B(11.0M) Survivors: 2048.0K->1024.0K Heap: 190.7M(256.0M)->188.9M(256.0M)]
 [Times: user=0.00 sys=0.00, real=0.00 secs] 
2020-10-27T23:32:17.846+0800: 0.355: [GC concurrent-root-region-scan-start]
2020-10-27T23:32:17.846+0800: 0.355: [GC concurrent-root-region-scan-end, 0.0000964 secs]
2020-10-27T23:32:17.846+0800: 0.355: [GC concurrent-mark-start]
2020-10-27T23:32:17.847+0800: 0.357: [GC concurrent-mark-end, 0.0013814 secs]
2020-10-27T23:32:17.847+0800: 0.357: [GC remark 2020-10-27T23:32:17.847+0800: 0.357: [Finalize Marking, 0.0001127 secs] 2020-10-27T23:32:17.847+0800: 0.357: [GC ref-proc, 0.0001847 secs] 2020-10-27T23:32:17.848+0800: 0.357: [Unloading, 0.0004479 secs], 0.0012465 secs]
 [Times: user=0.00 sys=0.00, real=0.00 secs] 
2020-10-27T23:32:17.849+0800: 0.358: [GC cleanup 203M->203M(256M), 0.0005889 secs]
 [Times: user=0.00 sys=0.00, real=0.00 secs] 
2020-10-27T23:32:17.850+0800: 0.359: [GC pause (G1 Evacuation Pause) (young), 0.0016363 secs]
   [Parallel Time: 1.0 ms, GC Workers: 8]
      [GC Worker Start (ms): Min: 359.5, Avg: 359.5, Max: 359.6, Diff: 0.1]
      [Ext Root Scanning (ms): Min: 0.1, Avg: 0.1, Max: 0.1, Diff: 0.1, Sum: 0.8]
      [Update RS (ms): Min: 0.3, Avg: 0.3, Max: 0.3, Diff: 0.0, Sum: 2.2]
         [Processed Buffers: Min: 3, Avg: 4.1, Max: 6, Diff: 3, Sum: 33]
      [Scan RS (ms): Min: 0.0, Avg: 0.0, Max: 0.0, Diff: 0.0, Sum: 0.0]
      [Code Root Scanning (ms): Min: 0.0, Avg: 0.0, Max: 0.0, Diff: 0.0, Sum: 0.0]
      [Object Copy (ms): Min: 0.4, Avg: 0.5, Max: 0.5, Diff: 0.1, Sum: 3.7]
      [Termination (ms): Min: 0.0, Avg: 0.1, Max: 0.1, Diff: 0.1, Sum: 0.5]
         [Termination Attempts: Min: 1, Avg: 1.0, Max: 1, Diff: 0, Sum: 8]
      [GC Worker Other (ms): Min: 0.0, Avg: 0.0, Max: 0.0, Diff: 0.0, Sum: 0.1]
      [GC Worker Total (ms): Min: 0.9, Avg: 0.9, Max: 0.9, Diff: 0.1, Sum: 7.2]
      [GC Worker End (ms): Min: 360.4, Avg: 360.4, Max: 360.5, Diff: 0.0]
   [Code Root Fixup: 0.0 ms]
   [Code Root Purge: 0.0 ms]
   [Clear CT: 0.2 ms]
   [Other: 0.4 ms]
      [Choose CSet: 0.0 ms]
      [Ref Proc: 0.2 ms]
      [Ref Enq: 0.0 ms]
      [Redirty Cards: 0.2 ms]
      [Humongous Register: 0.0 ms]
      [Humongous Reclaim: 0.0 ms]
      [Free CSet: 0.0 ms]
   [Eden: 11.0M(11.0M)->0.0B(10.0M) Survivors: 1024.0K->2048.0K Heap: 206.1M(256.0M)->197.0M(256.0M)]
 [Times: user=0.00 sys=0.00, real=0.00 secs] 
2020-10-27T23:32:17.854+0800: 0.363: [GC pause (G1 Evacuation Pause) (mixed), 0.0028341 secs]
   [Parallel Time: 2.2 ms, GC Workers: 8]
      [GC Worker Start (ms): Min: 362.9, Avg: 363.0, Max: 363.0, Diff: 0.1]
      [Ext Root Scanning (ms): Min: 0.0, Avg: 0.1, Max: 0.1, Diff: 0.1, Sum: 0.7]
      [Update RS (ms): Min: 0.0, Avg: 0.1, Max: 0.1, Diff: 0.1, Sum: 0.6]
         [Processed Buffers: Min: 1, Avg: 2.0, Max: 3, Diff: 2, Sum: 16]
      [Scan RS (ms): Min: 0.0, Avg: 0.0, Max: 0.0, Diff: 0.0, Sum: 0.1]
      [Code Root Scanning (ms): Min: 0.0, Avg: 0.0, Max: 0.0, Diff: 0.0, Sum: 0.0]
      [Object Copy (ms): Min: 1.7, Avg: 1.7, Max: 1.7, Diff: 0.1, Sum: 13.6]
      [Termination (ms): Min: 0.0, Avg: 0.0, Max: 0.1, Diff: 0.1, Sum: 0.4]
         [Termination Attempts: Min: 1, Avg: 1.0, Max: 1, Diff: 0, Sum: 8]
      [GC Worker Other (ms): Min: 0.0, Avg: 0.0, Max: 0.0, Diff: 0.0, Sum: 0.1]
      [GC Worker Total (ms): Min: 1.8, Avg: 1.9, Max: 2.0, Diff: 0.1, Sum: 15.5]
      [GC Worker End (ms): Min: 364.9, Avg: 364.9, Max: 364.9, Diff: 0.0]
   [Code Root Fixup: 0.0 ms]
   [Code Root Purge: 0.0 ms]
   [Clear CT: 0.2 ms]
   [Other: 0.5 ms]
      [Choose CSet: 0.0 ms]
      [Ref Proc: 0.2 ms]
      [Ref Enq: 0.0 ms]
      [Redirty Cards: 0.2 ms]
      [Humongous Register: 0.1 ms]
      [Humongous Reclaim: 0.0 ms]
      [Free CSet: 0.0 ms]
   [Eden: 10.0M(10.0M)->0.0B(10.0M) Survivors: 2048.0K->2048.0K Heap: 207.7M(256.0M)->191.7M(256.0M)]
 [Times: user=0.00 sys=0.00, real=0.00 secs] 
2020-10-27T23:32:17.857+0800: 0.366: [GC pause (G1 Humongous Allocation) (young) (initial-mark), 0.0009872 secs]
   [Parallel Time: 0.5 ms, GC Workers: 8]
      [GC Worker Start (ms): Min: 366.2, Avg: 366.2, Max: 366.2, Diff: 0.1]
      [Ext Root Scanning (ms): Min: 0.1, Avg: 0.1, Max: 0.1, Diff: 0.1, Sum: 0.9]
      [Update RS (ms): Min: 0.0, Avg: 0.1, Max: 0.1, Diff: 0.1, Sum: 0.4]
         [Processed Buffers: Min: 1, Avg: 1.1, Max: 2, Diff: 1, Sum: 9]
      [Scan RS (ms): Min: 0.0, Avg: 0.0, Max: 0.0, Diff: 0.0, Sum: 0.0]
      [Code Root Scanning (ms): Min: 0.0, Avg: 0.0, Max: 0.0, Diff: 0.0, Sum: 0.0]
      [Object Copy (ms): Min: 0.1, Avg: 0.2, Max: 0.2, Diff: 0.1, Sum: 1.4]
      [Termination (ms): Min: 0.0, Avg: 0.0, Max: 0.1, Diff: 0.1, Sum: 0.4]
         [Termination Attempts: Min: 1, Avg: 1.0, Max: 1, Diff: 0, Sum: 8]
      [GC Worker Other (ms): Min: 0.0, Avg: 0.0, Max: 0.0, Diff: 0.0, Sum: 0.1]
      [GC Worker Total (ms): Min: 0.4, Avg: 0.4, Max: 0.4, Diff: 0.1, Sum: 3.1]
      [GC Worker End (ms): Min: 366.6, Avg: 366.6, Max: 366.6, Diff: 0.0]
   [Code Root Fixup: 0.0 ms]
   [Code Root Purge: 0.0 ms]
   [Clear CT: 0.2 ms]
   [Other: 0.3 ms]
      [Choose CSet: 0.0 ms]
      [Ref Proc: 0.1 ms]
      [Ref Enq: 0.0 ms]
      [Redirty Cards: 0.1 ms]
      [Humongous Register: 0.0 ms]
      [Humongous Reclaim: 0.0 ms]
      [Free CSet: 0.0 ms]
   [Eden: 2048.0K(10.0M)->0.0B(11.0M) Survivors: 2048.0K->1024.0K Heap: 192.9M(256.0M)->192.3M(256.0M)]
 [Times: user=0.00 sys=0.00, real=0.00 secs] 
2020-10-27T23:32:17.858+0800: 0.367: [GC concurrent-root-region-scan-start]
2020-10-27T23:32:17.858+0800: 0.367: [GC concurrent-root-region-scan-end, 0.0000856 secs]
2020-10-27T23:32:17.858+0800: 0.367: [GC concurrent-mark-start]
2020-10-27T23:32:17.859+0800: 0.369: [GC concurrent-mark-end, 0.0013648 secs]
2020-10-27T23:32:17.860+0800: 0.369: [GC remark 2020-10-27T23:32:17.860+0800: 0.369: [Finalize Marking, 0.0001496 secs] 2020-10-27T23:32:17.860+0800: 0.369: [GC ref-proc, 0.0001870 secs] 2020-10-27T23:32:17.860+0800: 0.369: [Unloading, 0.0005423 secs], 0.0013313 secs]
 [Times: user=0.00 sys=0.00, real=0.00 secs] 
2020-10-27T23:32:17.861+0800: 0.370: [GC cleanup 204M->204M(256M), 0.0006047 secs]
 [Times: user=0.00 sys=0.00, real=0.00 secs] 
2020-10-27T23:32:17.862+0800: 0.371: [GC pause (G1 Evacuation Pause) (young), 0.0014250 secs]
   [Parallel Time: 1.0 ms, GC Workers: 8]
      [GC Worker Start (ms): Min: 371.3, Avg: 371.4, Max: 371.4, Diff: 0.1]
      [Ext Root Scanning (ms): Min: 0.1, Avg: 0.1, Max: 0.1, Diff: 0.1, Sum: 0.8]
      [Update RS (ms): Min: 0.3, Avg: 0.3, Max: 0.3, Diff: 0.1, Sum: 2.3]
         [Processed Buffers: Min: 4, Avg: 4.0, Max: 4, Diff: 0, Sum: 32]
      [Scan RS (ms): Min: 0.0, Avg: 0.0, Max: 0.0, Diff: 0.0, Sum: 0.0]
      [Code Root Scanning (ms): Min: 0.0, Avg: 0.0, Max: 0.0, Diff: 0.0, Sum: 0.0]
      [Object Copy (ms): Min: 0.4, Avg: 0.4, Max: 0.5, Diff: 0.2, Sum: 3.5]
      [Termination (ms): Min: 0.0, Avg: 0.1, Max: 0.2, Diff: 0.2, Sum: 0.7]
         [Termination Attempts: Min: 1, Avg: 1.0, Max: 1, Diff: 0, Sum: 8]
      [GC Worker Other (ms): Min: 0.0, Avg: 0.0, Max: 0.0, Diff: 0.0, Sum: 0.1]
      [GC Worker Total (ms): Min: 0.9, Avg: 0.9, Max: 1.0, Diff: 0.1, Sum: 7.4]
      [GC Worker End (ms): Min: 372.3, Avg: 372.3, Max: 372.3, Diff: 0.0]
   [Code Root Fixup: 0.0 ms]
   [Code Root Purge: 0.0 ms]
   [Clear CT: 0.1 ms]
   [Other: 0.3 ms]
      [Choose CSet: 0.0 ms]
      [Ref Proc: 0.1 ms]
      [Ref Enq: 0.0 ms]
      [Redirty Cards: 0.1 ms]
      [Humongous Register: 0.0 ms]
      [Humongous Reclaim: 0.0 ms]
      [Free CSet: 0.0 ms]
   [Eden: 11.0M(11.0M)->0.0B(10.0M) Survivors: 1024.0K->2048.0K Heap: 207.1M(256.0M)->199.3M(256.0M)]
 [Times: user=0.00 sys=0.00, real=0.00 secs] 
2020-10-27T23:32:17.866+0800: 0.375: [GC pause (G1 Evacuation Pause) (mixed) (to-space exhausted), 0.0026097 secs]
   [Parallel Time: 1.9 ms, GC Workers: 8]
      [GC Worker Start (ms): Min: 374.8, Avg: 374.8, Max: 374.9, Diff: 0.1]
      [Ext Root Scanning (ms): Min: 0.1, Avg: 0.1, Max: 0.1, Diff: 0.1, Sum: 0.8]
      [Update RS (ms): Min: 0.1, Avg: 0.1, Max: 0.2, Diff: 0.0, Sum: 1.2]
         [Processed Buffers: Min: 3, Avg: 3.0, Max: 3, Diff: 0, Sum: 24]
      [Scan RS (ms): Min: 0.0, Avg: 0.0, Max: 0.0, Diff: 0.0, Sum: 0.1]
      [Code Root Scanning (ms): Min: 0.0, Avg: 0.0, Max: 0.0, Diff: 0.0, Sum: 0.0]
      [Object Copy (ms): Min: 1.4, Avg: 1.4, Max: 1.5, Diff: 0.1, Sum: 11.5]
      [Termination (ms): Min: 0.0, Avg: 0.0, Max: 0.1, Diff: 0.1, Sum: 0.3]
         [Termination Attempts: Min: 1, Avg: 1.1, Max: 2, Diff: 1, Sum: 9]
      [GC Worker Other (ms): Min: 0.0, Avg: 0.0, Max: 0.0, Diff: 0.0, Sum: 0.1]
      [GC Worker Total (ms): Min: 1.7, Avg: 1.7, Max: 1.8, Diff: 0.1, Sum: 14.0]
      [GC Worker End (ms): Min: 376.6, Avg: 376.6, Max: 376.6, Diff: 0.0]
   [Code Root Fixup: 0.0 ms]
   [Code Root Purge: 0.0 ms]
   [Clear CT: 0.1 ms]
   [Other: 0.6 ms]
      [Evacuation Failure: 0.1 ms]
      [Choose CSet: 0.0 ms]
      [Ref Proc: 0.2 ms]
      [Ref Enq: 0.0 ms]
      [Redirty Cards: 0.1 ms]
      [Humongous Register: 0.0 ms]
      [Humongous Reclaim: 0.0 ms]
      [Free CSet: 0.0 ms]
   [Eden: 10.0M(10.0M)->0.0B(10.0M) Survivors: 2048.0K->2048.0K Heap: 211.1M(256.0M)->204.7M(256.0M)]
 [Times: user=0.00 sys=0.01, real=0.00 secs] 
2020-10-27T23:32:17.869+0800: 0.378: [GC pause (G1 Humongous Allocation) (young) (initial-mark), 0.0011517 secs]
   [Parallel Time: 0.6 ms, GC Workers: 8]
      [GC Worker Start (ms): Min: 377.9, Avg: 378.0, Max: 378.0, Diff: 0.1]
      [Ext Root Scanning (ms): Min: 0.1, Avg: 0.1, Max: 0.1, Diff: 0.1, Sum: 0.8]
      [Update RS (ms): Min: 0.0, Avg: 0.0, Max: 0.1, Diff: 0.0, Sum: 0.4]
         [Processed Buffers: Min: 1, Avg: 2.1, Max: 10, Diff: 9, Sum: 17]
      [Scan RS (ms): Min: 0.0, Avg: 0.0, Max: 0.0, Diff: 0.0, Sum: 0.0]
      [Code Root Scanning (ms): Min: 0.0, Avg: 0.0, Max: 0.0, Diff: 0.0, Sum: 0.0]
      [Object Copy (ms): Min: 0.2, Avg: 0.2, Max: 0.3, Diff: 0.1, Sum: 1.8]
      [Termination (ms): Min: 0.0, Avg: 0.0, Max: 0.1, Diff: 0.1, Sum: 0.3]
         [Termination Attempts: Min: 1, Avg: 1.0, Max: 1, Diff: 0, Sum: 8]
      [GC Worker Other (ms): Min: 0.0, Avg: 0.0, Max: 0.0, Diff: 0.0, Sum: 0.0]
      [GC Worker Total (ms): Min: 0.4, Avg: 0.4, Max: 0.5, Diff: 0.1, Sum: 3.4]
      [GC Worker End (ms): Min: 378.4, Avg: 378.4, Max: 378.4, Diff: 0.0]
   [Code Root Fixup: 0.0 ms]
   [Code Root Purge: 0.0 ms]
   [Clear CT: 0.2 ms]
   [Other: 0.4 ms]
      [Choose CSet: 0.0 ms]
      [Ref Proc: 0.2 ms]
      [Ref Enq: 0.0 ms]
      [Redirty Cards: 0.1 ms]
      [Humongous Register: 0.0 ms]
      [Humongous Reclaim: 0.0 ms]
      [Free CSet: 0.0 ms]
   [Eden: 2048.0K(10.0M)->0.0B(11.0M) Survivors: 2048.0K->1024.0K Heap: 206.2M(256.0M)->204.9M(256.0M)]
 [Times: user=0.00 sys=0.00, real=0.00 secs] 
2020-10-27T23:32:17.870+0800: 0.379: [GC concurrent-root-region-scan-start]
2020-10-27T23:32:17.870+0800: 0.379: [GC concurrent-root-region-scan-end, 0.0000615 secs]
2020-10-27T23:32:17.870+0800: 0.379: [GC concurrent-mark-start]
2020-10-27T23:32:17.871+0800: 0.380: [GC concurrent-mark-end, 0.0012355 secs]
2020-10-27T23:32:17.872+0800: 0.381: [GC remark 2020-10-27T23:32:17.872+0800: 0.381: [Finalize Marking, 0.0001045 secs] 2020-10-27T23:32:17.872+0800: 0.381: [GC ref-proc, 0.0001822 secs] 2020-10-27T23:32:17.872+0800: 0.381: [Unloading, 0.0004318 secs], 0.0011779 secs]
 [Times: user=0.00 sys=0.00, real=0.00 secs] 
2020-10-27T23:32:17.873+0800: 0.382: [GC cleanup 214M->214M(256M), 0.0004994 secs]
 [Times: user=0.00 sys=0.00, real=0.00 secs] 
2020-10-27T23:32:17.874+0800: 0.383: [GC pause (G1 Evacuation Pause) (young), 0.0011587 secs]
   [Parallel Time: 0.7 ms, GC Workers: 8]
      [GC Worker Start (ms): Min: 383.1, Avg: 383.2, Max: 383.2, Diff: 0.1]
      [Ext Root Scanning (ms): Min: 0.1, Avg: 0.1, Max: 0.1, Diff: 0.1, Sum: 0.8]
      [Update RS (ms): Min: 0.1, Avg: 0.1, Max: 0.2, Diff: 0.1, Sum: 1.0]
         [Processed Buffers: Min: 2, Avg: 2.5, Max: 3, Diff: 1, Sum: 20]
      [Scan RS (ms): Min: 0.0, Avg: 0.0, Max: 0.0, Diff: 0.0, Sum: 0.0]
      [Code Root Scanning (ms): Min: 0.0, Avg: 0.0, Max: 0.0, Diff: 0.0, Sum: 0.0]
      [Object Copy (ms): Min: 0.2, Avg: 0.3, Max: 0.4, Diff: 0.2, Sum: 2.4]
      [Termination (ms): Min: 0.0, Avg: 0.1, Max: 0.1, Diff: 0.1, Sum: 0.6]
         [Termination Attempts: Min: 1, Avg: 1.0, Max: 1, Diff: 0, Sum: 8]
      [GC Worker Other (ms): Min: 0.0, Avg: 0.0, Max: 0.0, Diff: 0.0, Sum: 0.1]
      [GC Worker Total (ms): Min: 0.6, Avg: 0.6, Max: 0.6, Diff: 0.1, Sum: 4.9]
      [GC Worker End (ms): Min: 383.8, Avg: 383.8, Max: 383.8, Diff: 0.0]
   [Code Root Fixup: 0.0 ms]
   [Code Root Purge: 0.0 ms]
   [Clear CT: 0.1 ms]
   [Other: 0.3 ms]
      [Choose CSet: 0.0 ms]
      [Ref Proc: 0.1 ms]
      [Ref Enq: 0.0 ms]
      [Redirty Cards: 0.1 ms]
      [Humongous Register: 0.0 ms]
      [Humongous Reclaim: 0.0 ms]
      [Free CSet: 0.0 ms]
   [Eden: 11.0M(11.0M)->0.0B(10.0M) Survivors: 1024.0K->2048.0K Heap: 217.4M(256.0M)->207.8M(256.0M)]
 [Times: user=0.00 sys=0.00, real=0.00 secs] 
2020-10-27T23:32:17.877+0800: 0.386: [GC pause (G1 Evacuation Pause) (mixed) (to-space exhausted), 0.0011883 secs]
   [Parallel Time: 0.6 ms, GC Workers: 8]
      [GC Worker Start (ms): Min: 386.1, Avg: 386.2, Max: 386.2, Diff: 0.1]
      [Ext Root Scanning (ms): Min: 0.1, Avg: 0.1, Max: 0.1, Diff: 0.1, Sum: 0.8]
      [Update RS (ms): Min: 0.2, Avg: 0.2, Max: 0.2, Diff: 0.0, Sum: 1.8]
         [Processed Buffers: Min: 3, Avg: 3.9, Max: 5, Diff: 2, Sum: 31]
      [Scan RS (ms): Min: 0.0, Avg: 0.0, Max: 0.0, Diff: 0.0, Sum: 0.1]
      [Code Root Scanning (ms): Min: 0.0, Avg: 0.0, Max: 0.0, Diff: 0.0, Sum: 0.0]
      [Object Copy (ms): Min: 0.2, Avg: 0.2, Max: 0.2, Diff: 0.0, Sum: 1.6]
      [Termination (ms): Min: 0.0, Avg: 0.0, Max: 0.0, Diff: 0.0, Sum: 0.1]
         [Termination Attempts: Min: 1, Avg: 1.0, Max: 1, Diff: 0, Sum: 8]
      [GC Worker Other (ms): Min: 0.0, Avg: 0.0, Max: 0.0, Diff: 0.0, Sum: 0.1]
      [GC Worker Total (ms): Min: 0.5, Avg: 0.6, Max: 0.6, Diff: 0.1, Sum: 4.5]
      [GC Worker End (ms): Min: 386.7, Avg: 386.7, Max: 386.7, Diff: 0.0]
   [Code Root Fixup: 0.0 ms]
   [Code Root Purge: 0.0 ms]
   [Clear CT: 0.1 ms]
   [Other: 0.5 ms]
      [Evacuation Failure: 0.1 ms]
      [Choose CSet: 0.0 ms]
      [Ref Proc: 0.1 ms]
      [Ref Enq: 0.0 ms]
      [Redirty Cards: 0.1 ms]
      [Humongous Register: 0.0 ms]
      [Humongous Reclaim: 0.0 ms]
      [Free CSet: 0.0 ms]
   [Eden: 10.0M(10.0M)->0.0B(11.0M) Survivors: 2048.0K->1024.0K Heap: 220.7M(256.0M)->218.5M(256.0M)]
 [Times: user=0.00 sys=0.00, real=0.00 secs] 
2020-10-27T23:32:17.880+0800: 0.388: [GC pause (G1 Evacuation Pause) (young) (to-space exhausted), 0.0007970 secs]
   [Parallel Time: 0.3 ms, GC Workers: 8]
      [GC Worker Start (ms): Min: 388.5, Avg: 388.6, Max: 388.6, Diff: 0.1]
      [Ext Root Scanning (ms): Min: 0.1, Avg: 0.1, Max: 0.1, Diff: 0.1, Sum: 0.8]
      [Update RS (ms): Min: 0.0, Avg: 0.0, Max: 0.0, Diff: 0.0, Sum: 0.3]
         [Processed Buffers: Min: 1, Avg: 2.5, Max: 5, Diff: 4, Sum: 20]
      [Scan RS (ms): Min: 0.0, Avg: 0.0, Max: 0.0, Diff: 0.0, Sum: 0.0]
      [Code Root Scanning (ms): Min: 0.0, Avg: 0.0, Max: 0.0, Diff: 0.0, Sum: 0.0]
      [Object Copy (ms): Min: 0.0, Avg: 0.0, Max: 0.1, Diff: 0.0, Sum: 0.3]
      [Termination (ms): Min: 0.0, Avg: 0.0, Max: 0.0, Diff: 0.0, Sum: 0.2]
         [Termination Attempts: Min: 1, Avg: 1.0, Max: 1, Diff: 0, Sum: 8]
      [GC Worker Other (ms): Min: 0.0, Avg: 0.0, Max: 0.0, Diff: 0.0, Sum: 0.1]
      [GC Worker Total (ms): Min: 0.2, Avg: 0.2, Max: 0.2, Diff: 0.1, Sum: 1.6]
      [GC Worker End (ms): Min: 388.8, Avg: 388.8, Max: 388.8, Diff: 0.0]
   [Code Root Fixup: 0.0 ms]
   [Code Root Purge: 0.0 ms]
   [Clear CT: 0.1 ms]
   [Other: 0.4 ms]
      [Evacuation Failure: 0.1 ms]
      [Choose CSet: 0.0 ms]
      [Ref Proc: 0.1 ms]
      [Ref Enq: 0.0 ms]
      [Redirty Cards: 0.1 ms]
      [Humongous Register: 0.0 ms]
      [Humongous Reclaim: 0.0 ms]
      [Free CSet: 0.0 ms]
   [Eden: 6144.0K(11.0M)->0.0B(12.0M) Survivors: 1024.0K->0.0B Heap: 224.5M(256.0M)->224.5M(256.0M)]
 [Times: user=0.00 sys=0.00, real=0.00 secs] 
2020-10-27T23:32:17.880+0800: 0.389: [Full GC (Allocation Failure)  224M->182M(256M), 0.0213370 secs]
   [Eden: 0.0B(12.0M)->0.0B(12.0M) Survivors: 0.0B->0.0B Heap: 224.5M(256.0M)->182.3M(256.0M)], [Metaspace: 2774K->2774K(1056768K)]
 [Times: user=0.03 sys=0.00, real=0.02 secs] 
2020-10-27T23:32:17.902+0800: 0.411: [GC pause (G1 Humongous Allocation) (young) (initial-mark), 0.0010474 secs]
   [Parallel Time: 0.5 ms, GC Workers: 8]
      [GC Worker Start (ms): Min: 411.2, Avg: 411.2, Max: 411.3, Diff: 0.1]
      [Ext Root Scanning (ms): Min: 0.1, Avg: 0.1, Max: 0.1, Diff: 0.1, Sum: 0.8]
      [Update RS (ms): Min: 0.0, Avg: 0.0, Max: 0.1, Diff: 0.1, Sum: 0.1]
         [Processed Buffers: Min: 0, Avg: 0.3, Max: 1, Diff: 1, Sum: 2]
      [Scan RS (ms): Min: 0.0, Avg: 0.0, Max: 0.0, Diff: 0.0, Sum: 0.0]
      [Code Root Scanning (ms): Min: 0.0, Avg: 0.0, Max: 0.0, Diff: 0.0, Sum: 0.0]
      [Object Copy (ms): Min: 0.0, Avg: 0.0, Max: 0.1, Diff: 0.1, Sum: 0.3]
      [Termination (ms): Min: 0.0, Avg: 0.1, Max: 0.1, Diff: 0.1, Sum: 0.4]
         [Termination Attempts: Min: 1, Avg: 2.0, Max: 3, Diff: 2, Sum: 16]
      [GC Worker Other (ms): Min: 0.0, Avg: 0.0, Max: 0.0, Diff: 0.0, Sum: 0.0]
      [GC Worker Total (ms): Min: 0.2, Avg: 0.2, Max: 0.3, Diff: 0.1, Sum: 1.7]
      [GC Worker End (ms): Min: 411.4, Avg: 411.4, Max: 411.4, Diff: 0.0]
   [Code Root Fixup: 0.0 ms]
   [Code Root Purge: 0.0 ms]
   [Clear CT: 0.2 ms]
   [Other: 0.4 ms]
      [Choose CSet: 0.0 ms]
      [Ref Proc: 0.2 ms]
      [Ref Enq: 0.0 ms]
      [Redirty Cards: 0.1 ms]
      [Humongous Register: 0.0 ms]
      [Humongous Reclaim: 0.0 ms]
      [Free CSet: 0.0 ms]
   [Eden: 3072.0K(12.0M)->0.0B(10.0M) Survivors: 0.0B->2048.0K Heap: 184.9M(256.0M)->183.9M(256.0M)]
 [Times: user=0.00 sys=0.00, real=0.00 secs] 
2020-10-27T23:32:17.903+0800: 0.412: [GC concurrent-root-region-scan-start]
2020-10-27T23:32:17.903+0800: 0.412: [GC concurrent-root-region-scan-end, 0.0000510 secs]
2020-10-27T23:32:17.903+0800: 0.412: [GC concurrent-mark-start]
2020-10-27T23:32:17.905+0800: 0.414: [GC concurrent-mark-end, 0.0011771 secs]
2020-10-27T23:32:17.905+0800: 0.414: [GC remark 2020-10-27T23:32:17.905+0800: 0.414: [Finalize Marking, 0.0001756 secs] 2020-10-27T23:32:17.905+0800: 0.414: [GC ref-proc, 0.0002017 secs] 2020-10-27T23:32:17.905+0800: 0.414: [Unloading, 0.0004236 secs], 0.0012896 secs]
 [Times: user=0.00 sys=0.00, real=0.00 secs] 
2020-10-27T23:32:17.906+0800: 0.415: [GC cleanup 193M->193M(256M), 0.0004947 secs]
 [Times: user=0.00 sys=0.00, real=0.00 secs] 
2020-10-27T23:32:17.907+0800: 0.416: [GC pause (G1 Evacuation Pause) (young), 0.0014238 secs]
   [Parallel Time: 0.9 ms, GC Workers: 8]
      [GC Worker Start (ms): Min: 416.3, Avg: 416.3, Max: 416.3, Diff: 0.1]
      [Ext Root Scanning (ms): Min: 0.1, Avg: 0.1, Max: 0.1, Diff: 0.1, Sum: 0.8]
      [Update RS (ms): Min: 0.2, Avg: 0.2, Max: 0.3, Diff: 0.1, Sum: 1.6]
         [Processed Buffers: Min: 2, Avg: 3.3, Max: 4, Diff: 2, Sum: 26]
      [Scan RS (ms): Min: 0.0, Avg: 0.0, Max: 0.0, Diff: 0.0, Sum: 0.0]
      [Code Root Scanning (ms): Min: 0.0, Avg: 0.0, Max: 0.0, Diff: 0.0, Sum: 0.0]
      [Object Copy (ms): Min: 0.4, Avg: 0.5, Max: 0.6, Diff: 0.2, Sum: 3.9]
      [Termination (ms): Min: 0.0, Avg: 0.1, Max: 0.1, Diff: 0.1, Sum: 0.5]
         [Termination Attempts: Min: 1, Avg: 1.0, Max: 1, Diff: 0, Sum: 8]
      [GC Worker Other (ms): Min: 0.0, Avg: 0.0, Max: 0.0, Diff: 0.0, Sum: 0.1]
      [GC Worker Total (ms): Min: 0.8, Avg: 0.9, Max: 0.9, Diff: 0.1, Sum: 7.0]
      [GC Worker End (ms): Min: 417.2, Avg: 417.2, Max: 417.2, Diff: 0.0]
   [Code Root Fixup: 0.0 ms]
   [Code Root Purge: 0.0 ms]
   [Clear CT: 0.1 ms]
   [Other: 0.4 ms]
      [Choose CSet: 0.0 ms]
      [Ref Proc: 0.2 ms]
      [Ref Enq: 0.0 ms]
      [Redirty Cards: 0.1 ms]
      [Humongous Register: 0.0 ms]
      [Humongous Reclaim: 0.0 ms]
      [Free CSet: 0.0 ms]
   [Eden: 10.0M(10.0M)->0.0B(10.0M) Survivors: 2048.0K->2048.0K Heap: 196.4M(256.0M)->188.2M(256.0M)]
 [Times: user=0.00 sys=0.00, real=0.00 secs] 
2020-10-27T23:32:17.909+0800: 0.418: [GC pause (G1 Humongous Allocation) (young) (initial-mark), 0.0008902 secs]
   [Parallel Time: 0.5 ms, GC Workers: 8]
      [GC Worker Start (ms): Min: 418.2, Avg: 418.2, Max: 418.3, Diff: 0.1]
      [Ext Root Scanning (ms): Min: 0.1, Avg: 0.1, Max: 0.1, Diff: 0.1, Sum: 0.8]
      [Update RS (ms): Min: 0.0, Avg: 0.0, Max: 0.0, Diff: 0.0, Sum: 0.2]
         [Processed Buffers: Min: 1, Avg: 1.4, Max: 2, Diff: 1, Sum: 11]
      [Scan RS (ms): Min: 0.0, Avg: 0.0, Max: 0.0, Diff: 0.0, Sum: 0.0]
      [Code Root Scanning (ms): Min: 0.0, Avg: 0.0, Max: 0.0, Diff: 0.0, Sum: 0.0]
      [Object Copy (ms): Min: 0.2, Avg: 0.2, Max: 0.3, Diff: 0.1, Sum: 1.9]
      [Termination (ms): Min: 0.0, Avg: 0.0, Max: 0.1, Diff: 0.1, Sum: 0.3]
         [Termination Attempts: Min: 1, Avg: 1.0, Max: 1, Diff: 0, Sum: 8]
      [GC Worker Other (ms): Min: 0.0, Avg: 0.0, Max: 0.0, Diff: 0.0, Sum: 0.0]
      [GC Worker Total (ms): Min: 0.4, Avg: 0.4, Max: 0.4, Diff: 0.1, Sum: 3.3]
      [GC Worker End (ms): Min: 418.6, Avg: 418.6, Max: 418.6, Diff: 0.0]
   [Code Root Fixup: 0.0 ms]
   [Code Root Purge: 0.0 ms]
   [Clear CT: 0.1 ms]
   [Other: 0.3 ms]
      [Choose CSet: 0.0 ms]
      [Ref Proc: 0.1 ms]
      [Ref Enq: 0.0 ms]
      [Redirty Cards: 0.1 ms]
      [Humongous Register: 0.0 ms]
      [Humongous Reclaim: 0.0 ms]
      [Free CSet: 0.0 ms]
   [Eden: 2048.0K(10.0M)->0.0B(11.0M) Survivors: 2048.0K->1024.0K Heap: 190.0M(256.0M)->188.9M(256.0M)]
 [Times: user=0.00 sys=0.00, real=0.00 secs] 
2020-10-27T23:32:17.910+0800: 0.419: [GC concurrent-root-region-scan-start]
2020-10-27T23:32:17.910+0800: 0.419: [GC concurrent-root-region-scan-end, 0.0000332 secs]
2020-10-27T23:32:17.910+0800: 0.419: [GC concurrent-mark-start]
2020-10-27T23:32:17.911+0800: 0.420: [GC concurrent-mark-end, 0.0012123 secs]
2020-10-27T23:32:17.912+0800: 0.420: [GC remark 2020-10-27T23:32:17.912+0800: 0.421: [Finalize Marking, 0.0001374 secs] 2020-10-27T23:32:17.912+0800: 0.421: [GC ref-proc, 0.0001820 secs] 2020-10-27T23:32:17.912+0800: 0.421: [Unloading, 0.0004135 secs], 0.0012079 secs]
 [Times: user=0.00 sys=0.00, real=0.00 secs] 
2020-10-27T23:32:17.913+0800: 0.422: [GC cleanup 199M->199M(256M), 0.0004785 secs]
 [Times: user=0.00 sys=0.00, real=0.00 secs] 
2020-10-27T23:32:17.914+0800: 0.423: [GC pause (G1 Evacuation Pause) (young) (to-space exhausted), 0.0013175 secs]
   [Parallel Time: 0.7 ms, GC Workers: 8]
      [GC Worker Start (ms): Min: 423.0, Avg: 423.0, Max: 423.1, Diff: 0.1]
      [Ext Root Scanning (ms): Min: 0.1, Avg: 0.1, Max: 0.1, Diff: 0.1, Sum: 0.8]
      [Update RS (ms): Min: 0.2, Avg: 0.2, Max: 0.2, Diff: 0.1, Sum: 1.6]
         [Processed Buffers: Min: 3, Avg: 3.9, Max: 5, Diff: 2, Sum: 31]
      [Scan RS (ms): Min: 0.0, Avg: 0.0, Max: 0.0, Diff: 0.0, Sum: 0.0]
      [Code Root Scanning (ms): Min: 0.0, Avg: 0.0, Max: 0.0, Diff: 0.0, Sum: 0.0]
      [Object Copy (ms): Min: 0.1, Avg: 0.2, Max: 0.3, Diff: 0.2, Sum: 1.8]
      [Termination (ms): Min: 0.0, Avg: 0.1, Max: 0.1, Diff: 0.1, Sum: 0.5]
         [Termination Attempts: Min: 1, Avg: 1.0, Max: 1, Diff: 0, Sum: 8]
      [GC Worker Other (ms): Min: 0.0, Avg: 0.0, Max: 0.0, Diff: 0.0, Sum: 0.1]
      [GC Worker Total (ms): Min: 0.6, Avg: 0.6, Max: 0.6, Diff: 0.1, Sum: 4.9]
      [GC Worker End (ms): Min: 423.6, Avg: 423.6, Max: 423.6, Diff: 0.0]
   [Code Root Fixup: 0.0 ms]
   [Code Root Purge: 0.0 ms]
   [Clear CT: 0.1 ms]
   [Other: 0.5 ms]
      [Evacuation Failure: 0.1 ms]
      [Choose CSet: 0.0 ms]
      [Ref Proc: 0.1 ms]
      [Ref Enq: 0.0 ms]
      [Redirty Cards: 0.1 ms]
      [Humongous Register: 0.0 ms]
      [Humongous Reclaim: 0.0 ms]
      [Free CSet: 0.0 ms]
   [Eden: 11.0M(11.0M)->0.0B(10.0M) Survivors: 1024.0K->2048.0K Heap: 202.4M(256.0M)->195.5M(256.0M)]
 [Times: user=0.13 sys=0.00, real=0.00 secs] 
2020-10-27T23:32:17.916+0800: 0.425: [GC pause (G1 Evacuation Pause) (mixed) (to-space exhausted), 0.0009620 secs]
   [Parallel Time: 0.5 ms, GC Workers: 8]
      [GC Worker Start (ms): Min: 425.3, Avg: 425.3, Max: 425.4, Diff: 0.1]
      [Ext Root Scanning (ms): Min: 0.1, Avg: 0.1, Max: 0.1, Diff: 0.1, Sum: 0.8]
      [Update RS (ms): Min: 0.2, Avg: 0.2, Max: 0.2, Diff: 0.1, Sum: 1.6]
         [Processed Buffers: Min: 3, Avg: 4.5, Max: 6, Diff: 3, Sum: 36]
      [Scan RS (ms): Min: 0.0, Avg: 0.0, Max: 0.0, Diff: 0.0, Sum: 0.0]
      [Code Root Scanning (ms): Min: 0.0, Avg: 0.0, Max: 0.0, Diff: 0.0, Sum: 0.0]
      [Object Copy (ms): Min: 0.0, Avg: 0.0, Max: 0.1, Diff: 0.1, Sum: 0.3]
      [Termination (ms): Min: 0.0, Avg: 0.0, Max: 0.0, Diff: 0.0, Sum: 0.1]
         [Termination Attempts: Min: 1, Avg: 1.0, Max: 1, Diff: 0, Sum: 8]
      [GC Worker Other (ms): Min: 0.0, Avg: 0.0, Max: 0.0, Diff: 0.0, Sum: 0.0]
      [GC Worker Total (ms): Min: 0.3, Avg: 0.4, Max: 0.4, Diff: 0.1, Sum: 2.9]
      [GC Worker End (ms): Min: 425.7, Avg: 425.7, Max: 425.7, Diff: 0.0]
   [Code Root Fixup: 0.0 ms]
   [Code Root Purge: 0.0 ms]
   [Clear CT: 0.1 ms]
   [Other: 0.4 ms]
      [Evacuation Failure: 0.1 ms]
      [Choose CSet: 0.0 ms]
      [Ref Proc: 0.1 ms]
      [Ref Enq: 0.0 ms]
      [Redirty Cards: 0.1 ms]
      [Humongous Register: 0.0 ms]
      [Humongous Reclaim: 0.0 ms]
      [Free CSet: 0.0 ms]
   [Eden: 6144.0K(10.0M)->0.0B(12.0M) Survivors: 2048.0K->0.0B Heap: 204.2M(256.0M)->201.0M(256.0M)]
 [Times: user=0.00 sys=0.00, real=0.00 secs] 
2020-10-27T23:32:17.918+0800: 0.427: [GC pause (G1 Humongous Allocation) (young) (initial-mark), 0.0006585 secs]
   [Parallel Time: 0.3 ms, GC Workers: 8]
      [GC Worker Start (ms): Min: 426.8, Avg: 426.8, Max: 426.9, Diff: 0.1]
      [Ext Root Scanning (ms): Min: 0.0, Avg: 0.1, Max: 0.1, Diff: 0.1, Sum: 0.7]
      [Update RS (ms): Min: 0.0, Avg: 0.0, Max: 0.0, Diff: 0.0, Sum: 0.2]
         [Processed Buffers: Min: 1, Avg: 1.9, Max: 3, Diff: 2, Sum: 15]
      [Scan RS (ms): Min: 0.0, Avg: 0.0, Max: 0.0, Diff: 0.0, Sum: 0.0]
      [Code Root Scanning (ms): Min: 0.0, Avg: 0.0, Max: 0.0, Diff: 0.0, Sum: 0.0]
      [Object Copy (ms): Min: 0.0, Avg: 0.0, Max: 0.0, Diff: 0.0, Sum: 0.1]
      [Termination (ms): Min: 0.0, Avg: 0.0, Max: 0.0, Diff: 0.0, Sum: 0.1]
         [Termination Attempts: Min: 1, Avg: 1.1, Max: 2, Diff: 1, Sum: 9]
      [GC Worker Other (ms): Min: 0.0, Avg: 0.0, Max: 0.0, Diff: 0.0, Sum: 0.1]
      [GC Worker Total (ms): Min: 0.1, Avg: 0.2, Max: 0.2, Diff: 0.1, Sum: 1.2]
      [GC Worker End (ms): Min: 427.0, Avg: 427.0, Max: 427.0, Diff: 0.0]
   [Code Root Fixup: 0.0 ms]
   [Code Root Purge: 0.0 ms]
   [Clear CT: 0.1 ms]
   [Other: 0.3 ms]
      [Choose CSet: 0.0 ms]
      [Ref Proc: 0.1 ms]
      [Ref Enq: 0.0 ms]
      [Redirty Cards: 0.1 ms]
      [Humongous Register: 0.0 ms]
      [Humongous Reclaim: 0.0 ms]
      [Free CSet: 0.0 ms]
   [Eden: 2048.0K(12.0M)->0.0B(11.0M) Survivors: 0.0B->1024.0K Heap: 202.9M(256.0M)->201.2M(256.0M)]
 [Times: user=0.00 sys=0.00, real=0.00 secs] 
2020-10-27T23:32:17.919+0800: 0.427: [GC concurrent-root-region-scan-start]
2020-10-27T23:32:17.919+0800: 0.428: [GC concurrent-root-region-scan-end, 0.0000649 secs]
2020-10-27T23:32:17.919+0800: 0.428: [GC concurrent-mark-start]
2020-10-27T23:32:17.919+0800: 0.428: [GC pause (G1 Evacuation Pause) (young) (to-space exhausted), 0.0007197 secs]
   [Parallel Time: 0.2 ms, GC Workers: 8]
      [GC Worker Start (ms): Min: 428.3, Avg: 428.3, Max: 428.3, Diff: 0.1]
      [Ext Root Scanning (ms): Min: 0.1, Avg: 0.1, Max: 0.1, Diff: 0.1, Sum: 0.7]
      [Update RS (ms): Min: 0.0, Avg: 0.1, Max: 0.1, Diff: 0.1, Sum: 0.5]
         [Processed Buffers: Min: 1, Avg: 1.4, Max: 2, Diff: 1, Sum: 11]
      [Scan RS (ms): Min: 0.0, Avg: 0.0, Max: 0.0, Diff: 0.0, Sum: 0.0]
      [Code Root Scanning (ms): Min: 0.0, Avg: 0.0, Max: 0.0, Diff: 0.0, Sum: 0.0]
      [Object Copy (ms): Min: 0.0, Avg: 0.0, Max: 0.0, Diff: 0.0, Sum: 0.0]
      [Termination (ms): Min: 0.0, Avg: 0.0, Max: 0.1, Diff: 0.1, Sum: 0.2]
         [Termination Attempts: Min: 1, Avg: 1.0, Max: 1, Diff: 0, Sum: 8]
      [GC Worker Other (ms): Min: 0.0, Avg: 0.0, Max: 0.0, Diff: 0.0, Sum: 0.0]
      [GC Worker Total (ms): Min: 0.2, Avg: 0.2, Max: 0.2, Diff: 0.1, Sum: 1.5]
      [GC Worker End (ms): Min: 428.5, Avg: 428.5, Max: 428.5, Diff: 0.0]
   [Code Root Fixup: 0.0 ms]
   [Code Root Purge: 0.0 ms]
   [Clear CT: 0.1 ms]
   [Other: 0.4 ms]
      [Evacuation Failure: 0.1 ms]
      [Choose CSet: 0.0 ms]
      [Ref Proc: 0.1 ms]
      [Ref Enq: 0.0 ms]
      [Redirty Cards: 0.1 ms]
      [Humongous Register: 0.0 ms]
      [Humongous Reclaim: 0.0 ms]
      [Free CSet: 0.0 ms]
   [Eden: 2048.0K(11.0M)->0.0B(12.0M) Survivors: 1024.0K->0.0B Heap: 203.9M(256.0M)->203.9M(256.0M)]
 [Times: user=0.00 sys=0.00, real=0.00 secs] 
2020-10-27T23:32:17.920+0800: 0.429: [Full GC (Allocation Failure)  203M->189M(256M), 0.0202356 secs]
   [Eden: 0.0B(12.0M)->0.0B(12.0M) Survivors: 0.0B->0.0B Heap: 203.9M(256.0M)->189.4M(256.0M)], [Metaspace: 2774K->2774K(1056768K)]
 [Times: user=0.01 sys=0.00, real=0.02 secs] 
2020-10-27T23:32:17.941+0800: 0.450: [GC concurrent-mark-abort]
2020-10-27T23:32:17.941+0800: 0.450: [GC pause (G1 Humongous Allocation) (young) (initial-mark), 0.0008249 secs]
   [Parallel Time: 0.3 ms, GC Workers: 8]
      [GC Worker Start (ms): Min: 449.9, Avg: 449.9, Max: 449.9, Diff: 0.1]
      [Ext Root Scanning (ms): Min: 0.1, Avg: 0.1, Max: 0.1, Diff: 0.1, Sum: 0.9]
      [Update RS (ms): Min: 0.0, Avg: 0.0, Max: 0.1, Diff: 0.1, Sum: 0.1]
         [Processed Buffers: Min: 0, Avg: 0.3, Max: 1, Diff: 1, Sum: 2]
      [Scan RS (ms): Min: 0.0, Avg: 0.0, Max: 0.0, Diff: 0.0, Sum: 0.0]
      [Code Root Scanning (ms): Min: 0.0, Avg: 0.0, Max: 0.0, Diff: 0.0, Sum: 0.0]
      [Object Copy (ms): Min: 0.0, Avg: 0.0, Max: 0.0, Diff: 0.0, Sum: 0.1]
      [Termination (ms): Min: 0.0, Avg: 0.1, Max: 0.1, Diff: 0.1, Sum: 0.5]
         [Termination Attempts: Min: 1, Avg: 2.9, Max: 5, Diff: 4, Sum: 23]
      [GC Worker Other (ms): Min: 0.0, Avg: 0.0, Max: 0.0, Diff: 0.0, Sum: 0.1]
      [GC Worker Total (ms): Min: 0.2, Avg: 0.2, Max: 0.3, Diff: 0.1, Sum: 1.7]
      [GC Worker End (ms): Min: 450.1, Avg: 450.1, Max: 450.1, Diff: 0.0]
   [Code Root Fixup: 0.0 ms]
   [Code Root Purge: 0.0 ms]
   [Clear CT: 0.2 ms]
   [Other: 0.4 ms]
      [Choose CSet: 0.0 ms]
      [Ref Proc: 0.2 ms]
      [Ref Enq: 0.0 ms]
      [Redirty Cards: 0.1 ms]
      [Humongous Register: 0.0 ms]
      [Humongous Reclaim: 0.0 ms]
      [Free CSet: 0.0 ms]
   [Eden: 2048.0K(12.0M)->0.0B(11.0M) Survivors: 0.0B->1024.0K Heap: 190.8M(256.0M)->189.8M(256.0M)]
 [Times: user=0.00 sys=0.00, real=0.00 secs] 
2020-10-27T23:32:17.942+0800: 0.451: [GC concurrent-root-region-scan-start]
2020-10-27T23:32:17.942+0800: 0.451: [GC concurrent-root-region-scan-end, 0.0000585 secs]
2020-10-27T23:32:17.942+0800: 0.451: [GC concurrent-mark-start]
2020-10-27T23:32:17.943+0800: 0.452: [GC concurrent-mark-end, 0.0011165 secs]
2020-10-27T23:32:17.943+0800: 0.452: [GC remark 2020-10-27T23:32:17.943+0800: 0.452: [Finalize Marking, 0.0001090 secs] 2020-10-27T23:32:17.943+0800: 0.452: [GC ref-proc, 0.0001824 secs] 2020-10-27T23:32:17.943+0800: 0.452: [Unloading, 0.0004022 secs], 0.0012066 secs]
 [Times: user=0.00 sys=0.00, real=0.00 secs] 
2020-10-27T23:32:17.944+0800: 0.453: [GC cleanup 198M->198M(256M), 0.0005405 secs]
 [Times: user=0.00 sys=0.00, real=0.00 secs] 
2020-10-27T23:32:17.946+0800: 0.455: [GC pause (G1 Humongous Allocation) (young) (to-space exhausted), 0.0010388 secs]
   [Parallel Time: 0.5 ms, GC Workers: 8]
      [GC Worker Start (ms): Min: 454.7, Avg: 454.7, Max: 454.8, Diff: 0.1]
      [Ext Root Scanning (ms): Min: 0.1, Avg: 0.1, Max: 0.1, Diff: 0.1, Sum: 0.8]
      [Update RS (ms): Min: 0.2, Avg: 0.2, Max: 0.2, Diff: 0.1, Sum: 1.6]
         [Processed Buffers: Min: 2, Avg: 3.0, Max: 4, Diff: 2, Sum: 24]
      [Scan RS (ms): Min: 0.0, Avg: 0.0, Max: 0.0, Diff: 0.0, Sum: 0.0]
      [Code Root Scanning (ms): Min: 0.0, Avg: 0.0, Max: 0.0, Diff: 0.0, Sum: 0.0]
      [Object Copy (ms): Min: 0.0, Avg: 0.1, Max: 0.1, Diff: 0.1, Sum: 0.4]
      [Termination (ms): Min: 0.0, Avg: 0.0, Max: 0.0, Diff: 0.0, Sum: 0.2]
         [Termination Attempts: Min: 1, Avg: 1.0, Max: 1, Diff: 0, Sum: 8]
      [GC Worker Other (ms): Min: 0.0, Avg: 0.0, Max: 0.0, Diff: 0.0, Sum: 0.0]
      [GC Worker Total (ms): Min: 0.4, Avg: 0.4, Max: 0.4, Diff: 0.1, Sum: 3.1]
      [GC Worker End (ms): Min: 455.1, Avg: 455.1, Max: 455.1, Diff: 0.0]
   [Code Root Fixup: 0.0 ms]
   [Code Root Purge: 0.0 ms]
   [Clear CT: 0.1 ms]
   [Other: 0.4 ms]
      [Evacuation Failure: 0.1 ms]
      [Choose CSet: 0.0 ms]
      [Ref Proc: 0.1 ms]
      [Ref Enq: 0.0 ms]
      [Redirty Cards: 0.1 ms]
      [Humongous Register: 0.0 ms]
      [Humongous Reclaim: 0.0 ms]
      [Free CSet: 0.0 ms]
   [Eden: 11.0M(11.0M)->0.0B(12.0M) Survivors: 1024.0K->0.0B Heap: 202.4M(256.0M)->198.3M(256.0M)]
 [Times: user=0.02 sys=0.00, real=0.00 secs] 
2020-10-27T23:32:17.947+0800: 0.456: [GC pause (G1 Humongous Allocation) (young) (initial-mark), 0.0006976 secs]
   [Parallel Time: 0.2 ms, GC Workers: 8]
      [GC Worker Start (ms): Min: 456.1, Avg: 456.1, Max: 456.2, Diff: 0.1]
      [Ext Root Scanning (ms): Min: 0.1, Avg: 0.1, Max: 0.1, Diff: 0.1, Sum: 0.8]
      [Update RS (ms): Min: 0.0, Avg: 0.1, Max: 0.1, Diff: 0.1, Sum: 0.5]
         [Processed Buffers: Min: 1, Avg: 2.3, Max: 4, Diff: 3, Sum: 18]
      [Scan RS (ms): Min: 0.0, Avg: 0.0, Max: 0.0, Diff: 0.0, Sum: 0.0]
      [Code Root Scanning (ms): Min: 0.0, Avg: 0.0, Max: 0.0, Diff: 0.0, Sum: 0.0]
      [Object Copy (ms): Min: 0.0, Avg: 0.0, Max: 0.0, Diff: 0.0, Sum: 0.1]
      [Termination (ms): Min: 0.0, Avg: 0.0, Max: 0.1, Diff: 0.1, Sum: 0.1]
         [Termination Attempts: Min: 1, Avg: 1.0, Max: 1, Diff: 0, Sum: 8]
      [GC Worker Other (ms): Min: 0.0, Avg: 0.0, Max: 0.0, Diff: 0.0, Sum: 0.0]
      [GC Worker Total (ms): Min: 0.2, Avg: 0.2, Max: 0.2, Diff: 0.1, Sum: 1.5]
      [GC Worker End (ms): Min: 456.3, Avg: 456.3, Max: 456.3, Diff: 0.0]
   [Code Root Fixup: 0.0 ms]
   [Code Root Purge: 0.0 ms]
   [Clear CT: 0.1 ms]
   [Other: 0.3 ms]
      [Choose CSet: 0.0 ms]
      [Ref Proc: 0.1 ms]
      [Ref Enq: 0.0 ms]
      [Redirty Cards: 0.1 ms]
      [Humongous Register: 0.0 ms]
      [Humongous Reclaim: 0.0 ms]
      [Free CSet: 0.0 ms]
   [Eden: 2048.0K(12.0M)->0.0B(11.0M) Survivors: 0.0B->1024.0K Heap: 200.3M(256.0M)->198.1M(256.0M)]
 [Times: user=0.00 sys=0.00, real=0.00 secs] 
2020-10-27T23:32:17.948+0800: 0.457: [GC concurrent-root-region-scan-start]
2020-10-27T23:32:17.948+0800: 0.457: [GC concurrent-root-region-scan-end, 0.0000484 secs]
2020-10-27T23:32:17.948+0800: 0.457: [GC concurrent-mark-start]
2020-10-27T23:32:17.949+0800: 0.458: [GC pause (G1 Evacuation Pause) (young) (to-space exhausted), 0.0007783 secs]
   [Parallel Time: 0.3 ms, GC Workers: 8]
      [GC Worker Start (ms): Min: 457.7, Avg: 457.7, Max: 457.7, Diff: 0.1]
      [Ext Root Scanning (ms): Min: 0.1, Avg: 0.1, Max: 0.1, Diff: 0.1, Sum: 0.7]
      [Update RS (ms): Min: 0.0, Avg: 0.1, Max: 0.1, Diff: 0.1, Sum: 0.4]
         [Processed Buffers: Min: 1, Avg: 1.1, Max: 2, Diff: 1, Sum: 9]
      [Scan RS (ms): Min: 0.0, Avg: 0.0, Max: 0.0, Diff: 0.0, Sum: 0.0]
      [Code Root Scanning (ms): Min: 0.0, Avg: 0.0, Max: 0.0, Diff: 0.0, Sum: 0.0]
      [Object Copy (ms): Min: 0.0, Avg: 0.0, Max: 0.1, Diff: 0.1, Sum: 0.2]
      [Termination (ms): Min: 0.0, Avg: 0.0, Max: 0.0, Diff: 0.0, Sum: 0.2]
         [Termination Attempts: Min: 1, Avg: 1.9, Max: 4, Diff: 3, Sum: 15]
      [GC Worker Other (ms): Min: 0.0, Avg: 0.0, Max: 0.0, Diff: 0.0, Sum: 0.1]
      [GC Worker Total (ms): Min: 0.2, Avg: 0.2, Max: 0.2, Diff: 0.1, Sum: 1.5]
      [GC Worker End (ms): Min: 457.9, Avg: 457.9, Max: 457.9, Diff: 0.0]
   [Code Root Fixup: 0.0 ms]
   [Code Root Purge: 0.0 ms]
   [Clear CT: 0.1 ms]
   [Other: 0.4 ms]
      [Evacuation Failure: 0.1 ms]
      [Choose CSet: 0.0 ms]
      [Ref Proc: 0.1 ms]
      [Ref Enq: 0.0 ms]
      [Redirty Cards: 0.1 ms]
      [Humongous Register: 0.0 ms]
      [Humongous Reclaim: 0.0 ms]
      [Free CSet: 0.0 ms]
   [Eden: 4096.0K(11.0M)->0.0B(12.0M) Survivors: 1024.0K->0.0B Heap: 202.6M(256.0M)->201.9M(256.0M)]
 [Times: user=0.00 sys=0.00, real=0.00 secs] 
2020-10-27T23:32:17.950+0800: 0.459: [GC pause (G1 Humongous Allocation) (young) (to-space exhausted), 0.0006500 secs]
   [Parallel Time: 0.2 ms, GC Workers: 8]
      [GC Worker Start (ms): Min: 458.9, Avg: 458.9, Max: 458.9, Diff: 0.1]
      [Ext Root Scanning (ms): Min: 0.1, Avg: 0.1, Max: 0.1, Diff: 0.1, Sum: 0.7]
      [Update RS (ms): Min: 0.0, Avg: 0.0, Max: 0.0, Diff: 0.0, Sum: 0.2]
         [Processed Buffers: Min: 1, Avg: 1.4, Max: 3, Diff: 2, Sum: 11]
      [Scan RS (ms): Min: 0.0, Avg: 0.0, Max: 0.0, Diff: 0.0, Sum: 0.0]
      [Code Root Scanning (ms): Min: 0.0, Avg: 0.0, Max: 0.0, Diff: 0.0, Sum: 0.0]
      [Object Copy (ms): Min: 0.0, Avg: 0.0, Max: 0.0, Diff: 0.0, Sum: 0.0]
      [Termination (ms): Min: 0.0, Avg: 0.0, Max: 0.0, Diff: 0.0, Sum: 0.1]
         [Termination Attempts: Min: 1, Avg: 1.0, Max: 1, Diff: 0, Sum: 8]
      [GC Worker Other (ms): Min: 0.0, Avg: 0.0, Max: 0.0, Diff: 0.0, Sum: 0.0]
      [GC Worker Total (ms): Min: 0.1, Avg: 0.1, Max: 0.2, Diff: 0.1, Sum: 1.0]
      [GC Worker End (ms): Min: 459.0, Avg: 459.0, Max: 459.0, Diff: 0.0]
   [Code Root Fixup: 0.0 ms]
   [Code Root Purge: 0.0 ms]
   [Clear CT: 0.1 ms]
   [Other: 0.3 ms]
      [Evacuation Failure: 0.1 ms]
      [Choose CSet: 0.0 ms]
      [Ref Proc: 0.1 ms]
      [Ref Enq: 0.0 ms]
      [Redirty Cards: 0.1 ms]
      [Humongous Register: 0.0 ms]
      [Humongous Reclaim: 0.0 ms]
      [Free CSet: 0.0 ms]
   [Eden: 1024.0K(12.0M)->0.0B(12.0M) Survivors: 0.0B->0.0B Heap: 202.6M(256.0M)->202.6M(256.0M)]
 [Times: user=0.00 sys=0.00, real=0.00 secs] 
2020-10-27T23:32:17.951+0800: 0.460: [Full GC (Allocation Failure)  202M->190M(256M), 0.0198175 secs]
   [Eden: 0.0B(12.0M)->0.0B(12.0M) Survivors: 0.0B->0.0B Heap: 202.6M(256.0M)->190.6M(256.0M)], [Metaspace: 2774K->2774K(1056768K)]
 [Times: user=0.02 sys=0.00, real=0.02 secs] 
2020-10-27T23:32:17.971+0800: 0.480: [GC concurrent-mark-abort]
2020-10-27T23:32:17.971+0800: 0.480: [GC pause (G1 Humongous Allocation) (young) (initial-mark), 0.0010318 secs]
   [Parallel Time: 0.3 ms, GC Workers: 8]
      [GC Worker Start (ms): Min: 480.1, Avg: 480.1, Max: 480.2, Diff: 0.1]
      [Ext Root Scanning (ms): Min: 0.1, Avg: 0.1, Max: 0.2, Diff: 0.1, Sum: 0.8]
      [Update RS (ms): Min: 0.0, Avg: 0.1, Max: 0.1, Diff: 0.1, Sum: 0.5]
         [Processed Buffers: Min: 1, Avg: 1.0, Max: 1, Diff: 0, Sum: 8]
      [Scan RS (ms): Min: 0.0, Avg: 0.0, Max: 0.0, Diff: 0.0, Sum: 0.0]
      [Code Root Scanning (ms): Min: 0.0, Avg: 0.0, Max: 0.0, Diff: 0.0, Sum: 0.0]
      [Object Copy (ms): Min: 0.0, Avg: 0.0, Max: 0.1, Diff: 0.1, Sum: 0.1]
      [Termination (ms): Min: 0.0, Avg: 0.0, Max: 0.0, Diff: 0.0, Sum: 0.2]
         [Termination Attempts: Min: 1, Avg: 1.0, Max: 1, Diff: 0, Sum: 8]
      [GC Worker Other (ms): Min: 0.0, Avg: 0.0, Max: 0.0, Diff: 0.0, Sum: 0.0]
      [GC Worker Total (ms): Min: 0.2, Avg: 0.2, Max: 0.3, Diff: 0.1, Sum: 1.7]
      [GC Worker End (ms): Min: 480.3, Avg: 480.3, Max: 480.3, Diff: 0.0]
   [Code Root Fixup: 0.0 ms]
   [Code Root Purge: 0.0 ms]
   [Clear CT: 0.3 ms]
   [Other: 0.5 ms]
      [Choose CSet: 0.0 ms]
      [Ref Proc: 0.2 ms]
      [Ref Enq: 0.0 ms]
      [Redirty Cards: 0.2 ms]
      [Humongous Register: 0.0 ms]
      [Humongous Reclaim: 0.0 ms]
      [Free CSet: 0.0 ms]
   [Eden: 3072.0K(12.0M)->0.0B(11.0M) Survivors: 0.0B->1024.0K Heap: 193.8M(256.0M)->191.9M(256.0M)]
 [Times: user=0.00 sys=0.00, real=0.00 secs] 
2020-10-27T23:32:17.972+0800: 0.481: [GC concurrent-root-region-scan-start]
2020-10-27T23:32:17.972+0800: 0.481: [GC concurrent-root-region-scan-end, 0.0000336 secs]
2020-10-27T23:32:17.972+0800: 0.481: [GC concurrent-mark-start]
2020-10-27T23:32:17.973+0800: 0.482: [GC pause (G1 Evacuation Pause) (young) (to-space exhausted), 0.0011997 secs]
   [Parallel Time: 0.5 ms, GC Workers: 8]
      [GC Worker Start (ms): Min: 482.4, Avg: 482.4, Max: 482.4, Diff: 0.1]
      [Ext Root Scanning (ms): Min: 0.0, Avg: 0.1, Max: 0.1, Diff: 0.1, Sum: 0.7]
      [Update RS (ms): Min: 0.2, Avg: 0.2, Max: 0.2, Diff: 0.1, Sum: 1.5]
         [Processed Buffers: Min: 3, Avg: 3.0, Max: 3, Diff: 0, Sum: 24]
      [Scan RS (ms): Min: 0.0, Avg: 0.0, Max: 0.0, Diff: 0.0, Sum: 0.0]
      [Code Root Scanning (ms): Min: 0.0, Avg: 0.0, Max: 0.0, Diff: 0.0, Sum: 0.0]
      [Object Copy (ms): Min: 0.0, Avg: 0.0, Max: 0.0, Diff: 0.0, Sum: 0.1]
      [Termination (ms): Min: 0.0, Avg: 0.0, Max: 0.0, Diff: 0.0, Sum: 0.2]
         [Termination Attempts: Min: 1, Avg: 1.3, Max: 3, Diff: 2, Sum: 10]
      [GC Worker Other (ms): Min: 0.0, Avg: 0.0, Max: 0.0, Diff: 0.0, Sum: 0.0]
      [GC Worker Total (ms): Min: 0.3, Avg: 0.3, Max: 0.4, Diff: 0.1, Sum: 2.6]
      [GC Worker End (ms): Min: 482.7, Avg: 482.7, Max: 482.7, Diff: 0.0]
   [Code Root Fixup: 0.0 ms]
   [Code Root Purge: 0.0 ms]
   [Clear CT: 0.1 ms]
   [Other: 0.5 ms]
      [Evacuation Failure: 0.1 ms]
      [Choose CSet: 0.0 ms]
      [Ref Proc: 0.2 ms]
      [Ref Enq: 0.0 ms]
      [Redirty Cards: 0.1 ms]
      [Humongous Register: 0.0 ms]
      [Humongous Reclaim: 0.0 ms]
      [Free CSet: 0.0 ms]
   [Eden: 7168.0K(11.0M)->0.0B(12.0M) Survivors: 1024.0K->0.0B Heap: 201.6M(256.0M)->199.0M(256.0M)]
 [Times: user=0.00 sys=0.00, real=0.00 secs] 
2020-10-27T23:32:17.975+0800: 0.484: [GC concurrent-mark-end, 0.0025312 secs]
2020-10-27T23:32:17.975+0800: 0.484: [GC remark 2020-10-27T23:32:17.975+0800: 0.484: [Finalize Marking, 0.0001295 secs] 2020-10-27T23:32:17.975+0800: 0.484: [GC ref-proc, 0.0001971 secs] 2020-10-27T23:32:17.975+0800: 0.484: [Unloading, 0.0004276 secs], 0.0013208 secs]
 [Times: user=0.00 sys=0.00, real=0.00 secs] 
2020-10-27T23:32:17.976+0800: 0.485: [GC cleanup 200M->200M(256M), 0.0004695 secs]
 [Times: user=0.00 sys=0.00, real=0.00 secs] 
2020-10-27T23:32:17.977+0800: 0.486: [GC pause (G1 Evacuation Pause) (young) (to-space exhausted), 0.0007977 secs]
   [Parallel Time: 0.3 ms, GC Workers: 8]
      [GC Worker Start (ms): Min: 486.1, Avg: 486.1, Max: 486.1, Diff: 0.1]
      [Ext Root Scanning (ms): Min: 0.1, Avg: 0.1, Max: 0.1, Diff: 0.1, Sum: 0.8]
      [Update RS (ms): Min: 0.0, Avg: 0.1, Max: 0.1, Diff: 0.1, Sum: 0.6]
         [Processed Buffers: Min: 1, Avg: 1.9, Max: 2, Diff: 1, Sum: 15]
      [Scan RS (ms): Min: 0.0, Avg: 0.0, Max: 0.0, Diff: 0.0, Sum: 0.0]
      [Code Root Scanning (ms): Min: 0.0, Avg: 0.0, Max: 0.0, Diff: 0.0, Sum: 0.0]
      [Object Copy (ms): Min: 0.0, Avg: 0.0, Max: 0.0, Diff: 0.0, Sum: 0.0]
      [Termination (ms): Min: 0.0, Avg: 0.0, Max: 0.0, Diff: 0.0, Sum: 0.2]
         [Termination Attempts: Min: 1, Avg: 1.0, Max: 1, Diff: 0, Sum: 8]
      [GC Worker Other (ms): Min: 0.0, Avg: 0.0, Max: 0.0, Diff: 0.0, Sum: 0.0]
      [GC Worker Total (ms): Min: 0.2, Avg: 0.2, Max: 0.2, Diff: 0.1, Sum: 1.6]
      [GC Worker End (ms): Min: 486.3, Avg: 486.3, Max: 486.3, Diff: 0.0]
   [Code Root Fixup: 0.0 ms]
   [Code Root Purge: 0.0 ms]
   [Clear CT: 0.1 ms]
   [Other: 0.4 ms]
      [Evacuation Failure: 0.1 ms]
      [Choose CSet: 0.0 ms]
      [Ref Proc: 0.1 ms]
      [Ref Enq: 0.0 ms]
      [Redirty Cards: 0.1 ms]
      [Humongous Register: 0.0 ms]
      [Humongous Reclaim: 0.0 ms]
      [Free CSet: 0.0 ms]
   [Eden: 3072.0K(12.0M)->0.0B(12.0M) Survivors: 0.0B->0.0B Heap: 202.7M(256.0M)->202.2M(256.0M)]
 [Times: user=0.11 sys=0.00, real=0.00 secs] 
2020-10-27T23:32:17.978+0800: 0.487: [GC pause (G1 Humongous Allocation) (young) (to-space exhausted), 0.0007279 secs]
   [Parallel Time: 0.2 ms, GC Workers: 8]
      [GC Worker Start (ms): Min: 487.1, Avg: 487.2, Max: 487.2, Diff: 0.1]
      [Ext Root Scanning (ms): Min: 0.1, Avg: 0.1, Max: 0.1, Diff: 0.1, Sum: 0.7]
      [Update RS (ms): Min: 0.0, Avg: 0.0, Max: 0.0, Diff: 0.0, Sum: 0.2]
         [Processed Buffers: Min: 1, Avg: 1.4, Max: 3, Diff: 2, Sum: 11]
      [Scan RS (ms): Min: 0.0, Avg: 0.0, Max: 0.0, Diff: 0.0, Sum: 0.0]
      [Code Root Scanning (ms): Min: 0.0, Avg: 0.0, Max: 0.0, Diff: 0.0, Sum: 0.0]
      [Object Copy (ms): Min: 0.0, Avg: 0.0, Max: 0.0, Diff: 0.0, Sum: 0.1]
      [Termination (ms): Min: 0.0, Avg: 0.0, Max: 0.0, Diff: 0.0, Sum: 0.1]
         [Termination Attempts: Min: 1, Avg: 1.0, Max: 1, Diff: 0, Sum: 8]
      [GC Worker Other (ms): Min: 0.0, Avg: 0.0, Max: 0.0, Diff: 0.0, Sum: 0.0]
      [GC Worker Total (ms): Min: 0.1, Avg: 0.1, Max: 0.2, Diff: 0.1, Sum: 1.1]
      [GC Worker End (ms): Min: 487.3, Avg: 487.3, Max: 487.3, Diff: 0.0]
   [Code Root Fixup: 0.0 ms]
   [Code Root Purge: 0.0 ms]
   [Clear CT: 0.1 ms]
   [Other: 0.4 ms]
      [Evacuation Failure: 0.1 ms]
      [Choose CSet: 0.0 ms]
      [Ref Proc: 0.1 ms]
      [Ref Enq: 0.0 ms]
      [Redirty Cards: 0.1 ms]
      [Humongous Register: 0.0 ms]
      [Humongous Reclaim: 0.0 ms]
      [Free CSet: 0.0 ms]
   [Eden: 1024.0K(12.0M)->0.0B(12.0M) Survivors: 0.0B->0.0B Heap: 203.0M(256.0M)->203.0M(256.0M)]
 [Times: user=0.00 sys=0.00, real=0.00 secs] 
2020-10-27T23:32:17.979+0800: 0.488: [Full GC (Allocation Failure)  203M->194M(256M), 0.0171002 secs]
   [Eden: 0.0B(12.0M)->0.0B(12.0M) Survivors: 0.0B->0.0B Heap: 203.0M(256.0M)->194.7M(256.0M)], [Metaspace: 2774K->2774K(1056768K)]
 [Times: user=0.02 sys=0.00, real=0.02 secs] 
2020-10-27T23:32:17.997+0800: 0.506: [GC pause (G1 Humongous Allocation) (young) (initial-mark), 0.0011487 secs]
   [Parallel Time: 0.4 ms, GC Workers: 8]
      [GC Worker Start (ms): Min: 505.7, Avg: 505.8, Max: 505.8, Diff: 0.1]
      [Ext Root Scanning (ms): Min: 0.1, Avg: 0.1, Max: 0.1, Diff: 0.1, Sum: 0.8]
      [Update RS (ms): Min: 0.0, Avg: 0.1, Max: 0.1, Diff: 0.1, Sum: 0.4]
         [Processed Buffers: Min: 0, Avg: 0.8, Max: 1, Diff: 1, Sum: 6]
      [Scan RS (ms): Min: 0.0, Avg: 0.0, Max: 0.0, Diff: 0.0, Sum: 0.0]
      [Code Root Scanning (ms): Min: 0.0, Avg: 0.0, Max: 0.0, Diff: 0.0, Sum: 0.0]
      [Object Copy (ms): Min: 0.0, Avg: 0.0, Max: 0.0, Diff: 0.0, Sum: 0.1]
      [Termination (ms): Min: 0.0, Avg: 0.0, Max: 0.1, Diff: 0.1, Sum: 0.3]
         [Termination Attempts: Min: 1, Avg: 1.5, Max: 4, Diff: 3, Sum: 12]
      [GC Worker Other (ms): Min: 0.0, Avg: 0.0, Max: 0.0, Diff: 0.0, Sum: 0.0]
      [GC Worker Total (ms): Min: 0.2, Avg: 0.2, Max: 0.3, Diff: 0.1, Sum: 1.7]
      [GC Worker End (ms): Min: 506.0, Avg: 506.0, Max: 506.0, Diff: 0.0]
   [Code Root Fixup: 0.0 ms]
   [Code Root Purge: 0.0 ms]
   [Clear CT: 0.2 ms]
   [Other: 0.5 ms]
      [Choose CSet: 0.0 ms]
      [Ref Proc: 0.2 ms]
      [Ref Enq: 0.0 ms]
      [Redirty Cards: 0.2 ms]
      [Humongous Register: 0.0 ms]
      [Humongous Reclaim: 0.0 ms]
      [Free CSet: 0.0 ms]
   [Eden: 2048.0K(12.0M)->0.0B(11.0M) Survivors: 0.0B->1024.0K Heap: 197.0M(256.0M)->195.0M(256.0M)]
 [Times: user=0.00 sys=0.00, real=0.00 secs] 
2020-10-27T23:32:17.998+0800: 0.507: [GC concurrent-root-region-scan-start]
2020-10-27T23:32:17.998+0800: 0.507: [GC concurrent-root-region-scan-end, 0.0000370 secs]
2020-10-27T23:32:17.998+0800: 0.507: [GC concurrent-mark-start]
2020-10-27T23:32:17.999+0800: 0.508: [GC pause (G1 Humongous Allocation) (young) (to-space exhausted), 0.0010128 secs]
   [Parallel Time: 0.4 ms, GC Workers: 8]
      [GC Worker Start (ms): Min: 507.8, Avg: 507.8, Max: 507.8, Diff: 0.1]
      [Ext Root Scanning (ms): Min: 0.1, Avg: 0.1, Max: 0.1, Diff: 0.1, Sum: 0.7]
      [Update RS (ms): Min: 0.1, Avg: 0.2, Max: 0.2, Diff: 0.1, Sum: 1.2]
         [Processed Buffers: Min: 0, Avg: 2.4, Max: 3, Diff: 3, Sum: 19]
      [Scan RS (ms): Min: 0.0, Avg: 0.0, Max: 0.0, Diff: 0.0, Sum: 0.0]
      [Code Root Scanning (ms): Min: 0.0, Avg: 0.0, Max: 0.0, Diff: 0.0, Sum: 0.0]
      [Object Copy (ms): Min: 0.0, Avg: 0.0, Max: 0.1, Diff: 0.1, Sum: 0.2]
      [Termination (ms): Min: 0.0, Avg: 0.0, Max: 0.0, Diff: 0.0, Sum: 0.2]
         [Termination Attempts: Min: 1, Avg: 1.0, Max: 1, Diff: 0, Sum: 8]
      [GC Worker Other (ms): Min: 0.0, Avg: 0.0, Max: 0.0, Diff: 0.0, Sum: 0.1]
      [GC Worker Total (ms): Min: 0.3, Avg: 0.3, Max: 0.3, Diff: 0.1, Sum: 2.4]
      [GC Worker End (ms): Min: 508.1, Avg: 508.1, Max: 508.1, Diff: 0.0]
   [Code Root Fixup: 0.0 ms]
   [Code Root Purge: 0.0 ms]
   [Clear CT: 0.2 ms]
   [Other: 0.4 ms]
      [Evacuation Failure: 0.1 ms]
      [Choose CSet: 0.0 ms]
      [Ref Proc: 0.1 ms]
      [Ref Enq: 0.0 ms]
      [Redirty Cards: 0.1 ms]
      [Humongous Register: 0.0 ms]
      [Humongous Reclaim: 0.0 ms]
      [Free CSet: 0.0 ms]
   [Eden: 4096.0K(11.0M)->0.0B(12.0M) Survivors: 1024.0K->0.0B Heap: 200.7M(256.0M)->200.1M(256.0M)]
 [Times: user=0.00 sys=0.00, real=0.00 secs] 
2020-10-27T23:32:18.000+0800: 0.509: [GC pause (G1 Evacuation Pause) (young), 0.0006628 secs]
   [Parallel Time: 0.3 ms, GC Workers: 8]
      [GC Worker Start (ms): Min: 509.0, Avg: 509.1, Max: 509.3, Diff: 0.2]
      [Ext Root Scanning (ms): Min: 0.0, Avg: 0.1, Max: 0.2, Diff: 0.2, Sum: 0.8]
      [Update RS (ms): Min: 0.0, Avg: 0.1, Max: 0.1, Diff: 0.1, Sum: 0.5]
         [Processed Buffers: Min: 0, Avg: 2.0, Max: 4, Diff: 4, Sum: 16]
      [Scan RS (ms): Min: 0.0, Avg: 0.0, Max: 0.0, Diff: 0.0, Sum: 0.0]
      [Code Root Scanning (ms): Min: 0.0, Avg: 0.0, Max: 0.0, Diff: 0.0, Sum: 0.0]
      [Object Copy (ms): Min: 0.0, Avg: 0.0, Max: 0.0, Diff: 0.0, Sum: 0.0]
      [Termination (ms): Min: 0.0, Avg: 0.0, Max: 0.1, Diff: 0.1, Sum: 0.3]
         [Termination Attempts: Min: 1, Avg: 1.0, Max: 1, Diff: 0, Sum: 8]
      [GC Worker Other (ms): Min: 0.0, Avg: 0.0, Max: 0.0, Diff: 0.0, Sum: 0.0]
      [GC Worker Total (ms): Min: 0.0, Avg: 0.2, Max: 0.3, Diff: 0.2, Sum: 1.6]
      [GC Worker End (ms): Min: 509.3, Avg: 509.3, Max: 509.3, Diff: 0.0]
   [Code Root Fixup: 0.0 ms]
   [Code Root Purge: 0.0 ms]
   [Clear CT: 0.1 ms]
   [Other: 0.3 ms]
      [Choose CSet: 0.0 ms]
      [Ref Proc: 0.1 ms]
      [Ref Enq: 0.0 ms]
      [Redirty Cards: 0.1 ms]
      [Humongous Register: 0.0 ms]
      [Humongous Reclaim: 0.0 ms]
      [Free CSet: 0.0 ms]
   [Eden: 0.0B(12.0M)->0.0B(12.0M) Survivors: 0.0B->0.0B Heap: 200.7M(256.0M)->200.1M(256.0M)]
 [Times: user=0.00 sys=0.00, real=0.00 secs] 
2020-10-27T23:32:18.001+0800: 0.510: [GC pause (G1 Evacuation Pause) (young) (to-space exhausted), 0.0006895 secs]
   [Parallel Time: 0.2 ms, GC Workers: 8]
      [GC Worker Start (ms): Min: 510.1, Avg: 510.1, Max: 510.2, Diff: 0.1]
      [Ext Root Scanning (ms): Min: 0.0, Avg: 0.1, Max: 0.1, Diff: 0.1, Sum: 0.7]
      [Update RS (ms): Min: 0.0, Avg: 0.0, Max: 0.1, Diff: 0.1, Sum: 0.1]
         [Processed Buffers: Min: 0, Avg: 0.4, Max: 1, Diff: 1, Sum: 3]
      [Scan RS (ms): Min: 0.0, Avg: 0.0, Max: 0.0, Diff: 0.0, Sum: 0.0]
      [Code Root Scanning (ms): Min: 0.0, Avg: 0.0, Max: 0.0, Diff: 0.0, Sum: 0.0]
      [Object Copy (ms): Min: 0.0, Avg: 0.0, Max: 0.0, Diff: 0.0, Sum: 0.0]
      [Termination (ms): Min: 0.0, Avg: 0.1, Max: 0.1, Diff: 0.1, Sum: 0.6]
         [Termination Attempts: Min: 1, Avg: 1.5, Max: 4, Diff: 3, Sum: 12]
      [GC Worker Other (ms): Min: 0.0, Avg: 0.0, Max: 0.0, Diff: 0.0, Sum: 0.0]
      [GC Worker Total (ms): Min: 0.1, Avg: 0.2, Max: 0.2, Diff: 0.1, Sum: 1.4]
      [GC Worker End (ms): Min: 510.3, Avg: 510.3, Max: 510.3, Diff: 0.0]
   [Code Root Fixup: 0.0 ms]
   [Code Root Purge: 0.0 ms]
   [Clear CT: 0.1 ms]
   [Other: 0.4 ms]
      [Evacuation Failure: 0.1 ms]
      [Choose CSet: 0.0 ms]
      [Ref Proc: 0.1 ms]
      [Ref Enq: 0.0 ms]
      [Redirty Cards: 0.1 ms]
      [Humongous Register: 0.0 ms]
      [Humongous Reclaim: 0.0 ms]
      [Free CSet: 0.0 ms]
   [Eden: 1024.0K(12.0M)->0.0B(12.0M) Survivors: 0.0B->0.0B Heap: 201.1M(256.0M)->201.1M(256.0M)]
 [Times: user=0.00 sys=0.00, real=0.00 secs] 
2020-10-27T23:32:18.002+0800: 0.511: [Full GC (Allocation Failure)  201M->196M(256M), 0.0183579 secs]
   [Eden: 0.0B(12.0M)->0.0B(12.0M) Survivors: 0.0B->0.0B Heap: 201.1M(256.0M)->196.2M(256.0M)], [Metaspace: 2774K->2774K(1056768K)]
 [Times: user=0.02 sys=0.00, real=0.02 secs] 
2020-10-27T23:32:18.020+0800: 0.529: [GC concurrent-mark-abort]
2020-10-27T23:32:18.021+0800: 0.530: [GC pause (G1 Humongous Allocation) (young) (initial-mark), 0.0011744 secs]
   [Parallel Time: 0.5 ms, GC Workers: 8]
      [GC Worker Start (ms): Min: 530.1, Avg: 530.2, Max: 530.2, Diff: 0.1]
      [Ext Root Scanning (ms): Min: 0.1, Avg: 0.1, Max: 0.2, Diff: 0.1, Sum: 0.9]
      [Update RS (ms): Min: 0.0, Avg: 0.0, Max: 0.1, Diff: 0.1, Sum: 0.1]
         [Processed Buffers: Min: 0, Avg: 0.3, Max: 1, Diff: 1, Sum: 2]
      [Scan RS (ms): Min: 0.0, Avg: 0.0, Max: 0.0, Diff: 0.0, Sum: 0.0]
      [Code Root Scanning (ms): Min: 0.0, Avg: 0.0, Max: 0.0, Diff: 0.0, Sum: 0.0]
      [Object Copy (ms): Min: 0.0, Avg: 0.0, Max: 0.1, Diff: 0.1, Sum: 0.2]
      [Termination (ms): Min: 0.0, Avg: 0.1, Max: 0.1, Diff: 0.1, Sum: 0.5]
         [Termination Attempts: Min: 1, Avg: 1.8, Max: 3, Diff: 2, Sum: 14]
      [GC Worker Other (ms): Min: 0.0, Avg: 0.0, Max: 0.0, Diff: 0.0, Sum: 0.1]
      [GC Worker Total (ms): Min: 0.2, Avg: 0.2, Max: 0.3, Diff: 0.1, Sum: 1.8]
      [GC Worker End (ms): Min: 530.4, Avg: 530.4, Max: 530.4, Diff: 0.0]
   [Code Root Fixup: 0.0 ms]
   [Code Root Purge: 0.0 ms]
   [Clear CT: 0.3 ms]
   [Other: 0.4 ms]
      [Choose CSet: 0.0 ms]
      [Ref Proc: 0.1 ms]
      [Ref Enq: 0.0 ms]
      [Redirty Cards: 0.2 ms]
      [Humongous Register: 0.0 ms]
      [Humongous Reclaim: 0.0 ms]
      [Free CSet: 0.0 ms]
   [Eden: 4096.0K(12.0M)->0.0B(11.0M) Survivors: 0.0B->1024.0K Heap: 199.6M(256.0M)->196.4M(256.0M)]
 [Times: user=0.00 sys=0.00, real=0.00 secs] 
2020-10-27T23:32:18.022+0800: 0.531: [GC concurrent-root-region-scan-start]
2020-10-27T23:32:18.023+0800: 0.531: [GC concurrent-root-region-scan-end, 0.0000735 secs]
2020-10-27T23:32:18.023+0800: 0.531: [GC concurrent-mark-start]
2020-10-27T23:32:18.023+0800: 0.532: [GC pause (G1 Evacuation Pause) (young) (to-space exhausted), 0.0009045 secs]
   [Parallel Time: 0.4 ms, GC Workers: 8]
      [GC Worker Start (ms): Min: 532.2, Avg: 532.2, Max: 532.2, Diff: 0.1]
      [Ext Root Scanning (ms): Min: 0.1, Avg: 0.1, Max: 0.1, Diff: 0.1, Sum: 0.7]
      [Update RS (ms): Min: 0.1, Avg: 0.2, Max: 0.2, Diff: 0.1, Sum: 1.2]
         [Processed Buffers: Min: 2, Avg: 2.6, Max: 3, Diff: 1, Sum: 21]
      [Scan RS (ms): Min: 0.0, Avg: 0.0, Max: 0.0, Diff: 0.0, Sum: 0.0]
      [Code Root Scanning (ms): Min: 0.0, Avg: 0.0, Max: 0.0, Diff: 0.0, Sum: 0.0]
      [Object Copy (ms): Min: 0.0, Avg: 0.0, Max: 0.1, Diff: 0.1, Sum: 0.3]
      [Termination (ms): Min: 0.0, Avg: 0.0, Max: 0.0, Diff: 0.0, Sum: 0.2]
         [Termination Attempts: Min: 1, Avg: 1.0, Max: 1, Diff: 0, Sum: 8]
      [GC Worker Other (ms): Min: 0.0, Avg: 0.0, Max: 0.0, Diff: 0.0, Sum: 0.0]
      [GC Worker Total (ms): Min: 0.3, Avg: 0.3, Max: 0.3, Diff: 0.1, Sum: 2.5]
      [GC Worker End (ms): Min: 532.5, Avg: 532.5, Max: 532.5, Diff: 0.0]
   [Code Root Fixup: 0.0 ms]
   [Code Root Purge: 0.0 ms]
   [Clear CT: 0.1 ms]
   [Other: 0.4 ms]
      [Evacuation Failure: 0.1 ms]
      [Choose CSet: 0.0 ms]
      [Ref Proc: 0.1 ms]
      [Ref Enq: 0.0 ms]
      [Redirty Cards: 0.1 ms]
      [Humongous Register: 0.0 ms]
      [Humongous Reclaim: 0.0 ms]
      [Free CSet: 0.0 ms]
   [Eden: 3072.0K(11.0M)->0.0B(12.0M) Survivors: 1024.0K->0.0B Heap: 201.3M(256.0M)->200.1M(256.0M)]
 [Times: user=0.00 sys=0.00, real=0.00 secs] 
2020-10-27T23:32:18.025+0800: 0.534: [GC pause (G1 Evacuation Pause) (young) (to-space exhausted), 0.0007807 secs]
   [Parallel Time: 0.3 ms, GC Workers: 8]
      [GC Worker Start (ms): Min: 533.6, Avg: 533.6, Max: 533.6, Diff: 0.1]
      [Ext Root Scanning (ms): Min: 0.1, Avg: 0.1, Max: 0.1, Diff: 0.1, Sum: 0.7]
      [Update RS (ms): Min: 0.0, Avg: 0.0, Max: 0.1, Diff: 0.1, Sum: 0.2]
         [Processed Buffers: Min: 1, Avg: 1.5, Max: 3, Diff: 2, Sum: 12]
      [Scan RS (ms): Min: 0.0, Avg: 0.0, Max: 0.0, Diff: 0.0, Sum: 0.0]
      [Code Root Scanning (ms): Min: 0.0, Avg: 0.0, Max: 0.0, Diff: 0.0, Sum: 0.0]
      [Object Copy (ms): Min: 0.0, Avg: 0.0, Max: 0.0, Diff: 0.0, Sum: 0.0]
      [Termination (ms): Min: 0.0, Avg: 0.0, Max: 0.1, Diff: 0.1, Sum: 0.4]
         [Termination Attempts: Min: 1, Avg: 1.9, Max: 3, Diff: 2, Sum: 15]
      [GC Worker Other (ms): Min: 0.0, Avg: 0.0, Max: 0.0, Diff: 0.0, Sum: 0.0]
      [GC Worker Total (ms): Min: 0.1, Avg: 0.2, Max: 0.2, Diff: 0.1, Sum: 1.3]
      [GC Worker End (ms): Min: 533.8, Avg: 533.8, Max: 533.8, Diff: 0.0]
   [Code Root Fixup: 0.0 ms]
   [Code Root Purge: 0.0 ms]
   [Clear CT: 0.1 ms]
   [Other: 0.4 ms]
      [Evacuation Failure: 0.1 ms]
      [Choose CSet: 0.0 ms]
      [Ref Proc: 0.1 ms]
      [Ref Enq: 0.0 ms]
      [Redirty Cards: 0.1 ms]
      [Humongous Register: 0.0 ms]
      [Humongous Reclaim: 0.0 ms]
      [Free CSet: 0.0 ms]
   [Eden: 2048.0K(12.0M)->0.0B(12.0M) Survivors: 0.0B->0.0B Heap: 202.1M(256.0M)->201.3M(256.0M)]
 [Times: user=0.00 sys=0.00, real=0.00 secs] 
2020-10-27T23:32:18.026+0800: 0.534: [GC concurrent-mark-end, 0.0030619 secs]
2020-10-27T23:32:18.026+0800: 0.535: [GC remark 2020-10-27T23:32:18.026+0800: 0.535: [Finalize Marking, 0.0001150 secs] 2020-10-27T23:32:18.026+0800: 0.535: [GC ref-proc, 0.0002118 secs] 2020-10-27T23:32:18.026+0800: 0.535: [Unloading, 0.0004026 secs], 0.0012865 secs]
 [Times: user=0.00 sys=0.00, real=0.00 secs] 
2020-10-27T23:32:18.027+0800: 0.536: [GC pause (G1 Evacuation Pause) (young), 0.0006357 secs]
   [Parallel Time: 0.3 ms, GC Workers: 8]
      [GC Worker Start (ms): Min: 536.0, Avg: 536.0, Max: 536.1, Diff: 0.1]
      [Ext Root Scanning (ms): Min: 0.1, Avg: 0.1, Max: 0.1, Diff: 0.1, Sum: 0.7]
      [Update RS (ms): Min: 0.0, Avg: 0.0, Max: 0.1, Diff: 0.0, Sum: 0.2]
         [Processed Buffers: Min: 1, Avg: 1.4, Max: 2, Diff: 1, Sum: 11]
      [Scan RS (ms): Min: 0.0, Avg: 0.0, Max: 0.0, Diff: 0.0, Sum: 0.0]
      [Code Root Scanning (ms): Min: 0.0, Avg: 0.0, Max: 0.0, Diff: 0.0, Sum: 0.0]
      [Object Copy (ms): Min: 0.0, Avg: 0.0, Max: 0.0, Diff: 0.0, Sum: 0.0]
      [Termination (ms): Min: 0.0, Avg: 0.0, Max: 0.0, Diff: 0.0, Sum: 0.3]
         [Termination Attempts: Min: 1, Avg: 1.0, Max: 1, Diff: 0, Sum: 8]
      [GC Worker Other (ms): Min: 0.0, Avg: 0.0, Max: 0.0, Diff: 0.0, Sum: 0.0]
      [GC Worker Total (ms): Min: 0.1, Avg: 0.2, Max: 0.2, Diff: 0.0, Sum: 1.3]
      [GC Worker End (ms): Min: 536.2, Avg: 536.2, Max: 536.2, Diff: 0.0]
   [Code Root Fixup: 0.0 ms]
   [Code Root Purge: 0.0 ms]
   [Clear CT: 0.1 ms]
   [Other: 0.2 ms]
      [Choose CSet: 0.0 ms]
      [Ref Proc: 0.1 ms]
      [Ref Enq: 0.0 ms]
      [Redirty Cards: 0.1 ms]
      [Humongous Register: 0.0 ms]
      [Humongous Reclaim: 0.0 ms]
      [Free CSet: 0.0 ms]
   [Eden: 1024.0K(12.0M)->0.0B(12.0M) Survivors: 0.0B->0.0B Heap: 202.3M(256.0M)->201.3M(256.0M)]
 [Times: user=0.00 sys=0.00, real=0.00 secs] 
2020-10-27T23:32:18.028+0800: 0.537: [GC cleanup 201M->201M(256M), 0.0004429 secs]
 [Times: user=0.00 sys=0.00, real=0.00 secs] 
2020-10-27T23:32:18.028+0800: 0.537: [GC pause (G1 Humongous Allocation) (young) (to-space exhausted), 0.0007453 secs]
   [Parallel Time: 0.2 ms, GC Workers: 8]
      [GC Worker Start (ms): Min: 537.4, Avg: 537.4, Max: 537.4, Diff: 0.1]
      [Ext Root Scanning (ms): Min: 0.1, Avg: 0.1, Max: 0.1, Diff: 0.1, Sum: 0.7]
      [Update RS (ms): Min: 0.0, Avg: 0.0, Max: 0.1, Diff: 0.1, Sum: 0.1]
         [Processed Buffers: Min: 0, Avg: 0.4, Max: 1, Diff: 1, Sum: 3]
      [Scan RS (ms): Min: 0.0, Avg: 0.0, Max: 0.0, Diff: 0.0, Sum: 0.0]
      [Code Root Scanning (ms): Min: 0.0, Avg: 0.0, Max: 0.0, Diff: 0.0, Sum: 0.0]
      [Object Copy (ms): Min: 0.0, Avg: 0.0, Max: 0.0, Diff: 0.0, Sum: 0.0]
      [Termination (ms): Min: 0.0, Avg: 0.1, Max: 0.1, Diff: 0.1, Sum: 0.6]
         [Termination Attempts: Min: 1, Avg: 1.4, Max: 3, Diff: 2, Sum: 11]
      [GC Worker Other (ms): Min: 0.0, Avg: 0.0, Max: 0.0, Diff: 0.0, Sum: 0.0]
      [GC Worker Total (ms): Min: 0.2, Avg: 0.2, Max: 0.2, Diff: 0.1, Sum: 1.5]
      [GC Worker End (ms): Min: 537.6, Avg: 537.6, Max: 537.6, Diff: 0.0]
   [Code Root Fixup: 0.0 ms]
   [Code Root Purge: 0.0 ms]
   [Clear CT: 0.1 ms]
   [Other: 0.4 ms]
      [Evacuation Failure: 0.1 ms]
      [Choose CSet: 0.0 ms]
      [Ref Proc: 0.1 ms]
      [Ref Enq: 0.0 ms]
      [Redirty Cards: 0.1 ms]
      [Humongous Register: 0.0 ms]
      [Humongous Reclaim: 0.0 ms]
      [Free CSet: 0.0 ms]
   [Eden: 1024.0K(12.0M)->0.0B(12.0M) Survivors: 0.0B->0.0B Heap: 202.1M(256.0M)->202.1M(256.0M)]
 [Times: user=0.00 sys=0.00, real=0.00 secs] 
2020-10-27T23:32:18.029+0800: 0.538: [Full GC (Allocation Failure)  202M->197M(256M), 0.0140476 secs]
   [Eden: 0.0B(12.0M)->0.0B(12.0M) Survivors: 0.0B->0.0B Heap: 202.1M(256.0M)->197.8M(256.0M)], [Metaspace: 2774K->2774K(1056768K)]
 [Times: user=0.02 sys=0.00, real=0.01 secs] 
2020-10-27T23:32:18.044+0800: 0.553: [GC pause (G1 Humongous Allocation) (young) (initial-mark), 0.0006975 secs]
   [Parallel Time: 0.3 ms, GC Workers: 8]
      [GC Worker Start (ms): Min: 552.6, Avg: 552.6, Max: 552.6, Diff: 0.1]
      [Ext Root Scanning (ms): Min: 0.1, Avg: 0.1, Max: 0.1, Diff: 0.1, Sum: 0.8]
      [Update RS (ms): Min: 0.0, Avg: 0.1, Max: 0.1, Diff: 0.1, Sum: 0.5]
         [Processed Buffers: Min: 0, Avg: 0.9, Max: 1, Diff: 1, Sum: 7]
      [Scan RS (ms): Min: 0.0, Avg: 0.0, Max: 0.0, Diff: 0.0, Sum: 0.0]
      [Code Root Scanning (ms): Min: 0.0, Avg: 0.0, Max: 0.0, Diff: 0.0, Sum: 0.0]
      [Object Copy (ms): Min: 0.0, Avg: 0.0, Max: 0.0, Diff: 0.0, Sum: 0.1]
      [Termination (ms): Min: 0.0, Avg: 0.0, Max: 0.1, Diff: 0.1, Sum: 0.3]
         [Termination Attempts: Min: 1, Avg: 1.1, Max: 2, Diff: 1, Sum: 9]
      [GC Worker Other (ms): Min: 0.0, Avg: 0.0, Max: 0.0, Diff: 0.0, Sum: 0.0]
      [GC Worker Total (ms): Min: 0.2, Avg: 0.2, Max: 0.2, Diff: 0.0, Sum: 1.8]
      [GC Worker End (ms): Min: 552.8, Avg: 552.8, Max: 552.8, Diff: 0.0]
   [Code Root Fixup: 0.0 ms]
   [Code Root Purge: 0.0 ms]
   [Clear CT: 0.1 ms]
   [Other: 0.3 ms]
      [Choose CSet: 0.0 ms]
      [Ref Proc: 0.1 ms]
      [Ref Enq: 0.0 ms]
      [Redirty Cards: 0.1 ms]
      [Humongous Register: 0.0 ms]
      [Humongous Reclaim: 0.0 ms]
      [Free CSet: 0.0 ms]
   [Eden: 1024.0K(12.0M)->0.0B(11.0M) Survivors: 0.0B->1024.0K Heap: 199.1M(256.0M)->198.7M(256.0M)]
 [Times: user=0.00 sys=0.00, real=0.00 secs] 
2020-10-27T23:32:18.044+0800: 0.553: [GC concurrent-root-region-scan-start]
2020-10-27T23:32:18.045+0800: 0.553: [GC concurrent-root-region-scan-end, 0.0000408 secs]
2020-10-27T23:32:18.045+0800: 0.553: [GC concurrent-mark-start]
2020-10-27T23:32:18.045+0800: 0.554: [GC pause (G1 Evacuation Pause) (young) (to-space exhausted), 0.0007741 secs]
   [Parallel Time: 0.3 ms, GC Workers: 8]
      [GC Worker Start (ms): Min: 553.6, Avg: 553.7, Max: 553.7, Diff: 0.1]
      [Ext Root Scanning (ms): Min: 0.1, Avg: 0.1, Max: 0.1, Diff: 0.1, Sum: 0.7]
      [Update RS (ms): Min: 0.0, Avg: 0.1, Max: 0.1, Diff: 0.1, Sum: 0.5]
         [Processed Buffers: Min: 1, Avg: 1.1, Max: 2, Diff: 1, Sum: 9]
      [Scan RS (ms): Min: 0.0, Avg: 0.0, Max: 0.0, Diff: 0.0, Sum: 0.0]
      [Code Root Scanning (ms): Min: 0.0, Avg: 0.0, Max: 0.0, Diff: 0.0, Sum: 0.0]
      [Object Copy (ms): Min: 0.0, Avg: 0.0, Max: 0.0, Diff: 0.0, Sum: 0.0]
      [Termination (ms): Min: 0.0, Avg: 0.0, Max: 0.1, Diff: 0.1, Sum: 0.2]
         [Termination Attempts: Min: 1, Avg: 1.4, Max: 2, Diff: 1, Sum: 11]
      [GC Worker Other (ms): Min: 0.0, Avg: 0.0, Max: 0.0, Diff: 0.0, Sum: 0.0]
      [GC Worker Total (ms): Min: 0.2, Avg: 0.2, Max: 0.2, Diff: 0.1, Sum: 1.5]
      [GC Worker End (ms): Min: 553.8, Avg: 553.8, Max: 553.8, Diff: 0.0]
   [Code Root Fixup: 0.0 ms]
   [Code Root Purge: 0.0 ms]
   [Clear CT: 0.1 ms]
   [Other: 0.3 ms]
      [Evacuation Failure: 0.1 ms]
      [Choose CSet: 0.0 ms]
      [Ref Proc: 0.1 ms]
      [Ref Enq: 0.0 ms]
      [Redirty Cards: 0.1 ms]
      [Humongous Register: 0.0 ms]
      [Humongous Reclaim: 0.0 ms]
      [Free CSet: 0.0 ms]
   [Eden: 1024.0K(11.0M)->0.0B(12.0M) Survivors: 1024.0K->0.0B Heap: 200.4M(256.0M)->200.4M(256.0M)]
 [Times: user=0.00 sys=0.00, real=0.00 secs] 
2020-10-27T23:32:18.046+0800: 0.555: [Full GC (Allocation Failure)  200M->199M(256M), 0.0032275 secs]
   [Eden: 0.0B(12.0M)->0.0B(12.0M) Survivors: 0.0B->0.0B Heap: 200.4M(256.0M)->199.3M(256.0M)], [Metaspace: 2774K->2774K(1056768K)]
 [Times: user=0.00 sys=0.00, real=0.00 secs] 
2020-10-27T23:32:18.049+0800: 0.558: [GC concurrent-mark-abort]
2020-10-27T23:32:18.049+0800: 0.558: [GC pause (G1 Evacuation Pause) (young) (to-space exhausted), 0.0008772 secs]
   [Parallel Time: 0.3 ms, GC Workers: 8]
      [GC Worker Start (ms): Min: 558.1, Avg: 558.1, Max: 558.2, Diff: 0.1]
      [Ext Root Scanning (ms): Min: 0.1, Avg: 0.1, Max: 0.1, Diff: 0.0, Sum: 0.8]
      [Update RS (ms): Min: 0.0, Avg: 0.0, Max: 0.1, Diff: 0.1, Sum: 0.1]
         [Processed Buffers: Min: 0, Avg: 0.3, Max: 1, Diff: 1, Sum: 2]
      [Scan RS (ms): Min: 0.0, Avg: 0.0, Max: 0.0, Diff: 0.0, Sum: 0.0]
      [Code Root Scanning (ms): Min: 0.0, Avg: 0.0, Max: 0.0, Diff: 0.0, Sum: 0.0]
      [Object Copy (ms): Min: 0.0, Avg: 0.0, Max: 0.0, Diff: 0.0, Sum: 0.0]
      [Termination (ms): Min: 0.0, Avg: 0.1, Max: 0.1, Diff: 0.1, Sum: 0.7]
         [Termination Attempts: Min: 1, Avg: 1.9, Max: 3, Diff: 2, Sum: 15]
      [GC Worker Other (ms): Min: 0.0, Avg: 0.0, Max: 0.0, Diff: 0.0, Sum: 0.0]
      [GC Worker Total (ms): Min: 0.2, Avg: 0.2, Max: 0.2, Diff: 0.0, Sum: 1.7]
      [GC Worker End (ms): Min: 558.3, Avg: 558.3, Max: 558.4, Diff: 0.0]
   [Code Root Fixup: 0.0 ms]
   [Code Root Purge: 0.0 ms]
   [Clear CT: 0.2 ms]
   [Other: 0.4 ms]
      [Evacuation Failure: 0.1 ms]
      [Choose CSet: 0.0 ms]
      [Ref Proc: 0.1 ms]
      [Ref Enq: 0.0 ms]
      [Redirty Cards: 0.1 ms]
      [Humongous Register: 0.0 ms]
      [Humongous Reclaim: 0.0 ms]
      [Free CSet: 0.0 ms]
   [Eden: 2048.0K(12.0M)->0.0B(12.0M) Survivors: 0.0B->0.0B Heap: 201.3M(256.0M)->201.3M(256.0M)]
 [Times: user=0.00 sys=0.00, real=0.00 secs] 
2020-10-27T23:32:18.050+0800: 0.559: [Full GC (Allocation Failure)  201M->199M(256M), 0.0157627 secs]
   [Eden: 0.0B(12.0M)->0.0B(12.0M) Survivors: 0.0B->0.0B Heap: 201.3M(256.0M)->199.5M(256.0M)], [Metaspace: 2774K->2774K(1056768K)]
 [Times: user=0.01 sys=0.00, real=0.02 secs] 
2020-10-27T23:32:18.066+0800: 0.575: [GC pause (G1 Humongous Allocation) (young) (initial-mark) (to-space exhausted), 0.0013247 secs]
   [Parallel Time: 0.4 ms, GC Workers: 8]
      [GC Worker Start (ms): Min: 575.3, Avg: 575.4, Max: 575.4, Diff: 0.1]
      [Ext Root Scanning (ms): Min: 0.1, Avg: 0.1, Max: 0.2, Diff: 0.1, Sum: 0.9]
      [Update RS (ms): Min: 0.0, Avg: 0.0, Max: 0.1, Diff: 0.1, Sum: 0.1]
         [Processed Buffers: Min: 0, Avg: 0.3, Max: 1, Diff: 1, Sum: 2]
      [Scan RS (ms): Min: 0.0, Avg: 0.0, Max: 0.0, Diff: 0.0, Sum: 0.0]
      [Code Root Scanning (ms): Min: 0.0, Avg: 0.0, Max: 0.0, Diff: 0.0, Sum: 0.0]
      [Object Copy (ms): Min: 0.0, Avg: 0.0, Max: 0.0, Diff: 0.0, Sum: 0.1]
      [Termination (ms): Min: 0.0, Avg: 0.1, Max: 0.1, Diff: 0.1, Sum: 0.5]
         [Termination Attempts: Min: 1, Avg: 2.4, Max: 4, Diff: 3, Sum: 19]
      [GC Worker Other (ms): Min: 0.0, Avg: 0.0, Max: 0.0, Diff: 0.0, Sum: 0.0]
      [GC Worker Total (ms): Min: 0.2, Avg: 0.2, Max: 0.3, Diff: 0.1, Sum: 1.6]
      [GC Worker End (ms): Min: 575.6, Avg: 575.6, Max: 575.6, Diff: 0.0]
   [Code Root Fixup: 0.0 ms]
   [Code Root Purge: 0.0 ms]
   [Clear CT: 0.2 ms]
   [Other: 0.7 ms]
      [Evacuation Failure: 0.2 ms]
      [Choose CSet: 0.0 ms]
      [Ref Proc: 0.2 ms]
      [Ref Enq: 0.0 ms]
      [Redirty Cards: 0.2 ms]
      [Humongous Register: 0.0 ms]
      [Humongous Reclaim: 0.0 ms]
      [Free CSet: 0.0 ms]
   [Eden: 2048.0K(12.0M)->0.0B(12.0M) Survivors: 0.0B->0.0B Heap: 201.4M(256.0M)->200.8M(256.0M)]
 [Times: user=0.00 sys=0.00, real=0.00 secs] 
2020-10-27T23:32:18.068+0800: 0.577: [GC concurrent-root-region-scan-start]
2020-10-27T23:32:18.068+0800: 0.577: [GC concurrent-root-region-scan-end, 0.0000068 secs]
2020-10-27T23:32:18.068+0800: 0.577: [GC concurrent-mark-start]
2020-10-27T23:32:18.068+0800: 0.577: [GC pause (G1 Evacuation Pause) (young), 0.0007031 secs]
   [Parallel Time: 0.3 ms, GC Workers: 8]
      [GC Worker Start (ms): Min: 576.9, Avg: 576.9, Max: 576.9, Diff: 0.1]
      [Ext Root Scanning (ms): Min: 0.0, Avg: 0.1, Max: 0.1, Diff: 0.1, Sum: 0.6]
      [Update RS (ms): Min: 0.0, Avg: 0.1, Max: 0.1, Diff: 0.1, Sum: 0.5]
         [Processed Buffers: Min: 1, Avg: 1.4, Max: 2, Diff: 1, Sum: 11]
      [Scan RS (ms): Min: 0.0, Avg: 0.0, Max: 0.0, Diff: 0.0, Sum: 0.0]
      [Code Root Scanning (ms): Min: 0.0, Avg: 0.0, Max: 0.0, Diff: 0.0, Sum: 0.0]
      [Object Copy (ms): Min: 0.0, Avg: 0.0, Max: 0.0, Diff: 0.0, Sum: 0.0]
      [Termination (ms): Min: 0.0, Avg: 0.0, Max: 0.1, Diff: 0.1, Sum: 0.2]
         [Termination Attempts: Min: 1, Avg: 1.0, Max: 1, Diff: 0, Sum: 8]
      [GC Worker Other (ms): Min: 0.0, Avg: 0.0, Max: 0.0, Diff: 0.0, Sum: 0.0]
      [GC Worker Total (ms): Min: 0.1, Avg: 0.2, Max: 0.2, Diff: 0.1, Sum: 1.4]
      [GC Worker End (ms): Min: 577.1, Avg: 577.1, Max: 577.1, Diff: 0.0]
   [Code Root Fixup: 0.0 ms]
   [Code Root Purge: 0.0 ms]
   [Clear CT: 0.1 ms]
   [Other: 0.3 ms]
      [Choose CSet: 0.0 ms]
      [Ref Proc: 0.1 ms]
      [Ref Enq: 0.0 ms]
      [Redirty Cards: 0.1 ms]
      [Humongous Register: 0.0 ms]
      [Humongous Reclaim: 0.0 ms]
      [Free CSet: 0.0 ms]
   [Eden: 0.0B(12.0M)->0.0B(12.0M) Survivors: 0.0B->0.0B Heap: 201.4M(256.0M)->201.4M(256.0M)]
 [Times: user=0.00 sys=0.00, real=0.00 secs] 
2020-10-27T23:32:18.069+0800: 0.578: [GC pause (G1 Evacuation Pause) (young), 0.0007297 secs]
   [Parallel Time: 0.3 ms, GC Workers: 8]
      [GC Worker Start (ms): Min: 577.7, Avg: 577.8, Max: 577.8, Diff: 0.1]
      [Ext Root Scanning (ms): Min: 0.1, Avg: 0.1, Max: 0.1, Diff: 0.1, Sum: 0.7]
      [Update RS (ms): Min: 0.0, Avg: 0.0, Max: 0.1, Diff: 0.1, Sum: 0.1]
         [Processed Buffers: Min: 0, Avg: 0.3, Max: 1, Diff: 1, Sum: 2]
      [Scan RS (ms): Min: 0.0, Avg: 0.0, Max: 0.0, Diff: 0.0, Sum: 0.0]
      [Code Root Scanning (ms): Min: 0.0, Avg: 0.0, Max: 0.0, Diff: 0.0, Sum: 0.0]
      [Object Copy (ms): Min: 0.0, Avg: 0.0, Max: 0.0, Diff: 0.0, Sum: 0.0]
      [Termination (ms): Min: 0.0, Avg: 0.1, Max: 0.1, Diff: 0.1, Sum: 0.7]
         [Termination Attempts: Min: 1, Avg: 1.0, Max: 1, Diff: 0, Sum: 8]
      [GC Worker Other (ms): Min: 0.0, Avg: 0.0, Max: 0.0, Diff: 0.0, Sum: 0.0]
      [GC Worker Total (ms): Min: 0.2, Avg: 0.2, Max: 0.2, Diff: 0.1, Sum: 1.6]
      [GC Worker End (ms): Min: 578.0, Avg: 578.0, Max: 578.0, Diff: 0.0]
   [Code Root Fixup: 0.0 ms]
   [Code Root Purge: 0.0 ms]
   [Clear CT: 0.1 ms]
   [Other: 0.3 ms]
      [Choose CSet: 0.0 ms]
      [Ref Proc: 0.1 ms]
      [Ref Enq: 0.0 ms]
      [Redirty Cards: 0.1 ms]
      [Humongous Register: 0.0 ms]
      [Humongous Reclaim: 0.0 ms]
      [Free CSet: 0.0 ms]
   [Eden: 0.0B(12.0M)->0.0B(12.0M) Survivors: 0.0B->0.0B Heap: 201.4M(256.0M)->201.4M(256.0M)]
 [Times: user=0.00 sys=0.00, real=0.00 secs] 
2020-10-27T23:32:18.070+0800: 0.579: [Full GC (Allocation Failure)  201M->199M(256M), 0.0028794 secs]
   [Eden: 0.0B(12.0M)->0.0B(12.0M) Survivors: 0.0B->0.0B Heap: 201.4M(256.0M)->199.9M(256.0M)], [Metaspace: 2774K->2774K(1056768K)]
 [Times: user=0.02 sys=0.00, real=0.00 secs] 
2020-10-27T23:32:18.073+0800: 0.582: [GC concurrent-mark-abort]
2020-10-27T23:32:18.073+0800: 0.582: [GC pause (G1 Humongous Allocation) (young) (initial-mark), 0.0008019 secs]
   [Parallel Time: 0.3 ms, GC Workers: 8]
      [GC Worker Start (ms): Min: 581.7, Avg: 581.7, Max: 581.7, Diff: 0.1]
      [Ext Root Scanning (ms): Min: 0.1, Avg: 0.1, Max: 0.1, Diff: 0.1, Sum: 0.8]
      [Update RS (ms): Min: 0.0, Avg: 0.0, Max: 0.1, Diff: 0.1, Sum: 0.1]
         [Processed Buffers: Min: 0, Avg: 0.1, Max: 1, Diff: 1, Sum: 1]
      [Scan RS (ms): Min: 0.0, Avg: 0.0, Max: 0.0, Diff: 0.0, Sum: 0.0]
      [Code Root Scanning (ms): Min: 0.0, Avg: 0.0, Max: 0.0, Diff: 0.0, Sum: 0.0]
      [Object Copy (ms): Min: 0.0, Avg: 0.0, Max: 0.0, Diff: 0.0, Sum: 0.0]
      [Termination (ms): Min: 0.0, Avg: 0.1, Max: 0.1, Diff: 0.1, Sum: 0.8]
         [Termination Attempts: Min: 1, Avg: 1.0, Max: 1, Diff: 0, Sum: 8]
      [GC Worker Other (ms): Min: 0.0, Avg: 0.0, Max: 0.0, Diff: 0.0, Sum: 0.0]
      [GC Worker Total (ms): Min: 0.2, Avg: 0.2, Max: 0.2, Diff: 0.1, Sum: 1.8]
      [GC Worker End (ms): Min: 581.9, Avg: 581.9, Max: 581.9, Diff: 0.0]
   [Code Root Fixup: 0.0 ms]
   [Code Root Purge: 0.0 ms]
   [Clear CT: 0.2 ms]
   [Other: 0.3 ms]
      [Choose CSet: 0.0 ms]
      [Ref Proc: 0.1 ms]
      [Ref Enq: 0.0 ms]
      [Redirty Cards: 0.1 ms]
      [Humongous Register: 0.0 ms]
      [Humongous Reclaim: 0.0 ms]
      [Free CSet: 0.0 ms]
   [Eden: 1024.0K(12.0M)->0.0B(12.0M) Survivors: 0.0B->0.0B Heap: 200.2M(256.0M)->199.9M(256.0M)]
 [Times: user=0.00 sys=0.00, real=0.00 secs] 
2020-10-27T23:32:18.074+0800: 0.583: [GC concurrent-root-region-scan-start]
2020-10-27T23:32:18.074+0800: 0.583: [GC concurrent-root-region-scan-end, 0.0000062 secs]
2020-10-27T23:32:18.074+0800: 0.583: [GC concurrent-mark-start]
2020-10-27T23:32:18.074+0800: 0.583: [GC pause (G1 Humongous Allocation) (young), 0.0006752 secs]
   [Parallel Time: 0.3 ms, GC Workers: 8]
      [GC Worker Start (ms): Min: 582.7, Avg: 582.7, Max: 582.7, Diff: 0.1]
      [Ext Root Scanning (ms): Min: 0.1, Avg: 0.1, Max: 0.1, Diff: 0.1, Sum: 0.7]
      [Update RS (ms): Min: 0.0, Avg: 0.0, Max: 0.1, Diff: 0.1, Sum: 0.4]
         [Processed Buffers: Min: 0, Avg: 0.8, Max: 1, Diff: 1, Sum: 6]
      [Scan RS (ms): Min: 0.0, Avg: 0.0, Max: 0.0, Diff: 0.0, Sum: 0.0]
      [Code Root Scanning (ms): Min: 0.0, Avg: 0.0, Max: 0.0, Diff: 0.0, Sum: 0.0]
      [Object Copy (ms): Min: 0.0, Avg: 0.0, Max: 0.0, Diff: 0.0, Sum: 0.0]
      [Termination (ms): Min: 0.0, Avg: 0.1, Max: 0.1, Diff: 0.1, Sum: 0.4]
         [Termination Attempts: Min: 1, Avg: 1.0, Max: 1, Diff: 0, Sum: 8]
      [GC Worker Other (ms): Min: 0.0, Avg: 0.0, Max: 0.0, Diff: 0.0, Sum: 0.0]
      [GC Worker Total (ms): Min: 0.2, Avg: 0.2, Max: 0.2, Diff: 0.1, Sum: 1.6]
      [GC Worker End (ms): Min: 582.9, Avg: 582.9, Max: 582.9, Diff: 0.0]
   [Code Root Fixup: 0.0 ms]
   [Code Root Purge: 0.0 ms]
   [Clear CT: 0.1 ms]
   [Other: 0.3 ms]
      [Choose CSet: 0.0 ms]
      [Ref Proc: 0.1 ms]
      [Ref Enq: 0.0 ms]
      [Redirty Cards: 0.1 ms]
      [Humongous Register: 0.0 ms]
      [Humongous Reclaim: 0.0 ms]
      [Free CSet: 0.0 ms]
   [Eden: 0.0B(12.0M)->0.0B(12.0M) Survivors: 0.0B->0.0B Heap: 200.4M(256.0M)->199.9M(256.0M)]
 [Times: user=0.00 sys=0.00, real=0.00 secs] 
2020-10-27T23:32:18.075+0800: 0.584: [GC pause (G1 Evacuation Pause) (young), 0.0007761 secs]
   [Parallel Time: 0.3 ms, GC Workers: 8]
      [GC Worker Start (ms): Min: 583.6, Avg: 583.6, Max: 583.7, Diff: 0.1]
      [Ext Root Scanning (ms): Min: 0.0, Avg: 0.1, Max: 0.1, Diff: 0.1, Sum: 0.7]
      [Update RS (ms): Min: 0.0, Avg: 0.1, Max: 0.1, Diff: 0.1, Sum: 0.5]
         [Processed Buffers: Min: 1, Avg: 1.0, Max: 1, Diff: 0, Sum: 8]
      [Scan RS (ms): Min: 0.0, Avg: 0.0, Max: 0.0, Diff: 0.0, Sum: 0.0]
      [Code Root Scanning (ms): Min: 0.0, Avg: 0.0, Max: 0.0, Diff: 0.0, Sum: 0.0]
      [Object Copy (ms): Min: 0.0, Avg: 0.0, Max: 0.0, Diff: 0.0, Sum: 0.0]
      [Termination (ms): Min: 0.0, Avg: 0.0, Max: 0.1, Diff: 0.1, Sum: 0.4]
         [Termination Attempts: Min: 1, Avg: 1.0, Max: 1, Diff: 0, Sum: 8]
      [GC Worker Other (ms): Min: 0.0, Avg: 0.0, Max: 0.0, Diff: 0.0, Sum: 0.1]
      [GC Worker Total (ms): Min: 0.2, Avg: 0.2, Max: 0.2, Diff: 0.1, Sum: 1.7]
      [GC Worker End (ms): Min: 583.8, Avg: 583.8, Max: 583.8, Diff: 0.0]
   [Code Root Fixup: 0.0 ms]
   [Code Root Purge: 0.0 ms]
   [Clear CT: 0.2 ms]
   [Other: 0.3 ms]
      [Choose CSet: 0.0 ms]
      [Ref Proc: 0.2 ms]
      [Ref Enq: 0.0 ms]
      [Redirty Cards: 0.1 ms]
      [Humongous Register: 0.0 ms]
      [Humongous Reclaim: 0.0 ms]
      [Free CSet: 0.0 ms]
   [Eden: 0.0B(12.0M)->0.0B(12.0M) Survivors: 0.0B->0.0B Heap: 200.6M(256.0M)->200.6M(256.0M)]
 [Times: user=0.00 sys=0.00, real=0.00 secs] 
2020-10-27T23:32:18.076+0800: 0.585: [GC pause (G1 Evacuation Pause) (young), 0.0006934 secs]
   [Parallel Time: 0.3 ms, GC Workers: 8]
      [GC Worker Start (ms): Min: 584.6, Avg: 584.6, Max: 584.6, Diff: 0.1]
      [Ext Root Scanning (ms): Min: 0.1, Avg: 0.1, Max: 0.1, Diff: 0.1, Sum: 0.7]
      [Update RS (ms): Min: 0.0, Avg: 0.0, Max: 0.1, Diff: 0.1, Sum: 0.1]
         [Processed Buffers: Min: 0, Avg: 0.3, Max: 1, Diff: 1, Sum: 2]
      [Scan RS (ms): Min: 0.0, Avg: 0.0, Max: 0.0, Diff: 0.0, Sum: 0.0]
      [Code Root Scanning (ms): Min: 0.0, Avg: 0.0, Max: 0.0, Diff: 0.0, Sum: 0.0]
      [Object Copy (ms): Min: 0.0, Avg: 0.0, Max: 0.0, Diff: 0.0, Sum: 0.0]
      [Termination (ms): Min: 0.0, Avg: 0.1, Max: 0.1, Diff: 0.1, Sum: 0.8]
         [Termination Attempts: Min: 1, Avg: 1.0, Max: 1, Diff: 0, Sum: 8]
      [GC Worker Other (ms): Min: 0.0, Avg: 0.0, Max: 0.0, Diff: 0.0, Sum: 0.0]
      [GC Worker Total (ms): Min: 0.2, Avg: 0.2, Max: 0.2, Diff: 0.1, Sum: 1.7]
      [GC Worker End (ms): Min: 584.8, Avg: 584.8, Max: 584.8, Diff: 0.0]
   [Code Root Fixup: 0.0 ms]
   [Code Root Purge: 0.0 ms]
   [Clear CT: 0.1 ms]
   [Other: 0.3 ms]
      [Choose CSet: 0.0 ms]
      [Ref Proc: 0.1 ms]
      [Ref Enq: 0.0 ms]
      [Redirty Cards: 0.1 ms]
      [Humongous Register: 0.0 ms]
      [Humongous Reclaim: 0.0 ms]
      [Free CSet: 0.0 ms]
   [Eden: 0.0B(12.0M)->0.0B(12.0M) Survivors: 0.0B->0.0B Heap: 200.6M(256.0M)->200.6M(256.0M)]
 [Times: user=0.00 sys=0.00, real=0.00 secs] 
2020-10-27T23:32:18.076+0800: 0.585: [Full GC (Allocation Failure)  200M->200M(256M), 0.0124510 secs]
   [Eden: 0.0B(12.0M)->0.0B(12.0M) Survivors: 0.0B->0.0B Heap: 200.6M(256.0M)->200.3M(256.0M)], [Metaspace: 2774K->2774K(1056768K)]
 [Times: user=0.02 sys=0.00, real=0.01 secs] 
2020-10-27T23:32:18.089+0800: 0.598: [GC concurrent-mark-abort]
2020-10-27T23:32:18.089+0800: 0.598: [GC pause (G1 Evacuation Pause) (young) (to-space exhausted), 0.0009782 secs]
   [Parallel Time: 0.3 ms, GC Workers: 8]
      [GC Worker Start (ms): Min: 598.4, Avg: 598.4, Max: 598.5, Diff: 0.1]
      [Ext Root Scanning (ms): Min: 0.0, Avg: 0.1, Max: 0.1, Diff: 0.1, Sum: 0.8]
      [Update RS (ms): Min: 0.0, Avg: 0.0, Max: 0.1, Diff: 0.1, Sum: 0.2]
         [Processed Buffers: Min: 0, Avg: 0.3, Max: 1, Diff: 1, Sum: 2]
      [Scan RS (ms): Min: 0.0, Avg: 0.0, Max: 0.0, Diff: 0.0, Sum: 0.0]
      [Code Root Scanning (ms): Min: 0.0, Avg: 0.0, Max: 0.0, Diff: 0.0, Sum: 0.0]
      [Object Copy (ms): Min: 0.0, Avg: 0.0, Max: 0.0, Diff: 0.0, Sum: 0.0]
      [Termination (ms): Min: 0.0, Avg: 0.1, Max: 0.1, Diff: 0.1, Sum: 0.6]
         [Termination Attempts: Min: 1, Avg: 1.1, Max: 2, Diff: 1, Sum: 9]
      [GC Worker Other (ms): Min: 0.0, Avg: 0.0, Max: 0.0, Diff: 0.0, Sum: 0.0]
      [GC Worker Total (ms): Min: 0.1, Avg: 0.2, Max: 0.3, Diff: 0.1, Sum: 1.7]
      [GC Worker End (ms): Min: 598.6, Avg: 598.6, Max: 598.6, Diff: 0.0]
   [Code Root Fixup: 0.0 ms]
   [Code Root Purge: 0.0 ms]
   [Clear CT: 0.1 ms]
   [Other: 0.5 ms]
      [Evacuation Failure: 0.1 ms]
      [Choose CSet: 0.0 ms]
      [Ref Proc: 0.2 ms]
      [Ref Enq: 0.0 ms]
      [Redirty Cards: 0.1 ms]
      [Humongous Register: 0.0 ms]
      [Humongous Reclaim: 0.0 ms]
      [Free CSet: 0.0 ms]
   [Eden: 1024.0K(12.0M)->0.0B(12.0M) Survivors: 0.0B->0.0B Heap: 201.3M(256.0M)->201.3M(256.0M)]
 [Times: user=0.00 sys=0.00, real=0.00 secs] 
2020-10-27T23:32:18.091+0800: 0.599: [Full GC (Allocation Failure)  201M->200M(256M), 0.0038072 secs]
   [Eden: 0.0B(12.0M)->0.0B(12.0M) Survivors: 0.0B->0.0B Heap: 201.3M(256.0M)->200.2M(256.0M)], [Metaspace: 2774K->2774K(1056768K)]
 [Times: user=0.00 sys=0.00, real=0.00 secs] 
2020-10-27T23:32:18.095+0800: 0.604: [GC pause (G1 Evacuation Pause) (young) (to-space exhausted), 0.0008969 secs]
   [Parallel Time: 0.4 ms, GC Workers: 8]
      [GC Worker Start (ms): Min: 603.6, Avg: 603.7, Max: 603.7, Diff: 0.1]
      [Ext Root Scanning (ms): Min: 0.1, Avg: 0.1, Max: 0.1, Diff: 0.1, Sum: 0.8]
      [Update RS (ms): Min: 0.0, Avg: 0.0, Max: 0.1, Diff: 0.1, Sum: 0.1]
         [Processed Buffers: Min: 0, Avg: 0.3, Max: 1, Diff: 1, Sum: 2]
      [Scan RS (ms): Min: 0.0, Avg: 0.0, Max: 0.0, Diff: 0.0, Sum: 0.0]
      [Code Root Scanning (ms): Min: 0.0, Avg: 0.0, Max: 0.0, Diff: 0.0, Sum: 0.0]
      [Object Copy (ms): Min: 0.0, Avg: 0.0, Max: 0.0, Diff: 0.0, Sum: 0.0]
      [Termination (ms): Min: 0.0, Avg: 0.1, Max: 0.1, Diff: 0.1, Sum: 0.7]
         [Termination Attempts: Min: 1, Avg: 1.3, Max: 3, Diff: 2, Sum: 10]
      [GC Worker Other (ms): Min: 0.0, Avg: 0.0, Max: 0.0, Diff: 0.0, Sum: 0.1]
      [GC Worker Total (ms): Min: 0.2, Avg: 0.2, Max: 0.2, Diff: 0.1, Sum: 1.7]
      [GC Worker End (ms): Min: 603.9, Avg: 603.9, Max: 603.9, Diff: 0.0]
   [Code Root Fixup: 0.0 ms]
   [Code Root Purge: 0.0 ms]
   [Clear CT: 0.1 ms]
   [Other: 0.4 ms]
      [Evacuation Failure: 0.1 ms]
      [Choose CSet: 0.0 ms]
      [Ref Proc: 0.1 ms]
      [Ref Enq: 0.0 ms]
      [Redirty Cards: 0.1 ms]
      [Humongous Register: 0.0 ms]
      [Humongous Reclaim: 0.0 ms]
      [Free CSet: 0.0 ms]
   [Eden: 1024.0K(12.0M)->0.0B(12.0M) Survivors: 0.0B->0.0B Heap: 201.2M(256.0M)->201.2M(256.0M)]
 [Times: user=0.00 sys=0.00, real=0.00 secs] 
2020-10-27T23:32:18.095+0800: 0.605: [Full GC (Allocation Failure)  201M->200M(256M), 0.0028332 secs]
   [Eden: 0.0B(12.0M)->0.0B(12.0M) Survivors: 0.0B->0.0B Heap: 201.2M(256.0M)->200.2M(256.0M)], [Metaspace: 2774K->2774K(1056768K)]
 [Times: user=0.00 sys=0.00, real=0.00 secs] 
2020-10-27T23:32:18.098+0800: 0.608: [GC pause (G1 Evacuation Pause) (young) (to-space exhausted), 0.0007542 secs]
   [Parallel Time: 0.3 ms, GC Workers: 8]
      [GC Worker Start (ms): Min: 607.8, Avg: 607.8, Max: 607.9, Diff: 0.1]
      [Ext Root Scanning (ms): Min: 0.1, Avg: 0.1, Max: 0.1, Diff: 0.1, Sum: 0.7]
      [Update RS (ms): Min: 0.0, Avg: 0.0, Max: 0.1, Diff: 0.1, Sum: 0.1]
         [Processed Buffers: Min: 0, Avg: 0.3, Max: 1, Diff: 1, Sum: 2]
      [Scan RS (ms): Min: 0.0, Avg: 0.0, Max: 0.0, Diff: 0.0, Sum: 0.0]
      [Code Root Scanning (ms): Min: 0.0, Avg: 0.0, Max: 0.0, Diff: 0.0, Sum: 0.0]
      [Object Copy (ms): Min: 0.0, Avg: 0.0, Max: 0.0, Diff: 0.0, Sum: 0.0]
      [Termination (ms): Min: 0.0, Avg: 0.1, Max: 0.1, Diff: 0.1, Sum: 0.7]
         [Termination Attempts: Min: 1, Avg: 1.3, Max: 3, Diff: 2, Sum: 10]
      [GC Worker Other (ms): Min: 0.0, Avg: 0.0, Max: 0.0, Diff: 0.0, Sum: 0.0]
      [GC Worker Total (ms): Min: 0.2, Avg: 0.2, Max: 0.2, Diff: 0.0, Sum: 1.6]
      [GC Worker End (ms): Min: 608.0, Avg: 608.0, Max: 608.0, Diff: 0.0]
   [Code Root Fixup: 0.0 ms]
   [Code Root Purge: 0.0 ms]
   [Clear CT: 0.1 ms]
   [Other: 0.4 ms]
      [Evacuation Failure: 0.1 ms]
      [Choose CSet: 0.0 ms]
      [Ref Proc: 0.1 ms]
      [Ref Enq: 0.0 ms]
      [Redirty Cards: 0.1 ms]
      [Humongous Register: 0.0 ms]
      [Humongous Reclaim: 0.0 ms]
      [Free CSet: 0.0 ms]
   [Eden: 1024.0K(12.0M)->0.0B(12.0M) Survivors: 0.0B->0.0B Heap: 201.2M(256.0M)->201.2M(256.0M)]
 [Times: user=0.00 sys=0.00, real=0.00 secs] 
2020-10-27T23:32:18.099+0800: 0.609: [Full GC (Allocation Failure)  201M->200M(256M), 0.0026843 secs]
   [Eden: 0.0B(12.0M)->0.0B(12.0M) Survivors: 0.0B->0.0B Heap: 201.2M(256.0M)->200.4M(256.0M)], [Metaspace: 2774K->2774K(1056768K)]
 [Times: user=0.03 sys=0.02, real=0.00 secs] 
2020-10-27T23:32:18.102+0800: 0.611: [Full GC (Allocation Failure)  200M->200M(256M), 0.0026222 secs]
   [Eden: 0.0B(12.0M)->0.0B(12.0M) Survivors: 0.0B->0.0B Heap: 200.4M(256.0M)->200.4M(256.0M)], [Metaspace: 2774K->2774K(1056768K)]
 [Times: user=0.00 sys=0.00, real=0.00 secs] 
2020-10-27T23:32:18.105+0800: 0.614: [GC pause (G1 Evacuation Pause) (young), 0.0007282 secs]
   [Parallel Time: 0.3 ms, GC Workers: 8]
      [GC Worker Start (ms): Min: 614.3, Avg: 614.3, Max: 614.3, Diff: 0.1]
      [Ext Root Scanning (ms): Min: 0.1, Avg: 0.1, Max: 0.1, Diff: 0.1, Sum: 0.7]
      [Update RS (ms): Min: 0.0, Avg: 0.0, Max: 0.1, Diff: 0.1, Sum: 0.1]
         [Processed Buffers: Min: 0, Avg: 0.4, Max: 1, Diff: 1, Sum: 3]
      [Scan RS (ms): Min: 0.0, Avg: 0.0, Max: 0.0, Diff: 0.0, Sum: 0.0]
      [Code Root Scanning (ms): Min: 0.0, Avg: 0.0, Max: 0.0, Diff: 0.0, Sum: 0.0]
      [Object Copy (ms): Min: 0.0, Avg: 0.0, Max: 0.0, Diff: 0.0, Sum: 0.0]
      [Termination (ms): Min: 0.0, Avg: 0.1, Max: 0.1, Diff: 0.1, Sum: 0.8]
         [Termination Attempts: Min: 1, Avg: 1.0, Max: 1, Diff: 0, Sum: 8]
      [GC Worker Other (ms): Min: 0.0, Avg: 0.0, Max: 0.0, Diff: 0.0, Sum: 0.0]
      [GC Worker Total (ms): Min: 0.2, Avg: 0.2, Max: 0.2, Diff: 0.1, Sum: 1.7]
      [GC Worker End (ms): Min: 614.5, Avg: 614.5, Max: 614.5, Diff: 0.0]
   [Code Root Fixup: 0.0 ms]
   [Code Root Purge: 0.0 ms]
   [Clear CT: 0.1 ms]
   [Other: 0.3 ms]
      [Choose CSet: 0.0 ms]
      [Ref Proc: 0.1 ms]
      [Ref Enq: 0.0 ms]
      [Redirty Cards: 0.1 ms]
      [Humongous Register: 0.0 ms]
      [Humongous Reclaim: 0.0 ms]
      [Free CSet: 0.0 ms]
   [Eden: 0.0B(12.0M)->0.0B(12.0M) Survivors: 0.0B->0.0B Heap: 200.4M(256.0M)->200.4M(256.0M)]
 [Times: user=0.00 sys=0.00, real=0.00 secs] 
2020-10-27T23:32:18.106+0800: 0.615: [GC pause (G1 Evacuation Pause) (young) (initial-mark), 0.0007023 secs]
   [Parallel Time: 0.3 ms, GC Workers: 8]
      [GC Worker Start (ms): Min: 615.1, Avg: 615.2, Max: 615.2, Diff: 0.1]
      [Ext Root Scanning (ms): Min: 0.1, Avg: 0.1, Max: 0.1, Diff: 0.1, Sum: 0.8]
      [Update RS (ms): Min: 0.0, Avg: 0.0, Max: 0.1, Diff: 0.1, Sum: 0.1]
         [Processed Buffers: Min: 0, Avg: 0.3, Max: 1, Diff: 1, Sum: 2]
      [Scan RS (ms): Min: 0.0, Avg: 0.0, Max: 0.0, Diff: 0.0, Sum: 0.0]
      [Code Root Scanning (ms): Min: 0.0, Avg: 0.0, Max: 0.0, Diff: 0.0, Sum: 0.0]
      [Object Copy (ms): Min: 0.0, Avg: 0.0, Max: 0.0, Diff: 0.0, Sum: 0.0]
      [Termination (ms): Min: 0.0, Avg: 0.1, Max: 0.1, Diff: 0.1, Sum: 0.8]
         [Termination Attempts: Min: 1, Avg: 1.0, Max: 1, Diff: 0, Sum: 8]
      [GC Worker Other (ms): Min: 0.0, Avg: 0.0, Max: 0.0, Diff: 0.0, Sum: 0.0]
      [GC Worker Total (ms): Min: 0.2, Avg: 0.2, Max: 0.2, Diff: 0.1, Sum: 1.7]
      [GC Worker End (ms): Min: 615.4, Avg: 615.4, Max: 615.4, Diff: 0.0]
   [Code Root Fixup: 0.0 ms]
   [Code Root Purge: 0.0 ms]
   [Clear CT: 0.1 ms]
   [Other: 0.3 ms]
      [Choose CSet: 0.0 ms]
      [Ref Proc: 0.1 ms]
      [Ref Enq: 0.0 ms]
      [Redirty Cards: 0.1 ms]
      [Humongous Register: 0.0 ms]
      [Humongous Reclaim: 0.0 ms]
      [Free CSet: 0.0 ms]
   [Eden: 0.0B(12.0M)->0.0B(12.0M) Survivors: 0.0B->0.0B Heap: 200.4M(256.0M)->200.4M(256.0M)]
 [Times: user=0.00 sys=0.00, real=0.00 secs] 
2020-10-27T23:32:18.106+0800: 0.616: [GC concurrent-root-region-scan-start]
2020-10-27T23:32:18.106+0800: 0.616: [GC concurrent-root-region-scan-end, 0.0000069 secs]
2020-10-27T23:32:18.106+0800: 0.616: [GC concurrent-mark-start]
2020-10-27T23:32:18.106+0800: 0.616: [Full GC (Allocation Failure)  200M->200M(256M), 0.0024612 secs]
   [Eden: 0.0B(12.0M)->0.0B(12.0M) Survivors: 0.0B->0.0B Heap: 200.4M(256.0M)->200.4M(256.0M)], [Metaspace: 2774K->2774K(1056768K)]
 [Times: user=0.00 sys=0.00, real=0.00 secs] 
2020-10-27T23:32:18.109+0800: 0.618: [Full GC (Allocation Failure)  200M->200M(256M), 0.0024127 secs]
   [Eden: 0.0B(12.0M)->0.0B(12.0M) Survivors: 0.0B->0.0B Heap: 200.4M(256.0M)->200.4M(256.0M)], [Metaspace: 2774K->2774K(1056768K)]
 [Times: user=0.00 sys=0.00, real=0.00 secs] 
2020-10-27T23:32:18.112+0800: 0.621: [GC concurrent-mark-abort]
2020-10-27T23:32:18.112+0800: 0.621: [GC pause (G1 Evacuation Pause) (young), 0.0007705 secs]
   [Parallel Time: 0.3 ms, GC Workers: 8]
      [GC Worker Start (ms): Min: 621.1, Avg: 621.2, Max: 621.2, Diff: 0.1]
      [Ext Root Scanning (ms): Min: 0.1, Avg: 0.1, Max: 0.1, Diff: 0.1, Sum: 0.7]
      [Update RS (ms): Min: 0.0, Avg: 0.0, Max: 0.1, Diff: 0.1, Sum: 0.1]
         [Processed Buffers: Min: 0, Avg: 0.3, Max: 1, Diff: 1, Sum: 2]
      [Scan RS (ms): Min: 0.0, Avg: 0.0, Max: 0.0, Diff: 0.0, Sum: 0.0]
      [Code Root Scanning (ms): Min: 0.0, Avg: 0.0, Max: 0.0, Diff: 0.0, Sum: 0.0]
      [Object Copy (ms): Min: 0.0, Avg: 0.0, Max: 0.0, Diff: 0.0, Sum: 0.0]
      [Termination (ms): Min: 0.0, Avg: 0.1, Max: 0.1, Diff: 0.1, Sum: 0.8]
         [Termination Attempts: Min: 1, Avg: 1.0, Max: 1, Diff: 0, Sum: 8]
      [GC Worker Other (ms): Min: 0.0, Avg: 0.0, Max: 0.0, Diff: 0.0, Sum: 0.0]
      [GC Worker Total (ms): Min: 0.2, Avg: 0.2, Max: 0.2, Diff: 0.1, Sum: 1.6]
      [GC Worker End (ms): Min: 621.4, Avg: 621.4, Max: 621.4, Diff: 0.0]
   [Code Root Fixup: 0.0 ms]
   [Code Root Purge: 0.0 ms]
   [Clear CT: 0.1 ms]
   [Other: 0.3 ms]
      [Choose CSet: 0.0 ms]
      [Ref Proc: 0.2 ms]
      [Ref Enq: 0.0 ms]
      [Redirty Cards: 0.1 ms]
      [Humongous Register: 0.0 ms]
      [Humongous Reclaim: 0.0 ms]
      [Free CSet: 0.0 ms]
   [Eden: 0.0B(12.0M)->0.0B(12.0M) Survivors: 0.0B->0.0B Heap: 200.4M(256.0M)->200.4M(256.0M)]
 [Times: user=0.00 sys=0.00, real=0.00 secs] 
2020-10-27T23:32:18.113+0800: 0.622: [GC pause (G1 Evacuation Pause) (young) (initial-mark), 0.0006936 secs]
   [Parallel Time: 0.3 ms, GC Workers: 8]
      [GC Worker Start (ms): Min: 622.0, Avg: 622.1, Max: 622.1, Diff: 0.1]
      [Ext Root Scanning (ms): Min: 0.1, Avg: 0.1, Max: 0.1, Diff: 0.1, Sum: 0.7]
      [Update RS (ms): Min: 0.0, Avg: 0.0, Max: 0.1, Diff: 0.1, Sum: 0.1]
         [Processed Buffers: Min: 0, Avg: 0.3, Max: 1, Diff: 1, Sum: 2]
      [Scan RS (ms): Min: 0.0, Avg: 0.0, Max: 0.0, Diff: 0.0, Sum: 0.0]
      [Code Root Scanning (ms): Min: 0.0, Avg: 0.0, Max: 0.0, Diff: 0.0, Sum: 0.0]
      [Object Copy (ms): Min: 0.0, Avg: 0.0, Max: 0.0, Diff: 0.0, Sum: 0.0]
      [Termination (ms): Min: 0.0, Avg: 0.1, Max: 0.1, Diff: 0.1, Sum: 0.8]
         [Termination Attempts: Min: 1, Avg: 1.0, Max: 1, Diff: 0, Sum: 8]
      [GC Worker Other (ms): Min: 0.0, Avg: 0.0, Max: 0.0, Diff: 0.0, Sum: 0.0]
      [GC Worker Total (ms): Min: 0.2, Avg: 0.2, Max: 0.2, Diff: 0.1, Sum: 1.7]
      [GC Worker End (ms): Min: 622.3, Avg: 622.3, Max: 622.3, Diff: 0.0]
   [Code Root Fixup: 0.0 ms]
   [Code Root Purge: 0.0 ms]
   [Clear CT: 0.1 ms]
   [Other: 0.3 ms]
      [Choose CSet: 0.0 ms]
      [Ref Proc: 0.1 ms]
      [Ref Enq: 0.0 ms]
      [Redirty Cards: 0.1 ms]
      [Humongous Register: 0.0 ms]
      [Humongous Reclaim: 0.0 ms]
      [Free CSet: 0.0 ms]
   [Eden: 0.0B(12.0M)->0.0B(12.0M) Survivors: 0.0B->0.0B Heap: 200.4M(256.0M)->200.4M(256.0M)]
 [Times: user=0.00 sys=0.00, real=0.00 secs] 
2020-10-27T23:32:18.113+0800: 0.623: [GC concurrent-root-region-scan-start]
2020-10-27T23:32:18.113+0800: 0.623: [GC concurrent-root-region-scan-end, 0.0000061 secs]
2020-10-27T23:32:18.113+0800: 0.623: [GC concurrent-mark-start]
2020-10-27T23:32:18.113+0800: 0.623: [Full GC (Allocation Failure)  200M->643K(256M), 0.0023109 secs]
   [Eden: 0.0B(12.0M)->0.0B(153.0M) Survivors: 0.0B->0.0B Heap: 200.4M(256.0M)->644.0K(256.0M)], [Metaspace: 2774K->2774K(1056768K)]
 [Times: user=0.00 sys=0.00, real=0.00 secs] 
2020-10-27T23:32:18.116+0800: 0.625: [GC concurrent-mark-abort]
Heap
 garbage-first heap   total 262144K, used 643K [0x00000000f0000000, 0x00000000f0100800, 0x0000000100000000)
  region size 1024K, 1 young (1024K), 0 survivors (0K)
 Metaspace       used 2804K, capacity 4486K, committed 4864K, reserved 1056768K
  class space    used 316K, capacity 386K, committed 512K, reserved 1048576K
