Java HotSpot(TM) 64-Bit Server VM (25.91-b15) for windows-amd64 JRE (1.8.0_91-b15), built on May 20 2016 17:43:15 by "java_re" with MS VC++ 10.0 (VS2010)
Memory: 4k page, physical 16718916k(8680880k free), swap 16718916k(6647148k free)
CommandLine flags: -XX:InitialHeapSize=134217728 -XX:MaxHeapSize=134217728 -XX:+PrintGC -XX:+PrintGCDateStamps -XX:+PrintGCDetails -XX:+PrintGCTimeStamps -XX:+UseCompressedClassPointers -XX:+UseCompressedOops -XX:-UseLargePagesIndividualAllocation -XX:+UseSerialGC 
2020-10-27T23:04:13.425+0800: 0.186: [GC (Allocation Failure) 2020-10-27T23:04:13.425+0800: 0.186: [DefNew: 34837K->4352K(39296K), 0.0081797 secs] 34837K->15428K(126720K), 0.0083209 secs] [Times: user=0.00 sys=0.02, real=0.01 secs] 
2020-10-27T23:04:13.442+0800: 0.204: [GC (Allocation Failure) 2020-10-27T23:04:13.442+0800: 0.204: [DefNew: 39296K->4338K(39296K), 0.0095124 secs] 50372K->30588K(126720K), 0.0095625 secs] [Times: user=0.00 sys=0.02, real=0.01 secs] 
2020-10-27T23:04:13.458+0800: 0.220: [GC (Allocation Failure) 2020-10-27T23:04:13.459+0800: 0.220: [DefNew: 39188K->4337K(39296K), 0.0053934 secs] 65439K->40776K(126720K), 0.0054780 secs] [Times: user=0.00 sys=0.03, real=0.01 secs] 
2020-10-27T23:04:13.471+0800: 0.233: [GC (Allocation Failure) 2020-10-27T23:04:13.471+0800: 0.233: [DefNew: 39281K->4342K(39296K), 0.0059868 secs] 75720K->52142K(126720K), 0.0060439 secs] [Times: user=0.00 sys=0.00, real=0.01 secs] 
2020-10-27T23:04:13.484+0800: 0.246: [GC (Allocation Failure) 2020-10-27T23:04:13.485+0800: 0.246: [DefNew: 39270K->4343K(39296K), 0.0053294 secs] 87070K->63209K(126720K), 0.0053884 secs] [Times: user=0.00 sys=0.00, real=0.01 secs] 
2020-10-27T23:04:13.498+0800: 0.259: [GC (Allocation Failure) 2020-10-27T23:04:13.498+0800: 0.259: [DefNew: 39287K->4350K(39296K), 0.0055267 secs] 98153K->72933K(126720K), 0.0055852 secs] [Times: user=0.00 sys=0.00, real=0.01 secs] 
2020-10-27T23:04:13.512+0800: 0.274: [GC (Allocation Failure) 2020-10-27T23:04:13.512+0800: 0.274: [DefNew: 38929K->4349K(39296K), 0.0049843 secs] 107511K->82496K(126720K), 0.0050602 secs] [Times: user=0.00 sys=0.00, real=0.00 secs] 
2020-10-27T23:04:13.524+0800: 0.285: [GC (Allocation Failure) 2020-10-27T23:04:13.524+0800: 0.285: [DefNew: 39293K->39293K(39296K), 0.0000120 secs]2020-10-27T23:04:13.524+0800: 0.285: [Tenured: 78147K->87150K(87424K), 0.0115356 secs] 117440K->89113K(126720K), [Metaspace: 2774K->2774K(1056768K)], 0.0116129 secs] [Times: user=0.02 sys=0.00, real=0.01 secs] 
2020-10-27T23:04:13.541+0800: 0.302: [Full GC (Allocation Failure) 2020-10-27T23:04:13.541+0800: 0.302: [Tenured: 87263K->87421K(87424K), 0.0107969 secs] 126546K->97547K(126720K), [Metaspace: 2774K->2774K(1056768K)], 0.0108869 secs] [Times: user=0.00 sys=0.00, real=0.01 secs] 
2020-10-27T23:04:13.556+0800: 0.317: [Full GC (Allocation Failure) 2020-10-27T23:04:13.556+0800: 0.317: [Tenured: 87421K->87279K(87424K), 0.0117338 secs] 126539K->101384K(126720K), [Metaspace: 2774K->2774K(1056768K)], 0.0117994 secs] [Times: user=0.00 sys=0.00, real=0.01 secs] 
2020-10-27T23:04:13.571+0800: 0.333: [Full GC (Allocation Failure) 2020-10-27T23:04:13.571+0800: 0.333: [Tenured: 87423K->87374K(87424K), 0.0148099 secs] 126704K->101689K(126720K), [Metaspace: 2774K->2774K(1056768K)], 0.0148748 secs] [Times: user=0.02 sys=0.00, real=0.01 secs] 
2020-10-27T23:04:13.590+0800: 0.351: [Full GC (Allocation Failure) 2020-10-27T23:04:13.590+0800: 0.351: [Tenured: 87374K->87374K(87424K), 0.0040380 secs] 126532K->108588K(126720K), [Metaspace: 2774K->2774K(1056768K)], 0.0040980 secs] [Times: user=0.00 sys=0.00, real=0.00 secs] 
2020-10-27T23:04:13.596+0800: 0.358: [Full GC (Allocation Failure) 2020-10-27T23:04:13.596+0800: 0.358: [Tenured: 87374K->87374K(87424K), 0.0042964 secs] 126543K->112987K(126720K), [Metaspace: 2774K->2774K(1056768K)], 0.0043551 secs] [Times: user=0.00 sys=0.00, real=0.01 secs] 
2020-10-27T23:04:13.602+0800: 0.364: [Full GC (Allocation Failure) 2020-10-27T23:04:13.602+0800: 0.364: [Tenured: 87374K->87083K(87424K), 0.0079846 secs] 126380K->120061K(126720K), [Metaspace: 2774K->2774K(1056768K)], 0.0080359 secs] [Times: user=0.02 sys=0.00, real=0.01 secs] 
2020-10-27T23:04:13.611+0800: 0.373: [Full GC (Allocation Failure) 2020-10-27T23:04:13.611+0800: 0.373: [Tenured: 87357K->87362K(87424K), 0.0163474 secs] 126653K->118073K(126720K), [Metaspace: 2774K->2774K(1056768K)], 0.0163959 secs] [Times: user=0.02 sys=0.00, real=0.02 secs] 
2020-10-27T23:04:13.629+0800: 0.391: [Full GC (Allocation Failure) 2020-10-27T23:04:13.629+0800: 0.391: [Tenured: 87362K->87362K(87424K), 0.0016629 secs] 126489K->119925K(126720K), [Metaspace: 2774K->2774K(1056768K)], 0.0017004 secs] [Times: user=0.00 sys=0.00, real=0.00 secs] 
2020-10-27T23:04:13.632+0800: 0.393: [Full GC (Allocation Failure) 2020-10-27T23:04:13.632+0800: 0.393: [Tenured: 87362K->87362K(87424K), 0.0037429 secs] 126625K->122319K(126720K), [Metaspace: 2774K->2774K(1056768K)], 0.0037904 secs] [Times: user=0.01 sys=0.00, real=0.00 secs] 
2020-10-27T23:04:13.636+0800: 0.398: [Full GC (Allocation Failure) 2020-10-27T23:04:13.636+0800: 0.398: [Tenured: 87362K->87362K(87424K), 0.0020152 secs] 126222K->124690K(126720K), [Metaspace: 2774K->2774K(1056768K)], 0.0020485 secs] [Times: user=0.00 sys=0.00, real=0.00 secs] 
2020-10-27T23:04:13.638+0800: 0.400: [Full GC (Allocation Failure) 2020-10-27T23:04:13.638+0800: 0.400: [Tenured: 87362K->87196K(87424K), 0.0158331 secs] 126656K->123971K(126720K), [Metaspace: 2774K->2774K(1056768K)], 0.0158752 secs] [Times: user=0.02 sys=0.00, real=0.02 secs] 
2020-10-27T23:04:13.655+0800: 0.416: [Full GC (Allocation Failure) 2020-10-27T23:04:13.655+0800: 0.416: [Tenured: 87196K->87196K(87424K), 0.0015294 secs] 126243K->124074K(126720K), [Metaspace: 2774K->2774K(1056768K)], 0.0015629 secs] [Times: user=0.00 sys=0.00, real=0.00 secs] 
2020-10-27T23:04:13.657+0800: 0.418: [Full GC (Allocation Failure) 2020-10-27T23:04:13.657+0800: 0.418: [Tenured: 87196K->87196K(87424K), 0.0011189 secs] 126302K->125415K(126720K), [Metaspace: 2774K->2774K(1056768K)], 0.0011492 secs] [Times: user=0.00 sys=0.00, real=0.00 secs] 
2020-10-27T23:04:13.658+0800: 0.420: [Full GC (Allocation Failure) 2020-10-27T23:04:13.658+0800: 0.420: [Tenured: 87340K->87340K(87424K), 0.0012174 secs] 126581K->125560K(126720K), [Metaspace: 2774K->2774K(1056768K)], 0.0012489 secs] [Times: user=0.00 sys=0.00, real=0.00 secs] 
2020-10-27T23:04:13.660+0800: 0.421: [Full GC (Allocation Failure) 2020-10-27T23:04:13.660+0800: 0.421: [Tenured: 87340K->86958K(87424K), 0.0087855 secs] 126482K->126044K(126720K), [Metaspace: 2774K->2774K(1056768K)], 0.0088243 secs] [Times: user=0.01 sys=0.00, real=0.01 secs] 
2020-10-27T23:04:13.669+0800: 0.430: [Full GC (Allocation Failure) 2020-10-27T23:04:13.669+0800: 0.430: [Tenured: 86958K->86939K(87424K), 0.0118582 secs] 126044K->126024K(126720K), [Metaspace: 2774K->2774K(1056768K)], 0.0118958 secs] [Times: user=0.00 sys=0.00, real=0.01 secs] 
Heap
 def new generation   total 39296K, used 39136K [0x00000000f8000000, 0x00000000faaa0000, 0x00000000faaa0000)
  eden space 34944K, 100% used [0x00000000f8000000, 0x00000000fa220000, 0x00000000fa220000)
  from space 4352K,  96% used [0x00000000fa660000, 0x00000000faa78270, 0x00000000faaa0000)
  to   space 4352K,   0% used [0x00000000fa220000, 0x00000000fa220000, 0x00000000fa660000)
 tenured generation   total 87424K, used 86939K [0x00000000faaa0000, 0x0000000100000000, 0x0000000100000000)
   the space 87424K,  99% used [0x00000000faaa0000, 0x00000000fff86d50, 0x00000000fff86e00, 0x0000000100000000)
 Metaspace       used 2804K, capacity 4486K, committed 4864K, reserved 1056768K
  class space    used 316K, capacity 386K, committed 512K, reserved 1048576K
