Java HotSpot(TM) 64-Bit Server VM (25.91-b15) for windows-amd64 JRE (1.8.0_91-b15), built on May 20 2016 17:43:15 by "java_re" with MS VC++ 10.0 (VS2010)
Memory: 4k page, physical 16718916k(8647632k free), swap 16718916k(6620216k free)
CommandLine flags: -XX:InitialHeapSize=4294967296 -XX:MaxHeapSize=4294967296 -XX:+PrintGC -XX:+PrintGCDateStamps -XX:+PrintGCDetails -XX:+PrintGCTimeStamps -XX:+UseCompressedClassPointers -XX:+UseCompressedOops -XX:-UseLargePagesIndividualAllocation -XX:+UseSerialGC 
2020-10-27T23:14:12.295+0800: 0.621: [GC (Allocation Failure) 2020-10-27T23:14:12.295+0800: 0.621: [DefNew: 1118528K->139775K(1258304K), 0.1263619 secs] 1118528K->260893K(4054528K), 0.1264873 secs] [Times: user=0.09 sys=0.03, real=0.13 secs] 
2020-10-27T23:14:12.569+0800: 0.895: [GC (Allocation Failure) 2020-10-27T23:14:12.569+0800: 0.895: [DefNew: 1258303K->139775K(1258304K), 0.1442423 secs] 1379421K->417402K(4054528K), 0.1443039 secs] [Times: user=0.11 sys=0.05, real=0.14 secs] 
Heap
 def new generation   total 1258304K, used 769607K [0x00000006c0000000, 0x0000000715550000, 0x0000000715550000)
  eden space 1118528K,  56% used [0x00000006c0000000, 0x00000006e6711cc0, 0x0000000704450000)
  from space 139776K,  99% used [0x0000000704450000, 0x000000070cccfff0, 0x000000070ccd0000)
  to   space 139776K,   0% used [0x000000070ccd0000, 0x000000070ccd0000, 0x0000000715550000)
 tenured generation   total 2796224K, used 277626K [0x0000000715550000, 0x00000007c0000000, 0x00000007c0000000)
   the space 2796224K,   9% used [0x0000000715550000, 0x000000072646e820, 0x000000072646ea00, 0x00000007c0000000)
 Metaspace       used 2780K, capacity 4486K, committed 4864K, reserved 1056768K
  class space    used 313K, capacity 386K, committed 512K, reserved 1048576K
