Java HotSpot(TM) 64-Bit Server VM (25.91-b15) for windows-amd64 JRE (1.8.0_91-b15), built on May 20 2016 17:43:15 by "java_re" with MS VC++ 10.0 (VS2010)
Memory: 4k page, physical 16718916k(8660288k free), swap 16718916k(6624576k free)
CommandLine flags: -XX:InitialHeapSize=4294967296 -XX:MaxHeapSize=4294967296 -XX:MaxNewSize=697933824 -XX:MaxTenuringThreshold=6 -XX:NewSize=697933824 -XX:OldPLABSize=16 -XX:OldSize=1395867648 -XX:+PrintGC -XX:+PrintGCDateStamps -XX:+PrintGCDetails -XX:+PrintGCTimeStamps -XX:+UseCompressedClassPointers -XX:+UseCompressedOops -XX:+UseConcMarkSweepGC -XX:-UseLargePagesIndividualAllocation -XX:+UseParNewGC 
2020-10-27T23:26:16.141+0800: 0.417: [GC (Allocation Failure) 2020-10-27T23:26:16.141+0800: 0.417: [ParNew: 545344K->68096K(613440K), 0.0257508 secs] 545344K->145991K(4126208K), 0.0259107 secs] [Times: user=0.14 sys=0.11, real=0.03 secs] 
2020-10-27T23:26:16.234+0800: 0.510: [GC (Allocation Failure) 2020-10-27T23:26:16.234+0800: 0.510: [ParNew: 613440K->68096K(613440K), 0.0329760 secs] 691335K->279158K(4126208K), 0.0330339 secs] [Times: user=0.06 sys=0.17, real=0.03 secs] 
2020-10-27T23:26:16.337+0800: 0.614: [GC (Allocation Failure) 2020-10-27T23:26:16.337+0800: 0.614: [ParNew: 613440K->68096K(613440K), 0.0694736 secs] 824502K->396751K(4126208K), 0.0695427 secs] [Times: user=0.36 sys=0.08, real=0.07 secs] 
2020-10-27T23:26:16.474+0800: 0.750: [GC (Allocation Failure) 2020-10-27T23:26:16.474+0800: 0.750: [ParNew: 613440K->68096K(613440K), 0.0687030 secs] 942095K->514071K(4126208K), 0.0687640 secs] [Times: user=0.52 sys=0.06, real=0.07 secs] 
2020-10-27T23:26:16.609+0800: 0.885: [GC (Allocation Failure) 2020-10-27T23:26:16.609+0800: 0.885: [ParNew: 613440K->68095K(613440K), 0.0608672 secs] 1059415K->621471K(4126208K), 0.0609288 secs] [Times: user=0.45 sys=0.05, real=0.06 secs] 
2020-10-27T23:26:16.736+0800: 1.012: [GC (Allocation Failure) 2020-10-27T23:26:16.736+0800: 1.012: [ParNew: 613439K->68096K(613440K), 0.0741672 secs] 1166815K->751328K(4126208K), 0.0742284 secs] [Times: user=0.52 sys=0.03, real=0.08 secs] 
Heap
 par new generation   total 613440K, used 496282K [0x00000006c0000000, 0x00000006e9990000, 0x00000006e9990000)
  eden space 545344K,  78% used [0x00000006c0000000, 0x00000006da226980, 0x00000006e1490000)
  from space 68096K, 100% used [0x00000006e1490000, 0x00000006e5710000, 0x00000006e5710000)
  to   space 68096K,   0% used [0x00000006e5710000, 0x00000006e5710000, 0x00000006e9990000)
 concurrent mark-sweep generation total 3512768K, used 683232K [0x00000006e9990000, 0x00000007c0000000, 0x00000007c0000000)
 Metaspace       used 2780K, capacity 4486K, committed 4864K, reserved 1056768K
  class space    used 313K, capacity 386K, committed 512K, reserved 1048576K
