Java HotSpot(TM) 64-Bit Server VM (25.91-b15) for windows-amd64 JRE (1.8.0_91-b15), built on May 20 2016 17:43:15 by "java_re" with MS VC++ 10.0 (VS2010)
Memory: 4k page, physical 16718916k(9108776k free), swap 16718916k(6727440k free)
CommandLine flags: -XX:InitialHeapSize=134217728 -XX:MaxGCPauseMillis=50 -XX:MaxHeapSize=134217728 -XX:+PrintGC -XX:+PrintGCDateStamps -XX:+PrintGCDetails -XX:+PrintGCTimeStamps -XX:+UseCompressedClassPointers -XX:+UseCompressedOops -XX:+UseG1GC -XX:-UseLargePagesIndividualAllocation 
2020-10-27T23:31:52.741+0800: 0.105: [GC pause (G1 Evacuation Pause) (young), 0.0017727 secs]
   [Parallel Time: 1.0 ms, GC Workers: 8]
      [GC Worker Start (ms): Min: 104.7, Avg: 105.0, Max: 105.5, Diff: 0.8]
      [Ext Root Scanning (ms): Min: 0.0, Avg: 0.1, Max: 0.2, Diff: 0.2, Sum: 0.9]
      [Update RS (ms): Min: 0.0, Avg: 0.0, Max: 0.0, Diff: 0.0, Sum: 0.0]
         [Processed Buffers: Min: 0, Avg: 0.0, Max: 0, Diff: 0, Sum: 0]
      [Scan RS (ms): Min: 0.0, Avg: 0.0, Max: 0.0, Diff: 0.0, Sum: 0.0]
      [Code Root Scanning (ms): Min: 0.0, Avg: 0.0, Max: 0.0, Diff: 0.0, Sum: 0.0]
      [Object Copy (ms): Min: 0.0, Avg: 0.4, Max: 0.6, Diff: 0.6, Sum: 3.5]
      [Termination (ms): Min: 0.0, Avg: 0.0, Max: 0.0, Diff: 0.0, Sum: 0.3]
         [Termination Attempts: Min: 1, Avg: 2.5, Max: 5, Diff: 4, Sum: 20]
      [GC Worker Other (ms): Min: 0.0, Avg: 0.0, Max: 0.0, Diff: 0.0, Sum: 0.2]
      [GC Worker Total (ms): Min: 0.1, Avg: 0.6, Max: 0.9, Diff: 0.8, Sum: 4.9]
      [GC Worker End (ms): Min: 105.6, Avg: 105.6, Max: 105.6, Diff: 0.0]
   [Code Root Fixup: 0.0 ms]
   [Code Root Purge: 0.0 ms]
   [Clear CT: 0.1 ms]
   [Other: 0.6 ms]
      [Choose CSet: 0.0 ms]
      [Ref Proc: 0.3 ms]
      [Ref Enq: 0.0 ms]
      [Redirty Cards: 0.2 ms]
      [Humongous Register: 0.0 ms]
      [Humongous Reclaim: 0.0 ms]
      [Free CSet: 0.0 ms]
   [Eden: 6144.0K(6144.0K)->0.0B(5120.0K) Survivors: 0.0B->1024.0K Heap: 7819.3K(128.0M)->2128.0K(128.0M)]
 [Times: user=0.00 sys=0.01, real=0.00 secs] 
2020-10-27T23:31:52.746+0800: 0.110: [GC pause (G1 Evacuation Pause) (young), 0.0020646 secs]
   [Parallel Time: 1.1 ms, GC Workers: 8]
      [GC Worker Start (ms): Min: 109.7, Avg: 109.8, Max: 110.0, Diff: 0.3]
      [Ext Root Scanning (ms): Min: 0.0, Avg: 0.1, Max: 0.3, Diff: 0.3, Sum: 0.9]
      [Update RS (ms): Min: 0.0, Avg: 0.1, Max: 0.4, Diff: 0.4, Sum: 0.7]
         [Processed Buffers: Min: 0, Avg: 1.3, Max: 3, Diff: 3, Sum: 10]
      [Scan RS (ms): Min: 0.0, Avg: 0.0, Max: 0.0, Diff: 0.0, Sum: 0.0]
      [Code Root Scanning (ms): Min: 0.0, Avg: 0.0, Max: 0.0, Diff: 0.0, Sum: 0.0]
      [Object Copy (ms): Min: 0.2, Avg: 0.5, Max: 0.6, Diff: 0.4, Sum: 3.6]
      [Termination (ms): Min: 0.0, Avg: 0.1, Max: 0.1, Diff: 0.1, Sum: 0.4]
         [Termination Attempts: Min: 1, Avg: 3.9, Max: 9, Diff: 8, Sum: 31]
      [GC Worker Other (ms): Min: 0.0, Avg: 0.0, Max: 0.0, Diff: 0.0, Sum: 0.1]
      [GC Worker Total (ms): Min: 0.5, Avg: 0.7, Max: 0.8, Diff: 0.3, Sum: 5.8]
      [GC Worker End (ms): Min: 110.6, Avg: 110.6, Max: 110.6, Diff: 0.0]
   [Code Root Fixup: 0.0 ms]
   [Code Root Purge: 0.0 ms]
   [Clear CT: 0.5 ms]
   [Other: 0.5 ms]
      [Choose CSet: 0.0 ms]
      [Ref Proc: 0.2 ms]
      [Ref Enq: 0.0 ms]
      [Redirty Cards: 0.2 ms]
      [Humongous Register: 0.0 ms]
      [Humongous Reclaim: 0.0 ms]
      [Free CSet: 0.0 ms]
   [Eden: 5120.0K(5120.0K)->0.0B(7168.0K) Survivors: 1024.0K->1024.0K Heap: 10.3M(128.0M)->4859.8K(128.0M)]
 [Times: user=0.00 sys=0.00, real=0.00 secs] 
2020-10-27T23:31:52.752+0800: 0.115: [GC pause (G1 Evacuation Pause) (young), 0.0015376 secs]
   [Parallel Time: 0.7 ms, GC Workers: 8]
      [GC Worker Start (ms): Min: 115.1, Avg: 115.2, Max: 115.2, Diff: 0.1]
      [Ext Root Scanning (ms): Min: 0.1, Avg: 0.1, Max: 0.2, Diff: 0.1, Sum: 0.8]
      [Update RS (ms): Min: 0.0, Avg: 0.1, Max: 0.2, Diff: 0.2, Sum: 0.6]
         [Processed Buffers: Min: 0, Avg: 1.1, Max: 3, Diff: 3, Sum: 9]
      [Scan RS (ms): Min: 0.0, Avg: 0.0, Max: 0.0, Diff: 0.0, Sum: 0.0]
      [Code Root Scanning (ms): Min: 0.0, Avg: 0.0, Max: 0.0, Diff: 0.0, Sum: 0.0]
      [Object Copy (ms): Min: 0.2, Avg: 0.3, Max: 0.4, Diff: 0.2, Sum: 2.2]
      [Termination (ms): Min: 0.0, Avg: 0.1, Max: 0.1, Diff: 0.1, Sum: 0.5]
         [Termination Attempts: Min: 1, Avg: 1.0, Max: 1, Diff: 0, Sum: 8]
      [GC Worker Other (ms): Min: 0.0, Avg: 0.0, Max: 0.0, Diff: 0.0, Sum: 0.1]
      [GC Worker Total (ms): Min: 0.5, Avg: 0.5, Max: 0.6, Diff: 0.1, Sum: 4.2]
      [GC Worker End (ms): Min: 115.7, Avg: 115.7, Max: 115.7, Diff: 0.0]
   [Code Root Fixup: 0.0 ms]
   [Code Root Purge: 0.0 ms]
   [Clear CT: 0.4 ms]
   [Other: 0.5 ms]
      [Choose CSet: 0.0 ms]
      [Ref Proc: 0.2 ms]
      [Ref Enq: 0.0 ms]
      [Redirty Cards: 0.3 ms]
      [Humongous Register: 0.0 ms]
      [Humongous Reclaim: 0.0 ms]
      [Free CSet: 0.0 ms]
   [Eden: 7168.0K(7168.0K)->0.0B(21.0M) Survivors: 1024.0K->1024.0K Heap: 12.4M(128.0M)->7283.3K(128.0M)]
 [Times: user=0.00 sys=0.00, real=0.00 secs] 
2020-10-27T23:31:52.763+0800: 0.126: [GC pause (G1 Evacuation Pause) (young), 0.0026755 secs]
   [Parallel Time: 1.8 ms, GC Workers: 8]
      [GC Worker Start (ms): Min: 126.1, Avg: 126.2, Max: 126.2, Diff: 0.1]
      [Ext Root Scanning (ms): Min: 0.1, Avg: 0.1, Max: 0.1, Diff: 0.1, Sum: 0.8]
      [Update RS (ms): Min: 0.0, Avg: 0.0, Max: 0.0, Diff: 0.0, Sum: 0.2]
         [Processed Buffers: Min: 0, Avg: 1.3, Max: 3, Diff: 3, Sum: 10]
      [Scan RS (ms): Min: 0.0, Avg: 0.0, Max: 0.0, Diff: 0.0, Sum: 0.0]
      [Code Root Scanning (ms): Min: 0.0, Avg: 0.0, Max: 0.0, Diff: 0.0, Sum: 0.0]
      [Object Copy (ms): Min: 1.3, Avg: 1.4, Max: 1.4, Diff: 0.1, Sum: 10.8]
      [Termination (ms): Min: 0.0, Avg: 0.1, Max: 0.1, Diff: 0.1, Sum: 0.7]
         [Termination Attempts: Min: 1, Avg: 1.0, Max: 1, Diff: 0, Sum: 8]
      [GC Worker Other (ms): Min: 0.0, Avg: 0.0, Max: 0.0, Diff: 0.0, Sum: 0.1]
      [GC Worker Total (ms): Min: 1.5, Avg: 1.6, Max: 1.6, Diff: 0.1, Sum: 12.6]
      [GC Worker End (ms): Min: 127.8, Avg: 127.8, Max: 127.8, Diff: 0.0]
   [Code Root Fixup: 0.0 ms]
   [Code Root Purge: 0.0 ms]
   [Clear CT: 0.3 ms]
   [Other: 0.6 ms]
      [Choose CSet: 0.0 ms]
      [Ref Proc: 0.3 ms]
      [Ref Enq: 0.0 ms]
      [Redirty Cards: 0.3 ms]
      [Humongous Register: 0.0 ms]
      [Humongous Reclaim: 0.0 ms]
      [Free CSet: 0.0 ms]
   [Eden: 21.0M(21.0M)->0.0B(15.0M) Survivors: 1024.0K->3072.0K Heap: 33.8M(128.0M)->19.9M(128.0M)]
 [Times: user=0.00 sys=0.00, real=0.00 secs] 
2020-10-27T23:31:52.771+0800: 0.134: [GC pause (G1 Evacuation Pause) (young), 0.0022700 secs]
   [Parallel Time: 1.2 ms, GC Workers: 8]
      [GC Worker Start (ms): Min: 134.2, Avg: 134.3, Max: 134.3, Diff: 0.1]
      [Ext Root Scanning (ms): Min: 0.1, Avg: 0.1, Max: 0.1, Diff: 0.1, Sum: 0.8]
      [Update RS (ms): Min: 0.0, Avg: 0.0, Max: 0.0, Diff: 0.0, Sum: 0.2]
         [Processed Buffers: Min: 0, Avg: 1.3, Max: 4, Diff: 4, Sum: 10]
      [Scan RS (ms): Min: 0.0, Avg: 0.0, Max: 0.0, Diff: 0.0, Sum: 0.0]
      [Code Root Scanning (ms): Min: 0.0, Avg: 0.0, Max: 0.0, Diff: 0.0, Sum: 0.0]
      [Object Copy (ms): Min: 0.6, Avg: 0.7, Max: 0.8, Diff: 0.2, Sum: 5.7]
      [Termination (ms): Min: 0.0, Avg: 0.1, Max: 0.1, Diff: 0.1, Sum: 0.5]
         [Termination Attempts: Min: 1, Avg: 1.0, Max: 1, Diff: 0, Sum: 8]
      [GC Worker Other (ms): Min: 0.0, Avg: 0.0, Max: 0.0, Diff: 0.0, Sum: 0.1]
      [GC Worker Total (ms): Min: 0.9, Avg: 0.9, Max: 1.0, Diff: 0.1, Sum: 7.3]
      [GC Worker End (ms): Min: 135.2, Avg: 135.2, Max: 135.2, Diff: 0.0]
   [Code Root Fixup: 0.0 ms]
   [Code Root Purge: 0.0 ms]
   [Clear CT: 0.4 ms]
   [Other: 0.6 ms]
      [Choose CSet: 0.0 ms]
      [Ref Proc: 0.3 ms]
      [Ref Enq: 0.0 ms]
      [Redirty Cards: 0.2 ms]
      [Humongous Register: 0.0 ms]
      [Humongous Reclaim: 0.0 ms]
      [Free CSet: 0.0 ms]
   [Eden: 15.0M(15.0M)->0.0B(20.0M) Survivors: 3072.0K->3072.0K Heap: 37.6M(128.0M)->25.4M(128.0M)]
 [Times: user=0.00 sys=0.00, real=0.00 secs] 
2020-10-27T23:31:52.780+0800: 0.144: [GC pause (G1 Evacuation Pause) (young), 0.0025791 secs]
   [Parallel Time: 1.4 ms, GC Workers: 8]
      [GC Worker Start (ms): Min: 143.6, Avg: 143.6, Max: 143.7, Diff: 0.2]
      [Ext Root Scanning (ms): Min: 0.0, Avg: 0.1, Max: 0.2, Diff: 0.2, Sum: 0.8]
      [Update RS (ms): Min: 0.0, Avg: 0.1, Max: 0.3, Diff: 0.3, Sum: 0.5]
         [Processed Buffers: Min: 0, Avg: 1.3, Max: 2, Diff: 2, Sum: 10]
      [Scan RS (ms): Min: 0.0, Avg: 0.0, Max: 0.0, Diff: 0.0, Sum: 0.0]
      [Code Root Scanning (ms): Min: 0.0, Avg: 0.0, Max: 0.0, Diff: 0.0, Sum: 0.0]
      [Object Copy (ms): Min: 0.8, Avg: 1.0, Max: 1.1, Diff: 0.3, Sum: 8.3]
      [Termination (ms): Min: 0.0, Avg: 0.0, Max: 0.1, Diff: 0.1, Sum: 0.3]
         [Termination Attempts: Min: 1, Avg: 1.0, Max: 1, Diff: 0, Sum: 8]
      [GC Worker Other (ms): Min: 0.0, Avg: 0.0, Max: 0.0, Diff: 0.0, Sum: 0.1]
      [GC Worker Total (ms): Min: 1.1, Avg: 1.2, Max: 1.3, Diff: 0.2, Sum: 10.0]
      [GC Worker End (ms): Min: 144.9, Avg: 144.9, Max: 144.9, Diff: 0.0]
   [Code Root Fixup: 0.0 ms]
   [Code Root Purge: 0.0 ms]
   [Clear CT: 0.4 ms]
   [Other: 0.8 ms]
      [Choose CSet: 0.0 ms]
      [Ref Proc: 0.4 ms]
      [Ref Enq: 0.0 ms]
      [Redirty Cards: 0.3 ms]
      [Humongous Register: 0.0 ms]
      [Humongous Reclaim: 0.0 ms]
      [Free CSet: 0.0 ms]
   [Eden: 20.0M(20.0M)->0.0B(27.0M) Survivors: 3072.0K->3072.0K Heap: 50.1M(128.0M)->32.7M(128.0M)]
 [Times: user=0.00 sys=0.00, real=0.00 secs] 
2020-10-27T23:31:52.792+0800: 0.155: [GC pause (G1 Evacuation Pause) (young), 0.0026241 secs]
   [Parallel Time: 1.8 ms, GC Workers: 8]
      [GC Worker Start (ms): Min: 155.5, Avg: 155.6, Max: 155.6, Diff: 0.1]
      [Ext Root Scanning (ms): Min: 0.0, Avg: 0.1, Max: 0.2, Diff: 0.1, Sum: 0.8]
      [Update RS (ms): Min: 0.0, Avg: 0.0, Max: 0.0, Diff: 0.0, Sum: 0.1]
         [Processed Buffers: Min: 1, Avg: 1.1, Max: 2, Diff: 1, Sum: 9]
      [Scan RS (ms): Min: 0.0, Avg: 0.0, Max: 0.0, Diff: 0.0, Sum: 0.0]
      [Code Root Scanning (ms): Min: 0.0, Avg: 0.0, Max: 0.0, Diff: 0.0, Sum: 0.0]
      [Object Copy (ms): Min: 1.3, Avg: 1.4, Max: 1.6, Diff: 0.3, Sum: 11.4]
      [Termination (ms): Min: 0.0, Avg: 0.1, Max: 0.3, Diff: 0.3, Sum: 1.2]
         [Termination Attempts: Min: 1, Avg: 1.0, Max: 1, Diff: 0, Sum: 8]
      [GC Worker Other (ms): Min: 0.0, Avg: 0.0, Max: 0.0, Diff: 0.0, Sum: 0.1]
      [GC Worker Total (ms): Min: 1.6, Avg: 1.7, Max: 1.8, Diff: 0.1, Sum: 13.6]
      [GC Worker End (ms): Min: 157.3, Avg: 157.3, Max: 157.3, Diff: 0.0]
   [Code Root Fixup: 0.0 ms]
   [Code Root Purge: 0.0 ms]
   [Clear CT: 0.2 ms]
   [Other: 0.7 ms]
      [Choose CSet: 0.0 ms]
      [Ref Proc: 0.2 ms]
      [Ref Enq: 0.0 ms]
      [Redirty Cards: 0.2 ms]
      [Humongous Register: 0.0 ms]
      [Humongous Reclaim: 0.0 ms]
      [Free CSet: 0.0 ms]
   [Eden: 27.0M(27.0M)->0.0B(44.0M) Survivors: 3072.0K->4096.0K Heap: 69.8M(128.0M)->45.5M(128.0M)]
 [Times: user=0.00 sys=0.00, real=0.00 secs] 
2020-10-27T23:31:52.801+0800: 0.165: [GC pause (G1 Humongous Allocation) (young) (initial-mark), 0.0031927 secs]
   [Parallel Time: 2.2 ms, GC Workers: 8]
      [GC Worker Start (ms): Min: 165.1, Avg: 165.2, Max: 165.3, Diff: 0.2]
      [Ext Root Scanning (ms): Min: 0.0, Avg: 0.1, Max: 0.2, Diff: 0.2, Sum: 1.2]
      [Update RS (ms): Min: 0.0, Avg: 0.0, Max: 0.0, Diff: 0.0, Sum: 0.1]
         [Processed Buffers: Min: 0, Avg: 1.1, Max: 4, Diff: 4, Sum: 9]
      [Scan RS (ms): Min: 0.0, Avg: 0.0, Max: 0.0, Diff: 0.0, Sum: 0.0]
      [Code Root Scanning (ms): Min: 0.0, Avg: 0.0, Max: 0.0, Diff: 0.0, Sum: 0.0]
      [Object Copy (ms): Min: 1.6, Avg: 1.7, Max: 1.8, Diff: 0.2, Sum: 13.6]
      [Termination (ms): Min: 0.0, Avg: 0.1, Max: 0.2, Diff: 0.2, Sum: 1.1]
         [Termination Attempts: Min: 1, Avg: 1.0, Max: 1, Diff: 0, Sum: 8]
      [GC Worker Other (ms): Min: 0.0, Avg: 0.0, Max: 0.0, Diff: 0.0, Sum: 0.1]
      [GC Worker Total (ms): Min: 1.9, Avg: 2.0, Max: 2.1, Diff: 0.2, Sum: 16.0]
      [GC Worker End (ms): Min: 167.2, Avg: 167.2, Max: 167.2, Diff: 0.0]
   [Code Root Fixup: 0.0 ms]
   [Code Root Purge: 0.0 ms]
   [Clear CT: 0.3 ms]
   [Other: 0.7 ms]
      [Choose CSet: 0.0 ms]
      [Ref Proc: 0.2 ms]
      [Ref Enq: 0.0 ms]
      [Redirty Cards: 0.3 ms]
      [Humongous Register: 0.0 ms]
      [Humongous Reclaim: 0.0 ms]
      [Free CSet: 0.0 ms]
   [Eden: 28.0M(44.0M)->0.0B(32.0M) Survivors: 4096.0K->6144.0K Heap: 80.0M(128.0M)->57.8M(128.0M)]
 [Times: user=0.03 sys=0.00, real=0.00 secs] 
2020-10-27T23:31:52.805+0800: 0.168: [GC concurrent-root-region-scan-start]
2020-10-27T23:31:52.805+0800: 0.169: [GC concurrent-root-region-scan-end, 0.0001285 secs]
2020-10-27T23:31:52.805+0800: 0.169: [GC concurrent-mark-start]
2020-10-27T23:31:52.806+0800: 0.169: [GC concurrent-mark-end, 0.0008949 secs]
2020-10-27T23:31:52.806+0800: 0.170: [GC remark 2020-10-27T23:31:52.806+0800: 0.170: [Finalize Marking, 0.0003451 secs] 2020-10-27T23:31:52.806+0800: 0.170: [GC ref-proc, 0.0001783 secs] 2020-10-27T23:31:52.806+0800: 0.170: [Unloading, 0.0005548 secs], 0.0013390 secs]
 [Times: user=0.00 sys=0.00, real=0.00 secs] 
2020-10-27T23:31:52.807+0800: 0.171: [GC cleanup 62M->62M(128M), 0.0009459 secs]
 [Times: user=0.00 sys=0.00, real=0.00 secs] 
2020-10-27T23:31:52.819+0800: 0.182: [GC pause (G1 Evacuation Pause) (young) (to-space exhausted), 0.0025171 secs]
   [Parallel Time: 1.3 ms, GC Workers: 8]
      [GC Worker Start (ms): Min: 182.5, Avg: 182.6, Max: 182.6, Diff: 0.1]
      [Ext Root Scanning (ms): Min: 0.1, Avg: 0.1, Max: 0.2, Diff: 0.1, Sum: 0.8]
      [Update RS (ms): Min: 0.0, Avg: 0.0, Max: 0.1, Diff: 0.0, Sum: 0.2]
         [Processed Buffers: Min: 1, Avg: 1.1, Max: 2, Diff: 1, Sum: 9]
      [Scan RS (ms): Min: 0.0, Avg: 0.0, Max: 0.0, Diff: 0.0, Sum: 0.0]
      [Code Root Scanning (ms): Min: 0.0, Avg: 0.0, Max: 0.0, Diff: 0.0, Sum: 0.0]
      [Object Copy (ms): Min: 0.9, Avg: 1.0, Max: 1.1, Diff: 0.1, Sum: 8.2]
      [Termination (ms): Min: 0.0, Avg: 0.0, Max: 0.1, Diff: 0.1, Sum: 0.3]
         [Termination Attempts: Min: 1, Avg: 1.0, Max: 1, Diff: 0, Sum: 8]
      [GC Worker Other (ms): Min: 0.0, Avg: 0.0, Max: 0.0, Diff: 0.0, Sum: 0.1]
      [GC Worker Total (ms): Min: 1.2, Avg: 1.2, Max: 1.3, Diff: 0.1, Sum: 9.6]
      [GC Worker End (ms): Min: 183.8, Avg: 183.8, Max: 183.8, Diff: 0.0]
   [Code Root Fixup: 0.0 ms]
   [Code Root Purge: 0.0 ms]
   [Clear CT: 0.4 ms]
   [Other: 0.8 ms]
      [Evacuation Failure: 0.3 ms]
      [Choose CSet: 0.0 ms]
      [Ref Proc: 0.2 ms]
      [Ref Enq: 0.0 ms]
      [Redirty Cards: 0.2 ms]
      [Humongous Register: 0.0 ms]
      [Humongous Reclaim: 0.0 ms]
      [Free CSet: 0.0 ms]
   [Eden: 32.0M(32.0M)->0.0B(10.0M) Survivors: 6144.0K->4096.0K Heap: 105.2M(128.0M)->91.4M(128.0M)]
 [Times: user=0.00 sys=0.00, real=0.00 secs] 
2020-10-27T23:31:52.821+0800: 0.185: [GC pause (G1 Humongous Allocation) (young) (initial-mark), 0.0012926 secs]
   [Parallel Time: 0.7 ms, GC Workers: 8]
      [GC Worker Start (ms): Min: 185.2, Avg: 185.2, Max: 185.3, Diff: 0.2]
      [Ext Root Scanning (ms): Min: 0.0, Avg: 0.1, Max: 0.2, Diff: 0.2, Sum: 1.1]
      [Update RS (ms): Min: 0.0, Avg: 0.0, Max: 0.0, Diff: 0.0, Sum: 0.2]
         [Processed Buffers: Min: 0, Avg: 2.4, Max: 7, Diff: 7, Sum: 19]
      [Scan RS (ms): Min: 0.0, Avg: 0.0, Max: 0.0, Diff: 0.0, Sum: 0.0]
      [Code Root Scanning (ms): Min: 0.0, Avg: 0.0, Max: 0.0, Diff: 0.0, Sum: 0.0]
      [Object Copy (ms): Min: 0.3, Avg: 0.4, Max: 0.4, Diff: 0.1, Sum: 2.8]
      [Termination (ms): Min: 0.0, Avg: 0.1, Max: 0.2, Diff: 0.2, Sum: 0.7]
         [Termination Attempts: Min: 1, Avg: 1.0, Max: 1, Diff: 0, Sum: 8]
      [GC Worker Other (ms): Min: 0.0, Avg: 0.0, Max: 0.0, Diff: 0.0, Sum: 0.1]
      [GC Worker Total (ms): Min: 0.5, Avg: 0.6, Max: 0.7, Diff: 0.2, Sum: 4.8]
      [GC Worker End (ms): Min: 185.8, Avg: 185.8, Max: 185.9, Diff: 0.0]
   [Code Root Fixup: 0.0 ms]
   [Code Root Purge: 0.0 ms]
   [Clear CT: 0.2 ms]
   [Other: 0.4 ms]
      [Choose CSet: 0.0 ms]
      [Ref Proc: 0.1 ms]
      [Ref Enq: 0.0 ms]
      [Redirty Cards: 0.2 ms]
      [Humongous Register: 0.0 ms]
      [Humongous Reclaim: 0.0 ms]
      [Free CSet: 0.0 ms]
   [Eden: 1024.0K(10.0M)->0.0B(10.0M) Survivors: 4096.0K->1024.0K Heap: 91.5M(128.0M)->90.8M(128.0M)]
 [Times: user=0.00 sys=0.00, real=0.00 secs] 
2020-10-27T23:31:52.823+0800: 0.187: [GC concurrent-root-region-scan-start]
2020-10-27T23:31:52.823+0800: 0.187: [GC concurrent-root-region-scan-end, 0.0000442 secs]
2020-10-27T23:31:52.823+0800: 0.187: [GC concurrent-mark-start]
2020-10-27T23:31:52.824+0800: 0.187: [GC concurrent-mark-end, 0.0008332 secs]
2020-10-27T23:31:52.824+0800: 0.188: [GC remark 2020-10-27T23:31:52.824+0800: 0.188: [Finalize Marking, 0.0001248 secs] 2020-10-27T23:31:52.824+0800: 0.188: [GC ref-proc, 0.0001884 secs] 2020-10-27T23:31:52.824+0800: 0.188: [Unloading, 0.0005385 secs], 0.0011794 secs]
 [Times: user=0.00 sys=0.00, real=0.00 secs] 
2020-10-27T23:31:52.825+0800: 0.189: [GC cleanup 97M->97M(128M), 0.0006772 secs]
 [Times: user=0.00 sys=0.00, real=0.00 secs] 
2020-10-27T23:31:52.827+0800: 0.191: [GC pause (G1 Evacuation Pause) (young), 0.0009985 secs]
   [Parallel Time: 0.6 ms, GC Workers: 8]
      [GC Worker Start (ms): Min: 191.0, Avg: 191.0, Max: 191.1, Diff: 0.1]
      [Ext Root Scanning (ms): Min: 0.1, Avg: 0.1, Max: 0.1, Diff: 0.1, Sum: 0.8]
      [Update RS (ms): Min: 0.0, Avg: 0.0, Max: 0.1, Diff: 0.1, Sum: 0.2]
         [Processed Buffers: Min: 1, Avg: 1.3, Max: 2, Diff: 1, Sum: 10]
      [Scan RS (ms): Min: 0.0, Avg: 0.0, Max: 0.0, Diff: 0.0, Sum: 0.0]
      [Code Root Scanning (ms): Min: 0.0, Avg: 0.0, Max: 0.0, Diff: 0.0, Sum: 0.0]
      [Object Copy (ms): Min: 0.3, Avg: 0.4, Max: 0.4, Diff: 0.1, Sum: 2.9]
      [Termination (ms): Min: 0.0, Avg: 0.0, Max: 0.1, Diff: 0.1, Sum: 0.3]
         [Termination Attempts: Min: 1, Avg: 1.0, Max: 1, Diff: 0, Sum: 8]
      [GC Worker Other (ms): Min: 0.0, Avg: 0.0, Max: 0.0, Diff: 0.0, Sum: 0.1]
      [GC Worker Total (ms): Min: 0.5, Avg: 0.5, Max: 0.6, Diff: 0.1, Sum: 4.3]
      [GC Worker End (ms): Min: 191.6, Avg: 191.6, Max: 191.6, Diff: 0.0]
   [Code Root Fixup: 0.0 ms]
   [Code Root Purge: 0.0 ms]
   [Clear CT: 0.1 ms]
   [Other: 0.3 ms]
      [Choose CSet: 0.0 ms]
      [Ref Proc: 0.1 ms]
      [Ref Enq: 0.0 ms]
      [Redirty Cards: 0.1 ms]
      [Humongous Register: 0.0 ms]
      [Humongous Reclaim: 0.0 ms]
      [Free CSet: 0.0 ms]
   [Eden: 10.0M(10.0M)->0.0B(4096.0K) Survivors: 1024.0K->2048.0K Heap: 103.8M(128.0M)->94.7M(128.0M)]
 [Times: user=0.00 sys=0.00, real=0.00 secs] 
2020-10-27T23:31:52.829+0800: 0.193: [GC pause (G1 Evacuation Pause) (mixed), 0.0016088 secs]
   [Parallel Time: 1.0 ms, GC Workers: 8]
      [GC Worker Start (ms): Min: 193.1, Avg: 193.2, Max: 193.3, Diff: 0.2]
      [Ext Root Scanning (ms): Min: 0.0, Avg: 0.1, Max: 0.1, Diff: 0.1, Sum: 0.8]
      [Update RS (ms): Min: 0.0, Avg: 0.0, Max: 0.0, Diff: 0.0, Sum: 0.2]
         [Processed Buffers: Min: 0, Avg: 1.1, Max: 2, Diff: 2, Sum: 9]
      [Scan RS (ms): Min: 0.0, Avg: 0.0, Max: 0.0, Diff: 0.0, Sum: 0.0]
      [Code Root Scanning (ms): Min: 0.0, Avg: 0.0, Max: 0.0, Diff: 0.0, Sum: 0.0]
      [Object Copy (ms): Min: 0.6, Avg: 0.6, Max: 0.7, Diff: 0.1, Sum: 5.1]
      [Termination (ms): Min: 0.0, Avg: 0.1, Max: 0.1, Diff: 0.1, Sum: 0.4]
         [Termination Attempts: Min: 1, Avg: 1.0, Max: 1, Diff: 0, Sum: 8]
      [GC Worker Other (ms): Min: 0.0, Avg: 0.0, Max: 0.0, Diff: 0.0, Sum: 0.1]
      [GC Worker Total (ms): Min: 0.7, Avg: 0.8, Max: 0.9, Diff: 0.1, Sum: 6.5]
      [GC Worker End (ms): Min: 194.0, Avg: 194.0, Max: 194.0, Diff: 0.0]
   [Code Root Fixup: 0.0 ms]
   [Code Root Purge: 0.0 ms]
   [Clear CT: 0.2 ms]
   [Other: 0.5 ms]
      [Choose CSet: 0.0 ms]
      [Ref Proc: 0.2 ms]
      [Ref Enq: 0.0 ms]
      [Redirty Cards: 0.2 ms]
      [Humongous Register: 0.0 ms]
      [Humongous Reclaim: 0.0 ms]
      [Free CSet: 0.0 ms]
   [Eden: 4096.0K(4096.0K)->0.0B(5120.0K) Survivors: 2048.0K->1024.0K Heap: 99.2M(128.0M)->84.7M(128.0M)]
 [Times: user=0.00 sys=0.00, real=0.00 secs] 
2020-10-27T23:31:52.832+0800: 0.196: [GC pause (G1 Evacuation Pause) (mixed), 0.0018172 secs]
   [Parallel Time: 1.3 ms, GC Workers: 8]
      [GC Worker Start (ms): Min: 195.8, Avg: 195.8, Max: 195.9, Diff: 0.1]
      [Ext Root Scanning (ms): Min: 0.0, Avg: 0.1, Max: 0.1, Diff: 0.1, Sum: 0.8]
      [Update RS (ms): Min: 0.0, Avg: 0.0, Max: 0.0, Diff: 0.0, Sum: 0.2]
         [Processed Buffers: Min: 0, Avg: 1.4, Max: 3, Diff: 3, Sum: 11]
      [Scan RS (ms): Min: 0.0, Avg: 0.0, Max: 0.0, Diff: 0.0, Sum: 0.0]
      [Code Root Scanning (ms): Min: 0.0, Avg: 0.0, Max: 0.0, Diff: 0.0, Sum: 0.0]
      [Object Copy (ms): Min: 0.8, Avg: 0.9, Max: 0.9, Diff: 0.1, Sum: 7.0]
      [Termination (ms): Min: 0.0, Avg: 0.1, Max: 0.1, Diff: 0.1, Sum: 0.6]
         [Termination Attempts: Min: 1, Avg: 1.0, Max: 1, Diff: 0, Sum: 8]
      [GC Worker Other (ms): Min: 0.0, Avg: 0.0, Max: 0.0, Diff: 0.0, Sum: 0.0]
      [GC Worker Total (ms): Min: 1.0, Avg: 1.1, Max: 1.1, Diff: 0.2, Sum: 8.6]
      [GC Worker End (ms): Min: 196.9, Avg: 196.9, Max: 196.9, Diff: 0.0]
   [Code Root Fixup: 0.0 ms]
   [Code Root Purge: 0.0 ms]
   [Clear CT: 0.2 ms]
   [Other: 0.4 ms]
      [Choose CSet: 0.0 ms]
      [Ref Proc: 0.2 ms]
      [Ref Enq: 0.0 ms]
      [Redirty Cards: 0.1 ms]
      [Humongous Register: 0.0 ms]
      [Humongous Reclaim: 0.0 ms]
      [Free CSet: 0.0 ms]
   [Eden: 5120.0K(5120.0K)->0.0B(5120.0K) Survivors: 1024.0K->1024.0K Heap: 91.1M(128.0M)->79.9M(128.0M)]
 [Times: user=0.00 sys=0.00, real=0.00 secs] 
2020-10-27T23:31:52.836+0800: 0.199: [GC pause (G1 Evacuation Pause) (mixed), 0.0012260 secs]
   [Parallel Time: 0.6 ms, GC Workers: 8]
      [GC Worker Start (ms): Min: 199.3, Avg: 199.4, Max: 199.5, Diff: 0.1]
      [Ext Root Scanning (ms): Min: 0.0, Avg: 0.1, Max: 0.1, Diff: 0.1, Sum: 0.7]
      [Update RS (ms): Min: 0.0, Avg: 0.0, Max: 0.1, Diff: 0.1, Sum: 0.3]
         [Processed Buffers: Min: 1, Avg: 1.1, Max: 2, Diff: 1, Sum: 9]
      [Scan RS (ms): Min: 0.0, Avg: 0.0, Max: 0.0, Diff: 0.0, Sum: 0.0]
      [Code Root Scanning (ms): Min: 0.0, Avg: 0.0, Max: 0.0, Diff: 0.0, Sum: 0.0]
      [Object Copy (ms): Min: 0.2, Avg: 0.2, Max: 0.3, Diff: 0.1, Sum: 1.8]
      [Termination (ms): Min: 0.0, Avg: 0.1, Max: 0.1, Diff: 0.1, Sum: 0.6]
         [Termination Attempts: Min: 1, Avg: 1.0, Max: 1, Diff: 0, Sum: 8]
      [GC Worker Other (ms): Min: 0.0, Avg: 0.0, Max: 0.0, Diff: 0.0, Sum: 0.1]
      [GC Worker Total (ms): Min: 0.3, Avg: 0.4, Max: 0.5, Diff: 0.1, Sum: 3.4]
      [GC Worker End (ms): Min: 199.8, Avg: 199.8, Max: 199.8, Diff: 0.0]
   [Code Root Fixup: 0.0 ms]
   [Code Root Purge: 0.0 ms]
   [Clear CT: 0.2 ms]
   [Other: 0.4 ms]
      [Choose CSet: 0.0 ms]
      [Ref Proc: 0.2 ms]
      [Ref Enq: 0.0 ms]
      [Redirty Cards: 0.2 ms]
      [Humongous Register: 0.0 ms]
      [Humongous Reclaim: 0.0 ms]
      [Free CSet: 0.0 ms]
   [Eden: 5120.0K(5120.0K)->0.0B(13.0M) Survivors: 1024.0K->1024.0K Heap: 87.9M(128.0M)->83.3M(128.0M)]
 [Times: user=0.02 sys=0.02, real=0.00 secs] 
2020-10-27T23:31:52.838+0800: 0.201: [GC pause (G1 Humongous Allocation) (young) (initial-mark), 0.0011249 secs]
   [Parallel Time: 0.5 ms, GC Workers: 8]
      [GC Worker Start (ms): Min: 201.4, Avg: 201.5, Max: 201.6, Diff: 0.2]
      [Ext Root Scanning (ms): Min: 0.0, Avg: 0.2, Max: 0.3, Diff: 0.3, Sum: 1.3]
      [Update RS (ms): Min: 0.0, Avg: 0.0, Max: 0.0, Diff: 0.0, Sum: 0.1]
         [Processed Buffers: Min: 0, Avg: 1.0, Max: 4, Diff: 4, Sum: 8]
      [Scan RS (ms): Min: 0.0, Avg: 0.0, Max: 0.0, Diff: 0.0, Sum: 0.0]
      [Code Root Scanning (ms): Min: 0.0, Avg: 0.0, Max: 0.0, Diff: 0.0, Sum: 0.0]
      [Object Copy (ms): Min: 0.0, Avg: 0.1, Max: 0.2, Diff: 0.2, Sum: 1.2]
      [Termination (ms): Min: 0.0, Avg: 0.0, Max: 0.1, Diff: 0.1, Sum: 0.2]
         [Termination Attempts: Min: 1, Avg: 1.0, Max: 1, Diff: 0, Sum: 8]
      [GC Worker Other (ms): Min: 0.0, Avg: 0.0, Max: 0.0, Diff: 0.0, Sum: 0.1]
      [GC Worker Total (ms): Min: 0.2, Avg: 0.3, Max: 0.4, Diff: 0.2, Sum: 2.8]
      [GC Worker End (ms): Min: 201.8, Avg: 201.8, Max: 201.8, Diff: 0.0]
   [Code Root Fixup: 0.0 ms]
   [Code Root Purge: 0.0 ms]
   [Clear CT: 0.2 ms]
   [Other: 0.4 ms]
      [Choose CSet: 0.0 ms]
      [Ref Proc: 0.1 ms]
      [Ref Enq: 0.0 ms]
      [Redirty Cards: 0.2 ms]
      [Humongous Register: 0.0 ms]
      [Humongous Reclaim: 0.0 ms]
      [Free CSet: 0.0 ms]
   [Eden: 4096.0K(13.0M)->0.0B(13.0M) Survivors: 1024.0K->2048.0K Heap: 86.8M(128.0M)->84.3M(128.0M)]
 [Times: user=0.00 sys=0.00, real=0.00 secs] 
2020-10-27T23:31:52.839+0800: 0.203: [GC concurrent-root-region-scan-start]
2020-10-27T23:31:52.839+0800: 0.203: [GC concurrent-root-region-scan-end, 0.0000972 secs]
2020-10-27T23:31:52.839+0800: 0.203: [GC concurrent-mark-start]
2020-10-27T23:31:52.840+0800: 0.204: [GC concurrent-mark-end, 0.0007985 secs]
2020-10-27T23:31:52.840+0800: 0.204: [GC remark 2020-10-27T23:31:52.840+0800: 0.204: [Finalize Marking, 0.0001882 secs] 2020-10-27T23:31:52.840+0800: 0.204: [GC ref-proc, 0.0001823 secs] 2020-10-27T23:31:52.840+0800: 0.204: [Unloading, 0.0003844 secs], 0.0010584 secs]
 [Times: user=0.00 sys=0.00, real=0.00 secs] 
2020-10-27T23:31:52.845+0800: 0.208: [GC cleanup 88M->88M(128M), 0.0004371 secs]
 [Times: user=0.00 sys=0.00, real=0.00 secs] 
2020-10-27T23:31:52.847+0800: 0.211: [GC pause (G1 Evacuation Pause) (young), 0.0014913 secs]
   [Parallel Time: 1.1 ms, GC Workers: 8]
      [GC Worker Start (ms): Min: 210.9, Avg: 211.0, Max: 211.1, Diff: 0.1]
      [Ext Root Scanning (ms): Min: 0.0, Avg: 0.1, Max: 0.1, Diff: 0.1, Sum: 0.7]
      [Update RS (ms): Min: 0.0, Avg: 0.1, Max: 0.9, Diff: 0.9, Sum: 1.1]
         [Processed Buffers: Min: 0, Avg: 1.0, Max: 2, Diff: 2, Sum: 8]
      [Scan RS (ms): Min: 0.0, Avg: 0.0, Max: 0.0, Diff: 0.0, Sum: 0.0]
      [Code Root Scanning (ms): Min: 0.0, Avg: 0.0, Max: 0.0, Diff: 0.0, Sum: 0.0]
      [Object Copy (ms): Min: 0.0, Avg: 0.8, Max: 0.9, Diff: 0.9, Sum: 6.0]
      [Termination (ms): Min: 0.0, Avg: 0.0, Max: 0.1, Diff: 0.1, Sum: 0.3]
         [Termination Attempts: Min: 1, Avg: 1.0, Max: 1, Diff: 0, Sum: 8]
      [GC Worker Other (ms): Min: 0.0, Avg: 0.0, Max: 0.0, Diff: 0.0, Sum: 0.1]
      [GC Worker Total (ms): Min: 0.9, Avg: 1.0, Max: 1.1, Diff: 0.1, Sum: 8.2]
      [GC Worker End (ms): Min: 212.0, Avg: 212.0, Max: 212.0, Diff: 0.0]
   [Code Root Fixup: 0.0 ms]
   [Code Root Purge: 0.0 ms]
   [Clear CT: 0.1 ms]
   [Other: 0.3 ms]
      [Choose CSet: 0.0 ms]
      [Ref Proc: 0.1 ms]
      [Ref Enq: 0.0 ms]
      [Redirty Cards: 0.1 ms]
      [Humongous Register: 0.0 ms]
      [Humongous Reclaim: 0.0 ms]
      [Free CSet: 0.0 ms]
   [Eden: 13.0M(13.0M)->0.0B(4096.0K) Survivors: 2048.0K->2048.0K Heap: 103.2M(128.0M)->92.5M(128.0M)]
 [Times: user=0.00 sys=0.00, real=0.00 secs] 
2020-10-27T23:31:52.849+0800: 0.213: [GC pause (G1 Evacuation Pause) (mixed), 0.0015621 secs]
   [Parallel Time: 1.2 ms, GC Workers: 8]
      [GC Worker Start (ms): Min: 213.2, Avg: 213.2, Max: 213.6, Diff: 0.4]
      [Ext Root Scanning (ms): Min: 0.0, Avg: 0.1, Max: 0.1, Diff: 0.1, Sum: 0.7]
      [Update RS (ms): Min: 0.0, Avg: 0.0, Max: 0.0, Diff: 0.0, Sum: 0.1]
         [Processed Buffers: Min: 0, Avg: 1.0, Max: 2, Diff: 2, Sum: 8]
      [Scan RS (ms): Min: 0.0, Avg: 0.0, Max: 0.0, Diff: 0.0, Sum: 0.0]
      [Code Root Scanning (ms): Min: 0.0, Avg: 0.0, Max: 0.0, Diff: 0.0, Sum: 0.0]
      [Object Copy (ms): Min: 0.7, Avg: 0.8, Max: 0.9, Diff: 0.2, Sum: 6.7]
      [Termination (ms): Min: 0.0, Avg: 0.1, Max: 0.2, Diff: 0.2, Sum: 0.6]
         [Termination Attempts: Min: 1, Avg: 1.0, Max: 1, Diff: 0, Sum: 8]
      [GC Worker Other (ms): Min: 0.0, Avg: 0.0, Max: 0.0, Diff: 0.0, Sum: 0.1]
      [GC Worker Total (ms): Min: 0.7, Avg: 1.0, Max: 1.1, Diff: 0.4, Sum: 8.2]
      [GC Worker End (ms): Min: 214.3, Avg: 214.3, Max: 214.3, Diff: 0.0]
   [Code Root Fixup: 0.0 ms]
   [Code Root Purge: 0.0 ms]
   [Clear CT: 0.1 ms]
   [Other: 0.3 ms]
      [Choose CSet: 0.0 ms]
      [Ref Proc: 0.1 ms]
      [Ref Enq: 0.0 ms]
      [Redirty Cards: 0.1 ms]
      [Humongous Register: 0.0 ms]
      [Humongous Reclaim: 0.0 ms]
      [Free CSet: 0.0 ms]
   [Eden: 4096.0K(4096.0K)->0.0B(6144.0K) Survivors: 2048.0K->1024.0K Heap: 96.5M(128.0M)->92.3M(128.0M)]
 [Times: user=0.00 sys=0.00, real=0.00 secs] 
2020-10-27T23:31:52.851+0800: 0.215: [GC pause (G1 Humongous Allocation) (young) (initial-mark), 0.0008425 secs]
   [Parallel Time: 0.4 ms, GC Workers: 8]
      [GC Worker Start (ms): Min: 215.1, Avg: 215.1, Max: 215.3, Diff: 0.1]
      [Ext Root Scanning (ms): Min: 0.0, Avg: 0.2, Max: 0.2, Diff: 0.2, Sum: 1.2]
      [Update RS (ms): Min: 0.0, Avg: 0.0, Max: 0.1, Diff: 0.1, Sum: 0.1]
         [Processed Buffers: Min: 0, Avg: 1.3, Max: 4, Diff: 4, Sum: 10]
      [Scan RS (ms): Min: 0.0, Avg: 0.0, Max: 0.0, Diff: 0.0, Sum: 0.0]
      [Code Root Scanning (ms): Min: 0.0, Avg: 0.0, Max: 0.0, Diff: 0.0, Sum: 0.0]
      [Object Copy (ms): Min: 0.0, Avg: 0.1, Max: 0.1, Diff: 0.1, Sum: 0.5]
      [Termination (ms): Min: 0.0, Avg: 0.0, Max: 0.1, Diff: 0.1, Sum: 0.3]
         [Termination Attempts: Min: 1, Avg: 1.0, Max: 1, Diff: 0, Sum: 8]
      [GC Worker Other (ms): Min: 0.0, Avg: 0.0, Max: 0.0, Diff: 0.0, Sum: 0.1]
      [GC Worker Total (ms): Min: 0.2, Avg: 0.3, Max: 0.3, Diff: 0.1, Sum: 2.2]
      [GC Worker End (ms): Min: 215.4, Avg: 215.4, Max: 215.4, Diff: 0.0]
   [Code Root Fixup: 0.0 ms]
   [Code Root Purge: 0.0 ms]
   [Clear CT: 0.1 ms]
   [Other: 0.3 ms]
      [Choose CSet: 0.0 ms]
      [Ref Proc: 0.1 ms]
      [Ref Enq: 0.0 ms]
      [Redirty Cards: 0.1 ms]
      [Humongous Register: 0.0 ms]
      [Humongous Reclaim: 0.0 ms]
      [Free CSet: 0.0 ms]
   [Eden: 1024.0K(6144.0K)->0.0B(5120.0K) Survivors: 1024.0K->1024.0K Heap: 93.1M(128.0M)->92.4M(128.0M)]
 [Times: user=0.13 sys=0.00, real=0.00 secs] 
2020-10-27T23:31:52.852+0800: 0.216: [GC concurrent-root-region-scan-start]
2020-10-27T23:31:52.852+0800: 0.216: [GC concurrent-root-region-scan-end, 0.0001144 secs]
2020-10-27T23:31:52.852+0800: 0.216: [GC concurrent-mark-start]
2020-10-27T23:31:52.853+0800: 0.217: [GC concurrent-mark-end, 0.0008338 secs]
2020-10-27T23:31:52.854+0800: 0.217: [GC remark 2020-10-27T23:31:52.854+0800: 0.217: [Finalize Marking, 0.0001305 secs] 2020-10-27T23:31:52.854+0800: 0.217: [GC ref-proc, 0.0001822 secs] 2020-10-27T23:31:52.854+0800: 0.218: [Unloading, 0.0003938 secs], 0.0010074 secs]
 [Times: user=0.00 sys=0.00, real=0.00 secs] 
2020-10-27T23:31:52.856+0800: 0.219: [GC cleanup 98M->98M(128M), 0.0004515 secs]
 [Times: user=0.00 sys=0.00, real=0.00 secs] 
2020-10-27T23:31:52.857+0800: 0.220: [GC pause (G1 Evacuation Pause) (young), 0.0007216 secs]
   [Parallel Time: 0.3 ms, GC Workers: 8]
      [GC Worker Start (ms): Min: 220.4, Avg: 220.4, Max: 220.5, Diff: 0.1]
      [Ext Root Scanning (ms): Min: 0.0, Avg: 0.1, Max: 0.1, Diff: 0.1, Sum: 0.7]
      [Update RS (ms): Min: 0.0, Avg: 0.0, Max: 0.0, Diff: 0.0, Sum: 0.2]
         [Processed Buffers: Min: 0, Avg: 1.0, Max: 2, Diff: 2, Sum: 8]
      [Scan RS (ms): Min: 0.0, Avg: 0.0, Max: 0.0, Diff: 0.0, Sum: 0.0]
      [Code Root Scanning (ms): Min: 0.0, Avg: 0.0, Max: 0.0, Diff: 0.0, Sum: 0.0]
      [Object Copy (ms): Min: 0.0, Avg: 0.1, Max: 0.1, Diff: 0.1, Sum: 0.7]
      [Termination (ms): Min: 0.0, Avg: 0.0, Max: 0.1, Diff: 0.1, Sum: 0.3]
         [Termination Attempts: Min: 1, Avg: 1.0, Max: 1, Diff: 0, Sum: 8]
      [GC Worker Other (ms): Min: 0.0, Avg: 0.0, Max: 0.0, Diff: 0.0, Sum: 0.0]
      [GC Worker Total (ms): Min: 0.1, Avg: 0.2, Max: 0.3, Diff: 0.1, Sum: 1.9]
      [GC Worker End (ms): Min: 220.6, Avg: 220.6, Max: 220.7, Diff: 0.0]
   [Code Root Fixup: 0.0 ms]
   [Code Root Purge: 0.0 ms]
   [Clear CT: 0.1 ms]
   [Other: 0.3 ms]
      [Choose CSet: 0.0 ms]
      [Ref Proc: 0.1 ms]
      [Ref Enq: 0.0 ms]
      [Redirty Cards: 0.1 ms]
      [Humongous Register: 0.0 ms]
      [Humongous Reclaim: 0.0 ms]
      [Free CSet: 0.0 ms]
   [Eden: 5120.0K(5120.0K)->0.0B(5120.0K) Survivors: 1024.0K->1024.0K Heap: 100.9M(128.0M)->92.9M(128.0M)]
 [Times: user=0.00 sys=0.00, real=0.00 secs] 
2020-10-27T23:31:52.859+0800: 0.222: [GC pause (G1 Evacuation Pause) (mixed), 0.0014700 secs]
   [Parallel Time: 1.0 ms, GC Workers: 8]
      [GC Worker Start (ms): Min: 222.3, Avg: 222.3, Max: 222.4, Diff: 0.2]
      [Ext Root Scanning (ms): Min: 0.0, Avg: 0.1, Max: 0.1, Diff: 0.1, Sum: 0.7]
      [Update RS (ms): Min: 0.0, Avg: 0.0, Max: 0.0, Diff: 0.0, Sum: 0.1]
         [Processed Buffers: Min: 0, Avg: 1.1, Max: 2, Diff: 2, Sum: 9]
      [Scan RS (ms): Min: 0.0, Avg: 0.0, Max: 0.0, Diff: 0.0, Sum: 0.0]
      [Code Root Scanning (ms): Min: 0.0, Avg: 0.0, Max: 0.0, Diff: 0.0, Sum: 0.0]
      [Object Copy (ms): Min: 0.7, Avg: 0.8, Max: 0.8, Diff: 0.1, Sum: 6.3]
      [Termination (ms): Min: 0.0, Avg: 0.1, Max: 0.2, Diff: 0.2, Sum: 0.6]
         [Termination Attempts: Min: 1, Avg: 1.0, Max: 1, Diff: 0, Sum: 8]
      [GC Worker Other (ms): Min: 0.0, Avg: 0.0, Max: 0.0, Diff: 0.0, Sum: 0.1]
      [GC Worker Total (ms): Min: 0.9, Avg: 1.0, Max: 1.0, Diff: 0.2, Sum: 7.8]
      [GC Worker End (ms): Min: 223.3, Avg: 223.3, Max: 223.3, Diff: 0.0]
   [Code Root Fixup: 0.0 ms]
   [Code Root Purge: 0.0 ms]
   [Clear CT: 0.1 ms]
   [Other: 0.3 ms]
      [Choose CSet: 0.0 ms]
      [Ref Proc: 0.1 ms]
      [Ref Enq: 0.0 ms]
      [Redirty Cards: 0.1 ms]
      [Humongous Register: 0.0 ms]
      [Humongous Reclaim: 0.0 ms]
      [Free CSet: 0.0 ms]
   [Eden: 5120.0K(5120.0K)->0.0B(6144.0K) Survivors: 1024.0K->1024.0K Heap: 99.6M(128.0M)->93.0M(128.0M)]
 [Times: user=0.00 sys=0.00, real=0.00 secs] 
2020-10-27T23:31:52.860+0800: 0.224: [GC pause (G1 Humongous Allocation) (young) (initial-mark), 0.0007782 secs]
   [Parallel Time: 0.4 ms, GC Workers: 8]
      [GC Worker Start (ms): Min: 224.0, Avg: 224.0, Max: 224.0, Diff: 0.1]
      [Ext Root Scanning (ms): Min: 0.1, Avg: 0.1, Max: 0.1, Diff: 0.1, Sum: 0.8]
      [Update RS (ms): Min: 0.0, Avg: 0.0, Max: 0.0, Diff: 0.0, Sum: 0.2]
         [Processed Buffers: Min: 1, Avg: 1.1, Max: 2, Diff: 1, Sum: 9]
      [Scan RS (ms): Min: 0.0, Avg: 0.0, Max: 0.0, Diff: 0.0, Sum: 0.0]
      [Code Root Scanning (ms): Min: 0.0, Avg: 0.0, Max: 0.0, Diff: 0.0, Sum: 0.0]
      [Object Copy (ms): Min: 0.0, Avg: 0.1, Max: 0.1, Diff: 0.1, Sum: 0.5]
      [Termination (ms): Min: 0.0, Avg: 0.1, Max: 0.1, Diff: 0.1, Sum: 0.5]
         [Termination Attempts: Min: 1, Avg: 1.3, Max: 2, Diff: 1, Sum: 10]
      [GC Worker Other (ms): Min: 0.0, Avg: 0.0, Max: 0.0, Diff: 0.0, Sum: 0.1]
      [GC Worker Total (ms): Min: 0.2, Avg: 0.3, Max: 0.3, Diff: 0.1, Sum: 2.1]
      [GC Worker End (ms): Min: 224.3, Avg: 224.3, Max: 224.3, Diff: 0.0]
   [Code Root Fixup: 0.0 ms]
   [Code Root Purge: 0.0 ms]
   [Clear CT: 0.1 ms]
   [Other: 0.3 ms]
      [Choose CSet: 0.0 ms]
      [Ref Proc: 0.1 ms]
      [Ref Enq: 0.0 ms]
      [Redirty Cards: 0.1 ms]
      [Humongous Register: 0.0 ms]
      [Humongous Reclaim: 0.0 ms]
      [Free CSet: 0.0 ms]
   [Eden: 1024.0K(6144.0K)->0.0B(5120.0K) Survivors: 1024.0K->1024.0K Heap: 93.8M(128.0M)->93.2M(128.0M)]
 [Times: user=0.00 sys=0.00, real=0.00 secs] 
2020-10-27T23:31:52.861+0800: 0.225: [GC concurrent-root-region-scan-start]
2020-10-27T23:31:52.861+0800: 0.225: [GC concurrent-root-region-scan-end, 0.0000921 secs]
2020-10-27T23:31:52.861+0800: 0.225: [GC concurrent-mark-start]
2020-10-27T23:31:52.862+0800: 0.226: [GC pause (G1 Evacuation Pause) (young), 0.0007098 secs]
   [Parallel Time: 0.3 ms, GC Workers: 8]
      [GC Worker Start (ms): Min: 225.7, Avg: 225.7, Max: 225.8, Diff: 0.1]
      [Ext Root Scanning (ms): Min: 0.0, Avg: 0.1, Max: 0.1, Diff: 0.1, Sum: 0.7]
      [Update RS (ms): Min: 0.0, Avg: 0.0, Max: 0.0, Diff: 0.0, Sum: 0.1]
         [Processed Buffers: Min: 0, Avg: 1.0, Max: 2, Diff: 2, Sum: 8]
      [Scan RS (ms): Min: 0.0, Avg: 0.0, Max: 0.0, Diff: 0.0, Sum: 0.0]
      [Code Root Scanning (ms): Min: 0.0, Avg: 0.0, Max: 0.0, Diff: 0.0, Sum: 0.0]
      [Object Copy (ms): Min: 0.1, Avg: 0.1, Max: 0.2, Diff: 0.1, Sum: 1.1]
      [Termination (ms): Min: 0.0, Avg: 0.0, Max: 0.1, Diff: 0.1, Sum: 0.4]
         [Termination Attempts: Min: 1, Avg: 1.0, Max: 1, Diff: 0, Sum: 8]
      [GC Worker Other (ms): Min: 0.0, Avg: 0.0, Max: 0.0, Diff: 0.0, Sum: 0.0]
      [GC Worker Total (ms): Min: 0.2, Avg: 0.3, Max: 0.3, Diff: 0.1, Sum: 2.3]
      [GC Worker End (ms): Min: 226.0, Avg: 226.0, Max: 226.0, Diff: 0.0]
   [Code Root Fixup: 0.0 ms]
   [Code Root Purge: 0.0 ms]
   [Clear CT: 0.1 ms]
   [Other: 0.3 ms]
      [Choose CSet: 0.0 ms]
      [Ref Proc: 0.1 ms]
      [Ref Enq: 0.0 ms]
      [Redirty Cards: 0.1 ms]
      [Humongous Register: 0.0 ms]
      [Humongous Reclaim: 0.0 ms]
      [Free CSet: 0.0 ms]
   [Eden: 5120.0K(5120.0K)->0.0B(5120.0K) Survivors: 1024.0K->1024.0K Heap: 99.5M(128.0M)->94.7M(128.0M)]
 [Times: user=0.00 sys=0.00, real=0.00 secs] 
2020-10-27T23:31:52.863+0800: 0.227: [GC concurrent-mark-end, 0.0017592 secs]
2020-10-27T23:31:52.863+0800: 0.227: [GC remark 2020-10-27T23:31:52.863+0800: 0.227: [Finalize Marking, 0.0001284 secs] 2020-10-27T23:31:52.863+0800: 0.227: [GC ref-proc, 0.0001819 secs] 2020-10-27T23:31:52.863+0800: 0.227: [Unloading, 0.0004120 secs], 0.0010107 secs]
 [Times: user=0.00 sys=0.00, real=0.00 secs] 
2020-10-27T23:31:52.864+0800: 0.228: [GC cleanup 96M->96M(128M), 0.0004350 secs]
 [Times: user=0.00 sys=0.00, real=0.00 secs] 
2020-10-27T23:31:52.866+0800: 0.230: [GC pause (G1 Evacuation Pause) (young), 0.0008139 secs]
   [Parallel Time: 0.4 ms, GC Workers: 8]
      [GC Worker Start (ms): Min: 229.6, Avg: 229.6, Max: 229.6, Diff: 0.1]
      [Ext Root Scanning (ms): Min: 0.1, Avg: 0.1, Max: 0.1, Diff: 0.1, Sum: 0.8]
      [Update RS (ms): Min: 0.0, Avg: 0.0, Max: 0.0, Diff: 0.0, Sum: 0.2]
         [Processed Buffers: Min: 0, Avg: 1.0, Max: 2, Diff: 2, Sum: 8]
      [Scan RS (ms): Min: 0.0, Avg: 0.0, Max: 0.0, Diff: 0.0, Sum: 0.0]
      [Code Root Scanning (ms): Min: 0.0, Avg: 0.0, Max: 0.0, Diff: 0.0, Sum: 0.0]
      [Object Copy (ms): Min: 0.1, Avg: 0.2, Max: 0.2, Diff: 0.1, Sum: 1.2]
      [Termination (ms): Min: 0.0, Avg: 0.1, Max: 0.1, Diff: 0.1, Sum: 0.4]
         [Termination Attempts: Min: 1, Avg: 1.0, Max: 1, Diff: 0, Sum: 8]
      [GC Worker Other (ms): Min: 0.0, Avg: 0.0, Max: 0.0, Diff: 0.0, Sum: 0.0]
      [GC Worker Total (ms): Min: 0.3, Avg: 0.3, Max: 0.4, Diff: 0.1, Sum: 2.6]
      [GC Worker End (ms): Min: 229.9, Avg: 229.9, Max: 229.9, Diff: 0.0]
   [Code Root Fixup: 0.0 ms]
   [Code Root Purge: 0.0 ms]
   [Clear CT: 0.1 ms]
   [Other: 0.3 ms]
      [Choose CSet: 0.0 ms]
      [Ref Proc: 0.1 ms]
      [Ref Enq: 0.0 ms]
      [Redirty Cards: 0.1 ms]
      [Humongous Register: 0.0 ms]
      [Humongous Reclaim: 0.0 ms]
      [Free CSet: 0.0 ms]
   [Eden: 5120.0K(5120.0K)->0.0B(5120.0K) Survivors: 1024.0K->1024.0K Heap: 100.3M(128.0M)->95.4M(128.0M)]
 [Times: user=0.00 sys=0.00, real=0.00 secs] 
2020-10-27T23:31:52.868+0800: 0.231: [GC pause (G1 Evacuation Pause) (mixed), 0.0012591 secs]
   [Parallel Time: 0.9 ms, GC Workers: 8]
      [GC Worker Start (ms): Min: 231.5, Avg: 231.5, Max: 231.5, Diff: 0.1]
      [Ext Root Scanning (ms): Min: 0.1, Avg: 0.1, Max: 0.1, Diff: 0.1, Sum: 0.7]
      [Update RS (ms): Min: 0.0, Avg: 0.0, Max: 0.0, Diff: 0.0, Sum: 0.1]
         [Processed Buffers: Min: 0, Avg: 1.3, Max: 2, Diff: 2, Sum: 10]
      [Scan RS (ms): Min: 0.0, Avg: 0.0, Max: 0.0, Diff: 0.0, Sum: 0.0]
      [Code Root Scanning (ms): Min: 0.0, Avg: 0.0, Max: 0.0, Diff: 0.0, Sum: 0.0]
      [Object Copy (ms): Min: 0.7, Avg: 0.7, Max: 0.7, Diff: 0.1, Sum: 5.7]
      [Termination (ms): Min: 0.0, Avg: 0.0, Max: 0.0, Diff: 0.0, Sum: 0.2]
         [Termination Attempts: Min: 1, Avg: 1.0, Max: 1, Diff: 0, Sum: 8]
      [GC Worker Other (ms): Min: 0.0, Avg: 0.0, Max: 0.0, Diff: 0.0, Sum: 0.0]
      [GC Worker Total (ms): Min: 0.8, Avg: 0.9, Max: 0.9, Diff: 0.0, Sum: 6.9]
      [GC Worker End (ms): Min: 232.4, Avg: 232.4, Max: 232.4, Diff: 0.0]
   [Code Root Fixup: 0.0 ms]
   [Code Root Purge: 0.0 ms]
   [Clear CT: 0.1 ms]
   [Other: 0.2 ms]
      [Choose CSet: 0.0 ms]
      [Ref Proc: 0.1 ms]
      [Ref Enq: 0.0 ms]
      [Redirty Cards: 0.1 ms]
      [Humongous Register: 0.0 ms]
      [Humongous Reclaim: 0.0 ms]
      [Free CSet: 0.0 ms]
   [Eden: 5120.0K(5120.0K)->0.0B(5120.0K) Survivors: 1024.0K->1024.0K Heap: 101.7M(128.0M)->97.7M(128.0M)]
 [Times: user=0.00 sys=0.00, real=0.00 secs] 
2020-10-27T23:31:52.870+0800: 0.233: [GC pause (G1 Humongous Allocation) (young) (initial-mark), 0.0007764 secs]
   [Parallel Time: 0.4 ms, GC Workers: 8]
      [GC Worker Start (ms): Min: 233.2, Avg: 233.3, Max: 233.4, Diff: 0.1]
      [Ext Root Scanning (ms): Min: 0.0, Avg: 0.1, Max: 0.2, Diff: 0.2, Sum: 1.0]
      [Update RS (ms): Min: 0.0, Avg: 0.0, Max: 0.0, Diff: 0.0, Sum: 0.1]
         [Processed Buffers: Min: 0, Avg: 1.3, Max: 4, Diff: 4, Sum: 10]
      [Scan RS (ms): Min: 0.0, Avg: 0.0, Max: 0.0, Diff: 0.0, Sum: 0.0]
      [Code Root Scanning (ms): Min: 0.0, Avg: 0.0, Max: 0.0, Diff: 0.0, Sum: 0.0]
      [Object Copy (ms): Min: 0.1, Avg: 0.1, Max: 0.2, Diff: 0.1, Sum: 1.1]
      [Termination (ms): Min: 0.0, Avg: 0.0, Max: 0.1, Diff: 0.1, Sum: 0.3]
         [Termination Attempts: Min: 1, Avg: 1.0, Max: 1, Diff: 0, Sum: 8]
      [GC Worker Other (ms): Min: 0.0, Avg: 0.0, Max: 0.0, Diff: 0.0, Sum: 0.1]
      [GC Worker Total (ms): Min: 0.2, Avg: 0.3, Max: 0.3, Diff: 0.1, Sum: 2.5]
      [GC Worker End (ms): Min: 233.6, Avg: 233.6, Max: 233.6, Diff: 0.0]
   [Code Root Fixup: 0.0 ms]
   [Code Root Purge: 0.0 ms]
   [Clear CT: 0.1 ms]
   [Other: 0.3 ms]
      [Choose CSet: 0.0 ms]
      [Ref Proc: 0.1 ms]
      [Ref Enq: 0.0 ms]
      [Redirty Cards: 0.1 ms]
      [Humongous Register: 0.0 ms]
      [Humongous Reclaim: 0.0 ms]
      [Free CSet: 0.0 ms]
   [Eden: 2048.0K(5120.0K)->0.0B(5120.0K) Survivors: 1024.0K->1024.0K Heap: 99.6M(128.0M)->98.4M(128.0M)]
 [Times: user=0.00 sys=0.00, real=0.00 secs] 
2020-10-27T23:31:52.870+0800: 0.234: [GC concurrent-root-region-scan-start]
2020-10-27T23:31:52.870+0800: 0.234: [GC concurrent-root-region-scan-end, 0.0000344 secs]
2020-10-27T23:31:52.870+0800: 0.234: [GC concurrent-mark-start]
2020-10-27T23:31:52.871+0800: 0.235: [GC concurrent-mark-end, 0.0009453 secs]
2020-10-27T23:31:52.872+0800: 0.235: [GC remark 2020-10-27T23:31:52.872+0800: 0.235: [Finalize Marking, 0.0001562 secs] 2020-10-27T23:31:52.872+0800: 0.235: [GC ref-proc, 0.0001827 secs] 2020-10-27T23:31:52.872+0800: 0.236: [Unloading, 0.0004109 secs], 0.0010205 secs]
 [Times: user=0.00 sys=0.00, real=0.00 secs] 
2020-10-27T23:31:52.876+0800: 0.239: [GC cleanup 106M->106M(128M), 0.0004398 secs]
 [Times: user=0.00 sys=0.00, real=0.00 secs] 
2020-10-27T23:31:52.876+0800: 0.240: [GC pause (G1 Evacuation Pause) (young), 0.0009332 secs]
   [Parallel Time: 0.5 ms, GC Workers: 8]
      [GC Worker Start (ms): Min: 240.1, Avg: 240.2, Max: 240.3, Diff: 0.1]
      [Ext Root Scanning (ms): Min: 0.0, Avg: 0.1, Max: 0.1, Diff: 0.1, Sum: 0.7]
      [Update RS (ms): Min: 0.0, Avg: 0.0, Max: 0.2, Diff: 0.2, Sum: 0.4]
         [Processed Buffers: Min: 0, Avg: 1.1, Max: 2, Diff: 2, Sum: 9]
      [Scan RS (ms): Min: 0.0, Avg: 0.0, Max: 0.0, Diff: 0.0, Sum: 0.0]
      [Code Root Scanning (ms): Min: 0.0, Avg: 0.0, Max: 0.0, Diff: 0.0, Sum: 0.0]
      [Object Copy (ms): Min: 0.0, Avg: 0.2, Max: 0.3, Diff: 0.3, Sum: 1.5]
      [Termination (ms): Min: 0.0, Avg: 0.1, Max: 0.2, Diff: 0.2, Sum: 0.9]
         [Termination Attempts: Min: 1, Avg: 1.0, Max: 1, Diff: 0, Sum: 8]
      [GC Worker Other (ms): Min: 0.0, Avg: 0.0, Max: 0.0, Diff: 0.0, Sum: 0.1]
      [GC Worker Total (ms): Min: 0.3, Avg: 0.4, Max: 0.5, Diff: 0.1, Sum: 3.5]
      [GC Worker End (ms): Min: 240.6, Avg: 240.6, Max: 240.6, Diff: 0.0]
   [Code Root Fixup: 0.0 ms]
   [Code Root Purge: 0.0 ms]
   [Clear CT: 0.1 ms]
   [Other: 0.3 ms]
      [Choose CSet: 0.0 ms]
      [Ref Proc: 0.1 ms]
      [Ref Enq: 0.0 ms]
      [Redirty Cards: 0.1 ms]
      [Humongous Register: 0.0 ms]
      [Humongous Reclaim: 0.0 ms]
      [Free CSet: 0.0 ms]
   [Eden: 5120.0K(5120.0K)->0.0B(5120.0K) Survivors: 1024.0K->1024.0K Heap: 107.2M(128.0M)->102.1M(128.0M)]
 [Times: user=0.00 sys=0.00, real=0.00 secs] 
2020-10-27T23:31:52.879+0800: 0.242: [GC pause (G1 Evacuation Pause) (mixed) (to-space exhausted), 0.0011125 secs]
   [Parallel Time: 0.6 ms, GC Workers: 8]
      [GC Worker Start (ms): Min: 242.3, Avg: 242.3, Max: 242.3, Diff: 0.1]
      [Ext Root Scanning (ms): Min: 0.1, Avg: 0.1, Max: 0.1, Diff: 0.1, Sum: 0.8]
      [Update RS (ms): Min: 0.1, Avg: 0.1, Max: 0.1, Diff: 0.1, Sum: 0.8]
         [Processed Buffers: Min: 1, Avg: 1.8, Max: 3, Diff: 2, Sum: 14]
      [Scan RS (ms): Min: 0.0, Avg: 0.0, Max: 0.0, Diff: 0.0, Sum: 0.0]
      [Code Root Scanning (ms): Min: 0.0, Avg: 0.0, Max: 0.0, Diff: 0.0, Sum: 0.0]
      [Object Copy (ms): Min: 0.2, Avg: 0.3, Max: 0.3, Diff: 0.1, Sum: 2.3]
      [Termination (ms): Min: 0.0, Avg: 0.1, Max: 0.1, Diff: 0.1, Sum: 0.4]
         [Termination Attempts: Min: 1, Avg: 1.0, Max: 1, Diff: 0, Sum: 8]
      [GC Worker Other (ms): Min: 0.0, Avg: 0.0, Max: 0.0, Diff: 0.0, Sum: 0.0]
      [GC Worker Total (ms): Min: 0.5, Avg: 0.5, Max: 0.6, Diff: 0.1, Sum: 4.4]
      [GC Worker End (ms): Min: 242.8, Avg: 242.8, Max: 242.8, Diff: 0.0]
   [Code Root Fixup: 0.0 ms]
   [Code Root Purge: 0.0 ms]
   [Clear CT: 0.1 ms]
   [Other: 0.4 ms]
      [Evacuation Failure: 0.1 ms]
      [Choose CSet: 0.0 ms]
      [Ref Proc: 0.1 ms]
      [Ref Enq: 0.0 ms]
      [Redirty Cards: 0.1 ms]
      [Humongous Register: 0.0 ms]
      [Humongous Reclaim: 0.0 ms]
      [Free CSet: 0.0 ms]
   [Eden: 5120.0K(5120.0K)->0.0B(5120.0K) Survivors: 1024.0K->1024.0K Heap: 109.1M(128.0M)->104.9M(128.0M)]
 [Times: user=0.00 sys=0.00, real=0.00 secs] 
2020-10-27T23:31:52.880+0800: 0.244: [GC pause (G1 Humongous Allocation) (young) (initial-mark), 0.0008092 secs]
   [Parallel Time: 0.4 ms, GC Workers: 8]
      [GC Worker Start (ms): Min: 243.7, Avg: 243.8, Max: 243.8, Diff: 0.1]
      [Ext Root Scanning (ms): Min: 0.1, Avg: 0.1, Max: 0.1, Diff: 0.1, Sum: 0.8]
      [Update RS (ms): Min: 0.0, Avg: 0.0, Max: 0.0, Diff: 0.0, Sum: 0.1]
         [Processed Buffers: Min: 1, Avg: 1.6, Max: 3, Diff: 2, Sum: 13]
      [Scan RS (ms): Min: 0.0, Avg: 0.0, Max: 0.0, Diff: 0.0, Sum: 0.0]
      [Code Root Scanning (ms): Min: 0.0, Avg: 0.0, Max: 0.0, Diff: 0.0, Sum: 0.0]
      [Object Copy (ms): Min: 0.1, Avg: 0.1, Max: 0.2, Diff: 0.1, Sum: 1.1]
      [Termination (ms): Min: 0.0, Avg: 0.1, Max: 0.1, Diff: 0.1, Sum: 0.5]
         [Termination Attempts: Min: 1, Avg: 1.0, Max: 1, Diff: 0, Sum: 8]
      [GC Worker Other (ms): Min: 0.0, Avg: 0.0, Max: 0.0, Diff: 0.0, Sum: 0.1]
      [GC Worker Total (ms): Min: 0.3, Avg: 0.3, Max: 0.4, Diff: 0.1, Sum: 2.6]
      [GC Worker End (ms): Min: 244.1, Avg: 244.1, Max: 244.1, Diff: 0.0]
   [Code Root Fixup: 0.0 ms]
   [Code Root Purge: 0.0 ms]
   [Clear CT: 0.1 ms]
   [Other: 0.2 ms]
      [Choose CSet: 0.0 ms]
      [Ref Proc: 0.1 ms]
      [Ref Enq: 0.0 ms]
      [Redirty Cards: 0.1 ms]
      [Humongous Register: 0.0 ms]
      [Humongous Reclaim: 0.0 ms]
      [Free CSet: 0.0 ms]
   [Eden: 3072.0K(5120.0K)->0.0B(5120.0K) Survivors: 1024.0K->1024.0K Heap: 107.5M(128.0M)->106.4M(128.0M)]
 [Times: user=0.00 sys=0.00, real=0.00 secs] 
2020-10-27T23:31:52.881+0800: 0.245: [GC concurrent-root-region-scan-start]
2020-10-27T23:31:52.881+0800: 0.245: [GC concurrent-root-region-scan-end, 0.0000756 secs]
2020-10-27T23:31:52.881+0800: 0.245: [GC concurrent-mark-start]
2020-10-27T23:31:52.882+0800: 0.245: [GC pause (G1 Evacuation Pause) (young) (to-space exhausted), 0.0007921 secs]
   [Parallel Time: 0.3 ms, GC Workers: 8]
      [GC Worker Start (ms): Min: 245.4, Avg: 245.4, Max: 245.4, Diff: 0.1]
      [Ext Root Scanning (ms): Min: 0.1, Avg: 0.1, Max: 0.1, Diff: 0.1, Sum: 0.7]
      [Update RS (ms): Min: 0.1, Avg: 0.1, Max: 0.1, Diff: 0.1, Sum: 0.8]
         [Processed Buffers: Min: 2, Avg: 2.4, Max: 3, Diff: 1, Sum: 19]
      [Scan RS (ms): Min: 0.0, Avg: 0.0, Max: 0.0, Diff: 0.0, Sum: 0.0]
      [Code Root Scanning (ms): Min: 0.0, Avg: 0.0, Max: 0.0, Diff: 0.0, Sum: 0.0]
      [Object Copy (ms): Min: 0.0, Avg: 0.0, Max: 0.0, Diff: 0.0, Sum: 0.2]
      [Termination (ms): Min: 0.0, Avg: 0.0, Max: 0.0, Diff: 0.0, Sum: 0.2]
         [Termination Attempts: Min: 1, Avg: 1.0, Max: 1, Diff: 0, Sum: 8]
      [GC Worker Other (ms): Min: 0.0, Avg: 0.0, Max: 0.0, Diff: 0.0, Sum: 0.0]
      [GC Worker Total (ms): Min: 0.2, Avg: 0.2, Max: 0.3, Diff: 0.1, Sum: 1.9]
      [GC Worker End (ms): Min: 245.6, Avg: 245.6, Max: 245.6, Diff: 0.0]
   [Code Root Fixup: 0.0 ms]
   [Code Root Purge: 0.0 ms]
   [Clear CT: 0.1 ms]
   [Other: 0.3 ms]
      [Evacuation Failure: 0.1 ms]
      [Choose CSet: 0.0 ms]
      [Ref Proc: 0.1 ms]
      [Ref Enq: 0.0 ms]
      [Redirty Cards: 0.1 ms]
      [Humongous Register: 0.0 ms]
      [Humongous Reclaim: 0.0 ms]
      [Free CSet: 0.0 ms]
   [Eden: 4096.0K(5120.0K)->0.0B(6144.0K) Survivors: 1024.0K->0.0B Heap: 111.6M(128.0M)->110.2M(128.0M)]
 [Times: user=0.00 sys=0.00, real=0.00 secs] 
2020-10-27T23:31:52.883+0800: 0.246: [GC concurrent-mark-end, 0.0017424 secs]
2020-10-27T23:31:52.883+0800: 0.247: [GC pause (G1 Evacuation Pause) (young) (to-space exhausted), 0.0007427 secs]
   [Parallel Time: 0.2 ms, GC Workers: 8]
      [GC Worker Start (ms): Min: 246.9, Avg: 247.0, Max: 247.0, Diff: 0.1]
      [Ext Root Scanning (ms): Min: 0.1, Avg: 0.1, Max: 0.1, Diff: 0.1, Sum: 0.7]
      [Update RS (ms): Min: 0.0, Avg: 0.0, Max: 0.0, Diff: 0.0, Sum: 0.1]
         [Processed Buffers: Min: 1, Avg: 1.8, Max: 3, Diff: 2, Sum: 14]
      [Scan RS (ms): Min: 0.0, Avg: 0.0, Max: 0.0, Diff: 0.0, Sum: 0.0]
      [Code Root Scanning (ms): Min: 0.0, Avg: 0.0, Max: 0.0, Diff: 0.0, Sum: 0.0]
      [Object Copy (ms): Min: 0.0, Avg: 0.0, Max: 0.0, Diff: 0.0, Sum: 0.0]
      [Termination (ms): Min: 0.0, Avg: 0.0, Max: 0.0, Diff: 0.0, Sum: 0.1]
         [Termination Attempts: Min: 1, Avg: 1.0, Max: 1, Diff: 0, Sum: 8]
      [GC Worker Other (ms): Min: 0.0, Avg: 0.0, Max: 0.0, Diff: 0.0, Sum: 0.1]
      [GC Worker Total (ms): Min: 0.1, Avg: 0.1, Max: 0.1, Diff: 0.1, Sum: 1.0]
      [GC Worker End (ms): Min: 247.1, Avg: 247.1, Max: 247.1, Diff: 0.0]
   [Code Root Fixup: 0.0 ms]
   [Code Root Purge: 0.0 ms]
   [Clear CT: 0.2 ms]
   [Other: 0.4 ms]
      [Evacuation Failure: 0.1 ms]
      [Choose CSet: 0.0 ms]
      [Ref Proc: 0.1 ms]
      [Ref Enq: 0.0 ms]
      [Redirty Cards: 0.1 ms]
      [Humongous Register: 0.0 ms]
      [Humongous Reclaim: 0.0 ms]
      [Free CSet: 0.0 ms]
   [Eden: 2048.0K(6144.0K)->0.0B(6144.0K) Survivors: 0.0B->0.0B Heap: 112.2M(128.0M)->112.2M(128.0M)]
 [Times: user=0.08 sys=0.00, real=0.00 secs] 
2020-10-27T23:31:52.884+0800: 0.248: [GC remark 2020-10-27T23:31:52.884+0800: 0.248: [Finalize Marking, 0.0001108 secs] 2020-10-27T23:31:52.884+0800: 0.248: [GC ref-proc, 0.0001822 secs] 2020-10-27T23:31:52.884+0800: 0.248: [Unloading, 0.0003947 secs], 0.0009789 secs]
 [Times: user=0.00 sys=0.00, real=0.00 secs] 
2020-10-27T23:31:52.885+0800: 0.249: [Full GC (Allocation Failure)  112M->94M(128M), 0.0110844 secs]
   [Eden: 0.0B(6144.0K)->0.0B(6144.0K) Survivors: 0.0B->0.0B Heap: 112.2M(128.0M)->94.2M(128.0M)], [Metaspace: 2774K->2774K(1056768K)]
 [Times: user=0.00 sys=0.00, real=0.01 secs] 
2020-10-27T23:31:52.896+0800: 0.260: [GC cleanup, 0.0000181 secs]
 [Times: user=0.00 sys=0.00, real=0.00 secs] 
2020-10-27T23:31:52.896+0800: 0.260: [GC concurrent-mark-abort]
2020-10-27T23:31:52.897+0800: 0.261: [GC pause (G1 Evacuation Pause) (young), 0.0006613 secs]
   [Parallel Time: 0.3 ms, GC Workers: 8]
      [GC Worker Start (ms): Min: 261.0, Avg: 261.0, Max: 261.0, Diff: 0.1]
      [Ext Root Scanning (ms): Min: 0.1, Avg: 0.1, Max: 0.1, Diff: 0.1, Sum: 0.9]
      [Update RS (ms): Min: 0.0, Avg: 0.0, Max: 0.1, Diff: 0.1, Sum: 0.1]
         [Processed Buffers: Min: 0, Avg: 0.3, Max: 1, Diff: 1, Sum: 2]
      [Scan RS (ms): Min: 0.0, Avg: 0.0, Max: 0.0, Diff: 0.0, Sum: 0.0]
      [Code Root Scanning (ms): Min: 0.0, Avg: 0.0, Max: 0.0, Diff: 0.0, Sum: 0.0]
      [Object Copy (ms): Min: 0.0, Avg: 0.1, Max: 0.1, Diff: 0.1, Sum: 0.4]
      [Termination (ms): Min: 0.0, Avg: 0.0, Max: 0.1, Diff: 0.1, Sum: 0.4]
         [Termination Attempts: Min: 1, Avg: 2.3, Max: 3, Diff: 2, Sum: 18]
      [GC Worker Other (ms): Min: 0.0, Avg: 0.0, Max: 0.0, Diff: 0.0, Sum: 0.1]
      [GC Worker Total (ms): Min: 0.2, Avg: 0.2, Max: 0.3, Diff: 0.1, Sum: 1.8]
      [GC Worker End (ms): Min: 261.2, Avg: 261.2, Max: 261.2, Diff: 0.0]
   [Code Root Fixup: 0.0 ms]
   [Code Root Purge: 0.0 ms]
   [Clear CT: 0.1 ms]
   [Other: 0.3 ms]
      [Choose CSet: 0.0 ms]
      [Ref Proc: 0.1 ms]
      [Ref Enq: 0.0 ms]
      [Redirty Cards: 0.1 ms]
      [Humongous Register: 0.0 ms]
      [Humongous Reclaim: 0.0 ms]
      [Free CSet: 0.0 ms]
   [Eden: 6144.0K(6144.0K)->0.0B(5120.0K) Survivors: 0.0B->1024.0K Heap: 100.2M(128.0M)->95.1M(128.0M)]
 [Times: user=0.00 sys=0.00, real=0.00 secs] 
2020-10-27T23:31:52.898+0800: 0.262: [GC pause (G1 Humongous Allocation) (young) (initial-mark), 0.0007043 secs]
   [Parallel Time: 0.3 ms, GC Workers: 8]
      [GC Worker Start (ms): Min: 261.8, Avg: 261.8, Max: 261.9, Diff: 0.1]
      [Ext Root Scanning (ms): Min: 0.1, Avg: 0.1, Max: 0.1, Diff: 0.1, Sum: 0.8]
      [Update RS (ms): Min: 0.0, Avg: 0.0, Max: 0.1, Diff: 0.1, Sum: 0.1]
         [Processed Buffers: Min: 0, Avg: 0.9, Max: 1, Diff: 1, Sum: 7]
      [Scan RS (ms): Min: 0.0, Avg: 0.0, Max: 0.0, Diff: 0.0, Sum: 0.0]
      [Code Root Scanning (ms): Min: 0.0, Avg: 0.0, Max: 0.0, Diff: 0.0, Sum: 0.0]
      [Object Copy (ms): Min: 0.0, Avg: 0.1, Max: 0.1, Diff: 0.1, Sum: 0.6]
      [Termination (ms): Min: 0.0, Avg: 0.0, Max: 0.1, Diff: 0.1, Sum: 0.2]
         [Termination Attempts: Min: 1, Avg: 1.0, Max: 1, Diff: 0, Sum: 8]
      [GC Worker Other (ms): Min: 0.0, Avg: 0.0, Max: 0.0, Diff: 0.0, Sum: 0.0]
      [GC Worker Total (ms): Min: 0.2, Avg: 0.2, Max: 0.2, Diff: 0.0, Sum: 1.8]
      [GC Worker End (ms): Min: 262.1, Avg: 262.1, Max: 262.1, Diff: 0.0]
   [Code Root Fixup: 0.0 ms]
   [Code Root Purge: 0.0 ms]
   [Clear CT: 0.1 ms]
   [Other: 0.3 ms]
      [Choose CSet: 0.0 ms]
      [Ref Proc: 0.1 ms]
      [Ref Enq: 0.0 ms]
      [Redirty Cards: 0.1 ms]
      [Humongous Register: 0.0 ms]
      [Humongous Reclaim: 0.0 ms]
      [Free CSet: 0.0 ms]
   [Eden: 1024.0K(5120.0K)->0.0B(5120.0K) Survivors: 1024.0K->1024.0K Heap: 95.7M(128.0M)->95.4M(128.0M)]
 [Times: user=0.09 sys=0.00, real=0.00 secs] 
2020-10-27T23:31:52.899+0800: 0.263: [GC concurrent-root-region-scan-start]
2020-10-27T23:31:52.899+0800: 0.263: [GC concurrent-root-region-scan-end, 0.0000330 secs]
2020-10-27T23:31:52.899+0800: 0.263: [GC concurrent-mark-start]
2020-10-27T23:31:52.900+0800: 0.263: [GC pause (G1 Evacuation Pause) (young) (to-space exhausted), 0.0009163 secs]
   [Parallel Time: 0.4 ms, GC Workers: 8]
      [GC Worker Start (ms): Min: 263.4, Avg: 263.4, Max: 263.7, Diff: 0.3]
      [Ext Root Scanning (ms): Min: 0.0, Avg: 0.1, Max: 0.1, Diff: 0.1, Sum: 0.7]
      [Update RS (ms): Min: 0.0, Avg: 0.1, Max: 0.1, Diff: 0.1, Sum: 1.0]
         [Processed Buffers: Min: 0, Avg: 2.1, Max: 3, Diff: 3, Sum: 17]
      [Scan RS (ms): Min: 0.0, Avg: 0.0, Max: 0.0, Diff: 0.0, Sum: 0.0]
      [Code Root Scanning (ms): Min: 0.0, Avg: 0.0, Max: 0.0, Diff: 0.0, Sum: 0.0]
      [Object Copy (ms): Min: 0.0, Avg: 0.0, Max: 0.1, Diff: 0.0, Sum: 0.2]
      [Termination (ms): Min: 0.0, Avg: 0.0, Max: 0.0, Diff: 0.0, Sum: 0.2]
         [Termination Attempts: Min: 1, Avg: 1.0, Max: 1, Diff: 0, Sum: 8]
      [GC Worker Other (ms): Min: 0.0, Avg: 0.0, Max: 0.0, Diff: 0.0, Sum: 0.0]
      [GC Worker Total (ms): Min: 0.0, Avg: 0.3, Max: 0.3, Diff: 0.3, Sum: 2.1]
      [GC Worker End (ms): Min: 263.7, Avg: 263.7, Max: 263.7, Diff: 0.0]
   [Code Root Fixup: 0.0 ms]
   [Code Root Purge: 0.0 ms]
   [Clear CT: 0.1 ms]
   [Other: 0.4 ms]
      [Evacuation Failure: 0.1 ms]
      [Choose CSet: 0.0 ms]
      [Ref Proc: 0.1 ms]
      [Ref Enq: 0.0 ms]
      [Redirty Cards: 0.1 ms]
      [Humongous Register: 0.0 ms]
      [Humongous Reclaim: 0.0 ms]
      [Free CSet: 0.0 ms]
   [Eden: 5120.0K(5120.0K)->0.0B(6144.0K) Survivors: 1024.0K->0.0B Heap: 102.4M(128.0M)->99.8M(128.0M)]
 [Times: user=0.00 sys=0.00, real=0.00 secs] 
2020-10-27T23:31:52.901+0800: 0.265: [GC concurrent-mark-end, 0.0019393 secs]
2020-10-27T23:31:52.901+0800: 0.265: [GC remark 2020-10-27T23:31:52.901+0800: 0.265: [Finalize Marking, 0.0001241 secs] 2020-10-27T23:31:52.901+0800: 0.265: [GC ref-proc, 0.0001817 secs] 2020-10-27T23:31:52.901+0800: 0.265: [Unloading, 0.0004021 secs], 0.0009834 secs]
 [Times: user=0.00 sys=0.00, real=0.00 secs] 
2020-10-27T23:31:52.909+0800: 0.272: [GC cleanup 101M->101M(128M), 0.0004603 secs]
 [Times: user=0.00 sys=0.00, real=0.00 secs] 
2020-10-27T23:31:52.910+0800: 0.273: [GC pause (G1 Evacuation Pause) (young) (to-space exhausted), 0.0007029 secs]
   [Parallel Time: 0.2 ms, GC Workers: 8]
      [GC Worker Start (ms): Min: 273.4, Avg: 273.5, Max: 273.5, Diff: 0.1]
      [Ext Root Scanning (ms): Min: 0.1, Avg: 0.1, Max: 0.1, Diff: 0.1, Sum: 0.8]
      [Update RS (ms): Min: 0.0, Avg: 0.1, Max: 0.1, Diff: 0.1, Sum: 0.5]
         [Processed Buffers: Min: 1, Avg: 2.0, Max: 3, Diff: 2, Sum: 16]
      [Scan RS (ms): Min: 0.0, Avg: 0.0, Max: 0.0, Diff: 0.0, Sum: 0.0]
      [Code Root Scanning (ms): Min: 0.0, Avg: 0.0, Max: 0.0, Diff: 0.0, Sum: 0.0]
      [Object Copy (ms): Min: 0.0, Avg: 0.0, Max: 0.0, Diff: 0.0, Sum: 0.0]
      [Termination (ms): Min: 0.0, Avg: 0.0, Max: 0.0, Diff: 0.0, Sum: 0.2]
         [Termination Attempts: Min: 1, Avg: 1.0, Max: 1, Diff: 0, Sum: 8]
      [GC Worker Other (ms): Min: 0.0, Avg: 0.0, Max: 0.0, Diff: 0.0, Sum: 0.0]
      [GC Worker Total (ms): Min: 0.2, Avg: 0.2, Max: 0.2, Diff: 0.1, Sum: 1.5]
      [GC Worker End (ms): Min: 273.6, Avg: 273.7, Max: 273.7, Diff: 0.0]
   [Code Root Fixup: 0.0 ms]
   [Code Root Purge: 0.0 ms]
   [Clear CT: 0.1 ms]
   [Other: 0.3 ms]
      [Evacuation Failure: 0.1 ms]
      [Choose CSet: 0.0 ms]
      [Ref Proc: 0.1 ms]
      [Ref Enq: 0.0 ms]
      [Redirty Cards: 0.1 ms]
      [Humongous Register: 0.0 ms]
      [Humongous Reclaim: 0.0 ms]
      [Free CSet: 0.0 ms]
   [Eden: 3072.0K(6144.0K)->0.0B(6144.0K) Survivors: 0.0B->0.0B Heap: 103.4M(128.0M)->103.4M(128.0M)]
 [Times: user=0.00 sys=0.00, real=0.00 secs] 
2020-10-27T23:31:52.911+0800: 0.274: [Full GC (Allocation Failure)  103M->97M(128M), 0.0083329 secs]
   [Eden: 0.0B(6144.0K)->0.0B(6144.0K) Survivors: 0.0B->0.0B Heap: 103.4M(128.0M)->97.1M(128.0M)], [Metaspace: 2774K->2774K(1056768K)]
 [Times: user=0.02 sys=0.00, real=0.01 secs] 
2020-10-27T23:31:52.920+0800: 0.284: [GC pause (G1 Evacuation Pause) (young) (to-space exhausted), 0.0007622 secs]
   [Parallel Time: 0.3 ms, GC Workers: 8]
      [GC Worker Start (ms): Min: 283.7, Avg: 283.7, Max: 283.8, Diff: 0.1]
      [Ext Root Scanning (ms): Min: 0.1, Avg: 0.1, Max: 0.1, Diff: 0.1, Sum: 0.8]
      [Update RS (ms): Min: 0.0, Avg: 0.0, Max: 0.0, Diff: 0.0, Sum: 0.1]
         [Processed Buffers: Min: 0, Avg: 0.3, Max: 1, Diff: 1, Sum: 2]
      [Scan RS (ms): Min: 0.0, Avg: 0.0, Max: 0.0, Diff: 0.0, Sum: 0.0]
      [Code Root Scanning (ms): Min: 0.0, Avg: 0.0, Max: 0.0, Diff: 0.0, Sum: 0.0]
      [Object Copy (ms): Min: 0.0, Avg: 0.0, Max: 0.0, Diff: 0.0, Sum: 0.1]
      [Termination (ms): Min: 0.0, Avg: 0.0, Max: 0.1, Diff: 0.0, Sum: 0.4]
         [Termination Attempts: Min: 1, Avg: 2.4, Max: 6, Diff: 5, Sum: 19]
      [GC Worker Other (ms): Min: 0.0, Avg: 0.0, Max: 0.0, Diff: 0.0, Sum: 0.0]
      [GC Worker Total (ms): Min: 0.2, Avg: 0.2, Max: 0.2, Diff: 0.1, Sum: 1.5]
      [GC Worker End (ms): Min: 283.9, Avg: 283.9, Max: 283.9, Diff: 0.0]
   [Code Root Fixup: 0.0 ms]
   [Code Root Purge: 0.0 ms]
   [Clear CT: 0.1 ms]
   [Other: 0.4 ms]
      [Evacuation Failure: 0.1 ms]
      [Choose CSet: 0.0 ms]
      [Ref Proc: 0.1 ms]
      [Ref Enq: 0.0 ms]
      [Redirty Cards: 0.1 ms]
      [Humongous Register: 0.0 ms]
      [Humongous Reclaim: 0.0 ms]
      [Free CSet: 0.0 ms]
   [Eden: 6144.0K(6144.0K)->0.0B(6144.0K) Survivors: 0.0B->0.0B Heap: 103.1M(128.0M)->103.1M(128.0M)]
 [Times: user=0.00 sys=0.00, real=0.00 secs] 
2020-10-27T23:31:52.921+0800: 0.285: [Full GC (Allocation Failure)  103M->98M(128M), 0.0022824 secs]
   [Eden: 0.0B(6144.0K)->0.0B(6144.0K) Survivors: 0.0B->0.0B Heap: 103.1M(128.0M)->98.7M(128.0M)], [Metaspace: 2774K->2774K(1056768K)]
 [Times: user=0.00 sys=0.00, real=0.00 secs] 
2020-10-27T23:31:52.923+0800: 0.287: [GC pause (G1 Humongous Allocation) (young) (initial-mark), 0.0005802 secs]
   [Parallel Time: 0.2 ms, GC Workers: 8]
      [GC Worker Start (ms): Min: 287.1, Avg: 287.1, Max: 287.1, Diff: 0.1]
      [Ext Root Scanning (ms): Min: 0.1, Avg: 0.1, Max: 0.1, Diff: 0.1, Sum: 0.8]
      [Update RS (ms): Min: 0.0, Avg: 0.0, Max: 0.1, Diff: 0.1, Sum: 0.1]
         [Processed Buffers: Min: 0, Avg: 0.3, Max: 1, Diff: 1, Sum: 2]
      [Scan RS (ms): Min: 0.0, Avg: 0.0, Max: 0.0, Diff: 0.0, Sum: 0.0]
      [Code Root Scanning (ms): Min: 0.0, Avg: 0.0, Max: 0.0, Diff: 0.0, Sum: 0.0]
      [Object Copy (ms): Min: 0.0, Avg: 0.0, Max: 0.0, Diff: 0.0, Sum: 0.1]
      [Termination (ms): Min: 0.0, Avg: 0.0, Max: 0.1, Diff: 0.1, Sum: 0.3]
         [Termination Attempts: Min: 1, Avg: 1.3, Max: 2, Diff: 1, Sum: 10]
      [GC Worker Other (ms): Min: 0.0, Avg: 0.0, Max: 0.0, Diff: 0.0, Sum: 0.0]
      [GC Worker Total (ms): Min: 0.1, Avg: 0.2, Max: 0.2, Diff: 0.1, Sum: 1.3]
      [GC Worker End (ms): Min: 287.2, Avg: 287.2, Max: 287.3, Diff: 0.0]
   [Code Root Fixup: 0.0 ms]
   [Code Root Purge: 0.0 ms]
   [Clear CT: 0.1 ms]
   [Other: 0.3 ms]
      [Choose CSet: 0.0 ms]
      [Ref Proc: 0.1 ms]
      [Ref Enq: 0.0 ms]
      [Redirty Cards: 0.1 ms]
      [Humongous Register: 0.0 ms]
      [Humongous Reclaim: 0.0 ms]
      [Free CSet: 0.0 ms]
   [Eden: 1024.0K(6144.0K)->0.0B(6144.0K) Survivors: 0.0B->1024.0K Heap: 99.1M(128.0M)->99.0M(128.0M)]
 [Times: user=0.00 sys=0.00, real=0.00 secs] 
2020-10-27T23:31:52.924+0800: 0.288: [GC concurrent-root-region-scan-start]
2020-10-27T23:31:52.924+0800: 0.288: [GC concurrent-root-region-scan-end, 0.0000368 secs]
2020-10-27T23:31:52.924+0800: 0.288: [GC concurrent-mark-start]
2020-10-27T23:31:52.925+0800: 0.288: [GC pause (G1 Evacuation Pause) (young) (to-space exhausted), 0.0007217 secs]
   [Parallel Time: 0.3 ms, GC Workers: 8]
      [GC Worker Start (ms): Min: 288.3, Avg: 288.3, Max: 288.4, Diff: 0.1]
      [Ext Root Scanning (ms): Min: 0.0, Avg: 0.1, Max: 0.1, Diff: 0.1, Sum: 0.7]
      [Update RS (ms): Min: 0.0, Avg: 0.0, Max: 0.1, Diff: 0.1, Sum: 0.4]
         [Processed Buffers: Min: 1, Avg: 1.3, Max: 2, Diff: 1, Sum: 10]
      [Scan RS (ms): Min: 0.0, Avg: 0.0, Max: 0.0, Diff: 0.0, Sum: 0.0]
      [Code Root Scanning (ms): Min: 0.0, Avg: 0.0, Max: 0.0, Diff: 0.0, Sum: 0.0]
      [Object Copy (ms): Min: 0.0, Avg: 0.0, Max: 0.0, Diff: 0.0, Sum: 0.0]
      [Termination (ms): Min: 0.0, Avg: 0.0, Max: 0.1, Diff: 0.1, Sum: 0.2]
         [Termination Attempts: Min: 1, Avg: 1.5, Max: 4, Diff: 3, Sum: 12]
      [GC Worker Other (ms): Min: 0.0, Avg: 0.0, Max: 0.0, Diff: 0.0, Sum: 0.0]
      [GC Worker Total (ms): Min: 0.1, Avg: 0.2, Max: 0.2, Diff: 0.1, Sum: 1.3]
      [GC Worker End (ms): Min: 288.5, Avg: 288.5, Max: 288.5, Diff: 0.0]
   [Code Root Fixup: 0.0 ms]
   [Code Root Purge: 0.0 ms]
   [Clear CT: 0.1 ms]
   [Other: 0.3 ms]
      [Evacuation Failure: 0.1 ms]
      [Choose CSet: 0.0 ms]
      [Ref Proc: 0.1 ms]
      [Ref Enq: 0.0 ms]
      [Redirty Cards: 0.1 ms]
      [Humongous Register: 0.0 ms]
      [Humongous Reclaim: 0.0 ms]
      [Free CSet: 0.0 ms]
   [Eden: 2048.0K(6144.0K)->0.0B(6144.0K) Survivors: 1024.0K->0.0B Heap: 101.6M(128.0M)->100.3M(128.0M)]
 [Times: user=0.00 sys=0.00, real=0.00 secs] 
2020-10-27T23:31:52.926+0800: 0.289: [GC pause (G1 Humongous Allocation) (young) (to-space exhausted), 0.0007216 secs]
   [Parallel Time: 0.3 ms, GC Workers: 8]
      [GC Worker Start (ms): Min: 289.3, Avg: 289.3, Max: 289.3, Diff: 0.1]
      [Ext Root Scanning (ms): Min: 0.1, Avg: 0.1, Max: 0.1, Diff: 0.1, Sum: 0.7]
      [Update RS (ms): Min: 0.0, Avg: 0.0, Max: 0.0, Diff: 0.0, Sum: 0.1]
         [Processed Buffers: Min: 0, Avg: 0.9, Max: 1, Diff: 1, Sum: 7]
      [Scan RS (ms): Min: 0.0, Avg: 0.0, Max: 0.0, Diff: 0.0, Sum: 0.0]
      [Code Root Scanning (ms): Min: 0.0, Avg: 0.0, Max: 0.0, Diff: 0.0, Sum: 0.0]
      [Object Copy (ms): Min: 0.0, Avg: 0.0, Max: 0.0, Diff: 0.0, Sum: 0.0]
      [Termination (ms): Min: 0.0, Avg: 0.0, Max: 0.0, Diff: 0.0, Sum: 0.2]
         [Termination Attempts: Min: 1, Avg: 1.4, Max: 3, Diff: 2, Sum: 11]
      [GC Worker Other (ms): Min: 0.0, Avg: 0.0, Max: 0.0, Diff: 0.0, Sum: 0.0]
      [GC Worker Total (ms): Min: 0.1, Avg: 0.1, Max: 0.2, Diff: 0.1, Sum: 1.1]
      [GC Worker End (ms): Min: 289.5, Avg: 289.5, Max: 289.5, Diff: 0.0]
   [Code Root Fixup: 0.0 ms]
   [Code Root Purge: 0.0 ms]
   [Clear CT: 0.1 ms]
   [Other: 0.3 ms]
      [Evacuation Failure: 0.1 ms]
      [Choose CSet: 0.0 ms]
      [Ref Proc: 0.1 ms]
      [Ref Enq: 0.0 ms]
      [Redirty Cards: 0.1 ms]
      [Humongous Register: 0.0 ms]
      [Humongous Reclaim: 0.0 ms]
      [Free CSet: 0.0 ms]
   [Eden: 2048.0K(6144.0K)->0.0B(6144.0K) Survivors: 0.0B->0.0B Heap: 101.7M(128.0M)->101.7M(128.0M)]
 [Times: user=0.00 sys=0.00, real=0.00 secs] 
2020-10-27T23:31:52.927+0800: 0.290: [Full GC (Allocation Failure)  101M->98M(128M), 0.0039842 secs]
   [Eden: 0.0B(6144.0K)->0.0B(6144.0K) Survivors: 0.0B->0.0B Heap: 101.7M(128.0M)->98.6M(128.0M)], [Metaspace: 2774K->2774K(1056768K)]
 [Times: user=0.02 sys=0.00, real=0.00 secs] 
2020-10-27T23:31:52.931+0800: 0.294: [GC concurrent-mark-abort]
2020-10-27T23:31:52.931+0800: 0.295: [GC pause (G1 Evacuation Pause) (young) (to-space exhausted), 0.0007456 secs]
   [Parallel Time: 0.3 ms, GC Workers: 8]
      [GC Worker Start (ms): Min: 294.6, Avg: 294.7, Max: 294.8, Diff: 0.1]
      [Ext Root Scanning (ms): Min: 0.0, Avg: 0.1, Max: 0.1, Diff: 0.1, Sum: 0.8]
      [Update RS (ms): Min: 0.0, Avg: 0.1, Max: 0.1, Diff: 0.1, Sum: 0.4]
         [Processed Buffers: Min: 0, Avg: 0.8, Max: 1, Diff: 1, Sum: 6]
      [Scan RS (ms): Min: 0.0, Avg: 0.0, Max: 0.0, Diff: 0.0, Sum: 0.0]
      [Code Root Scanning (ms): Min: 0.0, Avg: 0.0, Max: 0.0, Diff: 0.0, Sum: 0.0]
      [Object Copy (ms): Min: 0.0, Avg: 0.0, Max: 0.0, Diff: 0.0, Sum: 0.0]
      [Termination (ms): Min: 0.0, Avg: 0.0, Max: 0.1, Diff: 0.1, Sum: 0.2]
         [Termination Attempts: Min: 1, Avg: 1.3, Max: 3, Diff: 2, Sum: 10]
      [GC Worker Other (ms): Min: 0.0, Avg: 0.0, Max: 0.0, Diff: 0.0, Sum: 0.0]
      [GC Worker Total (ms): Min: 0.1, Avg: 0.2, Max: 0.2, Diff: 0.1, Sum: 1.4]
      [GC Worker End (ms): Min: 294.9, Avg: 294.9, Max: 294.9, Diff: 0.0]
   [Code Root Fixup: 0.0 ms]
   [Code Root Purge: 0.0 ms]
   [Clear CT: 0.1 ms]
   [Other: 0.3 ms]
      [Evacuation Failure: 0.1 ms]
      [Choose CSet: 0.0 ms]
      [Ref Proc: 0.1 ms]
      [Ref Enq: 0.0 ms]
      [Redirty Cards: 0.1 ms]
      [Humongous Register: 0.0 ms]
      [Humongous Reclaim: 0.0 ms]
      [Free CSet: 0.0 ms]
   [Eden: 2048.0K(6144.0K)->0.0B(6144.0K) Survivors: 0.0B->0.0B Heap: 101.2M(128.0M)->100.6M(128.0M)]
 [Times: user=0.00 sys=0.00, real=0.00 secs] 
2020-10-27T23:31:52.932+0800: 0.296: [GC pause (G1 Evacuation Pause) (young) (initial-mark) (to-space exhausted), 0.0007598 secs]
   [Parallel Time: 0.3 ms, GC Workers: 8]
      [GC Worker Start (ms): Min: 295.7, Avg: 295.8, Max: 295.9, Diff: 0.1]
      [Ext Root Scanning (ms): Min: 0.0, Avg: 0.1, Max: 0.2, Diff: 0.2, Sum: 0.9]
      [Update RS (ms): Min: 0.0, Avg: 0.0, Max: 0.0, Diff: 0.0, Sum: 0.1]
         [Processed Buffers: Min: 0, Avg: 0.5, Max: 3, Diff: 3, Sum: 4]
      [Scan RS (ms): Min: 0.0, Avg: 0.0, Max: 0.0, Diff: 0.0, Sum: 0.0]
      [Code Root Scanning (ms): Min: 0.0, Avg: 0.0, Max: 0.0, Diff: 0.0, Sum: 0.0]
      [Object Copy (ms): Min: 0.0, Avg: 0.0, Max: 0.0, Diff: 0.0, Sum: 0.0]
      [Termination (ms): Min: 0.0, Avg: 0.0, Max: 0.0, Diff: 0.0, Sum: 0.2]
         [Termination Attempts: Min: 1, Avg: 1.4, Max: 2, Diff: 1, Sum: 11]
      [GC Worker Other (ms): Min: 0.0, Avg: 0.0, Max: 0.0, Diff: 0.0, Sum: 0.0]
      [GC Worker Total (ms): Min: 0.1, Avg: 0.2, Max: 0.2, Diff: 0.1, Sum: 1.3]
      [GC Worker End (ms): Min: 295.9, Avg: 295.9, Max: 295.9, Diff: 0.0]
   [Code Root Fixup: 0.0 ms]
   [Code Root Purge: 0.0 ms]
   [Clear CT: 0.1 ms]
   [Other: 0.4 ms]
      [Evacuation Failure: 0.1 ms]
      [Choose CSet: 0.0 ms]
      [Ref Proc: 0.1 ms]
      [Ref Enq: 0.0 ms]
      [Redirty Cards: 0.1 ms]
      [Humongous Register: 0.0 ms]
      [Humongous Reclaim: 0.0 ms]
      [Free CSet: 0.0 ms]
   [Eden: 1024.0K(6144.0K)->0.0B(6144.0K) Survivors: 0.0B->0.0B Heap: 101.6M(128.0M)->101.6M(128.0M)]
 [Times: user=0.00 sys=0.00, real=0.00 secs] 
2020-10-27T23:31:52.933+0800: 0.297: [GC concurrent-root-region-scan-start]
2020-10-27T23:31:52.933+0800: 0.297: [GC concurrent-root-region-scan-end, 0.0000060 secs]
2020-10-27T23:31:52.933+0800: 0.297: [GC concurrent-mark-start]
2020-10-27T23:31:52.933+0800: 0.297: [Full GC (Allocation Failure)  101M->99M(128M), 0.0072003 secs]
   [Eden: 0.0B(6144.0K)->0.0B(6144.0K) Survivors: 0.0B->0.0B Heap: 101.6M(128.0M)->99.4M(128.0M)], [Metaspace: 2774K->2774K(1056768K)]
 [Times: user=0.00 sys=0.00, real=0.01 secs] 
2020-10-27T23:31:52.940+0800: 0.304: [GC concurrent-mark-abort]
2020-10-27T23:31:52.941+0800: 0.304: [GC pause (G1 Evacuation Pause) (young) (to-space exhausted), 0.0007767 secs]
   [Parallel Time: 0.3 ms, GC Workers: 8]
      [GC Worker Start (ms): Min: 304.5, Avg: 304.6, Max: 304.6, Diff: 0.1]
      [Ext Root Scanning (ms): Min: 0.1, Avg: 0.1, Max: 0.1, Diff: 0.1, Sum: 0.9]
      [Update RS (ms): Min: 0.0, Avg: 0.0, Max: 0.1, Diff: 0.1, Sum: 0.1]
         [Processed Buffers: Min: 0, Avg: 0.3, Max: 1, Diff: 1, Sum: 2]
      [Scan RS (ms): Min: 0.0, Avg: 0.0, Max: 0.0, Diff: 0.0, Sum: 0.0]
      [Code Root Scanning (ms): Min: 0.0, Avg: 0.0, Max: 0.0, Diff: 0.0, Sum: 0.0]
      [Object Copy (ms): Min: 0.0, Avg: 0.0, Max: 0.0, Diff: 0.0, Sum: 0.0]
      [Termination (ms): Min: 0.0, Avg: 0.0, Max: 0.1, Diff: 0.1, Sum: 0.3]
         [Termination Attempts: Min: 1, Avg: 1.6, Max: 3, Diff: 2, Sum: 13]
      [GC Worker Other (ms): Min: 0.0, Avg: 0.0, Max: 0.0, Diff: 0.0, Sum: 0.1]
      [GC Worker Total (ms): Min: 0.1, Avg: 0.2, Max: 0.2, Diff: 0.1, Sum: 1.4]
      [GC Worker End (ms): Min: 304.7, Avg: 304.7, Max: 304.7, Diff: 0.0]
   [Code Root Fixup: 0.0 ms]
   [Code Root Purge: 0.0 ms]
   [Clear CT: 0.1 ms]
   [Other: 0.4 ms]
      [Evacuation Failure: 0.1 ms]
      [Choose CSet: 0.0 ms]
      [Ref Proc: 0.1 ms]
      [Ref Enq: 0.0 ms]
      [Redirty Cards: 0.1 ms]
      [Humongous Register: 0.0 ms]
      [Humongous Reclaim: 0.0 ms]
      [Free CSet: 0.0 ms]
   [Eden: 3072.0K(6144.0K)->0.0B(6144.0K) Survivors: 0.0B->0.0B Heap: 102.4M(128.0M)->102.4M(128.0M)]
 [Times: user=0.00 sys=0.00, real=0.00 secs] 
2020-10-27T23:31:52.942+0800: 0.305: [Full GC (Allocation Failure)  102M->99M(128M), 0.0050367 secs]
   [Eden: 0.0B(6144.0K)->0.0B(6144.0K) Survivors: 0.0B->0.0B Heap: 102.4M(128.0M)->99.9M(128.0M)], [Metaspace: 2774K->2774K(1056768K)]
 [Times: user=0.02 sys=0.00, real=0.01 secs] 
2020-10-27T23:31:52.947+0800: 0.311: [GC pause (G1 Humongous Allocation) (young) (initial-mark), 0.0009717 secs]
   [Parallel Time: 0.4 ms, GC Workers: 8]
      [GC Worker Start (ms): Min: 310.9, Avg: 311.0, Max: 311.0, Diff: 0.1]
      [Ext Root Scanning (ms): Min: 0.1, Avg: 0.1, Max: 0.1, Diff: 0.1, Sum: 0.9]
      [Update RS (ms): Min: 0.0, Avg: 0.0, Max: 0.1, Diff: 0.1, Sum: 0.1]
         [Processed Buffers: Min: 0, Avg: 0.3, Max: 1, Diff: 1, Sum: 2]
      [Scan RS (ms): Min: 0.0, Avg: 0.0, Max: 0.0, Diff: 0.0, Sum: 0.0]
      [Code Root Scanning (ms): Min: 0.0, Avg: 0.0, Max: 0.0, Diff: 0.0, Sum: 0.0]
      [Object Copy (ms): Min: 0.0, Avg: 0.0, Max: 0.0, Diff: 0.0, Sum: 0.1]
      [Termination (ms): Min: 0.0, Avg: 0.0, Max: 0.1, Diff: 0.1, Sum: 0.3]
         [Termination Attempts: Min: 1, Avg: 1.6, Max: 2, Diff: 1, Sum: 13]
      [GC Worker Other (ms): Min: 0.0, Avg: 0.0, Max: 0.0, Diff: 0.0, Sum: 0.0]
      [GC Worker Total (ms): Min: 0.1, Avg: 0.2, Max: 0.2, Diff: 0.1, Sum: 1.5]
      [GC Worker End (ms): Min: 311.2, Avg: 311.2, Max: 311.2, Diff: 0.0]
   [Code Root Fixup: 0.0 ms]
   [Code Root Purge: 0.0 ms]
   [Clear CT: 0.2 ms]
   [Other: 0.3 ms]
      [Choose CSet: 0.0 ms]
      [Ref Proc: 0.1 ms]
      [Ref Enq: 0.0 ms]
      [Redirty Cards: 0.1 ms]
      [Humongous Register: 0.0 ms]
      [Humongous Reclaim: 0.0 ms]
      [Free CSet: 0.0 ms]
   [Eden: 2048.0K(6144.0K)->0.0B(5120.0K) Survivors: 0.0B->1024.0K Heap: 101.3M(128.0M)->100.2M(128.0M)]
 [Times: user=0.00 sys=0.00, real=0.00 secs] 
2020-10-27T23:31:52.948+0800: 0.312: [GC concurrent-root-region-scan-start]
2020-10-27T23:31:52.948+0800: 0.312: [GC concurrent-root-region-scan-end, 0.0000945 secs]
2020-10-27T23:31:52.948+0800: 0.312: [GC concurrent-mark-start]
2020-10-27T23:31:52.949+0800: 0.312: [GC pause (G1 Evacuation Pause) (young) (to-space exhausted), 0.0009186 secs]
   [Parallel Time: 0.3 ms, GC Workers: 8]
      [GC Worker Start (ms): Min: 312.3, Avg: 312.3, Max: 312.4, Diff: 0.1]
      [Ext Root Scanning (ms): Min: 0.1, Avg: 0.1, Max: 0.1, Diff: 0.1, Sum: 0.8]
      [Update RS (ms): Min: 0.0, Avg: 0.1, Max: 0.1, Diff: 0.0, Sum: 0.5]
         [Processed Buffers: Min: 1, Avg: 1.4, Max: 3, Diff: 2, Sum: 11]
      [Scan RS (ms): Min: 0.0, Avg: 0.0, Max: 0.0, Diff: 0.0, Sum: 0.0]
      [Code Root Scanning (ms): Min: 0.0, Avg: 0.0, Max: 0.0, Diff: 0.0, Sum: 0.0]
      [Object Copy (ms): Min: 0.0, Avg: 0.0, Max: 0.0, Diff: 0.0, Sum: 0.0]
      [Termination (ms): Min: 0.0, Avg: 0.0, Max: 0.0, Diff: 0.0, Sum: 0.1]
         [Termination Attempts: Min: 1, Avg: 1.0, Max: 1, Diff: 0, Sum: 8]
      [GC Worker Other (ms): Min: 0.0, Avg: 0.0, Max: 0.0, Diff: 0.0, Sum: 0.0]
      [GC Worker Total (ms): Min: 0.1, Avg: 0.2, Max: 0.2, Diff: 0.1, Sum: 1.4]
      [GC Worker End (ms): Min: 312.5, Avg: 312.5, Max: 312.5, Diff: 0.0]
   [Code Root Fixup: 0.0 ms]
   [Code Root Purge: 0.0 ms]
   [Clear CT: 0.2 ms]
   [Other: 0.4 ms]
      [Evacuation Failure: 0.2 ms]
      [Choose CSet: 0.0 ms]
      [Ref Proc: 0.1 ms]
      [Ref Enq: 0.0 ms]
      [Redirty Cards: 0.1 ms]
      [Humongous Register: 0.0 ms]
      [Humongous Reclaim: 0.0 ms]
      [Free CSet: 0.0 ms]
   [Eden: 1024.0K(5120.0K)->0.0B(6144.0K) Survivors: 1024.0K->0.0B Heap: 102.0M(128.0M)->102.0M(128.0M)]
 [Times: user=0.00 sys=0.00, real=0.00 secs] 
2020-10-27T23:31:52.950+0800: 0.313: [Full GC (Allocation Failure)  101M->100M(128M), 0.0083907 secs]
   [Eden: 0.0B(6144.0K)->0.0B(6144.0K) Survivors: 0.0B->0.0B Heap: 102.0M(128.0M)->100.8M(128.0M)], [Metaspace: 2774K->2774K(1056768K)]
 [Times: user=0.00 sys=0.00, real=0.01 secs] 
2020-10-27T23:31:52.958+0800: 0.322: [GC concurrent-mark-abort]
2020-10-27T23:31:52.958+0800: 0.322: [GC pause (G1 Humongous Allocation) (young) (initial-mark), 0.0009082 secs]
   [Parallel Time: 0.3 ms, GC Workers: 8]
      [GC Worker Start (ms): Min: 322.2, Avg: 322.2, Max: 322.2, Diff: 0.1]
      [Ext Root Scanning (ms): Min: 0.1, Avg: 0.1, Max: 0.2, Diff: 0.1, Sum: 1.0]
      [Update RS (ms): Min: 0.0, Avg: 0.0, Max: 0.1, Diff: 0.1, Sum: 0.1]
         [Processed Buffers: Min: 0, Avg: 0.3, Max: 1, Diff: 1, Sum: 2]
      [Scan RS (ms): Min: 0.0, Avg: 0.0, Max: 0.0, Diff: 0.0, Sum: 0.0]
      [Code Root Scanning (ms): Min: 0.0, Avg: 0.0, Max: 0.0, Diff: 0.0, Sum: 0.0]
      [Object Copy (ms): Min: 0.0, Avg: 0.0, Max: 0.1, Diff: 0.1, Sum: 0.1]
      [Termination (ms): Min: 0.0, Avg: 0.0, Max: 0.1, Diff: 0.1, Sum: 0.3]
         [Termination Attempts: Min: 1, Avg: 2.0, Max: 3, Diff: 2, Sum: 16]
      [GC Worker Other (ms): Min: 0.0, Avg: 0.0, Max: 0.0, Diff: 0.0, Sum: 0.1]
      [GC Worker Total (ms): Min: 0.2, Avg: 0.2, Max: 0.2, Diff: 0.1, Sum: 1.6]
      [GC Worker End (ms): Min: 322.4, Avg: 322.4, Max: 322.4, Diff: 0.0]
   [Code Root Fixup: 0.0 ms]
   [Code Root Purge: 0.0 ms]
   [Clear CT: 0.2 ms]
   [Other: 0.4 ms]
      [Choose CSet: 0.0 ms]
      [Ref Proc: 0.1 ms]
      [Ref Enq: 0.0 ms]
      [Redirty Cards: 0.2 ms]
      [Humongous Register: 0.0 ms]
      [Humongous Reclaim: 0.0 ms]
      [Free CSet: 0.0 ms]
   [Eden: 1024.0K(6144.0K)->0.0B(5120.0K) Survivors: 0.0B->1024.0K Heap: 101.8M(128.0M)->101.4M(128.0M)]
 [Times: user=0.00 sys=0.00, real=0.00 secs] 
2020-10-27T23:31:52.960+0800: 0.323: [GC concurrent-root-region-scan-start]
2020-10-27T23:31:52.960+0800: 0.323: [GC concurrent-root-region-scan-end, 0.0001225 secs]
2020-10-27T23:31:52.960+0800: 0.323: [GC concurrent-mark-start]
2020-10-27T23:31:52.960+0800: 0.323: [GC pause (G1 Evacuation Pause) (young) (to-space exhausted), 0.0009888 secs]
   [Parallel Time: 0.3 ms, GC Workers: 8]
      [GC Worker Start (ms): Min: 323.4, Avg: 323.4, Max: 323.5, Diff: 0.1]
      [Ext Root Scanning (ms): Min: 0.0, Avg: 0.1, Max: 0.1, Diff: 0.1, Sum: 0.6]
      [Update RS (ms): Min: 0.1, Avg: 0.1, Max: 0.1, Diff: 0.1, Sum: 0.8]
         [Processed Buffers: Min: 1, Avg: 2.0, Max: 3, Diff: 2, Sum: 16]
      [Scan RS (ms): Min: 0.0, Avg: 0.0, Max: 0.0, Diff: 0.0, Sum: 0.0]
      [Code Root Scanning (ms): Min: 0.0, Avg: 0.0, Max: 0.0, Diff: 0.0, Sum: 0.0]
      [Object Copy (ms): Min: 0.0, Avg: 0.0, Max: 0.0, Diff: 0.0, Sum: 0.1]
      [Termination (ms): Min: 0.0, Avg: 0.0, Max: 0.0, Diff: 0.0, Sum: 0.2]
         [Termination Attempts: Min: 1, Avg: 1.0, Max: 1, Diff: 0, Sum: 8]
      [GC Worker Other (ms): Min: 0.0, Avg: 0.0, Max: 0.0, Diff: 0.0, Sum: 0.0]
      [GC Worker Total (ms): Min: 0.2, Avg: 0.2, Max: 0.3, Diff: 0.1, Sum: 1.8]
      [GC Worker End (ms): Min: 323.6, Avg: 323.6, Max: 323.7, Diff: 0.0]
   [Code Root Fixup: 0.0 ms]
   [Code Root Purge: 0.0 ms]
   [Clear CT: 0.2 ms]
   [Other: 0.4 ms]
      [Evacuation Failure: 0.1 ms]
      [Choose CSet: 0.0 ms]
      [Ref Proc: 0.2 ms]
      [Ref Enq: 0.0 ms]
      [Redirty Cards: 0.1 ms]
      [Humongous Register: 0.0 ms]
      [Humongous Reclaim: 0.0 ms]
      [Free CSet: 0.0 ms]
   [Eden: 0.0B(5120.0K)->0.0B(6144.0K) Survivors: 1024.0K->0.0B Heap: 102.7M(128.0M)->101.4M(128.0M)]
 [Times: user=0.00 sys=0.00, real=0.00 secs] 
2020-10-27T23:31:52.961+0800: 0.325: [GC pause (G1 Evacuation Pause) (young) (to-space exhausted), 0.0008256 secs]
   [Parallel Time: 0.3 ms, GC Workers: 8]
      [GC Worker Start (ms): Min: 324.8, Avg: 324.8, Max: 324.8, Diff: 0.1]
      [Ext Root Scanning (ms): Min: 0.1, Avg: 0.1, Max: 0.1, Diff: 0.1, Sum: 0.7]
      [Update RS (ms): Min: 0.0, Avg: 0.1, Max: 0.1, Diff: 0.1, Sum: 0.5]
         [Processed Buffers: Min: 1, Avg: 1.8, Max: 3, Diff: 2, Sum: 14]
      [Scan RS (ms): Min: 0.0, Avg: 0.0, Max: 0.0, Diff: 0.0, Sum: 0.0]
      [Code Root Scanning (ms): Min: 0.0, Avg: 0.0, Max: 0.0, Diff: 0.0, Sum: 0.0]
      [Object Copy (ms): Min: 0.0, Avg: 0.0, Max: 0.0, Diff: 0.0, Sum: 0.0]
      [Termination (ms): Min: 0.0, Avg: 0.0, Max: 0.1, Diff: 0.1, Sum: 0.1]
         [Termination Attempts: Min: 1, Avg: 1.0, Max: 1, Diff: 0, Sum: 8]
      [GC Worker Other (ms): Min: 0.0, Avg: 0.0, Max: 0.0, Diff: 0.0, Sum: 0.0]
      [GC Worker Total (ms): Min: 0.1, Avg: 0.2, Max: 0.2, Diff: 0.1, Sum: 1.4]
      [GC Worker End (ms): Min: 325.0, Avg: 325.0, Max: 325.0, Diff: 0.0]
   [Code Root Fixup: 0.0 ms]
   [Code Root Purge: 0.0 ms]
   [Clear CT: 0.1 ms]
   [Other: 0.4 ms]
      [Evacuation Failure: 0.1 ms]
      [Choose CSet: 0.0 ms]
      [Ref Proc: 0.1 ms]
      [Ref Enq: 0.0 ms]
      [Redirty Cards: 0.1 ms]
      [Humongous Register: 0.0 ms]
      [Humongous Reclaim: 0.0 ms]
      [Free CSet: 0.0 ms]
   [Eden: 1024.0K(6144.0K)->0.0B(6144.0K) Survivors: 0.0B->0.0B Heap: 103.1M(128.0M)->102.4M(128.0M)]
 [Times: user=0.02 sys=0.00, real=0.00 secs] 
2020-10-27T23:31:52.963+0800: 0.326: [GC pause (G1 Evacuation Pause) (young) (to-space exhausted), 0.0006990 secs]
   [Parallel Time: 0.2 ms, GC Workers: 8]
      [GC Worker Start (ms): Min: 326.0, Avg: 326.0, Max: 326.1, Diff: 0.1]
      [Ext Root Scanning (ms): Min: 0.1, Avg: 0.1, Max: 0.1, Diff: 0.1, Sum: 0.7]
      [Update RS (ms): Min: 0.0, Avg: 0.0, Max: 0.0, Diff: 0.0, Sum: 0.1]
         [Processed Buffers: Min: 0, Avg: 0.8, Max: 1, Diff: 1, Sum: 6]
      [Scan RS (ms): Min: 0.0, Avg: 0.0, Max: 0.0, Diff: 0.0, Sum: 0.0]
      [Code Root Scanning (ms): Min: 0.0, Avg: 0.0, Max: 0.0, Diff: 0.0, Sum: 0.0]
      [Object Copy (ms): Min: 0.0, Avg: 0.0, Max: 0.0, Diff: 0.0, Sum: 0.0]
      [Termination (ms): Min: 0.0, Avg: 0.0, Max: 0.0, Diff: 0.0, Sum: 0.3]
         [Termination Attempts: Min: 1, Avg: 1.4, Max: 2, Diff: 1, Sum: 11]
      [GC Worker Other (ms): Min: 0.0, Avg: 0.0, Max: 0.0, Diff: 0.0, Sum: 0.0]
      [GC Worker Total (ms): Min: 0.1, Avg: 0.1, Max: 0.2, Diff: 0.1, Sum: 1.1]
      [GC Worker End (ms): Min: 326.2, Avg: 326.2, Max: 326.2, Diff: 0.0]
   [Code Root Fixup: 0.0 ms]
   [Code Root Purge: 0.0 ms]
   [Clear CT: 0.1 ms]
   [Other: 0.3 ms]
      [Evacuation Failure: 0.1 ms]
      [Choose CSet: 0.0 ms]
      [Ref Proc: 0.1 ms]
      [Ref Enq: 0.0 ms]
      [Redirty Cards: 0.1 ms]
      [Humongous Register: 0.0 ms]
      [Humongous Reclaim: 0.0 ms]
      [Free CSet: 0.0 ms]
   [Eden: 1024.0K(6144.0K)->0.0B(6144.0K) Survivors: 0.0B->0.0B Heap: 103.4M(128.0M)->103.4M(128.0M)]
 [Times: user=0.00 sys=0.00, real=0.00 secs] 
2020-10-27T23:31:52.963+0800: 0.327: [Full GC (Allocation Failure)  103M->101M(128M), 0.0022081 secs]
   [Eden: 0.0B(6144.0K)->0.0B(6144.0K) Survivors: 0.0B->0.0B Heap: 103.4M(128.0M)->101.4M(128.0M)], [Metaspace: 2774K->2774K(1056768K)]
 [Times: user=0.00 sys=0.00, real=0.00 secs] 
2020-10-27T23:31:52.966+0800: 0.329: [GC concurrent-mark-abort]
2020-10-27T23:31:52.966+0800: 0.329: [GC pause (G1 Humongous Allocation) (young) (initial-mark) (to-space exhausted), 0.0007474 secs]
   [Parallel Time: 0.3 ms, GC Workers: 8]
      [GC Worker Start (ms): Min: 329.5, Avg: 329.5, Max: 329.5, Diff: 0.1]
      [Ext Root Scanning (ms): Min: 0.1, Avg: 0.1, Max: 0.1, Diff: 0.1, Sum: 0.8]
      [Update RS (ms): Min: 0.0, Avg: 0.0, Max: 0.0, Diff: 0.0, Sum: 0.1]
         [Processed Buffers: Min: 0, Avg: 0.3, Max: 1, Diff: 1, Sum: 2]
      [Scan RS (ms): Min: 0.0, Avg: 0.0, Max: 0.0, Diff: 0.0, Sum: 0.0]
      [Code Root Scanning (ms): Min: 0.0, Avg: 0.0, Max: 0.0, Diff: 0.0, Sum: 0.0]
      [Object Copy (ms): Min: 0.0, Avg: 0.0, Max: 0.0, Diff: 0.0, Sum: 0.0]
      [Termination (ms): Min: 0.0, Avg: 0.0, Max: 0.0, Diff: 0.0, Sum: 0.2]
         [Termination Attempts: Min: 1, Avg: 2.6, Max: 5, Diff: 4, Sum: 21]
      [GC Worker Other (ms): Min: 0.0, Avg: 0.0, Max: 0.0, Diff: 0.0, Sum: 0.0]
      [GC Worker Total (ms): Min: 0.1, Avg: 0.2, Max: 0.2, Diff: 0.1, Sum: 1.2]
      [GC Worker End (ms): Min: 329.6, Avg: 329.6, Max: 329.6, Diff: 0.0]
   [Code Root Fixup: 0.0 ms]
   [Code Root Purge: 0.0 ms]
   [Clear CT: 0.1 ms]
   [Other: 0.4 ms]
      [Evacuation Failure: 0.1 ms]
      [Choose CSet: 0.0 ms]
      [Ref Proc: 0.1 ms]
      [Ref Enq: 0.0 ms]
      [Redirty Cards: 0.1 ms]
      [Humongous Register: 0.0 ms]
      [Humongous Reclaim: 0.0 ms]
      [Free CSet: 0.0 ms]
   [Eden: 2048.0K(6144.0K)->0.0B(6144.0K) Survivors: 0.0B->0.0B Heap: 102.6M(128.0M)->102.6M(128.0M)]
 [Times: user=0.00 sys=0.00, real=0.00 secs] 
2020-10-27T23:31:52.967+0800: 0.330: [GC concurrent-root-region-scan-start]
2020-10-27T23:31:52.967+0800: 0.330: [GC concurrent-root-region-scan-end, 0.0000066 secs]
2020-10-27T23:31:52.967+0800: 0.330: [GC concurrent-mark-start]
2020-10-27T23:31:52.967+0800: 0.330: [GC pause (G1 Humongous Allocation) (young), 0.0005971 secs]
   [Parallel Time: 0.2 ms, GC Workers: 8]
      [GC Worker Start (ms): Min: 330.4, Avg: 330.4, Max: 330.4, Diff: 0.1]
      [Ext Root Scanning (ms): Min: 0.1, Avg: 0.1, Max: 0.1, Diff: 0.1, Sum: 0.7]
      [Update RS (ms): Min: 0.0, Avg: 0.0, Max: 0.0, Diff: 0.0, Sum: 0.1]
         [Processed Buffers: Min: 0, Avg: 0.6, Max: 1, Diff: 1, Sum: 5]
      [Scan RS (ms): Min: 0.0, Avg: 0.0, Max: 0.0, Diff: 0.0, Sum: 0.0]
      [Code Root Scanning (ms): Min: 0.0, Avg: 0.0, Max: 0.0, Diff: 0.0, Sum: 0.0]
      [Object Copy (ms): Min: 0.0, Avg: 0.0, Max: 0.0, Diff: 0.0, Sum: 0.0]
      [Termination (ms): Min: 0.0, Avg: 0.0, Max: 0.0, Diff: 0.0, Sum: 0.2]
         [Termination Attempts: Min: 1, Avg: 1.0, Max: 1, Diff: 0, Sum: 8]
      [GC Worker Other (ms): Min: 0.0, Avg: 0.0, Max: 0.0, Diff: 0.0, Sum: 0.0]
      [GC Worker Total (ms): Min: 0.1, Avg: 0.1, Max: 0.2, Diff: 0.1, Sum: 1.1]
      [GC Worker End (ms): Min: 330.5, Avg: 330.5, Max: 330.5, Diff: 0.0]
   [Code Root Fixup: 0.0 ms]
   [Code Root Purge: 0.0 ms]
   [Clear CT: 0.1 ms]
   [Other: 0.3 ms]
      [Choose CSet: 0.0 ms]
      [Ref Proc: 0.1 ms]
      [Ref Enq: 0.0 ms]
      [Redirty Cards: 0.1 ms]
      [Humongous Register: 0.0 ms]
      [Humongous Reclaim: 0.0 ms]
      [Free CSet: 0.0 ms]
   [Eden: 0.0B(6144.0K)->0.0B(6144.0K) Survivors: 0.0B->0.0B Heap: 102.6M(128.0M)->102.6M(128.0M)]
 [Times: user=0.00 sys=0.00, real=0.00 secs] 
2020-10-27T23:31:52.968+0800: 0.331: [Full GC (Allocation Failure)  102M->101M(128M), 0.0025570 secs]
   [Eden: 0.0B(6144.0K)->0.0B(6144.0K) Survivors: 0.0B->0.0B Heap: 102.6M(128.0M)->101.5M(128.0M)], [Metaspace: 2774K->2774K(1056768K)]
 [Times: user=0.00 sys=0.00, real=0.00 secs] 
2020-10-27T23:31:52.970+0800: 0.334: [GC concurrent-mark-abort]
2020-10-27T23:31:52.971+0800: 0.334: [GC pause (G1 Evacuation Pause) (young) (to-space exhausted), 0.0007359 secs]
   [Parallel Time: 0.2 ms, GC Workers: 8]
      [GC Worker Start (ms): Min: 334.1, Avg: 334.1, Max: 334.1, Diff: 0.1]
      [Ext Root Scanning (ms): Min: 0.1, Avg: 0.1, Max: 0.1, Diff: 0.1, Sum: 0.7]
      [Update RS (ms): Min: 0.0, Avg: 0.0, Max: 0.1, Diff: 0.1, Sum: 0.4]
         [Processed Buffers: Min: 0, Avg: 0.8, Max: 1, Diff: 1, Sum: 6]
      [Scan RS (ms): Min: 0.0, Avg: 0.0, Max: 0.0, Diff: 0.0, Sum: 0.0]
      [Code Root Scanning (ms): Min: 0.0, Avg: 0.0, Max: 0.0, Diff: 0.0, Sum: 0.0]
      [Object Copy (ms): Min: 0.0, Avg: 0.0, Max: 0.0, Diff: 0.0, Sum: 0.0]
      [Termination (ms): Min: 0.0, Avg: 0.0, Max: 0.1, Diff: 0.1, Sum: 0.2]
         [Termination Attempts: Min: 1, Avg: 1.3, Max: 3, Diff: 2, Sum: 10]
      [GC Worker Other (ms): Min: 0.0, Avg: 0.0, Max: 0.0, Diff: 0.0, Sum: 0.0]
      [GC Worker Total (ms): Min: 0.1, Avg: 0.2, Max: 0.2, Diff: 0.1, Sum: 1.3]
      [GC Worker End (ms): Min: 334.3, Avg: 334.3, Max: 334.3, Diff: 0.0]
   [Code Root Fixup: 0.0 ms]
   [Code Root Purge: 0.0 ms]
   [Clear CT: 0.1 ms]
   [Other: 0.4 ms]
      [Evacuation Failure: 0.1 ms]
      [Choose CSet: 0.0 ms]
      [Ref Proc: 0.2 ms]
      [Ref Enq: 0.0 ms]
      [Redirty Cards: 0.1 ms]
      [Humongous Register: 0.0 ms]
      [Humongous Reclaim: 0.0 ms]
      [Free CSet: 0.0 ms]
   [Eden: 1024.0K(6144.0K)->0.0B(6144.0K) Survivors: 0.0B->0.0B Heap: 103.0M(128.0M)->102.4M(128.0M)]
 [Times: user=0.00 sys=0.00, real=0.00 secs] 
2020-10-27T23:31:52.972+0800: 0.335: [GC pause (G1 Evacuation Pause) (young) (initial-mark) (to-space exhausted), 0.0006646 secs]
   [Parallel Time: 0.2 ms, GC Workers: 8]
      [GC Worker Start (ms): Min: 335.1, Avg: 335.2, Max: 335.2, Diff: 0.1]
      [Ext Root Scanning (ms): Min: 0.1, Avg: 0.1, Max: 0.1, Diff: 0.1, Sum: 0.8]
      [Update RS (ms): Min: 0.0, Avg: 0.0, Max: 0.0, Diff: 0.0, Sum: 0.1]
         [Processed Buffers: Min: 0, Avg: 0.6, Max: 1, Diff: 1, Sum: 5]
      [Scan RS (ms): Min: 0.0, Avg: 0.0, Max: 0.0, Diff: 0.0, Sum: 0.0]
      [Code Root Scanning (ms): Min: 0.0, Avg: 0.0, Max: 0.0, Diff: 0.0, Sum: 0.0]
      [Object Copy (ms): Min: 0.0, Avg: 0.0, Max: 0.0, Diff: 0.0, Sum: 0.0]
      [Termination (ms): Min: 0.0, Avg: 0.0, Max: 0.0, Diff: 0.0, Sum: 0.2]
         [Termination Attempts: Min: 1, Avg: 1.4, Max: 3, Diff: 2, Sum: 11]
      [GC Worker Other (ms): Min: 0.0, Avg: 0.0, Max: 0.0, Diff: 0.0, Sum: 0.0]
      [GC Worker Total (ms): Min: 0.1, Avg: 0.1, Max: 0.2, Diff: 0.1, Sum: 1.2]
      [GC Worker End (ms): Min: 335.3, Avg: 335.3, Max: 335.3, Diff: 0.0]
   [Code Root Fixup: 0.0 ms]
   [Code Root Purge: 0.0 ms]
   [Clear CT: 0.1 ms]
   [Other: 0.4 ms]
      [Evacuation Failure: 0.1 ms]
      [Choose CSet: 0.0 ms]
      [Ref Proc: 0.1 ms]
      [Ref Enq: 0.0 ms]
      [Redirty Cards: 0.1 ms]
      [Humongous Register: 0.0 ms]
      [Humongous Reclaim: 0.0 ms]
      [Free CSet: 0.0 ms]
   [Eden: 1024.0K(6144.0K)->0.0B(6144.0K) Survivors: 0.0B->0.0B Heap: 103.4M(128.0M)->103.4M(128.0M)]
 [Times: user=0.00 sys=0.00, real=0.00 secs] 
2020-10-27T23:31:52.972+0800: 0.336: [GC concurrent-root-region-scan-start]
2020-10-27T23:31:52.972+0800: 0.336: [GC concurrent-root-region-scan-end, 0.0000063 secs]
2020-10-27T23:31:52.972+0800: 0.336: [GC concurrent-mark-start]
2020-10-27T23:31:52.972+0800: 0.336: [Full GC (Allocation Failure)  103M->101M(128M), 0.0113827 secs]
   [Eden: 0.0B(6144.0K)->0.0B(6144.0K) Survivors: 0.0B->0.0B Heap: 103.4M(128.0M)->101.8M(128.0M)], [Metaspace: 2774K->2774K(1056768K)]
 [Times: user=0.02 sys=0.00, real=0.01 secs] 
2020-10-27T23:31:52.984+0800: 0.347: [GC concurrent-mark-abort]
2020-10-27T23:31:52.984+0800: 0.348: [GC pause (G1 Humongous Allocation) (young) (initial-mark) (to-space exhausted), 0.0011668 secs]
   [Parallel Time: 0.3 ms, GC Workers: 8]
      [GC Worker Start (ms): Min: 347.8, Avg: 347.9, Max: 347.9, Diff: 0.1]
      [Ext Root Scanning (ms): Min: 0.1, Avg: 0.1, Max: 0.2, Diff: 0.1, Sum: 0.9]
      [Update RS (ms): Min: 0.0, Avg: 0.0, Max: 0.1, Diff: 0.1, Sum: 0.1]
         [Processed Buffers: Min: 0, Avg: 0.3, Max: 1, Diff: 1, Sum: 2]
      [Scan RS (ms): Min: 0.0, Avg: 0.0, Max: 0.0, Diff: 0.0, Sum: 0.0]
      [Code Root Scanning (ms): Min: 0.0, Avg: 0.0, Max: 0.0, Diff: 0.0, Sum: 0.0]
      [Object Copy (ms): Min: 0.0, Avg: 0.0, Max: 0.0, Diff: 0.0, Sum: 0.0]
      [Termination (ms): Min: 0.0, Avg: 0.0, Max: 0.1, Diff: 0.1, Sum: 0.4]
         [Termination Attempts: Min: 1, Avg: 1.4, Max: 2, Diff: 1, Sum: 11]
      [GC Worker Other (ms): Min: 0.0, Avg: 0.0, Max: 0.0, Diff: 0.0, Sum: 0.1]
      [GC Worker Total (ms): Min: 0.1, Avg: 0.2, Max: 0.2, Diff: 0.1, Sum: 1.4]
      [GC Worker End (ms): Min: 348.0, Avg: 348.0, Max: 348.0, Diff: 0.0]
   [Code Root Fixup: 0.0 ms]
   [Code Root Purge: 0.0 ms]
   [Clear CT: 0.3 ms]
   [Other: 0.6 ms]
      [Evacuation Failure: 0.3 ms]
      [Choose CSet: 0.0 ms]
      [Ref Proc: 0.2 ms]
      [Ref Enq: 0.0 ms]
      [Redirty Cards: 0.1 ms]
      [Humongous Register: 0.0 ms]
      [Humongous Reclaim: 0.0 ms]
      [Free CSet: 0.0 ms]
   [Eden: 1024.0K(6144.0K)->0.0B(6144.0K) Survivors: 0.0B->0.0B Heap: 102.8M(128.0M)->102.8M(128.0M)]
 [Times: user=0.00 sys=0.00, real=0.00 secs] 
2020-10-27T23:31:52.986+0800: 0.349: [GC concurrent-root-region-scan-start]
2020-10-27T23:31:52.986+0800: 0.349: [GC concurrent-root-region-scan-end, 0.0000069 secs]
2020-10-27T23:31:52.986+0800: 0.349: [GC concurrent-mark-start]
2020-10-27T23:31:52.986+0800: 0.349: [GC pause (G1 Humongous Allocation) (young), 0.0005921 secs]
   [Parallel Time: 0.2 ms, GC Workers: 8]
      [GC Worker Start (ms): Min: 349.1, Avg: 349.1, Max: 349.2, Diff: 0.1]
      [Ext Root Scanning (ms): Min: 0.0, Avg: 0.1, Max: 0.1, Diff: 0.1, Sum: 0.7]
      [Update RS (ms): Min: 0.0, Avg: 0.0, Max: 0.0, Diff: 0.0, Sum: 0.1]
         [Processed Buffers: Min: 0, Avg: 0.5, Max: 1, Diff: 1, Sum: 4]
      [Scan RS (ms): Min: 0.0, Avg: 0.0, Max: 0.0, Diff: 0.0, Sum: 0.0]
      [Code Root Scanning (ms): Min: 0.0, Avg: 0.0, Max: 0.0, Diff: 0.0, Sum: 0.0]
      [Object Copy (ms): Min: 0.0, Avg: 0.0, Max: 0.0, Diff: 0.0, Sum: 0.0]
      [Termination (ms): Min: 0.0, Avg: 0.0, Max: 0.1, Diff: 0.1, Sum: 0.3]
         [Termination Attempts: Min: 1, Avg: 1.0, Max: 1, Diff: 0, Sum: 8]
      [GC Worker Other (ms): Min: 0.0, Avg: 0.0, Max: 0.0, Diff: 0.0, Sum: 0.0]
      [GC Worker Total (ms): Min: 0.1, Avg: 0.1, Max: 0.2, Diff: 0.1, Sum: 1.2]
      [GC Worker End (ms): Min: 349.3, Avg: 349.3, Max: 349.3, Diff: 0.0]
   [Code Root Fixup: 0.0 ms]
   [Code Root Purge: 0.0 ms]
   [Clear CT: 0.1 ms]
   [Other: 0.3 ms]
      [Choose CSet: 0.0 ms]
      [Ref Proc: 0.1 ms]
      [Ref Enq: 0.0 ms]
      [Redirty Cards: 0.1 ms]
      [Humongous Register: 0.0 ms]
      [Humongous Reclaim: 0.0 ms]
      [Free CSet: 0.0 ms]
   [Eden: 0.0B(6144.0K)->0.0B(6144.0K) Survivors: 0.0B->0.0B Heap: 102.8M(128.0M)->102.8M(128.0M)]
 [Times: user=0.00 sys=0.00, real=0.00 secs] 
2020-10-27T23:31:52.986+0800: 0.350: [Full GC (Allocation Failure)  102M->102M(128M), 0.0019102 secs]
   [Eden: 0.0B(6144.0K)->0.0B(6144.0K) Survivors: 0.0B->0.0B Heap: 102.8M(128.0M)->102.0M(128.0M)], [Metaspace: 2774K->2774K(1056768K)]
 [Times: user=0.00 sys=0.00, real=0.00 secs] 
2020-10-27T23:31:52.988+0800: 0.352: [GC concurrent-mark-abort]
2020-10-27T23:31:52.988+0800: 0.352: [GC pause (G1 Evacuation Pause) (young), 0.0006610 secs]
   [Parallel Time: 0.3 ms, GC Workers: 8]
      [GC Worker Start (ms): Min: 351.9, Avg: 352.0, Max: 352.0, Diff: 0.1]
      [Ext Root Scanning (ms): Min: 0.1, Avg: 0.1, Max: 0.1, Diff: 0.1, Sum: 0.7]
      [Update RS (ms): Min: 0.0, Avg: 0.0, Max: 0.1, Diff: 0.1, Sum: 0.4]
         [Processed Buffers: Min: 0, Avg: 0.9, Max: 1, Diff: 1, Sum: 7]
      [Scan RS (ms): Min: 0.0, Avg: 0.0, Max: 0.0, Diff: 0.0, Sum: 0.0]
      [Code Root Scanning (ms): Min: 0.0, Avg: 0.0, Max: 0.0, Diff: 0.0, Sum: 0.0]
      [Object Copy (ms): Min: 0.0, Avg: 0.0, Max: 0.0, Diff: 0.0, Sum: 0.0]
      [Termination (ms): Min: 0.0, Avg: 0.0, Max: 0.1, Diff: 0.1, Sum: 0.2]
         [Termination Attempts: Min: 1, Avg: 1.0, Max: 1, Diff: 0, Sum: 8]
      [GC Worker Other (ms): Min: 0.0, Avg: 0.0, Max: 0.0, Diff: 0.0, Sum: 0.0]
      [GC Worker Total (ms): Min: 0.1, Avg: 0.2, Max: 0.2, Diff: 0.1, Sum: 1.3]
      [GC Worker End (ms): Min: 352.1, Avg: 352.1, Max: 352.1, Diff: 0.0]
   [Code Root Fixup: 0.0 ms]
   [Code Root Purge: 0.0 ms]
   [Clear CT: 0.1 ms]
   [Other: 0.3 ms]
      [Choose CSet: 0.0 ms]
      [Ref Proc: 0.1 ms]
      [Ref Enq: 0.0 ms]
      [Redirty Cards: 0.1 ms]
      [Humongous Register: 0.0 ms]
      [Humongous Reclaim: 0.0 ms]
      [Free CSet: 0.0 ms]
   [Eden: 0.0B(6144.0K)->0.0B(6144.0K) Survivors: 0.0B->0.0B Heap: 102.6M(128.0M)->102.6M(128.0M)]
 [Times: user=0.00 sys=0.00, real=0.00 secs] 
2020-10-27T23:31:52.989+0800: 0.353: [GC pause (G1 Evacuation Pause) (young) (initial-mark), 0.0006372 secs]
   [Parallel Time: 0.3 ms, GC Workers: 8]
      [GC Worker Start (ms): Min: 352.7, Avg: 352.8, Max: 352.8, Diff: 0.1]
      [Ext Root Scanning (ms): Min: 0.1, Avg: 0.1, Max: 0.1, Diff: 0.1, Sum: 0.8]
      [Update RS (ms): Min: 0.0, Avg: 0.0, Max: 0.1, Diff: 0.1, Sum: 0.1]
         [Processed Buffers: Min: 0, Avg: 0.3, Max: 1, Diff: 1, Sum: 2]
      [Scan RS (ms): Min: 0.0, Avg: 0.0, Max: 0.0, Diff: 0.0, Sum: 0.0]
      [Code Root Scanning (ms): Min: 0.0, Avg: 0.0, Max: 0.0, Diff: 0.0, Sum: 0.0]
      [Object Copy (ms): Min: 0.0, Avg: 0.0, Max: 0.0, Diff: 0.0, Sum: 0.0]
      [Termination (ms): Min: 0.0, Avg: 0.1, Max: 0.1, Diff: 0.1, Sum: 0.4]
         [Termination Attempts: Min: 1, Avg: 1.0, Max: 1, Diff: 0, Sum: 8]
      [GC Worker Other (ms): Min: 0.0, Avg: 0.0, Max: 0.0, Diff: 0.0, Sum: 0.0]
      [GC Worker Total (ms): Min: 0.1, Avg: 0.2, Max: 0.2, Diff: 0.1, Sum: 1.3]
      [GC Worker End (ms): Min: 352.9, Avg: 352.9, Max: 352.9, Diff: 0.0]
   [Code Root Fixup: 0.0 ms]
   [Code Root Purge: 0.0 ms]
   [Clear CT: 0.1 ms]
   [Other: 0.2 ms]
      [Choose CSet: 0.0 ms]
      [Ref Proc: 0.1 ms]
      [Ref Enq: 0.0 ms]
      [Redirty Cards: 0.1 ms]
      [Humongous Register: 0.0 ms]
      [Humongous Reclaim: 0.0 ms]
      [Free CSet: 0.0 ms]
   [Eden: 0.0B(6144.0K)->0.0B(6144.0K) Survivors: 0.0B->0.0B Heap: 102.6M(128.0M)->102.6M(128.0M)]
 [Times: user=0.00 sys=0.00, real=0.00 secs] 
2020-10-27T23:31:52.990+0800: 0.353: [GC concurrent-root-region-scan-start]
2020-10-27T23:31:52.990+0800: 0.353: [GC concurrent-root-region-scan-end, 0.0000055 secs]
2020-10-27T23:31:52.990+0800: 0.353: [GC concurrent-mark-start]
2020-10-27T23:31:52.990+0800: 0.353: [Full GC (Allocation Failure)  102M->102M(128M), 0.0018368 secs]
   [Eden: 0.0B(6144.0K)->0.0B(6144.0K) Survivors: 0.0B->0.0B Heap: 102.6M(128.0M)->102.5M(128.0M)], [Metaspace: 2774K->2774K(1056768K)]
 [Times: user=0.00 sys=0.00, real=0.00 secs] 
2020-10-27T23:31:52.992+0800: 0.355: [Full GC (Allocation Failure)  102M->102M(128M), 0.0019658 secs]
   [Eden: 0.0B(6144.0K)->0.0B(6144.0K) Survivors: 0.0B->0.0B Heap: 102.5M(128.0M)->102.5M(128.0M)], [Metaspace: 2774K->2774K(1056768K)]
 [Times: user=0.11 sys=0.00, real=0.00 secs] 
2020-10-27T23:31:52.994+0800: 0.357: [GC concurrent-mark-abort]
2020-10-27T23:31:52.994+0800: 0.358: [GC pause (G1 Evacuation Pause) (young), 0.0005822 secs]
   [Parallel Time: 0.2 ms, GC Workers: 8]
      [GC Worker Start (ms): Min: 357.6, Avg: 357.6, Max: 357.6, Diff: 0.1]
      [Ext Root Scanning (ms): Min: 0.1, Avg: 0.1, Max: 0.1, Diff: 0.1, Sum: 0.7]
      [Update RS (ms): Min: 0.0, Avg: 0.0, Max: 0.1, Diff: 0.1, Sum: 0.1]
         [Processed Buffers: Min: 0, Avg: 0.4, Max: 1, Diff: 1, Sum: 3]
      [Scan RS (ms): Min: 0.0, Avg: 0.0, Max: 0.0, Diff: 0.0, Sum: 0.0]
      [Code Root Scanning (ms): Min: 0.0, Avg: 0.0, Max: 0.0, Diff: 0.0, Sum: 0.0]
      [Object Copy (ms): Min: 0.0, Avg: 0.0, Max: 0.0, Diff: 0.0, Sum: 0.0]
      [Termination (ms): Min: 0.0, Avg: 0.1, Max: 0.1, Diff: 0.1, Sum: 0.4]
         [Termination Attempts: Min: 1, Avg: 1.0, Max: 1, Diff: 0, Sum: 8]
      [GC Worker Other (ms): Min: 0.0, Avg: 0.0, Max: 0.0, Diff: 0.0, Sum: 0.0]
      [GC Worker Total (ms): Min: 0.1, Avg: 0.2, Max: 0.2, Diff: 0.1, Sum: 1.3]
      [GC Worker End (ms): Min: 357.7, Avg: 357.7, Max: 357.8, Diff: 0.0]
   [Code Root Fixup: 0.0 ms]
   [Code Root Purge: 0.0 ms]
   [Clear CT: 0.1 ms]
   [Other: 0.2 ms]
      [Choose CSet: 0.0 ms]
      [Ref Proc: 0.1 ms]
      [Ref Enq: 0.0 ms]
      [Redirty Cards: 0.1 ms]
      [Humongous Register: 0.0 ms]
      [Humongous Reclaim: 0.0 ms]
      [Free CSet: 0.0 ms]
   [Eden: 0.0B(6144.0K)->0.0B(6144.0K) Survivors: 0.0B->0.0B Heap: 102.5M(128.0M)->102.5M(128.0M)]
 [Times: user=0.00 sys=0.00, real=0.00 secs] 
2020-10-27T23:31:52.995+0800: 0.358: [GC pause (G1 Evacuation Pause) (young) (initial-mark), 0.0006733 secs]
   [Parallel Time: 0.3 ms, GC Workers: 8]
      [GC Worker Start (ms): Min: 358.3, Avg: 358.3, Max: 358.3, Diff: 0.1]
      [Ext Root Scanning (ms): Min: 0.1, Avg: 0.1, Max: 0.1, Diff: 0.1, Sum: 0.7]
      [Update RS (ms): Min: 0.0, Avg: 0.0, Max: 0.1, Diff: 0.1, Sum: 0.1]
         [Processed Buffers: Min: 0, Avg: 0.3, Max: 1, Diff: 1, Sum: 2]
      [Scan RS (ms): Min: 0.0, Avg: 0.0, Max: 0.0, Diff: 0.0, Sum: 0.0]
      [Code Root Scanning (ms): Min: 0.0, Avg: 0.0, Max: 0.0, Diff: 0.0, Sum: 0.0]
      [Object Copy (ms): Min: 0.0, Avg: 0.0, Max: 0.0, Diff: 0.0, Sum: 0.0]
      [Termination (ms): Min: 0.0, Avg: 0.0, Max: 0.1, Diff: 0.1, Sum: 0.4]
         [Termination Attempts: Min: 1, Avg: 1.0, Max: 1, Diff: 0, Sum: 8]
      [GC Worker Other (ms): Min: 0.0, Avg: 0.0, Max: 0.0, Diff: 0.0, Sum: 0.0]
      [GC Worker Total (ms): Min: 0.1, Avg: 0.2, Max: 0.2, Diff: 0.1, Sum: 1.2]
      [GC Worker End (ms): Min: 358.5, Avg: 358.5, Max: 358.5, Diff: 0.0]
   [Code Root Fixup: 0.0 ms]
   [Code Root Purge: 0.0 ms]
   [Clear CT: 0.1 ms]
   [Other: 0.3 ms]
      [Choose CSet: 0.0 ms]
      [Ref Proc: 0.1 ms]
      [Ref Enq: 0.0 ms]
      [Redirty Cards: 0.1 ms]
      [Humongous Register: 0.0 ms]
      [Humongous Reclaim: 0.0 ms]
      [Free CSet: 0.0 ms]
   [Eden: 0.0B(6144.0K)->0.0B(6144.0K) Survivors: 0.0B->0.0B Heap: 102.5M(128.0M)->102.5M(128.0M)]
 [Times: user=0.00 sys=0.00, real=0.00 secs] 
2020-10-27T23:31:52.996+0800: 0.359: [GC concurrent-root-region-scan-start]
2020-10-27T23:31:52.996+0800: 0.359: [GC concurrent-root-region-scan-end, 0.0000059 secs]
2020-10-27T23:31:52.996+0800: 0.359: [GC concurrent-mark-start]
2020-10-27T23:31:52.996+0800: 0.359: [Full GC (Allocation Failure)  102M->644K(128M), 0.0018776 secs]
   [Eden: 0.0B(6144.0K)->0.0B(76.0M) Survivors: 0.0B->0.0B Heap: 102.5M(128.0M)->644.9K(128.0M)], [Metaspace: 2774K->2774K(1056768K)]
 [Times: user=0.00 sys=0.00, real=0.00 secs] 
2020-10-27T23:31:52.998+0800: 0.361: [GC concurrent-mark-abort]
Heap
 garbage-first heap   total 131072K, used 644K [0x00000000f8000000, 0x00000000f8100400, 0x0000000100000000)
  region size 1024K, 1 young (1024K), 0 survivors (0K)
 Metaspace       used 2804K, capacity 4486K, committed 4864K, reserved 1056768K
  class space    used 316K, capacity 386K, committed 512K, reserved 1048576K
