Java HotSpot(TM) 64-Bit Server VM (25.91-b15) for windows-amd64 JRE (1.8.0_91-b15), built on May 20 2016 17:43:15 by "java_re" with MS VC++ 10.0 (VS2010)
Memory: 4k page, physical 16718916k(9112560k free), swap 16718916k(6736820k free)
CommandLine flags: -XX:InitialHeapSize=536870912 -XX:MaxGCPauseMillis=50 -XX:MaxHeapSize=536870912 -XX:+PrintGC -XX:+PrintGCDateStamps -XX:+PrintGCDetails -XX:+PrintGCTimeStamps -XX:+UseCompressedClassPointers -XX:+UseCompressedOops -XX:+UseG1GC -XX:-UseLargePagesIndividualAllocation 
2020-10-27T23:32:38.367+0800: 0.189: [GC pause (G1 Evacuation Pause) (young), 0.0034030 secs]
   [Parallel Time: 1.7 ms, GC Workers: 8]
      [GC Worker Start (ms): Min: 188.9, Avg: 188.9, Max: 189.0, Diff: 0.1]
      [Ext Root Scanning (ms): Min: 0.1, Avg: 0.1, Max: 0.3, Diff: 0.2, Sum: 1.1]
      [Update RS (ms): Min: 0.0, Avg: 0.0, Max: 0.0, Diff: 0.0, Sum: 0.0]
         [Processed Buffers: Min: 0, Avg: 0.0, Max: 0, Diff: 0, Sum: 0]
      [Scan RS (ms): Min: 0.0, Avg: 0.0, Max: 0.0, Diff: 0.0, Sum: 0.0]
      [Code Root Scanning (ms): Min: 0.0, Avg: 0.0, Max: 0.0, Diff: 0.0, Sum: 0.0]
      [Object Copy (ms): Min: 1.1, Avg: 1.2, Max: 1.4, Diff: 0.3, Sum: 9.8]
      [Termination (ms): Min: 0.0, Avg: 0.2, Max: 0.3, Diff: 0.3, Sum: 1.3]
         [Termination Attempts: Min: 1, Avg: 1.0, Max: 1, Diff: 0, Sum: 8]
      [GC Worker Other (ms): Min: 0.0, Avg: 0.0, Max: 0.0, Diff: 0.0, Sum: 0.2]
      [GC Worker Total (ms): Min: 1.5, Avg: 1.6, Max: 1.7, Diff: 0.1, Sum: 12.5]
      [GC Worker End (ms): Min: 190.5, Avg: 190.5, Max: 190.5, Diff: 0.0]
   [Code Root Fixup: 0.0 ms]
   [Code Root Purge: 0.0 ms]
   [Clear CT: 0.7 ms]
   [Other: 1.0 ms]
      [Choose CSet: 0.0 ms]
      [Ref Proc: 0.4 ms]
      [Ref Enq: 0.0 ms]
      [Redirty Cards: 0.3 ms]
      [Humongous Register: 0.0 ms]
      [Humongous Reclaim: 0.0 ms]
      [Free CSet: 0.0 ms]
   [Eden: 25.0M(25.0M)->0.0B(21.0M) Survivors: 0.0B->4096.0K Heap: 28.9M(512.0M)->10.8M(512.0M)]
 [Times: user=0.03 sys=0.00, real=0.00 secs] 
2020-10-27T23:32:38.377+0800: 0.198: [GC pause (G1 Evacuation Pause) (young), 0.0034710 secs]
   [Parallel Time: 1.8 ms, GC Workers: 8]
      [GC Worker Start (ms): Min: 198.2, Avg: 198.3, Max: 198.3, Diff: 0.1]
      [Ext Root Scanning (ms): Min: 0.1, Avg: 0.1, Max: 0.2, Diff: 0.1, Sum: 0.9]
      [Update RS (ms): Min: 0.0, Avg: 0.0, Max: 0.2, Diff: 0.2, Sum: 0.2]
         [Processed Buffers: Min: 0, Avg: 0.4, Max: 1, Diff: 1, Sum: 3]
      [Scan RS (ms): Min: 0.0, Avg: 0.0, Max: 0.0, Diff: 0.0, Sum: 0.0]
      [Code Root Scanning (ms): Min: 0.0, Avg: 0.0, Max: 0.0, Diff: 0.0, Sum: 0.0]
      [Object Copy (ms): Min: 1.2, Avg: 1.4, Max: 1.5, Diff: 0.3, Sum: 11.1]
      [Termination (ms): Min: 0.0, Avg: 0.1, Max: 0.2, Diff: 0.2, Sum: 1.0]
         [Termination Attempts: Min: 1, Avg: 1.0, Max: 1, Diff: 0, Sum: 8]
      [GC Worker Other (ms): Min: 0.0, Avg: 0.0, Max: 0.0, Diff: 0.0, Sum: 0.1]
      [GC Worker Total (ms): Min: 1.6, Avg: 1.7, Max: 1.7, Diff: 0.1, Sum: 13.3]
      [GC Worker End (ms): Min: 199.9, Avg: 199.9, Max: 199.9, Diff: 0.0]
   [Code Root Fixup: 0.0 ms]
   [Code Root Purge: 0.0 ms]
   [Clear CT: 0.9 ms]
   [Other: 0.8 ms]
      [Choose CSet: 0.0 ms]
      [Ref Proc: 0.3 ms]
      [Ref Enq: 0.0 ms]
      [Redirty Cards: 0.3 ms]
      [Humongous Register: 0.0 ms]
      [Humongous Reclaim: 0.0 ms]
      [Free CSet: 0.0 ms]
   [Eden: 21.0M(21.0M)->0.0B(21.0M) Survivors: 4096.0K->4096.0K Heap: 37.5M(512.0M)->19.7M(512.0M)]
 [Times: user=0.00 sys=0.00, real=0.00 secs] 
2020-10-27T23:32:38.389+0800: 0.211: [GC pause (G1 Evacuation Pause) (young), 0.0031216 secs]
   [Parallel Time: 2.1 ms, GC Workers: 8]
      [GC Worker Start (ms): Min: 210.8, Avg: 210.8, Max: 210.9, Diff: 0.2]
      [Ext Root Scanning (ms): Min: 0.0, Avg: 0.1, Max: 0.2, Diff: 0.2, Sum: 0.8]
      [Update RS (ms): Min: 0.0, Avg: 0.2, Max: 0.6, Diff: 0.6, Sum: 1.4]
         [Processed Buffers: Min: 1, Avg: 1.3, Max: 2, Diff: 1, Sum: 10]
      [Scan RS (ms): Min: 0.0, Avg: 0.0, Max: 0.0, Diff: 0.0, Sum: 0.0]
      [Code Root Scanning (ms): Min: 0.0, Avg: 0.0, Max: 0.0, Diff: 0.0, Sum: 0.0]
      [Object Copy (ms): Min: 0.9, Avg: 1.4, Max: 1.7, Diff: 0.8, Sum: 10.9]
      [Termination (ms): Min: 0.0, Avg: 0.2, Max: 0.3, Diff: 0.3, Sum: 1.4]
         [Termination Attempts: Min: 1, Avg: 1.0, Max: 1, Diff: 0, Sum: 8]
      [GC Worker Other (ms): Min: 0.0, Avg: 0.0, Max: 0.0, Diff: 0.0, Sum: 0.1]
      [GC Worker Total (ms): Min: 1.7, Avg: 1.8, Max: 1.9, Diff: 0.2, Sum: 14.6]
      [GC Worker End (ms): Min: 212.7, Avg: 212.7, Max: 212.7, Diff: 0.0]
   [Code Root Fixup: 0.0 ms]
   [Code Root Purge: 0.0 ms]
   [Clear CT: 0.3 ms]
   [Other: 0.7 ms]
      [Choose CSet: 0.0 ms]
      [Ref Proc: 0.2 ms]
      [Ref Enq: 0.0 ms]
      [Redirty Cards: 0.3 ms]
      [Humongous Register: 0.0 ms]
      [Humongous Reclaim: 0.0 ms]
      [Free CSet: 0.0 ms]
   [Eden: 21.0M(21.0M)->0.0B(21.0M) Survivors: 4096.0K->4096.0K Heap: 48.8M(512.0M)->30.2M(512.0M)]
 [Times: user=0.00 sys=0.00, real=0.00 secs] 
2020-10-27T23:32:38.397+0800: 0.218: [GC pause (G1 Evacuation Pause) (young), 0.0030685 secs]
   [Parallel Time: 2.0 ms, GC Workers: 8]
      [GC Worker Start (ms): Min: 218.3, Avg: 218.3, Max: 218.4, Diff: 0.2]
      [Ext Root Scanning (ms): Min: 0.0, Avg: 0.1, Max: 0.2, Diff: 0.2, Sum: 0.8]
      [Update RS (ms): Min: 0.0, Avg: 0.0, Max: 0.1, Diff: 0.1, Sum: 0.2]
         [Processed Buffers: Min: 0, Avg: 1.1, Max: 2, Diff: 2, Sum: 9]
      [Scan RS (ms): Min: 0.0, Avg: 0.0, Max: 0.0, Diff: 0.0, Sum: 0.0]
      [Code Root Scanning (ms): Min: 0.0, Avg: 0.0, Max: 0.0, Diff: 0.0, Sum: 0.0]
      [Object Copy (ms): Min: 1.3, Avg: 1.5, Max: 1.6, Diff: 0.3, Sum: 11.6]
      [Termination (ms): Min: 0.0, Avg: 0.2, Max: 0.3, Diff: 0.3, Sum: 1.2]
         [Termination Attempts: Min: 1, Avg: 1.0, Max: 1, Diff: 0, Sum: 8]
      [GC Worker Other (ms): Min: 0.0, Avg: 0.0, Max: 0.0, Diff: 0.0, Sum: 0.1]
      [GC Worker Total (ms): Min: 1.6, Avg: 1.7, Max: 1.8, Diff: 0.2, Sum: 14.0]
      [GC Worker End (ms): Min: 220.1, Avg: 220.1, Max: 220.1, Diff: 0.0]
   [Code Root Fixup: 0.0 ms]
   [Code Root Purge: 0.0 ms]
   [Clear CT: 0.4 ms]
   [Other: 0.7 ms]
      [Choose CSet: 0.0 ms]
      [Ref Proc: 0.3 ms]
      [Ref Enq: 0.0 ms]
      [Redirty Cards: 0.2 ms]
      [Humongous Register: 0.0 ms]
      [Humongous Reclaim: 0.0 ms]
      [Free CSet: 0.0 ms]
   [Eden: 21.0M(21.0M)->0.0B(21.0M) Survivors: 4096.0K->4096.0K Heap: 54.7M(512.0M)->39.4M(512.0M)]
 [Times: user=0.08 sys=0.03, real=0.00 secs] 
2020-10-27T23:32:38.405+0800: 0.226: [GC pause (G1 Evacuation Pause) (young), 0.0028656 secs]
   [Parallel Time: 2.0 ms, GC Workers: 8]
      [GC Worker Start (ms): Min: 226.4, Avg: 226.5, Max: 226.6, Diff: 0.2]
      [Ext Root Scanning (ms): Min: 0.0, Avg: 0.1, Max: 0.1, Diff: 0.1, Sum: 0.8]
      [Update RS (ms): Min: 0.0, Avg: 0.0, Max: 0.0, Diff: 0.0, Sum: 0.1]
         [Processed Buffers: Min: 0, Avg: 1.3, Max: 2, Diff: 2, Sum: 10]
      [Scan RS (ms): Min: 0.0, Avg: 0.0, Max: 0.0, Diff: 0.0, Sum: 0.0]
      [Code Root Scanning (ms): Min: 0.0, Avg: 0.0, Max: 0.0, Diff: 0.0, Sum: 0.0]
      [Object Copy (ms): Min: 1.7, Avg: 1.7, Max: 1.8, Diff: 0.1, Sum: 13.8]
      [Termination (ms): Min: 0.0, Avg: 0.1, Max: 0.1, Diff: 0.1, Sum: 0.4]
         [Termination Attempts: Min: 1, Avg: 1.0, Max: 1, Diff: 0, Sum: 8]
      [GC Worker Other (ms): Min: 0.0, Avg: 0.0, Max: 0.0, Diff: 0.0, Sum: 0.1]
      [GC Worker Total (ms): Min: 1.8, Avg: 1.9, Max: 2.0, Diff: 0.2, Sum: 15.2]
      [GC Worker End (ms): Min: 228.4, Avg: 228.4, Max: 228.4, Diff: 0.0]
   [Code Root Fixup: 0.0 ms]
   [Code Root Purge: 0.0 ms]
   [Clear CT: 0.2 ms]
   [Other: 0.6 ms]
      [Choose CSet: 0.0 ms]
      [Ref Proc: 0.1 ms]
      [Ref Enq: 0.0 ms]
      [Redirty Cards: 0.3 ms]
      [Humongous Register: 0.0 ms]
      [Humongous Reclaim: 0.0 ms]
      [Free CSet: 0.0 ms]
   [Eden: 21.0M(21.0M)->0.0B(27.0M) Survivors: 4096.0K->4096.0K Heap: 63.4M(512.0M)->49.7M(512.0M)]
 [Times: user=0.00 sys=0.00, real=0.00 secs] 
2020-10-27T23:32:38.416+0800: 0.238: [GC pause (G1 Evacuation Pause) (young), 0.0034520 secs]
   [Parallel Time: 2.4 ms, GC Workers: 8]
      [GC Worker Start (ms): Min: 237.6, Avg: 237.6, Max: 237.7, Diff: 0.1]
      [Ext Root Scanning (ms): Min: 0.1, Avg: 0.1, Max: 0.2, Diff: 0.1, Sum: 0.8]
      [Update RS (ms): Min: 0.0, Avg: 0.0, Max: 0.0, Diff: 0.0, Sum: 0.2]
         [Processed Buffers: Min: 0, Avg: 1.1, Max: 2, Diff: 2, Sum: 9]
      [Scan RS (ms): Min: 0.0, Avg: 0.0, Max: 0.0, Diff: 0.0, Sum: 0.0]
      [Code Root Scanning (ms): Min: 0.0, Avg: 0.0, Max: 0.0, Diff: 0.0, Sum: 0.0]
      [Object Copy (ms): Min: 1.7, Avg: 1.8, Max: 1.9, Diff: 0.2, Sum: 14.5]
      [Termination (ms): Min: 0.0, Avg: 0.1, Max: 0.2, Diff: 0.2, Sum: 0.9]
         [Termination Attempts: Min: 1, Avg: 1.0, Max: 1, Diff: 0, Sum: 8]
      [GC Worker Other (ms): Min: 0.0, Avg: 0.0, Max: 0.0, Diff: 0.0, Sum: 0.1]
      [GC Worker Total (ms): Min: 2.0, Avg: 2.0, Max: 2.1, Diff: 0.1, Sum: 16.4]
      [GC Worker End (ms): Min: 239.7, Avg: 239.7, Max: 239.7, Diff: 0.0]
   [Code Root Fixup: 0.0 ms]
   [Code Root Purge: 0.0 ms]
   [Clear CT: 0.3 ms]
   [Other: 0.7 ms]
      [Choose CSet: 0.0 ms]
      [Ref Proc: 0.3 ms]
      [Ref Enq: 0.0 ms]
      [Redirty Cards: 0.3 ms]
      [Humongous Register: 0.0 ms]
      [Humongous Reclaim: 0.0 ms]
      [Free CSet: 0.0 ms]
   [Eden: 27.0M(27.0M)->0.0B(303.0M) Survivors: 4096.0K->4096.0K Heap: 83.8M(512.0M)->63.1M(512.0M)]
 [Times: user=0.00 sys=0.00, real=0.00 secs] 
2020-10-27T23:32:38.585+0800: 0.407: [GC pause (G1 Evacuation Pause) (young) (to-space exhausted), 0.0035059 secs]
   [Parallel Time: 1.5 ms, GC Workers: 8]
      [GC Worker Start (ms): Min: 406.8, Avg: 406.9, Max: 406.9, Diff: 0.1]
      [Ext Root Scanning (ms): Min: 0.1, Avg: 0.1, Max: 0.1, Diff: 0.1, Sum: 0.8]
      [Update RS (ms): Min: 0.1, Avg: 0.1, Max: 0.2, Diff: 0.1, Sum: 0.9]
         [Processed Buffers: Min: 0, Avg: 1.5, Max: 2, Diff: 2, Sum: 12]
      [Scan RS (ms): Min: 0.0, Avg: 0.0, Max: 0.1, Diff: 0.1, Sum: 0.2]
      [Code Root Scanning (ms): Min: 0.0, Avg: 0.0, Max: 0.0, Diff: 0.0, Sum: 0.0]
      [Object Copy (ms): Min: 0.9, Avg: 1.0, Max: 1.0, Diff: 0.1, Sum: 7.7]
      [Termination (ms): Min: 0.0, Avg: 0.0, Max: 0.1, Diff: 0.1, Sum: 0.3]
         [Termination Attempts: Min: 1, Avg: 1.0, Max: 1, Diff: 0, Sum: 8]
      [GC Worker Other (ms): Min: 0.0, Avg: 0.0, Max: 0.0, Diff: 0.0, Sum: 0.1]
      [GC Worker Total (ms): Min: 1.2, Avg: 1.3, Max: 1.3, Diff: 0.1, Sum: 10.0]
      [GC Worker End (ms): Min: 408.1, Avg: 408.1, Max: 408.1, Diff: 0.0]
   [Code Root Fixup: 0.0 ms]
   [Code Root Purge: 0.0 ms]
   [Clear CT: 0.2 ms]
   [Other: 1.7 ms]
      [Evacuation Failure: 0.6 ms]
      [Choose CSet: 0.0 ms]
      [Ref Proc: 0.3 ms]
      [Ref Enq: 0.0 ms]
      [Redirty Cards: 0.4 ms]
      [Humongous Register: 0.1 ms]
      [Humongous Reclaim: 0.1 ms]
      [Free CSet: 0.1 ms]
   [Eden: 293.0M(303.0M)->0.0B(58.0M) Survivors: 4096.0K->0.0B Heap: 449.8M(512.0M)->362.7M(512.0M)]
 [Times: user=0.01 sys=0.02, real=0.00 secs] 
2020-10-27T23:32:38.590+0800: 0.411: [GC pause (G1 Humongous Allocation) (young) (initial-mark), 0.0011294 secs]
   [Parallel Time: 0.3 ms, GC Workers: 8]
      [GC Worker Start (ms): Min: 410.9, Avg: 411.0, Max: 411.0, Diff: 0.1]
      [Ext Root Scanning (ms): Min: 0.1, Avg: 0.1, Max: 0.2, Diff: 0.1, Sum: 0.8]
      [Update RS (ms): Min: 0.0, Avg: 0.0, Max: 0.1, Diff: 0.1, Sum: 0.4]
         [Processed Buffers: Min: 0, Avg: 1.5, Max: 3, Diff: 3, Sum: 12]
      [Scan RS (ms): Min: 0.0, Avg: 0.0, Max: 0.0, Diff: 0.0, Sum: 0.0]
      [Code Root Scanning (ms): Min: 0.0, Avg: 0.0, Max: 0.0, Diff: 0.0, Sum: 0.0]
      [Object Copy (ms): Min: 0.0, Avg: 0.0, Max: 0.1, Diff: 0.1, Sum: 0.2]
      [Termination (ms): Min: 0.0, Avg: 0.0, Max: 0.1, Diff: 0.0, Sum: 0.3]
         [Termination Attempts: Min: 1, Avg: 1.4, Max: 2, Diff: 1, Sum: 11]
      [GC Worker Other (ms): Min: 0.0, Avg: 0.0, Max: 0.0, Diff: 0.0, Sum: 0.0]
      [GC Worker Total (ms): Min: 0.2, Avg: 0.2, Max: 0.3, Diff: 0.1, Sum: 1.8]
      [GC Worker End (ms): Min: 411.2, Avg: 411.2, Max: 411.2, Diff: 0.0]
   [Code Root Fixup: 0.0 ms]
   [Code Root Purge: 0.0 ms]
   [Clear CT: 0.3 ms]
   [Other: 0.5 ms]
      [Choose CSet: 0.0 ms]
      [Ref Proc: 0.3 ms]
      [Ref Enq: 0.0 ms]
      [Redirty Cards: 0.1 ms]
      [Humongous Register: 0.0 ms]
      [Humongous Reclaim: 0.0 ms]
      [Free CSet: 0.0 ms]
   [Eden: 4096.0K(58.0M)->0.0B(56.0M) Survivors: 0.0B->1024.0K Heap: 366.0M(512.0M)->363.2M(512.0M)]
 [Times: user=0.00 sys=0.00, real=0.00 secs] 
2020-10-27T23:32:38.591+0800: 0.412: [GC concurrent-root-region-scan-start]
2020-10-27T23:32:38.591+0800: 0.412: [GC concurrent-root-region-scan-end, 0.0000802 secs]
2020-10-27T23:32:38.591+0800: 0.412: [GC concurrent-mark-start]
2020-10-27T23:32:38.593+0800: 0.414: [GC concurrent-mark-end, 0.0018611 secs]
2020-10-27T23:32:38.593+0800: 0.414: [GC remark 2020-10-27T23:32:38.593+0800: 0.414: [Finalize Marking, 0.0002863 secs] 2020-10-27T23:32:38.593+0800: 0.415: [GC ref-proc, 0.0001922 secs] 2020-10-27T23:32:38.594+0800: 0.415: [Unloading, 0.0005094 secs], 0.0014992 secs]
 [Times: user=0.00 sys=0.00, real=0.00 secs] 
2020-10-27T23:32:38.595+0800: 0.416: [GC cleanup 375M->375M(512M), 0.0008782 secs]
 [Times: user=0.00 sys=0.00, real=0.00 secs] 
2020-10-27T23:32:38.608+0800: 0.429: [GC pause (G1 Evacuation Pause) (young), 0.0035469 secs]
   [Parallel Time: 2.6 ms, GC Workers: 8]
      [GC Worker Start (ms): Min: 429.6, Avg: 429.6, Max: 429.7, Diff: 0.1]
      [Ext Root Scanning (ms): Min: 0.1, Avg: 0.1, Max: 0.2, Diff: 0.1, Sum: 0.8]
      [Update RS (ms): Min: 0.1, Avg: 0.2, Max: 0.8, Diff: 0.7, Sum: 1.6]
         [Processed Buffers: Min: 0, Avg: 1.8, Max: 2, Diff: 2, Sum: 14]
      [Scan RS (ms): Min: 0.0, Avg: 0.0, Max: 0.0, Diff: 0.0, Sum: 0.0]
      [Code Root Scanning (ms): Min: 0.0, Avg: 0.0, Max: 0.0, Diff: 0.0, Sum: 0.0]
      [Object Copy (ms): Min: 1.3, Avg: 2.0, Max: 2.1, Diff: 0.8, Sum: 15.8]
      [Termination (ms): Min: 0.0, Avg: 0.1, Max: 0.1, Diff: 0.1, Sum: 0.5]
         [Termination Attempts: Min: 1, Avg: 1.8, Max: 3, Diff: 2, Sum: 14]
      [GC Worker Other (ms): Min: 0.0, Avg: 0.0, Max: 0.0, Diff: 0.0, Sum: 0.1]
      [GC Worker Total (ms): Min: 2.3, Avg: 2.4, Max: 2.4, Diff: 0.1, Sum: 18.8]
      [GC Worker End (ms): Min: 432.0, Avg: 432.0, Max: 432.0, Diff: 0.0]
   [Code Root Fixup: 0.0 ms]
   [Code Root Purge: 0.0 ms]
   [Clear CT: 0.2 ms]
   [Other: 0.8 ms]
      [Choose CSet: 0.0 ms]
      [Ref Proc: 0.3 ms]
      [Ref Enq: 0.0 ms]
      [Redirty Cards: 0.3 ms]
      [Humongous Register: 0.1 ms]
      [Humongous Reclaim: 0.0 ms]
      [Free CSet: 0.0 ms]
   [Eden: 56.0M(56.0M)->0.0B(17.0M) Survivors: 1024.0K->8192.0K Heap: 438.0M(512.0M)->387.1M(512.0M)]
 [Times: user=0.00 sys=0.00, real=0.00 secs] 
2020-10-27T23:32:38.615+0800: 0.437: [GC pause (G1 Evacuation Pause) (mixed), 0.0032979 secs]
   [Parallel Time: 2.3 ms, GC Workers: 8]
      [GC Worker Start (ms): Min: 436.7, Avg: 436.7, Max: 436.8, Diff: 0.1]
      [Ext Root Scanning (ms): Min: 0.1, Avg: 0.1, Max: 0.2, Diff: 0.1, Sum: 0.8]
      [Update RS (ms): Min: 0.1, Avg: 0.2, Max: 0.5, Diff: 0.3, Sum: 1.6]
         [Processed Buffers: Min: 0, Avg: 2.5, Max: 3, Diff: 3, Sum: 20]
      [Scan RS (ms): Min: 0.0, Avg: 0.0, Max: 0.0, Diff: 0.0, Sum: 0.1]
      [Code Root Scanning (ms): Min: 0.0, Avg: 0.0, Max: 0.0, Diff: 0.0, Sum: 0.0]
      [Object Copy (ms): Min: 1.4, Avg: 1.7, Max: 1.8, Diff: 0.4, Sum: 13.8]
      [Termination (ms): Min: 0.0, Avg: 0.1, Max: 0.1, Diff: 0.1, Sum: 0.7]
         [Termination Attempts: Min: 1, Avg: 1.0, Max: 1, Diff: 0, Sum: 8]
      [GC Worker Other (ms): Min: 0.0, Avg: 0.0, Max: 0.0, Diff: 0.0, Sum: 0.1]
      [GC Worker Total (ms): Min: 2.1, Avg: 2.1, Max: 2.2, Diff: 0.1, Sum: 17.1]
      [GC Worker End (ms): Min: 438.8, Avg: 438.8, Max: 438.9, Diff: 0.0]
   [Code Root Fixup: 0.0 ms]
   [Code Root Purge: 0.0 ms]
   [Clear CT: 0.3 ms]
   [Other: 0.7 ms]
      [Choose CSet: 0.0 ms]
      [Ref Proc: 0.1 ms]
      [Ref Enq: 0.0 ms]
      [Redirty Cards: 0.3 ms]
      [Humongous Register: 0.1 ms]
      [Humongous Reclaim: 0.0 ms]
      [Free CSet: 0.1 ms]
   [Eden: 17.0M(17.0M)->0.0B(21.0M) Survivors: 8192.0K->4096.0K Heap: 408.1M(512.0M)->356.4M(512.0M)]
 [Times: user=0.06 sys=0.05, real=0.00 secs] 
2020-10-27T23:32:38.623+0800: 0.444: [GC pause (G1 Evacuation Pause) (mixed), 0.0036457 secs]
   [Parallel Time: 2.6 ms, GC Workers: 8]
      [GC Worker Start (ms): Min: 444.3, Avg: 444.4, Max: 444.4, Diff: 0.1]
      [Ext Root Scanning (ms): Min: 0.1, Avg: 0.1, Max: 0.1, Diff: 0.1, Sum: 0.8]
      [Update RS (ms): Min: 0.1, Avg: 0.2, Max: 0.6, Diff: 0.5, Sum: 1.6]
         [Processed Buffers: Min: 0, Avg: 2.0, Max: 3, Diff: 3, Sum: 16]
      [Scan RS (ms): Min: 0.0, Avg: 0.0, Max: 0.0, Diff: 0.0, Sum: 0.1]
      [Code Root Scanning (ms): Min: 0.0, Avg: 0.0, Max: 0.0, Diff: 0.0, Sum: 0.0]
      [Object Copy (ms): Min: 1.7, Avg: 2.1, Max: 2.2, Diff: 0.6, Sum: 17.1]
      [Termination (ms): Min: 0.0, Avg: 0.0, Max: 0.1, Diff: 0.1, Sum: 0.3]
         [Termination Attempts: Min: 1, Avg: 1.1, Max: 2, Diff: 1, Sum: 9]
      [GC Worker Other (ms): Min: 0.0, Avg: 0.0, Max: 0.0, Diff: 0.0, Sum: 0.1]
      [GC Worker Total (ms): Min: 2.5, Avg: 2.5, Max: 2.5, Diff: 0.1, Sum: 19.9]
      [GC Worker End (ms): Min: 446.9, Avg: 446.9, Max: 446.9, Diff: 0.0]
   [Code Root Fixup: 0.0 ms]
   [Code Root Purge: 0.0 ms]
   [Clear CT: 0.2 ms]
   [Other: 0.9 ms]
      [Choose CSet: 0.0 ms]
      [Ref Proc: 0.2 ms]
      [Ref Enq: 0.0 ms]
      [Redirty Cards: 0.5 ms]
      [Humongous Register: 0.1 ms]
      [Humongous Reclaim: 0.0 ms]
      [Free CSet: 0.1 ms]
   [Eden: 21.0M(21.0M)->0.0B(21.0M) Survivors: 4096.0K->4096.0K Heap: 384.8M(512.0M)->321.0M(512.0M)]
 [Times: user=0.00 sys=0.00, real=0.00 secs] 
2020-10-27T23:32:38.631+0800: 0.452: [GC pause (G1 Evacuation Pause) (mixed), 0.0039263 secs]
   [Parallel Time: 2.8 ms, GC Workers: 8]
      [GC Worker Start (ms): Min: 451.9, Avg: 452.0, Max: 452.1, Diff: 0.1]
      [Ext Root Scanning (ms): Min: 0.1, Avg: 0.1, Max: 0.2, Diff: 0.1, Sum: 0.8]
      [Update RS (ms): Min: 0.1, Avg: 0.2, Max: 0.4, Diff: 0.3, Sum: 1.4]
         [Processed Buffers: Min: 0, Avg: 2.1, Max: 3, Diff: 3, Sum: 17]
      [Scan RS (ms): Min: 0.0, Avg: 0.0, Max: 0.0, Diff: 0.0, Sum: 0.1]
      [Code Root Scanning (ms): Min: 0.0, Avg: 0.0, Max: 0.0, Diff: 0.0, Sum: 0.0]
      [Object Copy (ms): Min: 2.1, Avg: 2.4, Max: 2.4, Diff: 0.4, Sum: 18.9]
      [Termination (ms): Min: 0.0, Avg: 0.0, Max: 0.1, Diff: 0.1, Sum: 0.2]
         [Termination Attempts: Min: 1, Avg: 1.0, Max: 1, Diff: 0, Sum: 8]
      [GC Worker Other (ms): Min: 0.0, Avg: 0.0, Max: 0.0, Diff: 0.0, Sum: 0.1]
      [GC Worker Total (ms): Min: 2.7, Avg: 2.7, Max: 2.8, Diff: 0.1, Sum: 21.6]
      [GC Worker End (ms): Min: 454.7, Avg: 454.7, Max: 454.7, Diff: 0.0]
   [Code Root Fixup: 0.0 ms]
   [Code Root Purge: 0.0 ms]
   [Clear CT: 0.3 ms]
   [Other: 0.8 ms]
      [Choose CSet: 0.0 ms]
      [Ref Proc: 0.2 ms]
      [Ref Enq: 0.0 ms]
      [Redirty Cards: 0.3 ms]
      [Humongous Register: 0.1 ms]
      [Humongous Reclaim: 0.0 ms]
      [Free CSet: 0.1 ms]
   [Eden: 21.0M(21.0M)->0.0B(21.0M) Survivors: 4096.0K->4096.0K Heap: 348.3M(512.0M)->284.8M(512.0M)]
 [Times: user=0.11 sys=0.01, real=0.00 secs] 
2020-10-27T23:32:38.638+0800: 0.460: [GC pause (G1 Evacuation Pause) (mixed), 0.0044890 secs]
   [Parallel Time: 3.4 ms, GC Workers: 8]
      [GC Worker Start (ms): Min: 459.7, Avg: 459.9, Max: 459.9, Diff: 0.2]
      [Ext Root Scanning (ms): Min: 0.0, Avg: 0.1, Max: 0.2, Diff: 0.2, Sum: 0.5]
      [Update RS (ms): Min: 0.2, Avg: 0.2, Max: 0.3, Diff: 0.1, Sum: 1.8]
         [Processed Buffers: Min: 0, Avg: 3.5, Max: 4, Diff: 4, Sum: 28]
      [Scan RS (ms): Min: 0.0, Avg: 0.0, Max: 0.0, Diff: 0.0, Sum: 0.1]
      [Code Root Scanning (ms): Min: 0.0, Avg: 0.0, Max: 0.0, Diff: 0.0, Sum: 0.0]
      [Object Copy (ms): Min: 2.8, Avg: 2.9, Max: 2.9, Diff: 0.1, Sum: 23.0]
      [Termination (ms): Min: 0.0, Avg: 0.0, Max: 0.1, Diff: 0.1, Sum: 0.2]
         [Termination Attempts: Min: 1, Avg: 1.0, Max: 1, Diff: 0, Sum: 8]
      [GC Worker Other (ms): Min: 0.0, Avg: 0.0, Max: 0.0, Diff: 0.0, Sum: 0.1]
      [GC Worker Total (ms): Min: 3.1, Avg: 3.2, Max: 3.3, Diff: 0.2, Sum: 25.7]
      [GC Worker End (ms): Min: 463.1, Avg: 463.1, Max: 463.1, Diff: 0.0]
   [Code Root Fixup: 0.0 ms]
   [Code Root Purge: 0.0 ms]
   [Clear CT: 0.2 ms]
   [Other: 0.8 ms]
      [Choose CSet: 0.0 ms]
      [Ref Proc: 0.2 ms]
      [Ref Enq: 0.0 ms]
      [Redirty Cards: 0.4 ms]
      [Humongous Register: 0.1 ms]
      [Humongous Reclaim: 0.0 ms]
      [Free CSet: 0.1 ms]
   [Eden: 21.0M(21.0M)->0.0B(21.0M) Survivors: 4096.0K->4096.0K Heap: 309.8M(512.0M)->255.0M(512.0M)]
 [Times: user=0.00 sys=0.00, real=0.00 secs] 
2020-10-27T23:32:38.646+0800: 0.467: [GC pause (G1 Evacuation Pause) (mixed), 0.0043889 secs]
   [Parallel Time: 3.4 ms, GC Workers: 8]
      [GC Worker Start (ms): Min: 467.6, Avg: 467.7, Max: 467.7, Diff: 0.1]
      [Ext Root Scanning (ms): Min: 0.1, Avg: 0.1, Max: 0.2, Diff: 0.1, Sum: 0.8]
      [Update RS (ms): Min: 0.1, Avg: 0.2, Max: 0.3, Diff: 0.1, Sum: 1.4]
         [Processed Buffers: Min: 0, Avg: 2.4, Max: 3, Diff: 3, Sum: 19]
      [Scan RS (ms): Min: 0.0, Avg: 0.0, Max: 0.0, Diff: 0.0, Sum: 0.1]
      [Code Root Scanning (ms): Min: 0.0, Avg: 0.0, Max: 0.0, Diff: 0.0, Sum: 0.0]
      [Object Copy (ms): Min: 2.8, Avg: 2.9, Max: 2.9, Diff: 0.2, Sum: 23.0]
      [Termination (ms): Min: 0.0, Avg: 0.1, Max: 0.1, Diff: 0.1, Sum: 0.4]
         [Termination Attempts: Min: 1, Avg: 1.0, Max: 1, Diff: 0, Sum: 8]
      [GC Worker Other (ms): Min: 0.0, Avg: 0.0, Max: 0.0, Diff: 0.0, Sum: 0.1]
      [GC Worker Total (ms): Min: 3.2, Avg: 3.2, Max: 3.3, Diff: 0.1, Sum: 25.8]
      [GC Worker End (ms): Min: 470.9, Avg: 470.9, Max: 470.9, Diff: 0.0]
   [Code Root Fixup: 0.0 ms]
   [Code Root Purge: 0.0 ms]
   [Clear CT: 0.3 ms]
   [Other: 0.7 ms]
      [Choose CSet: 0.0 ms]
      [Ref Proc: 0.2 ms]
      [Ref Enq: 0.0 ms]
      [Redirty Cards: 0.3 ms]
      [Humongous Register: 0.1 ms]
      [Humongous Reclaim: 0.0 ms]
      [Free CSet: 0.0 ms]
   [Eden: 21.0M(21.0M)->0.0B(150.0M) Survivors: 4096.0K->4096.0K Heap: 278.4M(512.0M)->236.5M(512.0M)]
 [Times: user=0.11 sys=0.02, real=0.01 secs] 
2020-10-27T23:32:38.651+0800: 0.472: [GC pause (G1 Humongous Allocation) (young) (initial-mark), 0.0016361 secs]
   [Parallel Time: 0.7 ms, GC Workers: 8]
      [GC Worker Start (ms): Min: 472.2, Avg: 472.3, Max: 472.3, Diff: 0.1]
      [Ext Root Scanning (ms): Min: 0.1, Avg: 0.1, Max: 0.1, Diff: 0.1, Sum: 0.8]
      [Update RS (ms): Min: 0.0, Avg: 0.1, Max: 0.1, Diff: 0.1, Sum: 0.5]
         [Processed Buffers: Min: 1, Avg: 1.1, Max: 2, Diff: 1, Sum: 9]
      [Scan RS (ms): Min: 0.0, Avg: 0.0, Max: 0.0, Diff: 0.0, Sum: 0.0]
      [Code Root Scanning (ms): Min: 0.0, Avg: 0.0, Max: 0.0, Diff: 0.0, Sum: 0.0]
      [Object Copy (ms): Min: 0.4, Avg: 0.4, Max: 0.5, Diff: 0.1, Sum: 3.3]
      [Termination (ms): Min: 0.0, Avg: 0.0, Max: 0.1, Diff: 0.1, Sum: 0.2]
         [Termination Attempts: Min: 1, Avg: 1.0, Max: 1, Diff: 0, Sum: 8]
      [GC Worker Other (ms): Min: 0.0, Avg: 0.0, Max: 0.0, Diff: 0.0, Sum: 0.1]
      [GC Worker Total (ms): Min: 0.6, Avg: 0.6, Max: 0.7, Diff: 0.1, Sum: 4.9]
      [GC Worker End (ms): Min: 472.9, Avg: 472.9, Max: 472.9, Diff: 0.0]
   [Code Root Fixup: 0.0 ms]
   [Code Root Purge: 0.0 ms]
   [Clear CT: 0.3 ms]
   [Other: 0.7 ms]
      [Choose CSet: 0.0 ms]
      [Ref Proc: 0.2 ms]
      [Ref Enq: 0.0 ms]
      [Redirty Cards: 0.3 ms]
      [Humongous Register: 0.0 ms]
      [Humongous Reclaim: 0.0 ms]
      [Free CSet: 0.0 ms]
   [Eden: 1024.0K(150.0M)->0.0B(141.0M) Survivors: 4096.0K->5120.0K Heap: 237.3M(512.0M)->237.1M(512.0M)]
 [Times: user=0.00 sys=0.00, real=0.00 secs] 
2020-10-27T23:32:38.653+0800: 0.474: [GC concurrent-root-region-scan-start]
2020-10-27T23:32:38.653+0800: 0.474: [GC concurrent-root-region-scan-end, 0.0000849 secs]
2020-10-27T23:32:38.653+0800: 0.474: [GC concurrent-mark-start]
2020-10-27T23:32:38.654+0800: 0.475: [GC concurrent-mark-end, 0.0013015 secs]
2020-10-27T23:32:38.654+0800: 0.475: [GC remark 2020-10-27T23:32:38.654+0800: 0.475: [Finalize Marking, 0.0001749 secs] 2020-10-27T23:32:38.654+0800: 0.476: [GC ref-proc, 0.0002013 secs] 2020-10-27T23:32:38.655+0800: 0.476: [Unloading, 0.0004789 secs], 0.0014373 secs]
 [Times: user=0.00 sys=0.00, real=0.00 secs] 
2020-10-27T23:32:38.656+0800: 0.477: [GC cleanup 248M->247M(512M), 0.0006137 secs]
 [Times: user=0.00 sys=0.00, real=0.00 secs] 
2020-10-27T23:32:38.656+0800: 0.478: [GC concurrent-cleanup-start]
2020-10-27T23:32:38.656+0800: 0.478: [GC concurrent-cleanup-end, 0.0000079 secs]
2020-10-27T23:32:38.681+0800: 0.502: [GC pause (G1 Evacuation Pause) (young) (to-space exhausted), 0.0055632 secs]
   [Parallel Time: 4.4 ms, GC Workers: 8]
      [GC Worker Start (ms): Min: 502.6, Avg: 502.6, Max: 502.8, Diff: 0.2]
      [Ext Root Scanning (ms): Min: 0.0, Avg: 0.1, Max: 0.2, Diff: 0.2, Sum: 0.9]
      [Update RS (ms): Min: 0.1, Avg: 0.2, Max: 0.4, Diff: 0.3, Sum: 1.6]
         [Processed Buffers: Min: 0, Avg: 2.5, Max: 3, Diff: 3, Sum: 20]
      [Scan RS (ms): Min: 0.0, Avg: 0.0, Max: 0.0, Diff: 0.0, Sum: 0.1]
      [Code Root Scanning (ms): Min: 0.0, Avg: 0.0, Max: 0.0, Diff: 0.0, Sum: 0.0]
      [Object Copy (ms): Min: 3.7, Avg: 3.9, Max: 4.0, Diff: 0.3, Sum: 31.4]
      [Termination (ms): Min: 0.0, Avg: 0.0, Max: 0.0, Diff: 0.0, Sum: 0.2]
         [Termination Attempts: Min: 1, Avg: 1.0, Max: 1, Diff: 0, Sum: 8]
      [GC Worker Other (ms): Min: 0.0, Avg: 0.0, Max: 0.0, Diff: 0.0, Sum: 0.1]
      [GC Worker Total (ms): Min: 4.2, Avg: 4.3, Max: 4.3, Diff: 0.2, Sum: 34.3]
      [GC Worker End (ms): Min: 506.9, Avg: 506.9, Max: 506.9, Diff: 0.0]
   [Code Root Fixup: 0.0 ms]
   [Code Root Purge: 0.0 ms]
   [Clear CT: 0.2 ms]
   [Other: 1.0 ms]
      [Evacuation Failure: 0.2 ms]
      [Choose CSet: 0.0 ms]
      [Ref Proc: 0.1 ms]
      [Ref Enq: 0.0 ms]
      [Redirty Cards: 0.4 ms]
      [Humongous Register: 0.1 ms]
      [Humongous Reclaim: 0.1 ms]
      [Free CSet: 0.1 ms]
   [Eden: 141.0M(141.0M)->0.0B(6144.0K) Survivors: 5120.0K->19.0M Heap: 418.4M(512.0M)->329.8M(512.0M)]
 [Times: user=0.00 sys=0.00, real=0.01 secs] 
2020-10-27T23:32:38.688+0800: 0.509: [GC pause (G1 Evacuation Pause) (mixed), 0.0045089 secs]
   [Parallel Time: 3.7 ms, GC Workers: 8]
      [GC Worker Start (ms): Min: 509.2, Avg: 509.3, Max: 509.3, Diff: 0.1]
      [Ext Root Scanning (ms): Min: 0.1, Avg: 0.1, Max: 0.2, Diff: 0.1, Sum: 0.8]
      [Update RS (ms): Min: 0.1, Avg: 0.1, Max: 0.1, Diff: 0.0, Sum: 0.8]
         [Processed Buffers: Min: 1, Avg: 2.0, Max: 3, Diff: 2, Sum: 16]
      [Scan RS (ms): Min: 0.0, Avg: 0.0, Max: 0.0, Diff: 0.0, Sum: 0.1]
      [Code Root Scanning (ms): Min: 0.0, Avg: 0.0, Max: 0.0, Diff: 0.0, Sum: 0.0]
      [Object Copy (ms): Min: 3.3, Avg: 3.3, Max: 3.4, Diff: 0.1, Sum: 26.4]
      [Termination (ms): Min: 0.0, Avg: 0.1, Max: 0.1, Diff: 0.1, Sum: 0.7]
         [Termination Attempts: Min: 1, Avg: 1.0, Max: 1, Diff: 0, Sum: 8]
      [GC Worker Other (ms): Min: 0.0, Avg: 0.0, Max: 0.0, Diff: 0.0, Sum: 0.1]
      [GC Worker Total (ms): Min: 3.6, Avg: 3.6, Max: 3.7, Diff: 0.1, Sum: 28.8]
      [GC Worker End (ms): Min: 512.9, Avg: 512.9, Max: 512.9, Diff: 0.0]
   [Code Root Fixup: 0.0 ms]
   [Code Root Purge: 0.0 ms]
   [Clear CT: 0.3 ms]
   [Other: 0.5 ms]
      [Choose CSet: 0.0 ms]
      [Ref Proc: 0.2 ms]
      [Ref Enq: 0.0 ms]
      [Redirty Cards: 0.2 ms]
      [Humongous Register: 0.0 ms]
      [Humongous Reclaim: 0.0 ms]
      [Free CSet: 0.0 ms]
   [Eden: 6144.0K(6144.0K)->0.0B(84.0M) Survivors: 19.0M->1024.0K Heap: 336.5M(512.0M)->310.6M(512.0M)]
 [Times: user=0.00 sys=0.00, real=0.01 secs] 
2020-10-27T23:32:38.693+0800: 0.514: [GC pause (G1 Humongous Allocation) (young) (initial-mark), 0.0011201 secs]
   [Parallel Time: 0.5 ms, GC Workers: 8]
      [GC Worker Start (ms): Min: 514.0, Avg: 514.0, Max: 514.1, Diff: 0.1]
      [Ext Root Scanning (ms): Min: 0.1, Avg: 0.1, Max: 0.1, Diff: 0.1, Sum: 0.8]
      [Update RS (ms): Min: 0.0, Avg: 0.1, Max: 0.2, Diff: 0.1, Sum: 0.6]
         [Processed Buffers: Min: 1, Avg: 1.1, Max: 2, Diff: 1, Sum: 9]
      [Scan RS (ms): Min: 0.0, Avg: 0.0, Max: 0.0, Diff: 0.0, Sum: 0.0]
      [Code Root Scanning (ms): Min: 0.0, Avg: 0.0, Max: 0.0, Diff: 0.0, Sum: 0.0]
      [Object Copy (ms): Min: 0.0, Avg: 0.1, Max: 0.1, Diff: 0.1, Sum: 0.6]
      [Termination (ms): Min: 0.0, Avg: 0.0, Max: 0.1, Diff: 0.1, Sum: 0.2]
         [Termination Attempts: Min: 1, Avg: 1.0, Max: 1, Diff: 0, Sum: 8]
      [GC Worker Other (ms): Min: 0.0, Avg: 0.0, Max: 0.0, Diff: 0.0, Sum: 0.1]
      [GC Worker Total (ms): Min: 0.2, Avg: 0.3, Max: 0.3, Diff: 0.1, Sum: 2.3]
      [GC Worker End (ms): Min: 514.3, Avg: 514.3, Max: 514.3, Diff: 0.0]
   [Code Root Fixup: 0.0 ms]
   [Code Root Purge: 0.0 ms]
   [Clear CT: 0.2 ms]
   [Other: 0.4 ms]
      [Choose CSet: 0.0 ms]
      [Ref Proc: 0.2 ms]
      [Ref Enq: 0.0 ms]
      [Redirty Cards: 0.1 ms]
      [Humongous Register: 0.1 ms]
      [Humongous Reclaim: 0.0 ms]
      [Free CSet: 0.0 ms]
   [Eden: 1024.0K(84.0M)->0.0B(84.0M) Survivors: 1024.0K->2048.0K Heap: 310.9M(512.0M)->311.2M(512.0M)]
 [Times: user=0.00 sys=0.00, real=0.00 secs] 
2020-10-27T23:32:38.694+0800: 0.515: [GC concurrent-root-region-scan-start]
2020-10-27T23:32:38.694+0800: 0.515: [GC concurrent-root-region-scan-end, 0.0000642 secs]
2020-10-27T23:32:38.694+0800: 0.515: [GC concurrent-mark-start]
2020-10-27T23:32:38.695+0800: 0.516: [GC concurrent-mark-end, 0.0013022 secs]
2020-10-27T23:32:38.695+0800: 0.517: [GC remark 2020-10-27T23:32:38.695+0800: 0.517: [Finalize Marking, 0.0001517 secs] 2020-10-27T23:32:38.696+0800: 0.517: [GC ref-proc, 0.0001842 secs] 2020-10-27T23:32:38.696+0800: 0.517: [Unloading, 0.0004056 secs], 0.0012584 secs]
 [Times: user=0.02 sys=0.00, real=0.00 secs] 
2020-10-27T23:32:38.697+0800: 0.518: [GC cleanup 320M->320M(512M), 0.0005287 secs]
 [Times: user=0.00 sys=0.00, real=0.00 secs] 
2020-10-27T23:32:38.711+0800: 0.532: [GC pause (G1 Evacuation Pause) (young), 0.0047576 secs]
   [Parallel Time: 3.7 ms, GC Workers: 8]
      [GC Worker Start (ms): Min: 532.5, Avg: 532.6, Max: 532.6, Diff: 0.1]
      [Ext Root Scanning (ms): Min: 0.1, Avg: 0.1, Max: 0.1, Diff: 0.1, Sum: 0.9]
      [Update RS (ms): Min: 0.1, Avg: 0.2, Max: 0.5, Diff: 0.4, Sum: 1.7]
         [Processed Buffers: Min: 0, Avg: 2.6, Max: 3, Diff: 3, Sum: 21]
      [Scan RS (ms): Min: 0.0, Avg: 0.0, Max: 0.0, Diff: 0.0, Sum: 0.1]
      [Code Root Scanning (ms): Min: 0.0, Avg: 0.0, Max: 0.0, Diff: 0.0, Sum: 0.0]
      [Object Copy (ms): Min: 2.8, Avg: 3.2, Max: 3.3, Diff: 0.5, Sum: 25.4]
      [Termination (ms): Min: 0.0, Avg: 0.1, Max: 0.1, Diff: 0.1, Sum: 0.5]
         [Termination Attempts: Min: 1, Avg: 1.8, Max: 3, Diff: 2, Sum: 14]
      [GC Worker Other (ms): Min: 0.0, Avg: 0.0, Max: 0.0, Diff: 0.0, Sum: 0.1]
      [GC Worker Total (ms): Min: 3.5, Avg: 3.6, Max: 3.6, Diff: 0.1, Sum: 28.7]
      [GC Worker End (ms): Min: 536.1, Avg: 536.1, Max: 536.1, Diff: 0.0]
   [Code Root Fixup: 0.0 ms]
   [Code Root Purge: 0.0 ms]
   [Clear CT: 0.3 ms]
   [Other: 0.8 ms]
      [Choose CSet: 0.0 ms]
      [Ref Proc: 0.2 ms]
      [Ref Enq: 0.0 ms]
      [Redirty Cards: 0.4 ms]
      [Humongous Register: 0.1 ms]
      [Humongous Reclaim: 0.0 ms]
      [Free CSet: 0.0 ms]
   [Eden: 84.0M(84.0M)->0.0B(14.0M) Survivors: 2048.0K->11.0M Heap: 418.7M(512.0M)->343.3M(512.0M)]
 [Times: user=0.13 sys=0.00, real=0.01 secs] 
2020-10-27T23:32:38.718+0800: 0.539: [GC pause (G1 Evacuation Pause) (mixed), 0.0038587 secs]
   [Parallel Time: 3.1 ms, GC Workers: 8]
      [GC Worker Start (ms): Min: 539.5, Avg: 539.5, Max: 539.6, Diff: 0.1]
      [Ext Root Scanning (ms): Min: 0.1, Avg: 0.1, Max: 0.2, Diff: 0.1, Sum: 0.8]
      [Update RS (ms): Min: 0.0, Avg: 0.1, Max: 0.1, Diff: 0.1, Sum: 0.6]
         [Processed Buffers: Min: 1, Avg: 1.8, Max: 3, Diff: 2, Sum: 14]
      [Scan RS (ms): Min: 0.0, Avg: 0.0, Max: 0.0, Diff: 0.0, Sum: 0.1]
      [Code Root Scanning (ms): Min: 0.0, Avg: 0.0, Max: 0.0, Diff: 0.0, Sum: 0.0]
      [Object Copy (ms): Min: 2.6, Avg: 2.6, Max: 2.6, Diff: 0.1, Sum: 20.7]
      [Termination (ms): Min: 0.0, Avg: 0.0, Max: 0.1, Diff: 0.1, Sum: 0.2]
         [Termination Attempts: Min: 1, Avg: 1.0, Max: 1, Diff: 0, Sum: 8]
      [GC Worker Other (ms): Min: 0.0, Avg: 0.0, Max: 0.0, Diff: 0.0, Sum: 0.1]
      [GC Worker Total (ms): Min: 2.8, Avg: 2.8, Max: 2.9, Diff: 0.1, Sum: 22.5]
      [GC Worker End (ms): Min: 542.4, Avg: 542.4, Max: 542.4, Diff: 0.0]
   [Code Root Fixup: 0.0 ms]
   [Code Root Purge: 0.0 ms]
   [Clear CT: 0.2 ms]
   [Other: 0.6 ms]
      [Choose CSet: 0.0 ms]
      [Ref Proc: 0.2 ms]
      [Ref Enq: 0.0 ms]
      [Redirty Cards: 0.2 ms]
      [Humongous Register: 0.1 ms]
      [Humongous Reclaim: 0.0 ms]
      [Free CSet: 0.1 ms]
   [Eden: 14.0M(14.0M)->0.0B(21.0M) Survivors: 11.0M->4096.0K Heap: 357.8M(512.0M)->301.0M(512.0M)]
 [Times: user=0.00 sys=0.00, real=0.00 secs] 
2020-10-27T23:32:38.726+0800: 0.547: [GC pause (G1 Evacuation Pause) (mixed), 0.0045024 secs]
   [Parallel Time: 3.6 ms, GC Workers: 8]
      [GC Worker Start (ms): Min: 547.1, Avg: 547.2, Max: 547.2, Diff: 0.1]
      [Ext Root Scanning (ms): Min: 0.1, Avg: 0.1, Max: 0.2, Diff: 0.1, Sum: 0.8]
      [Update RS (ms): Min: 0.1, Avg: 0.2, Max: 0.2, Diff: 0.1, Sum: 1.3]
         [Processed Buffers: Min: 2, Avg: 2.9, Max: 3, Diff: 1, Sum: 23]
      [Scan RS (ms): Min: 0.0, Avg: 0.0, Max: 0.1, Diff: 0.1, Sum: 0.3]
      [Code Root Scanning (ms): Min: 0.0, Avg: 0.0, Max: 0.0, Diff: 0.0, Sum: 0.0]
      [Object Copy (ms): Min: 3.0, Avg: 3.1, Max: 3.2, Diff: 0.1, Sum: 25.0]
      [Termination (ms): Min: 0.0, Avg: 0.1, Max: 0.1, Diff: 0.1, Sum: 0.5]
         [Termination Attempts: Min: 1, Avg: 1.0, Max: 1, Diff: 0, Sum: 8]
      [GC Worker Other (ms): Min: 0.0, Avg: 0.0, Max: 0.0, Diff: 0.0, Sum: 0.1]
      [GC Worker Total (ms): Min: 3.5, Avg: 3.5, Max: 3.6, Diff: 0.1, Sum: 28.0]
      [GC Worker End (ms): Min: 550.7, Avg: 550.7, Max: 550.7, Diff: 0.0]
   [Code Root Fixup: 0.0 ms]
   [Code Root Purge: 0.0 ms]
   [Clear CT: 0.2 ms]
   [Other: 0.6 ms]
      [Choose CSet: 0.0 ms]
      [Ref Proc: 0.2 ms]
      [Ref Enq: 0.0 ms]
      [Redirty Cards: 0.2 ms]
      [Humongous Register: 0.1 ms]
      [Humongous Reclaim: 0.0 ms]
      [Free CSet: 0.1 ms]
   [Eden: 21.0M(21.0M)->0.0B(97.0M) Survivors: 4096.0K->4096.0K Heap: 331.0M(512.0M)->287.3M(512.0M)]
 [Times: user=0.13 sys=0.00, real=0.00 secs] 
2020-10-27T23:32:38.731+0800: 0.552: [GC pause (G1 Humongous Allocation) (young) (initial-mark), 0.0012417 secs]
   [Parallel Time: 0.8 ms, GC Workers: 8]
      [GC Worker Start (ms): Min: 551.9, Avg: 551.9, Max: 551.9, Diff: 0.1]
      [Ext Root Scanning (ms): Min: 0.1, Avg: 0.1, Max: 0.1, Diff: 0.1, Sum: 0.8]
      [Update RS (ms): Min: 0.0, Avg: 0.1, Max: 0.4, Diff: 0.3, Sum: 1.0]
         [Processed Buffers: Min: 1, Avg: 1.1, Max: 2, Diff: 1, Sum: 9]
      [Scan RS (ms): Min: 0.0, Avg: 0.0, Max: 0.0, Diff: 0.0, Sum: 0.0]
      [Code Root Scanning (ms): Min: 0.0, Avg: 0.0, Max: 0.0, Diff: 0.0, Sum: 0.0]
      [Object Copy (ms): Min: 0.2, Avg: 0.4, Max: 0.5, Diff: 0.3, Sum: 3.2]
      [Termination (ms): Min: 0.0, Avg: 0.0, Max: 0.1, Diff: 0.1, Sum: 0.3]
         [Termination Attempts: Min: 1, Avg: 1.0, Max: 1, Diff: 0, Sum: 8]
      [GC Worker Other (ms): Min: 0.0, Avg: 0.0, Max: 0.0, Diff: 0.0, Sum: 0.1]
      [GC Worker Total (ms): Min: 0.6, Avg: 0.7, Max: 0.7, Diff: 0.0, Sum: 5.3]
      [GC Worker End (ms): Min: 552.6, Avg: 552.6, Max: 552.6, Diff: 0.0]
   [Code Root Fixup: 0.0 ms]
   [Code Root Purge: 0.0 ms]
   [Clear CT: 0.1 ms]
   [Other: 0.3 ms]
      [Choose CSet: 0.0 ms]
      [Ref Proc: 0.1 ms]
      [Ref Enq: 0.0 ms]
      [Redirty Cards: 0.1 ms]
      [Humongous Register: 0.0 ms]
      [Humongous Reclaim: 0.0 ms]
      [Free CSet: 0.0 ms]
   [Eden: 1024.0K(97.0M)->0.0B(100.0M) Survivors: 4096.0K->5120.0K Heap: 288.1M(512.0M)->287.1M(512.0M)]
 [Times: user=0.00 sys=0.00, real=0.00 secs] 
2020-10-27T23:32:38.732+0800: 0.553: [GC concurrent-root-region-scan-start]
2020-10-27T23:32:38.732+0800: 0.553: [GC concurrent-root-region-scan-end, 0.0000809 secs]
2020-10-27T23:32:38.732+0800: 0.553: [GC concurrent-mark-start]
2020-10-27T23:32:38.733+0800: 0.555: [GC concurrent-mark-end, 0.0012966 secs]
2020-10-27T23:32:38.734+0800: 0.555: [GC remark 2020-10-27T23:32:38.734+0800: 0.555: [Finalize Marking, 0.0001557 secs] 2020-10-27T23:32:38.734+0800: 0.555: [GC ref-proc, 0.0001839 secs] 2020-10-27T23:32:38.734+0800: 0.555: [Unloading, 0.0004199 secs], 0.0014157 secs]
 [Times: user=0.00 sys=0.00, real=0.00 secs] 
2020-10-27T23:32:38.735+0800: 0.556: [GC cleanup 298M->298M(512M), 0.0004820 secs]
 [Times: user=0.00 sys=0.00, real=0.00 secs] 
2020-10-27T23:32:38.753+0800: 0.574: [GC pause (G1 Evacuation Pause) (young), 0.0057351 secs]
   [Parallel Time: 4.4 ms, GC Workers: 8]
      [GC Worker Start (ms): Min: 573.8, Avg: 574.1, Max: 575.9, Diff: 2.1]
      [Ext Root Scanning (ms): Min: 0.0, Avg: 0.1, Max: 0.1, Diff: 0.1, Sum: 0.7]
      [Update RS (ms): Min: 0.0, Avg: 0.2, Max: 0.3, Diff: 0.3, Sum: 1.8]
         [Processed Buffers: Min: 0, Avg: 3.1, Max: 5, Diff: 5, Sum: 25]
      [Scan RS (ms): Min: 0.0, Avg: 0.0, Max: 0.0, Diff: 0.0, Sum: 0.1]
      [Code Root Scanning (ms): Min: 0.0, Avg: 0.0, Max: 0.0, Diff: 0.0, Sum: 0.0]
      [Object Copy (ms): Min: 2.1, Avg: 3.6, Max: 3.9, Diff: 1.8, Sum: 28.8]
      [Termination (ms): Min: 0.0, Avg: 0.1, Max: 0.1, Diff: 0.1, Sum: 0.5]
         [Termination Attempts: Min: 1, Avg: 1.1, Max: 2, Diff: 1, Sum: 9]
      [GC Worker Other (ms): Min: 0.0, Avg: 0.0, Max: 0.0, Diff: 0.0, Sum: 0.1]
      [GC Worker Total (ms): Min: 2.2, Avg: 4.0, Max: 4.3, Diff: 2.1, Sum: 32.1]
      [GC Worker End (ms): Min: 578.1, Avg: 578.1, Max: 578.2, Diff: 0.0]
   [Code Root Fixup: 0.0 ms]
   [Code Root Purge: 0.0 ms]
   [Clear CT: 0.4 ms]
   [Other: 0.9 ms]
      [Choose CSet: 0.0 ms]
      [Ref Proc: 0.3 ms]
      [Ref Enq: 0.0 ms]
      [Redirty Cards: 0.4 ms]
      [Humongous Register: 0.1 ms]
      [Humongous Reclaim: 0.0 ms]
      [Free CSet: 0.1 ms]
   [Eden: 100.0M(100.0M)->0.0B(11.0M) Survivors: 5120.0K->14.0M Heap: 414.2M(512.0M)->324.7M(512.0M)]
 [Times: user=0.00 sys=0.00, real=0.00 secs] 
2020-10-27T23:32:38.760+0800: 0.581: [GC pause (G1 Evacuation Pause) (mixed), 0.0060159 secs]
   [Parallel Time: 5.0 ms, GC Workers: 8]
      [GC Worker Start (ms): Min: 581.2, Avg: 581.3, Max: 581.3, Diff: 0.1]
      [Ext Root Scanning (ms): Min: 0.1, Avg: 0.1, Max: 0.1, Diff: 0.1, Sum: 0.8]
      [Update RS (ms): Min: 0.2, Avg: 0.2, Max: 0.2, Diff: 0.0, Sum: 1.5]
         [Processed Buffers: Min: 3, Avg: 3.8, Max: 5, Diff: 2, Sum: 30]
      [Scan RS (ms): Min: 0.0, Avg: 0.0, Max: 0.0, Diff: 0.0, Sum: 0.1]
      [Code Root Scanning (ms): Min: 0.0, Avg: 0.0, Max: 0.0, Diff: 0.0, Sum: 0.0]
      [Object Copy (ms): Min: 4.5, Avg: 4.5, Max: 4.5, Diff: 0.1, Sum: 36.1]
      [Termination (ms): Min: 0.0, Avg: 0.0, Max: 0.1, Diff: 0.1, Sum: 0.4]
         [Termination Attempts: Min: 1, Avg: 1.0, Max: 1, Diff: 0, Sum: 8]
      [GC Worker Other (ms): Min: 0.0, Avg: 0.0, Max: 0.0, Diff: 0.0, Sum: 0.1]
      [GC Worker Total (ms): Min: 4.8, Avg: 4.9, Max: 4.9, Diff: 0.1, Sum: 39.0]
      [GC Worker End (ms): Min: 586.2, Avg: 586.2, Max: 586.2, Diff: 0.0]
   [Code Root Fixup: 0.0 ms]
   [Code Root Purge: 0.0 ms]
   [Clear CT: 0.3 ms]
   [Other: 0.7 ms]
      [Choose CSet: 0.0 ms]
      [Ref Proc: 0.2 ms]
      [Ref Enq: 0.0 ms]
      [Redirty Cards: 0.3 ms]
      [Humongous Register: 0.1 ms]
      [Humongous Reclaim: 0.0 ms]
      [Free CSet: 0.1 ms]
   [Eden: 11.0M(11.0M)->0.0B(77.0M) Survivors: 14.0M->4096.0K Heap: 338.1M(512.0M)->310.7M(512.0M)]
 [Times: user=0.00 sys=0.00, real=0.01 secs] 
2020-10-27T23:32:38.767+0800: 0.588: [GC pause (G1 Humongous Allocation) (young) (initial-mark), 0.0017105 secs]
   [Parallel Time: 1.0 ms, GC Workers: 8]
      [GC Worker Start (ms): Min: 588.6, Avg: 588.6, Max: 588.7, Diff: 0.2]
      [Ext Root Scanning (ms): Min: 0.0, Avg: 0.1, Max: 0.2, Diff: 0.2, Sum: 1.1]
      [Update RS (ms): Min: 0.0, Avg: 0.1, Max: 0.1, Diff: 0.1, Sum: 0.4]
         [Processed Buffers: Min: 0, Avg: 1.1, Max: 2, Diff: 2, Sum: 9]
      [Scan RS (ms): Min: 0.0, Avg: 0.0, Max: 0.0, Diff: 0.0, Sum: 0.0]
      [Code Root Scanning (ms): Min: 0.0, Avg: 0.0, Max: 0.0, Diff: 0.0, Sum: 0.0]
      [Object Copy (ms): Min: 0.5, Avg: 0.6, Max: 0.6, Diff: 0.1, Sum: 4.7]
      [Termination (ms): Min: 0.0, Avg: 0.0, Max: 0.1, Diff: 0.1, Sum: 0.4]
         [Termination Attempts: Min: 1, Avg: 1.1, Max: 2, Diff: 1, Sum: 9]
      [GC Worker Other (ms): Min: 0.0, Avg: 0.0, Max: 0.0, Diff: 0.0, Sum: 0.1]
      [GC Worker Total (ms): Min: 0.7, Avg: 0.8, Max: 0.9, Diff: 0.2, Sum: 6.6]
      [GC Worker End (ms): Min: 589.4, Avg: 589.5, Max: 589.5, Diff: 0.0]
   [Code Root Fixup: 0.0 ms]
   [Code Root Purge: 0.0 ms]
   [Clear CT: 0.2 ms]
   [Other: 0.5 ms]
      [Choose CSet: 0.0 ms]
      [Ref Proc: 0.1 ms]
      [Ref Enq: 0.0 ms]
      [Redirty Cards: 0.2 ms]
      [Humongous Register: 0.1 ms]
      [Humongous Reclaim: 0.0 ms]
      [Free CSet: 0.0 ms]
   [Eden: 8192.0K(77.0M)->0.0B(78.0M) Survivors: 4096.0K->7168.0K Heap: 318.1M(512.0M)->312.9M(512.0M)]
 [Times: user=0.00 sys=0.00, real=0.00 secs] 
2020-10-27T23:32:38.769+0800: 0.590: [GC concurrent-root-region-scan-start]
2020-10-27T23:32:38.769+0800: 0.591: [GC concurrent-root-region-scan-end, 0.0002267 secs]
2020-10-27T23:32:38.769+0800: 0.591: [GC concurrent-mark-start]
2020-10-27T23:32:38.771+0800: 0.592: [GC concurrent-mark-end, 0.0014103 secs]
2020-10-27T23:32:38.771+0800: 0.592: [GC remark 2020-10-27T23:32:38.771+0800: 0.592: [Finalize Marking, 0.0001417 secs] 2020-10-27T23:32:38.771+0800: 0.592: [GC ref-proc, 0.0002435 secs] 2020-10-27T23:32:38.771+0800: 0.593: [Unloading, 0.0004958 secs], 0.0015383 secs]
 [Times: user=0.00 sys=0.00, real=0.00 secs] 
2020-10-27T23:32:38.773+0800: 0.594: [GC cleanup 326M->326M(512M), 0.0007357 secs]
 [Times: user=0.00 sys=0.00, real=0.00 secs] 
2020-10-27T23:32:38.786+0800: 0.607: [GC pause (G1 Evacuation Pause) (young), 0.0048769 secs]
   [Parallel Time: 4.1 ms, GC Workers: 8]
      [GC Worker Start (ms): Min: 606.9, Avg: 607.0, Max: 607.0, Diff: 0.1]
      [Ext Root Scanning (ms): Min: 0.1, Avg: 0.1, Max: 0.1, Diff: 0.1, Sum: 0.8]
      [Update RS (ms): Min: 0.3, Avg: 0.3, Max: 0.4, Diff: 0.0, Sum: 2.7]
         [Processed Buffers: Min: 2, Avg: 5.0, Max: 6, Diff: 4, Sum: 40]
      [Scan RS (ms): Min: 0.0, Avg: 0.0, Max: 0.0, Diff: 0.0, Sum: 0.1]
      [Code Root Scanning (ms): Min: 0.0, Avg: 0.0, Max: 0.0, Diff: 0.0, Sum: 0.0]
      [Object Copy (ms): Min: 3.5, Avg: 3.5, Max: 3.5, Diff: 0.1, Sum: 28.2]
      [Termination (ms): Min: 0.0, Avg: 0.0, Max: 0.1, Diff: 0.1, Sum: 0.3]
         [Termination Attempts: Min: 1, Avg: 1.0, Max: 1, Diff: 0, Sum: 8]
      [GC Worker Other (ms): Min: 0.0, Avg: 0.0, Max: 0.0, Diff: 0.0, Sum: 0.1]
      [GC Worker Total (ms): Min: 4.0, Avg: 4.0, Max: 4.0, Diff: 0.1, Sum: 32.1]
      [GC Worker End (ms): Min: 611.0, Avg: 611.0, Max: 611.0, Diff: 0.0]
   [Code Root Fixup: 0.0 ms]
   [Code Root Purge: 0.0 ms]
   [Clear CT: 0.1 ms]
   [Other: 0.6 ms]
      [Choose CSet: 0.0 ms]
      [Ref Proc: 0.3 ms]
      [Ref Enq: 0.0 ms]
      [Redirty Cards: 0.1 ms]
      [Humongous Register: 0.1 ms]
      [Humongous Reclaim: 0.0 ms]
      [Free CSet: 0.1 ms]
   [Eden: 78.0M(78.0M)->0.0B(14.0M) Survivors: 7168.0K->11.0M Heap: 414.4M(512.0M)->346.1M(512.0M)]
 [Times: user=0.13 sys=0.00, real=0.00 secs] 
2020-10-27T23:32:38.793+0800: 0.614: [GC pause (G1 Evacuation Pause) (mixed), 0.0062765 secs]
   [Parallel Time: 5.4 ms, GC Workers: 8]
      [GC Worker Start (ms): Min: 614.0, Avg: 614.1, Max: 614.1, Diff: 0.1]
      [Ext Root Scanning (ms): Min: 0.1, Avg: 0.1, Max: 0.2, Diff: 0.1, Sum: 0.8]
      [Update RS (ms): Min: 0.2, Avg: 0.3, Max: 0.3, Diff: 0.0, Sum: 2.1]
         [Processed Buffers: Min: 2, Avg: 3.9, Max: 5, Diff: 3, Sum: 31]
      [Scan RS (ms): Min: 0.0, Avg: 0.0, Max: 0.0, Diff: 0.0, Sum: 0.2]
      [Code Root Scanning (ms): Min: 0.0, Avg: 0.0, Max: 0.0, Diff: 0.0, Sum: 0.0]
      [Object Copy (ms): Min: 4.8, Avg: 4.8, Max: 4.9, Diff: 0.1, Sum: 38.6]
      [Termination (ms): Min: 0.0, Avg: 0.0, Max: 0.1, Diff: 0.1, Sum: 0.4]
         [Termination Attempts: Min: 1, Avg: 1.0, Max: 1, Diff: 0, Sum: 8]
      [GC Worker Other (ms): Min: 0.0, Avg: 0.0, Max: 0.0, Diff: 0.0, Sum: 0.1]
      [GC Worker Total (ms): Min: 5.2, Avg: 5.3, Max: 5.3, Diff: 0.1, Sum: 42.2]
      [GC Worker End (ms): Min: 619.4, Avg: 619.4, Max: 619.4, Diff: 0.0]
   [Code Root Fixup: 0.0 ms]
   [Code Root Purge: 0.0 ms]
   [Clear CT: 0.2 ms]
   [Other: 0.6 ms]
      [Choose CSet: 0.0 ms]
      [Ref Proc: 0.1 ms]
      [Ref Enq: 0.0 ms]
      [Redirty Cards: 0.3 ms]
      [Humongous Register: 0.1 ms]
      [Humongous Reclaim: 0.0 ms]
      [Free CSet: 0.1 ms]
   [Eden: 14.0M(14.0M)->0.0B(60.0M) Survivors: 11.0M->4096.0K Heap: 364.8M(512.0M)->330.0M(512.0M)]
 [Times: user=0.00 sys=0.00, real=0.01 secs] 
2020-10-27T23:32:38.800+0800: 0.621: [GC pause (G1 Humongous Allocation) (young) (initial-mark), 0.0014765 secs]
   [Parallel Time: 0.8 ms, GC Workers: 8]
      [GC Worker Start (ms): Min: 620.8, Avg: 620.8, Max: 620.9, Diff: 0.1]
      [Ext Root Scanning (ms): Min: 0.1, Avg: 0.1, Max: 0.1, Diff: 0.1, Sum: 0.8]
      [Update RS (ms): Min: 0.0, Avg: 0.1, Max: 0.1, Diff: 0.1, Sum: 0.5]
         [Processed Buffers: Min: 1, Avg: 1.1, Max: 2, Diff: 1, Sum: 9]
      [Scan RS (ms): Min: 0.0, Avg: 0.0, Max: 0.0, Diff: 0.0, Sum: 0.0]
      [Code Root Scanning (ms): Min: 0.0, Avg: 0.0, Max: 0.0, Diff: 0.0, Sum: 0.0]
      [Object Copy (ms): Min: 0.3, Avg: 0.4, Max: 0.5, Diff: 0.2, Sum: 3.1]
      [Termination (ms): Min: 0.0, Avg: 0.1, Max: 0.1, Diff: 0.1, Sum: 0.5]
         [Termination Attempts: Min: 1, Avg: 1.0, Max: 1, Diff: 0, Sum: 8]
      [GC Worker Other (ms): Min: 0.0, Avg: 0.0, Max: 0.0, Diff: 0.0, Sum: 0.1]
      [GC Worker Total (ms): Min: 0.6, Avg: 0.6, Max: 0.7, Diff: 0.1, Sum: 5.0]
      [GC Worker End (ms): Min: 621.5, Avg: 621.5, Max: 621.5, Diff: 0.0]
   [Code Root Fixup: 0.0 ms]
   [Code Root Purge: 0.0 ms]
   [Clear CT: 0.2 ms]
   [Other: 0.5 ms]
      [Choose CSet: 0.0 ms]
      [Ref Proc: 0.2 ms]
      [Ref Enq: 0.0 ms]
      [Redirty Cards: 0.2 ms]
      [Humongous Register: 0.1 ms]
      [Humongous Reclaim: 0.0 ms]
      [Free CSet: 0.0 ms]
   [Eden: 2048.0K(60.0M)->0.0B(58.0M) Survivors: 4096.0K->5120.0K Heap: 331.6M(512.0M)->330.1M(512.0M)]
 [Times: user=0.00 sys=0.00, real=0.00 secs] 
2020-10-27T23:32:38.802+0800: 0.622: [GC concurrent-root-region-scan-start]
2020-10-27T23:32:38.802+0800: 0.622: [GC concurrent-root-region-scan-end, 0.0000895 secs]
2020-10-27T23:32:38.802+0800: 0.622: [GC concurrent-mark-start]
2020-10-27T23:32:38.803+0800: 0.624: [GC concurrent-mark-end, 0.0014070 secs]
2020-10-27T23:32:38.803+0800: 0.624: [GC remark 2020-10-27T23:32:38.803+0800: 0.624: [Finalize Marking, 0.0001403 secs] 2020-10-27T23:32:38.804+0800: 0.624: [GC ref-proc, 0.0001988 secs] 2020-10-27T23:32:38.804+0800: 0.624: [Unloading, 0.0005232 secs], 0.0017033 secs]
 [Times: user=0.00 sys=0.00, real=0.00 secs] 
2020-10-27T23:32:38.805+0800: 0.626: [GC cleanup 343M->343M(512M), 0.0005934 secs]
 [Times: user=0.00 sys=0.02, real=0.00 secs] 
2020-10-27T23:32:38.815+0800: 0.636: [GC pause (G1 Evacuation Pause) (young), 0.0039617 secs]
   [Parallel Time: 3.2 ms, GC Workers: 8]
      [GC Worker Start (ms): Min: 635.7, Avg: 635.7, Max: 635.8, Diff: 0.1]
      [Ext Root Scanning (ms): Min: 0.1, Avg: 0.1, Max: 0.2, Diff: 0.1, Sum: 0.8]
      [Update RS (ms): Min: 0.3, Avg: 0.3, Max: 0.3, Diff: 0.1, Sum: 2.5]
         [Processed Buffers: Min: 1, Avg: 4.5, Max: 5, Diff: 4, Sum: 36]
      [Scan RS (ms): Min: 0.0, Avg: 0.0, Max: 0.0, Diff: 0.0, Sum: 0.0]
      [Code Root Scanning (ms): Min: 0.0, Avg: 0.0, Max: 0.0, Diff: 0.0, Sum: 0.0]
      [Object Copy (ms): Min: 2.4, Avg: 2.5, Max: 2.5, Diff: 0.1, Sum: 20.0]
      [Termination (ms): Min: 0.0, Avg: 0.0, Max: 0.1, Diff: 0.1, Sum: 0.3]
         [Termination Attempts: Min: 1, Avg: 1.8, Max: 3, Diff: 2, Sum: 14]
      [GC Worker Other (ms): Min: 0.0, Avg: 0.0, Max: 0.0, Diff: 0.0, Sum: 0.1]
      [GC Worker Total (ms): Min: 2.9, Avg: 3.0, Max: 3.0, Diff: 0.1, Sum: 23.8]
      [GC Worker End (ms): Min: 638.7, Avg: 638.7, Max: 638.7, Diff: 0.0]
   [Code Root Fixup: 0.0 ms]
   [Code Root Purge: 0.0 ms]
   [Clear CT: 0.2 ms]
   [Other: 0.6 ms]
      [Choose CSet: 0.0 ms]
      [Ref Proc: 0.2 ms]
      [Ref Enq: 0.0 ms]
      [Redirty Cards: 0.2 ms]
      [Humongous Register: 0.1 ms]
      [Humongous Reclaim: 0.0 ms]
      [Free CSet: 0.0 ms]
   [Eden: 58.0M(58.0M)->0.0B(17.0M) Survivors: 5120.0K->8192.0K Heap: 401.5M(512.0M)->350.9M(512.0M)]
 [Times: user=0.00 sys=0.00, real=0.00 secs] 
2020-10-27T23:32:38.822+0800: 0.642: [GC pause (G1 Evacuation Pause) (mixed), 0.0059924 secs]
   [Parallel Time: 5.2 ms, GC Workers: 8]
      [GC Worker Start (ms): Min: 642.5, Avg: 642.5, Max: 642.6, Diff: 0.1]
      [Ext Root Scanning (ms): Min: 0.1, Avg: 0.1, Max: 0.2, Diff: 0.1, Sum: 0.9]
      [Update RS (ms): Min: 0.3, Avg: 0.3, Max: 0.3, Diff: 0.0, Sum: 2.2]
         [Processed Buffers: Min: 4, Avg: 4.8, Max: 6, Diff: 2, Sum: 38]
      [Scan RS (ms): Min: 0.0, Avg: 0.0, Max: 0.0, Diff: 0.0, Sum: 0.2]
      [Code Root Scanning (ms): Min: 0.0, Avg: 0.0, Max: 0.0, Diff: 0.0, Sum: 0.0]
      [Object Copy (ms): Min: 4.6, Avg: 4.6, Max: 4.7, Diff: 0.1, Sum: 37.1]
      [Termination (ms): Min: 0.0, Avg: 0.1, Max: 0.1, Diff: 0.1, Sum: 0.5]
         [Termination Attempts: Min: 1, Avg: 1.0, Max: 1, Diff: 0, Sum: 8]
      [GC Worker Other (ms): Min: 0.0, Avg: 0.0, Max: 0.0, Diff: 0.0, Sum: 0.1]
      [GC Worker Total (ms): Min: 5.1, Avg: 5.1, Max: 5.2, Diff: 0.1, Sum: 41.0]
      [GC Worker End (ms): Min: 647.7, Avg: 647.7, Max: 647.7, Diff: 0.0]
   [Code Root Fixup: 0.0 ms]
   [Code Root Purge: 0.0 ms]
   [Clear CT: 0.1 ms]
   [Other: 0.6 ms]
      [Choose CSet: 0.0 ms]
      [Ref Proc: 0.2 ms]
      [Ref Enq: 0.0 ms]
      [Redirty Cards: 0.2 ms]
      [Humongous Register: 0.1 ms]
      [Humongous Reclaim: 0.0 ms]
      [Free CSet: 0.1 ms]
   [Eden: 17.0M(17.0M)->0.0B(55.0M) Survivors: 8192.0K->4096.0K Heap: 371.4M(512.0M)->333.0M(512.0M)]
 [Times: user=0.00 sys=0.00, real=0.01 secs] 
2020-10-27T23:32:38.829+0800: 0.650: [GC pause (G1 Humongous Allocation) (young) (initial-mark), 0.0020924 secs]
   [Parallel Time: 1.3 ms, GC Workers: 8]
      [GC Worker Start (ms): Min: 650.0, Avg: 650.1, Max: 650.1, Diff: 0.1]
      [Ext Root Scanning (ms): Min: 0.0, Avg: 0.1, Max: 0.2, Diff: 0.1, Sum: 0.8]
      [Update RS (ms): Min: 0.0, Avg: 0.1, Max: 0.2, Diff: 0.1, Sum: 0.6]
         [Processed Buffers: Min: 1, Avg: 1.1, Max: 2, Diff: 1, Sum: 9]
      [Scan RS (ms): Min: 0.0, Avg: 0.0, Max: 0.0, Diff: 0.0, Sum: 0.0]
      [Code Root Scanning (ms): Min: 0.0, Avg: 0.0, Max: 0.0, Diff: 0.0, Sum: 0.0]
      [Object Copy (ms): Min: 0.7, Avg: 0.8, Max: 0.9, Diff: 0.1, Sum: 6.4]
      [Termination (ms): Min: 0.0, Avg: 0.0, Max: 0.1, Diff: 0.1, Sum: 0.4]
         [Termination Attempts: Min: 1, Avg: 1.0, Max: 1, Diff: 0, Sum: 8]
      [GC Worker Other (ms): Min: 0.0, Avg: 0.0, Max: 0.0, Diff: 0.0, Sum: 0.1]
      [GC Worker Total (ms): Min: 1.0, Avg: 1.0, Max: 1.1, Diff: 0.1, Sum: 8.3]
      [GC Worker End (ms): Min: 651.1, Avg: 651.1, Max: 651.1, Diff: 0.0]
   [Code Root Fixup: 0.0 ms]
   [Code Root Purge: 0.0 ms]
   [Clear CT: 0.2 ms]
   [Other: 0.6 ms]
      [Choose CSet: 0.0 ms]
      [Ref Proc: 0.3 ms]
      [Ref Enq: 0.0 ms]
      [Redirty Cards: 0.1 ms]
      [Humongous Register: 0.1 ms]
      [Humongous Reclaim: 0.0 ms]
      [Free CSet: 0.0 ms]
   [Eden: 10.0M(55.0M)->0.0B(56.0M) Survivors: 4096.0K->8192.0K Heap: 342.8M(512.0M)->334.4M(512.0M)]
 [Times: user=0.00 sys=0.00, real=0.00 secs] 
2020-10-27T23:32:38.832+0800: 0.652: [GC concurrent-root-region-scan-start]
2020-10-27T23:32:38.832+0800: 0.652: [GC concurrent-root-region-scan-end, 0.0001077 secs]
2020-10-27T23:32:38.832+0800: 0.652: [GC concurrent-mark-start]
2020-10-27T23:32:38.833+0800: 0.654: [GC concurrent-mark-end, 0.0014367 secs]
2020-10-27T23:32:38.833+0800: 0.654: [GC remark 2020-10-27T23:32:38.833+0800: 0.654: [Finalize Marking, 0.0002315 secs] 2020-10-27T23:32:38.833+0800: 0.654: [GC ref-proc, 0.0001797 secs] 2020-10-27T23:32:38.834+0800: 0.654: [Unloading, 0.0004681 secs], 0.0015605 secs]
 [Times: user=0.00 sys=0.00, real=0.00 secs] 
2020-10-27T23:32:38.835+0800: 0.655: [GC cleanup 345M->345M(512M), 0.0006019 secs]
 [Times: user=0.00 sys=0.00, real=0.00 secs] 
2020-10-27T23:32:38.845+0800: 0.666: [GC pause (G1 Evacuation Pause) (young), 0.0041309 secs]
   [Parallel Time: 3.3 ms, GC Workers: 8]
      [GC Worker Start (ms): Min: 665.9, Avg: 666.0, Max: 666.0, Diff: 0.1]
      [Ext Root Scanning (ms): Min: 0.1, Avg: 0.1, Max: 0.2, Diff: 0.1, Sum: 0.9]
      [Update RS (ms): Min: 0.4, Avg: 0.5, Max: 0.5, Diff: 0.1, Sum: 3.6]
         [Processed Buffers: Min: 3, Avg: 6.5, Max: 8, Diff: 5, Sum: 52]
      [Scan RS (ms): Min: 0.0, Avg: 0.0, Max: 0.0, Diff: 0.0, Sum: 0.0]
      [Code Root Scanning (ms): Min: 0.0, Avg: 0.0, Max: 0.0, Diff: 0.0, Sum: 0.0]
      [Object Copy (ms): Min: 2.4, Avg: 2.4, Max: 2.5, Diff: 0.1, Sum: 19.4]
      [Termination (ms): Min: 0.0, Avg: 0.1, Max: 0.1, Diff: 0.1, Sum: 0.4]
         [Termination Attempts: Min: 1, Avg: 1.6, Max: 2, Diff: 1, Sum: 13]
      [GC Worker Other (ms): Min: 0.0, Avg: 0.0, Max: 0.0, Diff: 0.0, Sum: 0.1]
      [GC Worker Total (ms): Min: 3.0, Avg: 3.1, Max: 3.1, Diff: 0.1, Sum: 24.5]
      [GC Worker End (ms): Min: 669.0, Avg: 669.0, Max: 669.1, Diff: 0.0]
   [Code Root Fixup: 0.0 ms]
   [Code Root Purge: 0.0 ms]
   [Clear CT: 0.2 ms]
   [Other: 0.7 ms]
      [Choose CSet: 0.0 ms]
      [Ref Proc: 0.3 ms]
      [Ref Enq: 0.0 ms]
      [Redirty Cards: 0.2 ms]
      [Humongous Register: 0.1 ms]
      [Humongous Reclaim: 0.0 ms]
      [Free CSet: 0.0 ms]
   [Eden: 56.0M(56.0M)->0.0B(17.0M) Survivors: 8192.0K->8192.0K Heap: 404.5M(512.0M)->350.5M(512.0M)]
 [Times: user=0.00 sys=0.00, real=0.00 secs] 
2020-10-27T23:32:38.852+0800: 0.673: [GC pause (G1 Evacuation Pause) (mixed), 0.0049076 secs]
   [Parallel Time: 4.1 ms, GC Workers: 8]
      [GC Worker Start (ms): Min: 672.7, Avg: 672.7, Max: 672.8, Diff: 0.1]
      [Ext Root Scanning (ms): Min: 0.1, Avg: 0.1, Max: 0.1, Diff: 0.1, Sum: 0.8]
      [Update RS (ms): Min: 0.1, Avg: 0.1, Max: 0.2, Diff: 0.1, Sum: 1.0]
         [Processed Buffers: Min: 2, Avg: 2.5, Max: 4, Diff: 2, Sum: 20]
      [Scan RS (ms): Min: 0.0, Avg: 0.0, Max: 0.2, Diff: 0.2, Sum: 0.3]
      [Code Root Scanning (ms): Min: 0.0, Avg: 0.0, Max: 0.0, Diff: 0.0, Sum: 0.0]
      [Object Copy (ms): Min: 3.6, Avg: 3.7, Max: 3.8, Diff: 0.2, Sum: 29.7]
      [Termination (ms): Min: 0.0, Avg: 0.0, Max: 0.1, Diff: 0.1, Sum: 0.4]
         [Termination Attempts: Min: 1, Avg: 1.1, Max: 2, Diff: 1, Sum: 9]
      [GC Worker Other (ms): Min: 0.0, Avg: 0.0, Max: 0.0, Diff: 0.0, Sum: 0.1]
      [GC Worker Total (ms): Min: 4.0, Avg: 4.1, Max: 4.1, Diff: 0.1, Sum: 32.4]
      [GC Worker End (ms): Min: 676.8, Avg: 676.8, Max: 676.8, Diff: 0.0]
   [Code Root Fixup: 0.0 ms]
   [Code Root Purge: 0.0 ms]
   [Clear CT: 0.2 ms]
   [Other: 0.6 ms]
      [Choose CSet: 0.0 ms]
      [Ref Proc: 0.2 ms]
      [Ref Enq: 0.0 ms]
      [Redirty Cards: 0.2 ms]
      [Humongous Register: 0.1 ms]
      [Humongous Reclaim: 0.0 ms]
      [Free CSet: 0.1 ms]
   [Eden: 17.0M(17.0M)->0.0B(53.0M) Survivors: 8192.0K->4096.0K Heap: 368.8M(512.0M)->337.1M(512.0M)]
 [Times: user=0.13 sys=0.00, real=0.01 secs] 
2020-10-27T23:32:38.857+0800: 0.678: [GC pause (G1 Humongous Allocation) (young) (initial-mark), 0.0016838 secs]
   [Parallel Time: 0.8 ms, GC Workers: 8]
      [GC Worker Start (ms): Min: 677.8, Avg: 677.9, Max: 678.0, Diff: 0.2]
      [Ext Root Scanning (ms): Min: 0.0, Avg: 0.1, Max: 0.2, Diff: 0.2, Sum: 1.0]
      [Update RS (ms): Min: 0.0, Avg: 0.1, Max: 0.5, Diff: 0.5, Sum: 1.2]
         [Processed Buffers: Min: 1, Avg: 1.1, Max: 2, Diff: 1, Sum: 9]
      [Scan RS (ms): Min: 0.0, Avg: 0.0, Max: 0.0, Diff: 0.0, Sum: 0.0]
      [Code Root Scanning (ms): Min: 0.0, Avg: 0.0, Max: 0.0, Diff: 0.0, Sum: 0.0]
      [Object Copy (ms): Min: 0.0, Avg: 0.3, Max: 0.4, Diff: 0.4, Sum: 2.5]
      [Termination (ms): Min: 0.0, Avg: 0.0, Max: 0.1, Diff: 0.1, Sum: 0.2]
         [Termination Attempts: Min: 1, Avg: 1.4, Max: 2, Diff: 1, Sum: 11]
      [GC Worker Other (ms): Min: 0.0, Avg: 0.0, Max: 0.0, Diff: 0.0, Sum: 0.1]
      [GC Worker Total (ms): Min: 0.5, Avg: 0.6, Max: 0.7, Diff: 0.2, Sum: 5.0]
      [GC Worker End (ms): Min: 678.5, Avg: 678.5, Max: 678.5, Diff: 0.0]
   [Code Root Fixup: 0.0 ms]
   [Code Root Purge: 0.0 ms]
   [Clear CT: 0.3 ms]
   [Other: 0.6 ms]
      [Choose CSet: 0.0 ms]
      [Ref Proc: 0.3 ms]
      [Ref Enq: 0.0 ms]
      [Redirty Cards: 0.2 ms]
      [Humongous Register: 0.1 ms]
      [Humongous Reclaim: 0.0 ms]
      [Free CSet: 0.0 ms]
   [Eden: 1024.0K(53.0M)->0.0B(56.0M) Survivors: 4096.0K->4096.0K Heap: 337.6M(512.0M)->337.0M(512.0M)]
 [Times: user=0.00 sys=0.00, real=0.00 secs] 
2020-10-27T23:32:38.859+0800: 0.679: [GC concurrent-root-region-scan-start]
2020-10-27T23:32:38.859+0800: 0.680: [GC concurrent-root-region-scan-end, 0.0000822 secs]
2020-10-27T23:32:38.859+0800: 0.680: [GC concurrent-mark-start]
2020-10-27T23:32:38.860+0800: 0.681: [GC concurrent-mark-end, 0.0014132 secs]
2020-10-27T23:32:38.861+0800: 0.681: [GC remark 2020-10-27T23:32:38.861+0800: 0.681: [Finalize Marking, 0.0001590 secs] 2020-10-27T23:32:38.861+0800: 0.681: [GC ref-proc, 0.0001884 secs] 2020-10-27T23:32:38.861+0800: 0.681: [Unloading, 0.0004604 secs], 0.0015315 secs]
 [Times: user=0.00 sys=0.00, real=0.00 secs] 
2020-10-27T23:32:38.862+0800: 0.683: [GC cleanup 345M->345M(512M), 0.0007581 secs]
 [Times: user=0.00 sys=0.00, real=0.00 secs] 
2020-10-27T23:32:38.872+0800: 0.693: [GC pause (G1 Evacuation Pause) (young), 0.0041068 secs]
   [Parallel Time: 3.2 ms, GC Workers: 8]
      [GC Worker Start (ms): Min: 693.0, Avg: 693.0, Max: 693.1, Diff: 0.1]
      [Ext Root Scanning (ms): Min: 0.1, Avg: 0.1, Max: 0.1, Diff: 0.1, Sum: 0.8]
      [Update RS (ms): Min: 0.4, Avg: 0.4, Max: 0.4, Diff: 0.1, Sum: 3.3]
         [Processed Buffers: Min: 3, Avg: 6.4, Max: 7, Diff: 4, Sum: 51]
      [Scan RS (ms): Min: 0.0, Avg: 0.0, Max: 0.0, Diff: 0.0, Sum: 0.0]
      [Code Root Scanning (ms): Min: 0.0, Avg: 0.0, Max: 0.0, Diff: 0.0, Sum: 0.0]
      [Object Copy (ms): Min: 2.3, Avg: 2.4, Max: 2.5, Diff: 0.2, Sum: 19.1]
      [Termination (ms): Min: 0.0, Avg: 0.1, Max: 0.1, Diff: 0.1, Sum: 0.6]
         [Termination Attempts: Min: 1, Avg: 1.8, Max: 3, Diff: 2, Sum: 14]
      [GC Worker Other (ms): Min: 0.0, Avg: 0.0, Max: 0.0, Diff: 0.0, Sum: 0.1]
      [GC Worker Total (ms): Min: 3.0, Avg: 3.0, Max: 3.1, Diff: 0.1, Sum: 24.0]
      [GC Worker End (ms): Min: 696.0, Avg: 696.0, Max: 696.0, Diff: 0.0]
   [Code Root Fixup: 0.0 ms]
   [Code Root Purge: 0.0 ms]
   [Clear CT: 0.3 ms]
   [Other: 0.6 ms]
      [Choose CSet: 0.0 ms]
      [Ref Proc: 0.1 ms]
      [Ref Enq: 0.0 ms]
      [Redirty Cards: 0.2 ms]
      [Humongous Register: 0.1 ms]
      [Humongous Reclaim: 0.1 ms]
      [Free CSet: 0.0 ms]
   [Eden: 56.0M(56.0M)->0.0B(17.0M) Survivors: 4096.0K->8192.0K Heap: 417.6M(512.0M)->358.5M(512.0M)]
 [Times: user=0.00 sys=0.00, real=0.01 secs] 
2020-10-27T23:32:38.880+0800: 0.700: [GC pause (G1 Evacuation Pause) (mixed), 0.0051637 secs]
   [Parallel Time: 4.5 ms, GC Workers: 8]
      [GC Worker Start (ms): Min: 700.5, Avg: 700.5, Max: 700.6, Diff: 0.1]
      [Ext Root Scanning (ms): Min: 0.1, Avg: 0.1, Max: 0.2, Diff: 0.1, Sum: 0.8]
      [Update RS (ms): Min: 0.4, Avg: 0.4, Max: 0.5, Diff: 0.1, Sum: 3.6]
         [Processed Buffers: Min: 3, Avg: 6.4, Max: 7, Diff: 4, Sum: 51]
      [Scan RS (ms): Min: 0.0, Avg: 0.0, Max: 0.0, Diff: 0.0, Sum: 0.2]
      [Code Root Scanning (ms): Min: 0.0, Avg: 0.0, Max: 0.0, Diff: 0.0, Sum: 0.0]
      [Object Copy (ms): Min: 3.7, Avg: 3.7, Max: 3.8, Diff: 0.1, Sum: 29.7]
      [Termination (ms): Min: 0.0, Avg: 0.1, Max: 0.1, Diff: 0.1, Sum: 0.5]
         [Termination Attempts: Min: 1, Avg: 1.0, Max: 1, Diff: 0, Sum: 8]
      [GC Worker Other (ms): Min: 0.0, Avg: 0.0, Max: 0.0, Diff: 0.0, Sum: 0.1]
      [GC Worker Total (ms): Min: 4.3, Avg: 4.3, Max: 4.4, Diff: 0.1, Sum: 34.8]
      [GC Worker End (ms): Min: 704.9, Avg: 704.9, Max: 704.9, Diff: 0.0]
   [Code Root Fixup: 0.0 ms]
   [Code Root Purge: 0.0 ms]
   [Clear CT: 0.1 ms]
   [Other: 0.6 ms]
      [Choose CSet: 0.0 ms]
      [Ref Proc: 0.1 ms]
      [Ref Enq: 0.0 ms]
      [Redirty Cards: 0.2 ms]
      [Humongous Register: 0.1 ms]
      [Humongous Reclaim: 0.0 ms]
      [Free CSet: 0.1 ms]
   [Eden: 17.0M(17.0M)->0.0B(40.0M) Survivors: 8192.0K->4096.0K Heap: 383.0M(512.0M)->350.8M(512.0M)]
 [Times: user=0.13 sys=0.00, real=0.00 secs] 
2020-10-27T23:32:38.886+0800: 0.707: [GC pause (G1 Humongous Allocation) (young) (initial-mark), 0.0020437 secs]
   [Parallel Time: 1.1 ms, GC Workers: 8]
      [GC Worker Start (ms): Min: 707.1, Avg: 707.2, Max: 707.2, Diff: 0.1]
      [Ext Root Scanning (ms): Min: 0.1, Avg: 0.1, Max: 0.2, Diff: 0.1, Sum: 0.8]
      [Update RS (ms): Min: 0.0, Avg: 0.1, Max: 0.1, Diff: 0.1, Sum: 0.7]
         [Processed Buffers: Min: 1, Avg: 1.1, Max: 2, Diff: 1, Sum: 9]
      [Scan RS (ms): Min: 0.0, Avg: 0.0, Max: 0.0, Diff: 0.0, Sum: 0.0]
      [Code Root Scanning (ms): Min: 0.0, Avg: 0.0, Max: 0.0, Diff: 0.0, Sum: 0.0]
      [Object Copy (ms): Min: 0.7, Avg: 0.8, Max: 0.8, Diff: 0.1, Sum: 6.3]
      [Termination (ms): Min: 0.0, Avg: 0.0, Max: 0.1, Diff: 0.1, Sum: 0.3]
         [Termination Attempts: Min: 1, Avg: 1.0, Max: 1, Diff: 0, Sum: 8]
      [GC Worker Other (ms): Min: 0.0, Avg: 0.0, Max: 0.0, Diff: 0.0, Sum: 0.1]
      [GC Worker Total (ms): Min: 1.0, Avg: 1.0, Max: 1.1, Diff: 0.1, Sum: 8.2]
      [GC Worker End (ms): Min: 708.2, Avg: 708.2, Max: 708.2, Diff: 0.0]
   [Code Root Fixup: 0.0 ms]
   [Code Root Purge: 0.0 ms]
   [Clear CT: 0.3 ms]
   [Other: 0.7 ms]
      [Choose CSet: 0.0 ms]
      [Ref Proc: 0.2 ms]
      [Ref Enq: 0.0 ms]
      [Redirty Cards: 0.2 ms]
      [Humongous Register: 0.1 ms]
      [Humongous Reclaim: 0.0 ms]
      [Free CSet: 0.0 ms]
   [Eden: 9216.0K(40.0M)->0.0B(40.0M) Survivors: 4096.0K->4096.0K Heap: 359.8M(512.0M)->351.2M(512.0M)]
 [Times: user=0.00 sys=0.00, real=0.00 secs] 
2020-10-27T23:32:38.889+0800: 0.709: [GC concurrent-root-region-scan-start]
2020-10-27T23:32:38.889+0800: 0.709: [GC concurrent-root-region-scan-end, 0.0001077 secs]
2020-10-27T23:32:38.889+0800: 0.709: [GC concurrent-mark-start]
2020-10-27T23:32:38.890+0800: 0.711: [GC concurrent-mark-end, 0.0016493 secs]
2020-10-27T23:32:38.891+0800: 0.711: [GC remark 2020-10-27T23:32:38.891+0800: 0.711: [Finalize Marking, 0.0001357 secs] 2020-10-27T23:32:38.891+0800: 0.711: [GC ref-proc, 0.0002228 secs] 2020-10-27T23:32:38.891+0800: 0.711: [Unloading, 0.0005044 secs], 0.0016900 secs]
 [Times: user=0.00 sys=0.00, real=0.00 secs] 
2020-10-27T23:32:38.892+0800: 0.713: [GC cleanup 362M->362M(512M), 0.0007438 secs]
 [Times: user=0.00 sys=0.00, real=0.00 secs] 
2020-10-27T23:32:38.899+0800: 0.719: [GC pause (G1 Evacuation Pause) (young), 0.0034165 secs]
   [Parallel Time: 2.6 ms, GC Workers: 8]
      [GC Worker Start (ms): Min: 719.5, Avg: 719.5, Max: 719.6, Diff: 0.1]
      [Ext Root Scanning (ms): Min: 0.1, Avg: 0.1, Max: 0.1, Diff: 0.1, Sum: 0.8]
      [Update RS (ms): Min: 0.5, Avg: 0.5, Max: 0.5, Diff: 0.1, Sum: 3.9]
         [Processed Buffers: Min: 0, Avg: 6.6, Max: 11, Diff: 11, Sum: 53]
      [Scan RS (ms): Min: 0.0, Avg: 0.0, Max: 0.0, Diff: 0.0, Sum: 0.0]
      [Code Root Scanning (ms): Min: 0.0, Avg: 0.0, Max: 0.0, Diff: 0.0, Sum: 0.0]
      [Object Copy (ms): Min: 1.8, Avg: 1.9, Max: 1.9, Diff: 0.1, Sum: 14.8]
      [Termination (ms): Min: 0.0, Avg: 0.1, Max: 0.1, Diff: 0.1, Sum: 0.4]
         [Termination Attempts: Min: 1, Avg: 1.0, Max: 1, Diff: 0, Sum: 8]
      [GC Worker Other (ms): Min: 0.0, Avg: 0.0, Max: 0.0, Diff: 0.0, Sum: 0.1]
      [GC Worker Total (ms): Min: 2.5, Avg: 2.5, Max: 2.6, Diff: 0.1, Sum: 20.1]
      [GC Worker End (ms): Min: 722.0, Avg: 722.0, Max: 722.0, Diff: 0.0]
   [Code Root Fixup: 0.0 ms]
   [Code Root Purge: 0.0 ms]
   [Clear CT: 0.2 ms]
   [Other: 0.6 ms]
      [Choose CSet: 0.0 ms]
      [Ref Proc: 0.1 ms]
      [Ref Enq: 0.0 ms]
      [Redirty Cards: 0.3 ms]
      [Humongous Register: 0.1 ms]
      [Humongous Reclaim: 0.0 ms]
      [Free CSet: 0.0 ms]
   [Eden: 40.0M(40.0M)->0.0B(19.0M) Survivors: 4096.0K->6144.0K Heap: 404.0M(512.0M)->370.0M(512.0M)]
 [Times: user=0.13 sys=0.00, real=0.00 secs] 
2020-10-27T23:32:38.905+0800: 0.726: [GC pause (G1 Evacuation Pause) (mixed), 0.0056504 secs]
   [Parallel Time: 4.9 ms, GC Workers: 8]
      [GC Worker Start (ms): Min: 726.0, Avg: 726.1, Max: 726.2, Diff: 0.1]
      [Ext Root Scanning (ms): Min: 0.1, Avg: 0.1, Max: 0.2, Diff: 0.1, Sum: 0.9]
      [Update RS (ms): Min: 0.3, Avg: 0.3, Max: 0.4, Diff: 0.1, Sum: 2.7]
         [Processed Buffers: Min: 5, Avg: 6.0, Max: 8, Diff: 3, Sum: 48]
      [Scan RS (ms): Min: 0.0, Avg: 0.1, Max: 0.1, Diff: 0.1, Sum: 0.6]
      [Code Root Scanning (ms): Min: 0.0, Avg: 0.0, Max: 0.1, Diff: 0.1, Sum: 0.1]
      [Object Copy (ms): Min: 4.1, Avg: 4.2, Max: 4.2, Diff: 0.1, Sum: 33.5]
      [Termination (ms): Min: 0.0, Avg: 0.0, Max: 0.1, Diff: 0.1, Sum: 0.3]
         [Termination Attempts: Min: 1, Avg: 1.0, Max: 1, Diff: 0, Sum: 8]
      [GC Worker Other (ms): Min: 0.0, Avg: 0.0, Max: 0.0, Diff: 0.0, Sum: 0.1]
      [GC Worker Total (ms): Min: 4.7, Avg: 4.8, Max: 4.8, Diff: 0.1, Sum: 38.1]
      [GC Worker End (ms): Min: 730.9, Avg: 730.9, Max: 730.9, Diff: 0.0]
   [Code Root Fixup: 0.0 ms]
   [Code Root Purge: 0.0 ms]
   [Clear CT: 0.2 ms]
   [Other: 0.6 ms]
      [Choose CSet: 0.0 ms]
      [Ref Proc: 0.1 ms]
      [Ref Enq: 0.0 ms]
      [Redirty Cards: 0.2 ms]
      [Humongous Register: 0.1 ms]
      [Humongous Reclaim: 0.0 ms]
      [Free CSet: 0.1 ms]
   [Eden: 19.0M(19.0M)->0.0B(35.0M) Survivors: 6144.0K->4096.0K Heap: 393.9M(512.0M)->356.2M(512.0M)]
 [Times: user=0.00 sys=0.00, real=0.01 secs] 
2020-10-27T23:32:38.911+0800: 0.732: [GC pause (G1 Humongous Allocation) (young) (initial-mark), 0.0016159 secs]
   [Parallel Time: 1.0 ms, GC Workers: 8]
      [GC Worker Start (ms): Min: 732.2, Avg: 732.3, Max: 732.4, Diff: 0.1]
      [Ext Root Scanning (ms): Min: 0.0, Avg: 0.1, Max: 0.2, Diff: 0.1, Sum: 0.6]
      [Update RS (ms): Min: 0.1, Avg: 0.3, Max: 0.7, Diff: 0.6, Sum: 2.0]
         [Processed Buffers: Min: 1, Avg: 1.1, Max: 2, Diff: 1, Sum: 9]
      [Scan RS (ms): Min: 0.0, Avg: 0.0, Max: 0.0, Diff: 0.0, Sum: 0.0]
      [Code Root Scanning (ms): Min: 0.0, Avg: 0.0, Max: 0.0, Diff: 0.0, Sum: 0.0]
      [Object Copy (ms): Min: 0.0, Avg: 0.3, Max: 0.5, Diff: 0.5, Sum: 2.7]
      [Termination (ms): Min: 0.0, Avg: 0.1, Max: 0.2, Diff: 0.2, Sum: 1.0]
         [Termination Attempts: Min: 1, Avg: 1.0, Max: 1, Diff: 0, Sum: 8]
      [GC Worker Other (ms): Min: 0.0, Avg: 0.0, Max: 0.0, Diff: 0.0, Sum: 0.1]
      [GC Worker Total (ms): Min: 0.7, Avg: 0.8, Max: 0.9, Diff: 0.1, Sum: 6.4]
      [GC Worker End (ms): Min: 733.1, Avg: 733.1, Max: 733.1, Diff: 0.0]
   [Code Root Fixup: 0.0 ms]
   [Code Root Purge: 0.0 ms]
   [Clear CT: 0.2 ms]
   [Other: 0.5 ms]
      [Choose CSet: 0.0 ms]
      [Ref Proc: 0.1 ms]
      [Ref Enq: 0.0 ms]
      [Redirty Cards: 0.2 ms]
      [Humongous Register: 0.0 ms]
      [Humongous Reclaim: 0.0 ms]
      [Free CSet: 0.0 ms]
   [Eden: 4096.0K(35.0M)->0.0B(35.0M) Survivors: 4096.0K->1024.0K Heap: 359.6M(512.0M)->355.2M(512.0M)]
 [Times: user=0.00 sys=0.00, real=0.00 secs] 
2020-10-27T23:32:38.913+0800: 0.734: [GC concurrent-root-region-scan-start]
2020-10-27T23:32:38.913+0800: 0.734: [GC concurrent-root-region-scan-end, 0.0000779 secs]
2020-10-27T23:32:38.913+0800: 0.734: [GC concurrent-mark-start]
2020-10-27T23:32:38.915+0800: 0.736: [GC concurrent-mark-end, 0.0015538 secs]
2020-10-27T23:32:38.915+0800: 0.736: [GC remark 2020-10-27T23:32:38.915+0800: 0.736: [Finalize Marking, 0.0001549 secs] 2020-10-27T23:32:38.915+0800: 0.736: [GC ref-proc, 0.0002734 secs] 2020-10-27T23:32:38.915+0800: 0.736: [Unloading, 0.0005091 secs], 0.0018023 secs]
 [Times: user=0.00 sys=0.00, real=0.00 secs] 
2020-10-27T23:32:38.917+0800: 0.738: [GC cleanup 365M->365M(512M), 0.0008053 secs]
 [Times: user=0.00 sys=0.00, real=0.00 secs] 
2020-10-27T23:32:38.923+0800: 0.743: [GC pause (G1 Evacuation Pause) (young), 0.0034040 secs]
   [Parallel Time: 2.4 ms, GC Workers: 8]
      [GC Worker Start (ms): Min: 743.4, Avg: 743.5, Max: 743.5, Diff: 0.1]
      [Ext Root Scanning (ms): Min: 0.0, Avg: 0.1, Max: 0.1, Diff: 0.1, Sum: 0.8]
      [Update RS (ms): Min: 0.7, Avg: 0.7, Max: 0.8, Diff: 0.1, Sum: 5.7]
         [Processed Buffers: Min: 4, Avg: 9.5, Max: 12, Diff: 8, Sum: 76]
      [Scan RS (ms): Min: 0.0, Avg: 0.0, Max: 0.0, Diff: 0.0, Sum: 0.0]
      [Code Root Scanning (ms): Min: 0.0, Avg: 0.0, Max: 0.0, Diff: 0.0, Sum: 0.0]
      [Object Copy (ms): Min: 1.4, Avg: 1.5, Max: 1.6, Diff: 0.1, Sum: 11.9]
      [Termination (ms): Min: 0.0, Avg: 0.1, Max: 0.1, Diff: 0.1, Sum: 0.4]
         [Termination Attempts: Min: 1, Avg: 1.0, Max: 1, Diff: 0, Sum: 8]
      [GC Worker Other (ms): Min: 0.0, Avg: 0.0, Max: 0.0, Diff: 0.0, Sum: 0.1]
      [GC Worker Total (ms): Min: 2.3, Avg: 2.4, Max: 2.4, Diff: 0.1, Sum: 18.9]
      [GC Worker End (ms): Min: 745.8, Avg: 745.8, Max: 745.8, Diff: 0.0]
   [Code Root Fixup: 0.0 ms]
   [Code Root Purge: 0.0 ms]
   [Clear CT: 0.3 ms]
   [Other: 0.7 ms]
      [Choose CSet: 0.0 ms]
      [Ref Proc: 0.2 ms]
      [Ref Enq: 0.0 ms]
      [Redirty Cards: 0.3 ms]
      [Humongous Register: 0.1 ms]
      [Humongous Reclaim: 0.0 ms]
      [Free CSet: 0.0 ms]
   [Eden: 35.0M(35.0M)->0.0B(20.0M) Survivors: 1024.0K->5120.0K Heap: 398.9M(512.0M)->366.8M(512.0M)]
 [Times: user=0.00 sys=0.00, real=0.00 secs] 
2020-10-27T23:32:38.929+0800: 0.750: [GC pause (G1 Evacuation Pause) (mixed), 0.0056785 secs]
   [Parallel Time: 4.9 ms, GC Workers: 8]
      [GC Worker Start (ms): Min: 750.3, Avg: 750.4, Max: 750.4, Diff: 0.1]
      [Ext Root Scanning (ms): Min: 0.1, Avg: 0.1, Max: 0.2, Diff: 0.1, Sum: 0.8]
      [Update RS (ms): Min: 0.3, Avg: 0.4, Max: 0.4, Diff: 0.0, Sum: 2.9]
         [Processed Buffers: Min: 4, Avg: 5.8, Max: 7, Diff: 3, Sum: 46]
      [Scan RS (ms): Min: 0.0, Avg: 0.0, Max: 0.0, Diff: 0.0, Sum: 0.2]
      [Code Root Scanning (ms): Min: 0.0, Avg: 0.0, Max: 0.0, Diff: 0.0, Sum: 0.0]
      [Object Copy (ms): Min: 4.2, Avg: 4.2, Max: 4.2, Diff: 0.1, Sum: 33.6]
      [Termination (ms): Min: 0.0, Avg: 0.0, Max: 0.1, Diff: 0.1, Sum: 0.4]
         [Termination Attempts: Min: 1, Avg: 1.0, Max: 1, Diff: 0, Sum: 8]
      [GC Worker Other (ms): Min: 0.0, Avg: 0.0, Max: 0.0, Diff: 0.0, Sum: 0.1]
      [GC Worker Total (ms): Min: 4.7, Avg: 4.7, Max: 4.8, Diff: 0.1, Sum: 38.0]
      [GC Worker End (ms): Min: 755.1, Avg: 755.1, Max: 755.1, Diff: 0.0]
   [Code Root Fixup: 0.0 ms]
   [Code Root Purge: 0.0 ms]
   [Clear CT: 0.1 ms]
   [Other: 0.7 ms]
      [Choose CSet: 0.0 ms]
      [Ref Proc: 0.2 ms]
      [Ref Enq: 0.0 ms]
      [Redirty Cards: 0.2 ms]
      [Humongous Register: 0.1 ms]
      [Humongous Reclaim: 0.1 ms]
      [Free CSet: 0.1 ms]
   [Eden: 20.0M(20.0M)->0.0B(37.0M) Survivors: 5120.0K->4096.0K Heap: 391.4M(512.0M)->355.0M(512.0M)]
 [Times: user=0.13 sys=0.00, real=0.01 secs] 
2020-10-27T23:32:38.936+0800: 0.757: [GC pause (G1 Humongous Allocation) (young) (initial-mark), 0.0015874 secs]
   [Parallel Time: 1.0 ms, GC Workers: 8]
      [GC Worker Start (ms): Min: 756.9, Avg: 757.0, Max: 757.0, Diff: 0.1]
      [Ext Root Scanning (ms): Min: 0.1, Avg: 0.1, Max: 0.1, Diff: 0.1, Sum: 0.8]
      [Update RS (ms): Min: 0.0, Avg: 0.1, Max: 0.2, Diff: 0.2, Sum: 0.7]
         [Processed Buffers: Min: 1, Avg: 1.1, Max: 2, Diff: 1, Sum: 9]
      [Scan RS (ms): Min: 0.0, Avg: 0.0, Max: 0.0, Diff: 0.0, Sum: 0.0]
      [Code Root Scanning (ms): Min: 0.0, Avg: 0.0, Max: 0.0, Diff: 0.0, Sum: 0.0]
      [Object Copy (ms): Min: 0.3, Avg: 0.4, Max: 0.5, Diff: 0.2, Sum: 3.4]
      [Termination (ms): Min: 0.0, Avg: 0.1, Max: 0.1, Diff: 0.1, Sum: 0.4]
         [Termination Attempts: Min: 1, Avg: 1.0, Max: 1, Diff: 0, Sum: 8]
      [GC Worker Other (ms): Min: 0.0, Avg: 0.0, Max: 0.0, Diff: 0.0, Sum: 0.1]
      [GC Worker Total (ms): Min: 0.6, Avg: 0.7, Max: 0.7, Diff: 0.1, Sum: 5.4]
      [GC Worker End (ms): Min: 757.6, Avg: 757.6, Max: 757.7, Diff: 0.0]
   [Code Root Fixup: 0.0 ms]
   [Code Root Purge: 0.0 ms]
   [Clear CT: 0.2 ms]
   [Other: 0.5 ms]
      [Choose CSet: 0.0 ms]
      [Ref Proc: 0.2 ms]
      [Ref Enq: 0.0 ms]
      [Redirty Cards: 0.1 ms]
      [Humongous Register: 0.1 ms]
      [Humongous Reclaim: 0.0 ms]
      [Free CSet: 0.0 ms]
   [Eden: 3072.0K(37.0M)->0.0B(36.0M) Survivors: 4096.0K->1024.0K Heap: 358.0M(512.0M)->355.5M(512.0M)]
 [Times: user=0.00 sys=0.00, real=0.00 secs] 
2020-10-27T23:32:38.938+0800: 0.759: [GC concurrent-root-region-scan-start]
2020-10-27T23:32:38.938+0800: 0.759: [GC concurrent-root-region-scan-end, 0.0001139 secs]
2020-10-27T23:32:38.938+0800: 0.759: [GC concurrent-mark-start]
2020-10-27T23:32:38.940+0800: 0.760: [GC concurrent-mark-end, 0.0016597 secs]
2020-10-27T23:32:38.940+0800: 0.760: [GC remark 2020-10-27T23:32:38.940+0800: 0.760: [Finalize Marking, 0.0001368 secs] 2020-10-27T23:32:38.940+0800: 0.761: [GC ref-proc, 0.0002340 secs] 2020-10-27T23:32:38.940+0800: 0.761: [Unloading, 0.0005456 secs], 0.0018144 secs]
 [Times: user=0.00 sys=0.00, real=0.00 secs] 
2020-10-27T23:32:38.942+0800: 0.762: [GC cleanup 369M->369M(512M), 0.0008006 secs]
 [Times: user=0.00 sys=0.00, real=0.00 secs] 
2020-10-27T23:32:38.946+0800: 0.767: [GC pause (G1 Evacuation Pause) (young), 0.0030040 secs]
   [Parallel Time: 2.2 ms, GC Workers: 8]
      [GC Worker Start (ms): Min: 767.3, Avg: 767.3, Max: 767.3, Diff: 0.1]
      [Ext Root Scanning (ms): Min: 0.1, Avg: 0.1, Max: 0.1, Diff: 0.1, Sum: 0.8]
      [Update RS (ms): Min: 0.6, Avg: 0.6, Max: 0.6, Diff: 0.0, Sum: 4.9]
         [Processed Buffers: Min: 9, Avg: 9.9, Max: 10, Diff: 1, Sum: 79]
      [Scan RS (ms): Min: 0.0, Avg: 0.0, Max: 0.0, Diff: 0.0, Sum: 0.0]
      [Code Root Scanning (ms): Min: 0.0, Avg: 0.0, Max: 0.0, Diff: 0.0, Sum: 0.0]
      [Object Copy (ms): Min: 1.3, Avg: 1.4, Max: 1.4, Diff: 0.1, Sum: 10.9]
      [Termination (ms): Min: 0.0, Avg: 0.0, Max: 0.0, Diff: 0.0, Sum: 0.2]
         [Termination Attempts: Min: 1, Avg: 1.0, Max: 1, Diff: 0, Sum: 8]
      [GC Worker Other (ms): Min: 0.0, Avg: 0.0, Max: 0.0, Diff: 0.0, Sum: 0.1]
      [GC Worker Total (ms): Min: 2.1, Avg: 2.1, Max: 2.2, Diff: 0.1, Sum: 16.9]
      [GC Worker End (ms): Min: 769.4, Avg: 769.4, Max: 769.4, Diff: 0.0]
   [Code Root Fixup: 0.0 ms]
   [Code Root Purge: 0.0 ms]
   [Clear CT: 0.2 ms]
   [Other: 0.6 ms]
      [Choose CSet: 0.0 ms]
      [Ref Proc: 0.2 ms]
      [Ref Enq: 0.0 ms]
      [Redirty Cards: 0.2 ms]
      [Humongous Register: 0.1 ms]
      [Humongous Reclaim: 0.0 ms]
      [Free CSet: 0.0 ms]
   [Eden: 36.0M(36.0M)->0.0B(20.0M) Survivors: 1024.0K->5120.0K Heap: 400.3M(512.0M)->369.4M(512.0M)]
 [Times: user=0.01 sys=0.00, real=0.00 secs] 
2020-10-27T23:32:38.953+0800: 0.774: [GC pause (G1 Evacuation Pause) (mixed), 0.0066603 secs]
   [Parallel Time: 5.8 ms, GC Workers: 8]
      [GC Worker Start (ms): Min: 773.7, Avg: 773.8, Max: 773.8, Diff: 0.1]
      [Ext Root Scanning (ms): Min: 0.1, Avg: 0.1, Max: 0.2, Diff: 0.1, Sum: 0.8]
      [Update RS (ms): Min: 0.4, Avg: 0.4, Max: 0.5, Diff: 0.1, Sum: 3.4]
         [Processed Buffers: Min: 6, Avg: 6.9, Max: 7, Diff: 1, Sum: 55]
      [Scan RS (ms): Min: 0.0, Avg: 0.0, Max: 0.1, Diff: 0.1, Sum: 0.3]
      [Code Root Scanning (ms): Min: 0.0, Avg: 0.0, Max: 0.0, Diff: 0.0, Sum: 0.0]
      [Object Copy (ms): Min: 4.9, Avg: 5.0, Max: 5.0, Diff: 0.1, Sum: 39.8]
      [Termination (ms): Min: 0.0, Avg: 0.0, Max: 0.1, Diff: 0.1, Sum: 0.3]
         [Termination Attempts: Min: 1, Avg: 1.3, Max: 3, Diff: 2, Sum: 10]
      [GC Worker Other (ms): Min: 0.0, Avg: 0.0, Max: 0.0, Diff: 0.0, Sum: 0.1]
      [GC Worker Total (ms): Min: 5.5, Avg: 5.6, Max: 5.6, Diff: 0.1, Sum: 44.6]
      [GC Worker End (ms): Min: 779.3, Avg: 779.3, Max: 779.4, Diff: 0.0]
   [Code Root Fixup: 0.0 ms]
   [Code Root Purge: 0.0 ms]
   [Clear CT: 0.2 ms]
   [Other: 0.7 ms]
      [Choose CSet: 0.0 ms]
      [Ref Proc: 0.2 ms]
      [Ref Enq: 0.0 ms]
      [Redirty Cards: 0.3 ms]
      [Humongous Register: 0.1 ms]
      [Humongous Reclaim: 0.0 ms]
      [Free CSet: 0.1 ms]
   [Eden: 20.0M(20.0M)->0.0B(28.0M) Survivors: 5120.0K->4096.0K Heap: 395.1M(512.0M)->363.8M(512.0M)]
 [Times: user=0.00 sys=0.00, real=0.01 secs] 
2020-10-27T23:32:38.960+0800: 0.781: [GC pause (G1 Humongous Allocation) (young) (initial-mark), 0.0019259 secs]
   [Parallel Time: 0.9 ms, GC Workers: 8]
      [GC Worker Start (ms): Min: 781.3, Avg: 781.3, Max: 781.3, Diff: 0.1]
      [Ext Root Scanning (ms): Min: 0.1, Avg: 0.1, Max: 0.1, Diff: 0.1, Sum: 0.9]
      [Update RS (ms): Min: 0.0, Avg: 0.1, Max: 0.2, Diff: 0.2, Sum: 0.8]
         [Processed Buffers: Min: 1, Avg: 1.1, Max: 2, Diff: 1, Sum: 9]
      [Scan RS (ms): Min: 0.0, Avg: 0.0, Max: 0.0, Diff: 0.0, Sum: 0.0]
      [Code Root Scanning (ms): Min: 0.0, Avg: 0.0, Max: 0.0, Diff: 0.0, Sum: 0.0]
      [Object Copy (ms): Min: 0.3, Avg: 0.5, Max: 0.6, Diff: 0.3, Sum: 3.8]
      [Termination (ms): Min: 0.0, Avg: 0.1, Max: 0.1, Diff: 0.1, Sum: 0.7]
         [Termination Attempts: Min: 1, Avg: 1.0, Max: 1, Diff: 0, Sum: 8]
      [GC Worker Other (ms): Min: 0.0, Avg: 0.0, Max: 0.0, Diff: 0.0, Sum: 0.1]
      [GC Worker Total (ms): Min: 0.8, Avg: 0.8, Max: 0.8, Diff: 0.1, Sum: 6.2]
      [GC Worker End (ms): Min: 782.1, Avg: 782.1, Max: 782.1, Diff: 0.0]
   [Code Root Fixup: 0.0 ms]
   [Code Root Purge: 0.0 ms]
   [Clear CT: 0.3 ms]
   [Other: 0.7 ms]
      [Choose CSet: 0.0 ms]
      [Ref Proc: 0.3 ms]
      [Ref Enq: 0.0 ms]
      [Redirty Cards: 0.3 ms]
      [Humongous Register: 0.1 ms]
      [Humongous Reclaim: 0.0 ms]
      [Free CSet: 0.0 ms]
   [Eden: 4096.0K(28.0M)->0.0B(28.0M) Survivors: 4096.0K->2048.0K Heap: 367.5M(512.0M)->364.4M(512.0M)]
 [Times: user=0.05 sys=0.00, real=0.00 secs] 
2020-10-27T23:32:38.963+0800: 0.783: [GC concurrent-root-region-scan-start]
2020-10-27T23:32:38.963+0800: 0.783: [GC concurrent-root-region-scan-end, 0.0001295 secs]
2020-10-27T23:32:38.963+0800: 0.783: [GC concurrent-mark-start]
2020-10-27T23:32:38.964+0800: 0.785: [GC concurrent-mark-end, 0.0015834 secs]
2020-10-27T23:32:38.964+0800: 0.785: [GC remark 2020-10-27T23:32:38.965+0800: 0.785: [Finalize Marking, 0.0001728 secs] 2020-10-27T23:32:38.965+0800: 0.785: [GC ref-proc, 0.0003263 secs] 2020-10-27T23:32:38.965+0800: 0.786: [Unloading, 0.0003981 secs], 0.0017524 secs]
 [Times: user=0.00 sys=0.00, real=0.00 secs] 
2020-10-27T23:32:38.966+0800: 0.787: [GC cleanup 378M->378M(512M), 0.0007181 secs]
 [Times: user=0.00 sys=0.00, real=0.00 secs] 
2020-10-27T23:32:38.971+0800: 0.791: [GC pause (G1 Evacuation Pause) (young), 0.0032708 secs]
   [Parallel Time: 2.2 ms, GC Workers: 8]
      [GC Worker Start (ms): Min: 791.6, Avg: 791.6, Max: 791.7, Diff: 0.1]
      [Ext Root Scanning (ms): Min: 0.1, Avg: 0.1, Max: 0.1, Diff: 0.1, Sum: 0.8]
      [Update RS (ms): Min: 0.6, Avg: 0.6, Max: 0.7, Diff: 0.1, Sum: 4.9]
         [Processed Buffers: Min: 8, Avg: 9.3, Max: 11, Diff: 3, Sum: 74]
      [Scan RS (ms): Min: 0.0, Avg: 0.0, Max: 0.0, Diff: 0.0, Sum: 0.0]
      [Code Root Scanning (ms): Min: 0.0, Avg: 0.0, Max: 0.0, Diff: 0.0, Sum: 0.0]
      [Object Copy (ms): Min: 1.2, Avg: 1.3, Max: 1.3, Diff: 0.1, Sum: 10.3]
      [Termination (ms): Min: 0.0, Avg: 0.1, Max: 0.1, Diff: 0.1, Sum: 0.5]
         [Termination Attempts: Min: 1, Avg: 1.0, Max: 1, Diff: 0, Sum: 8]
      [GC Worker Other (ms): Min: 0.0, Avg: 0.0, Max: 0.0, Diff: 0.0, Sum: 0.1]
      [GC Worker Total (ms): Min: 2.0, Avg: 2.1, Max: 2.1, Diff: 0.1, Sum: 16.7]
      [GC Worker End (ms): Min: 793.7, Avg: 793.7, Max: 793.7, Diff: 0.0]
   [Code Root Fixup: 0.0 ms]
   [Code Root Purge: 0.0 ms]
   [Clear CT: 0.3 ms]
   [Other: 0.8 ms]
      [Choose CSet: 0.0 ms]
      [Ref Proc: 0.4 ms]
      [Ref Enq: 0.0 ms]
      [Redirty Cards: 0.2 ms]
      [Humongous Register: 0.1 ms]
      [Humongous Reclaim: 0.0 ms]
      [Free CSet: 0.0 ms]
   [Eden: 28.0M(28.0M)->0.0B(21.0M) Survivors: 2048.0K->4096.0K Heap: 405.5M(512.0M)->376.7M(512.0M)]
 [Times: user=0.00 sys=0.00, real=0.00 secs] 
2020-10-27T23:32:38.978+0800: 0.799: [GC pause (G1 Evacuation Pause) (mixed), 0.0066237 secs]
   [Parallel Time: 5.6 ms, GC Workers: 8]
      [GC Worker Start (ms): Min: 798.8, Avg: 798.9, Max: 798.9, Diff: 0.1]
      [Ext Root Scanning (ms): Min: 0.1, Avg: 0.1, Max: 0.2, Diff: 0.1, Sum: 0.8]
      [Update RS (ms): Min: 0.4, Avg: 0.5, Max: 0.5, Diff: 0.1, Sum: 3.8]
         [Processed Buffers: Min: 7, Avg: 7.6, Max: 8, Diff: 1, Sum: 61]
      [Scan RS (ms): Min: 0.0, Avg: 0.0, Max: 0.1, Diff: 0.0, Sum: 0.3]
      [Code Root Scanning (ms): Min: 0.0, Avg: 0.0, Max: 0.0, Diff: 0.0, Sum: 0.0]
      [Object Copy (ms): Min: 4.6, Avg: 4.7, Max: 4.7, Diff: 0.1, Sum: 37.4]
      [Termination (ms): Min: 0.0, Avg: 0.1, Max: 0.1, Diff: 0.1, Sum: 0.6]
         [Termination Attempts: Min: 1, Avg: 1.0, Max: 1, Diff: 0, Sum: 8]
      [GC Worker Other (ms): Min: 0.0, Avg: 0.0, Max: 0.0, Diff: 0.0, Sum: 0.1]
      [GC Worker Total (ms): Min: 5.3, Avg: 5.4, Max: 5.4, Diff: 0.1, Sum: 42.9]
      [GC Worker End (ms): Min: 804.3, Avg: 804.3, Max: 804.3, Diff: 0.0]
   [Code Root Fixup: 0.0 ms]
   [Code Root Purge: 0.0 ms]
   [Clear CT: 0.4 ms]
   [Other: 0.7 ms]
      [Choose CSet: 0.0 ms]
      [Ref Proc: 0.2 ms]
      [Ref Enq: 0.0 ms]
      [Redirty Cards: 0.3 ms]
      [Humongous Register: 0.1 ms]
      [Humongous Reclaim: 0.0 ms]
      [Free CSet: 0.1 ms]
   [Eden: 21.0M(21.0M)->0.0B(21.0M) Survivors: 4096.0K->4096.0K Heap: 404.1M(512.0M)->364.1M(512.0M)]
 [Times: user=0.00 sys=0.00, real=0.01 secs] 
2020-10-27T23:32:38.988+0800: 0.809: [GC pause (G1 Evacuation Pause) (mixed), 0.0030580 secs]
   [Parallel Time: 2.3 ms, GC Workers: 8]
      [GC Worker Start (ms): Min: 808.9, Avg: 809.0, Max: 809.0, Diff: 0.1]
      [Ext Root Scanning (ms): Min: 0.1, Avg: 0.1, Max: 0.2, Diff: 0.1, Sum: 0.8]
      [Update RS (ms): Min: 0.6, Avg: 0.6, Max: 0.6, Diff: 0.0, Sum: 4.6]
         [Processed Buffers: Min: 7, Avg: 8.8, Max: 10, Diff: 3, Sum: 70]
      [Scan RS (ms): Min: 0.0, Avg: 0.0, Max: 0.0, Diff: 0.0, Sum: 0.0]
      [Code Root Scanning (ms): Min: 0.0, Avg: 0.0, Max: 0.0, Diff: 0.0, Sum: 0.0]
      [Object Copy (ms): Min: 1.4, Avg: 1.4, Max: 1.5, Diff: 0.1, Sum: 11.5]
      [Termination (ms): Min: 0.0, Avg: 0.1, Max: 0.1, Diff: 0.1, Sum: 0.4]
         [Termination Attempts: Min: 1, Avg: 1.0, Max: 1, Diff: 0, Sum: 8]
      [GC Worker Other (ms): Min: 0.0, Avg: 0.0, Max: 0.0, Diff: 0.0, Sum: 0.1]
      [GC Worker Total (ms): Min: 2.1, Avg: 2.2, Max: 2.2, Diff: 0.1, Sum: 17.4]
      [GC Worker End (ms): Min: 811.1, Avg: 811.1, Max: 811.1, Diff: 0.0]
   [Code Root Fixup: 0.0 ms]
   [Code Root Purge: 0.0 ms]
   [Clear CT: 0.2 ms]
   [Other: 0.6 ms]
      [Choose CSet: 0.0 ms]
      [Ref Proc: 0.2 ms]
      [Ref Enq: 0.0 ms]
      [Redirty Cards: 0.2 ms]
      [Humongous Register: 0.1 ms]
      [Humongous Reclaim: 0.0 ms]
      [Free CSet: 0.0 ms]
   [Eden: 21.0M(21.0M)->0.0B(21.0M) Survivors: 4096.0K->4096.0K Heap: 392.7M(512.0M)->372.7M(512.0M)]
 [Times: user=0.00 sys=0.00, real=0.00 secs] 
2020-10-27T23:32:38.992+0800: 0.812: [GC pause (G1 Humongous Allocation) (young) (initial-mark), 0.0017367 secs]
   [Parallel Time: 0.9 ms, GC Workers: 8]
      [GC Worker Start (ms): Min: 812.5, Avg: 812.5, Max: 812.6, Diff: 0.1]
      [Ext Root Scanning (ms): Min: 0.1, Avg: 0.1, Max: 0.1, Diff: 0.1, Sum: 0.8]
      [Update RS (ms): Min: 0.0, Avg: 0.1, Max: 0.1, Diff: 0.1, Sum: 0.4]
         [Processed Buffers: Min: 1, Avg: 1.1, Max: 2, Diff: 1, Sum: 9]
      [Scan RS (ms): Min: 0.0, Avg: 0.0, Max: 0.0, Diff: 0.0, Sum: 0.0]
      [Code Root Scanning (ms): Min: 0.0, Avg: 0.0, Max: 0.0, Diff: 0.0, Sum: 0.0]
      [Object Copy (ms): Min: 0.4, Avg: 0.5, Max: 0.5, Diff: 0.1, Sum: 4.0]
      [Termination (ms): Min: 0.0, Avg: 0.0, Max: 0.1, Diff: 0.1, Sum: 0.2]
         [Termination Attempts: Min: 1, Avg: 1.0, Max: 1, Diff: 0, Sum: 8]
      [GC Worker Other (ms): Min: 0.0, Avg: 0.0, Max: 0.0, Diff: 0.0, Sum: 0.1]
      [GC Worker Total (ms): Min: 0.7, Avg: 0.7, Max: 0.7, Diff: 0.1, Sum: 5.5]
      [GC Worker End (ms): Min: 813.2, Avg: 813.2, Max: 813.2, Diff: 0.0]
   [Code Root Fixup: 0.0 ms]
   [Code Root Purge: 0.0 ms]
   [Clear CT: 0.3 ms]
   [Other: 0.5 ms]
      [Choose CSet: 0.0 ms]
      [Ref Proc: 0.1 ms]
      [Ref Enq: 0.0 ms]
      [Redirty Cards: 0.3 ms]
      [Humongous Register: 0.1 ms]
      [Humongous Reclaim: 0.0 ms]
      [Free CSet: 0.0 ms]
   [Eden: 3072.0K(21.0M)->0.0B(24.0M) Survivors: 4096.0K->1024.0K Heap: 375.5M(512.0M)->372.4M(512.0M)]
 [Times: user=0.00 sys=0.00, real=0.00 secs] 
2020-10-27T23:32:38.994+0800: 0.814: [GC concurrent-root-region-scan-start]
2020-10-27T23:32:38.994+0800: 0.814: [GC concurrent-root-region-scan-end, 0.0000905 secs]
2020-10-27T23:32:38.994+0800: 0.814: [GC concurrent-mark-start]
2020-10-27T23:32:38.996+0800: 0.816: [GC concurrent-mark-end, 0.0017648 secs]
2020-10-27T23:32:38.996+0800: 0.816: [GC remark 2020-10-27T23:32:38.996+0800: 0.816: [Finalize Marking, 0.0001031 secs] 2020-10-27T23:32:38.996+0800: 0.816: [GC ref-proc, 0.0002091 secs] 2020-10-27T23:32:38.996+0800: 0.817: [Unloading, 0.0004551 secs], 0.0015822 secs]
 [Times: user=0.00 sys=0.00, real=0.00 secs] 
2020-10-27T23:32:38.997+0800: 0.818: [GC cleanup 391M->391M(512M), 0.0006426 secs]
 [Times: user=0.00 sys=0.00, real=0.00 secs] 
2020-10-27T23:32:39.001+0800: 0.821: [GC pause (G1 Evacuation Pause) (young), 0.0027124 secs]
   [Parallel Time: 1.8 ms, GC Workers: 8]
      [GC Worker Start (ms): Min: 821.5, Avg: 821.5, Max: 821.6, Diff: 0.1]
      [Ext Root Scanning (ms): Min: 0.1, Avg: 0.1, Max: 0.1, Diff: 0.1, Sum: 0.8]
      [Update RS (ms): Min: 0.6, Avg: 0.6, Max: 0.6, Diff: 0.0, Sum: 4.7]
         [Processed Buffers: Min: 9, Avg: 9.5, Max: 11, Diff: 2, Sum: 76]
      [Scan RS (ms): Min: 0.0, Avg: 0.0, Max: 0.0, Diff: 0.0, Sum: 0.0]
      [Code Root Scanning (ms): Min: 0.0, Avg: 0.0, Max: 0.0, Diff: 0.0, Sum: 0.0]
      [Object Copy (ms): Min: 0.9, Avg: 1.0, Max: 1.1, Diff: 0.1, Sum: 8.0]
      [Termination (ms): Min: 0.0, Avg: 0.0, Max: 0.1, Diff: 0.1, Sum: 0.4]
         [Termination Attempts: Min: 1, Avg: 1.0, Max: 1, Diff: 0, Sum: 8]
      [GC Worker Other (ms): Min: 0.0, Avg: 0.0, Max: 0.0, Diff: 0.0, Sum: 0.1]
      [GC Worker Total (ms): Min: 1.7, Avg: 1.7, Max: 1.8, Diff: 0.1, Sum: 14.0]
      [GC Worker End (ms): Min: 823.3, Avg: 823.3, Max: 823.3, Diff: 0.0]
   [Code Root Fixup: 0.0 ms]
   [Code Root Purge: 0.0 ms]
   [Clear CT: 0.2 ms]
   [Other: 0.7 ms]
      [Choose CSet: 0.0 ms]
      [Ref Proc: 0.3 ms]
      [Ref Enq: 0.0 ms]
      [Redirty Cards: 0.2 ms]
      [Humongous Register: 0.1 ms]
      [Humongous Reclaim: 0.0 ms]
      [Free CSet: 0.0 ms]
   [Eden: 24.0M(24.0M)->0.0B(21.0M) Survivors: 1024.0K->4096.0K Heap: 404.6M(512.0M)->382.9M(512.0M)]
 [Times: user=0.00 sys=0.00, real=0.00 secs] 
2020-10-27T23:32:39.007+0800: 0.828: [GC pause (G1 Evacuation Pause) (mixed) (to-space exhausted), 0.0056458 secs]
   [Parallel Time: 4.8 ms, GC Workers: 8]
      [GC Worker Start (ms): Min: 827.7, Avg: 827.8, Max: 827.8, Diff: 0.1]
      [Ext Root Scanning (ms): Min: 0.1, Avg: 0.1, Max: 0.2, Diff: 0.1, Sum: 0.8]
      [Update RS (ms): Min: 0.5, Avg: 0.5, Max: 0.5, Diff: 0.1, Sum: 4.1]
         [Processed Buffers: Min: 8, Avg: 8.1, Max: 9, Diff: 1, Sum: 65]
      [Scan RS (ms): Min: 0.0, Avg: 0.0, Max: 0.1, Diff: 0.1, Sum: 0.2]
      [Code Root Scanning (ms): Min: 0.0, Avg: 0.0, Max: 0.0, Diff: 0.0, Sum: 0.0]
      [Object Copy (ms): Min: 4.0, Avg: 4.1, Max: 4.1, Diff: 0.0, Sum: 32.4]
      [Termination (ms): Min: 0.0, Avg: 0.0, Max: 0.1, Diff: 0.1, Sum: 0.3]
         [Termination Attempts: Min: 1, Avg: 1.0, Max: 1, Diff: 0, Sum: 8]
      [GC Worker Other (ms): Min: 0.0, Avg: 0.0, Max: 0.0, Diff: 0.0, Sum: 0.1]
      [GC Worker Total (ms): Min: 4.7, Avg: 4.7, Max: 4.8, Diff: 0.1, Sum: 38.0]
      [GC Worker End (ms): Min: 832.5, Avg: 832.5, Max: 832.5, Diff: 0.0]
   [Code Root Fixup: 0.0 ms]
   [Code Root Purge: 0.0 ms]
   [Clear CT: 0.1 ms]
   [Other: 0.7 ms]
      [Evacuation Failure: 0.1 ms]
      [Choose CSet: 0.0 ms]
      [Ref Proc: 0.1 ms]
      [Ref Enq: 0.0 ms]
      [Redirty Cards: 0.2 ms]
      [Humongous Register: 0.1 ms]
      [Humongous Reclaim: 0.0 ms]
      [Free CSet: 0.1 ms]
   [Eden: 21.0M(21.0M)->0.0B(21.0M) Survivors: 4096.0K->4096.0K Heap: 410.9M(512.0M)->398.7M(512.0M)]
 [Times: user=0.13 sys=0.00, real=0.01 secs] 
2020-10-27T23:32:39.016+0800: 0.837: [GC pause (G1 Evacuation Pause) (mixed), 0.0032539 secs]
   [Parallel Time: 2.5 ms, GC Workers: 8]
      [GC Worker Start (ms): Min: 837.0, Avg: 837.0, Max: 837.1, Diff: 0.1]
      [Ext Root Scanning (ms): Min: 0.1, Avg: 0.1, Max: 0.1, Diff: 0.1, Sum: 0.8]
      [Update RS (ms): Min: 0.3, Avg: 0.4, Max: 0.4, Diff: 0.1, Sum: 2.9]
         [Processed Buffers: Min: 5, Avg: 6.5, Max: 11, Diff: 6, Sum: 52]
      [Scan RS (ms): Min: 0.0, Avg: 0.0, Max: 0.0, Diff: 0.0, Sum: 0.1]
      [Code Root Scanning (ms): Min: 0.0, Avg: 0.0, Max: 0.0, Diff: 0.0, Sum: 0.0]
      [Object Copy (ms): Min: 1.7, Avg: 1.8, Max: 1.8, Diff: 0.1, Sum: 14.1]
      [Termination (ms): Min: 0.0, Avg: 0.0, Max: 0.1, Diff: 0.1, Sum: 0.4]
         [Termination Attempts: Min: 1, Avg: 1.0, Max: 1, Diff: 0, Sum: 8]
      [GC Worker Other (ms): Min: 0.0, Avg: 0.0, Max: 0.0, Diff: 0.0, Sum: 0.1]
      [GC Worker Total (ms): Min: 2.3, Avg: 2.3, Max: 2.3, Diff: 0.1, Sum: 18.4]
      [GC Worker End (ms): Min: 839.3, Avg: 839.4, Max: 839.4, Diff: 0.0]
   [Code Root Fixup: 0.0 ms]
   [Code Root Purge: 0.0 ms]
   [Clear CT: 0.2 ms]
   [Other: 0.6 ms]
      [Choose CSet: 0.0 ms]
      [Ref Proc: 0.2 ms]
      [Ref Enq: 0.0 ms]
      [Redirty Cards: 0.2 ms]
      [Humongous Register: 0.1 ms]
      [Humongous Reclaim: 0.0 ms]
      [Free CSet: 0.0 ms]
   [Eden: 21.0M(21.0M)->0.0B(21.0M) Survivors: 4096.0K->4096.0K Heap: 424.0M(512.0M)->405.1M(512.0M)]
 [Times: user=0.00 sys=0.00, real=0.00 secs] 
2020-10-27T23:32:39.020+0800: 0.840: [GC pause (G1 Humongous Allocation) (young) (initial-mark), 0.0012993 secs]
   [Parallel Time: 0.8 ms, GC Workers: 8]
      [GC Worker Start (ms): Min: 840.5, Avg: 840.6, Max: 840.6, Diff: 0.1]
      [Ext Root Scanning (ms): Min: 0.1, Avg: 0.1, Max: 0.1, Diff: 0.1, Sum: 0.8]
      [Update RS (ms): Min: 0.0, Avg: 0.1, Max: 0.1, Diff: 0.1, Sum: 0.5]
         [Processed Buffers: Min: 1, Avg: 1.1, Max: 2, Diff: 1, Sum: 9]
      [Scan RS (ms): Min: 0.0, Avg: 0.0, Max: 0.0, Diff: 0.0, Sum: 0.0]
      [Code Root Scanning (ms): Min: 0.0, Avg: 0.0, Max: 0.0, Diff: 0.0, Sum: 0.0]
      [Object Copy (ms): Min: 0.4, Avg: 0.4, Max: 0.4, Diff: 0.1, Sum: 3.1]
      [Termination (ms): Min: 0.0, Avg: 0.0, Max: 0.1, Diff: 0.1, Sum: 0.4]
         [Termination Attempts: Min: 1, Avg: 1.0, Max: 1, Diff: 0, Sum: 8]
      [GC Worker Other (ms): Min: 0.0, Avg: 0.0, Max: 0.0, Diff: 0.0, Sum: 0.1]
      [GC Worker Total (ms): Min: 0.6, Avg: 0.6, Max: 0.6, Diff: 0.1, Sum: 5.0]
      [GC Worker End (ms): Min: 841.2, Avg: 841.2, Max: 841.2, Diff: 0.0]
   [Code Root Fixup: 0.0 ms]
   [Code Root Purge: 0.0 ms]
   [Clear CT: 0.1 ms]
   [Other: 0.4 ms]
      [Choose CSet: 0.0 ms]
      [Ref Proc: 0.1 ms]
      [Ref Enq: 0.0 ms]
      [Redirty Cards: 0.1 ms]
      [Humongous Register: 0.1 ms]
      [Humongous Reclaim: 0.0 ms]
      [Free CSet: 0.0 ms]
   [Eden: 1024.0K(21.0M)->0.0B(25.0M) Survivors: 4096.0K->0.0B Heap: 405.8M(512.0M)->405.3M(512.0M)]
 [Times: user=0.00 sys=0.00, real=0.00 secs] 
2020-10-27T23:32:39.021+0800: 0.842: [GC concurrent-root-region-scan-start]
2020-10-27T23:32:39.021+0800: 0.842: [GC concurrent-root-region-scan-end, 0.0000069 secs]
2020-10-27T23:32:39.021+0800: 0.842: [GC concurrent-mark-start]
2020-10-27T23:32:39.023+0800: 0.844: [GC concurrent-mark-end, 0.0017842 secs]
2020-10-27T23:32:39.023+0800: 0.844: [GC remark 2020-10-27T23:32:39.023+0800: 0.844: [Finalize Marking, 0.0001547 secs] 2020-10-27T23:32:39.023+0800: 0.844: [GC ref-proc, 0.0002140 secs] 2020-10-27T23:32:39.024+0800: 0.844: [Unloading, 0.0004620 secs], 0.0016989 secs]
 [Times: user=0.13 sys=0.00, real=0.00 secs] 
2020-10-27T23:32:39.025+0800: 0.846: [GC cleanup 418M->418M(512M), 0.0007406 secs]
 [Times: user=0.00 sys=0.00, real=0.00 secs] 
2020-10-27T23:32:39.029+0800: 0.849: [GC pause (G1 Humongous Allocation) (young) (to-space exhausted), 0.0022648 secs]
   [Parallel Time: 1.2 ms, GC Workers: 8]
      [GC Worker Start (ms): Min: 849.3, Avg: 849.3, Max: 849.4, Diff: 0.1]
      [Ext Root Scanning (ms): Min: 0.1, Avg: 0.1, Max: 0.1, Diff: 0.1, Sum: 0.8]
      [Update RS (ms): Min: 0.8, Avg: 0.8, Max: 0.9, Diff: 0.1, Sum: 6.7]
         [Processed Buffers: Min: 13, Avg: 13.1, Max: 14, Diff: 1, Sum: 105]
      [Scan RS (ms): Min: 0.0, Avg: 0.0, Max: 0.0, Diff: 0.0, Sum: 0.0]
      [Code Root Scanning (ms): Min: 0.0, Avg: 0.0, Max: 0.0, Diff: 0.0, Sum: 0.0]
      [Object Copy (ms): Min: 0.1, Avg: 0.1, Max: 0.1, Diff: 0.1, Sum: 0.8]
      [Termination (ms): Min: 0.0, Avg: 0.0, Max: 0.0, Diff: 0.0, Sum: 0.2]
         [Termination Attempts: Min: 1, Avg: 1.1, Max: 2, Diff: 1, Sum: 9]
      [GC Worker Other (ms): Min: 0.0, Avg: 0.0, Max: 0.0, Diff: 0.0, Sum: 0.1]
      [GC Worker Total (ms): Min: 1.0, Avg: 1.1, Max: 1.1, Diff: 0.1, Sum: 8.6]
      [GC Worker End (ms): Min: 850.4, Avg: 850.4, Max: 850.4, Diff: 0.0]
   [Code Root Fixup: 0.0 ms]
   [Code Root Purge: 0.0 ms]
   [Clear CT: 0.3 ms]
   [Other: 0.8 ms]
      [Evacuation Failure: 0.2 ms]
      [Choose CSet: 0.0 ms]
      [Ref Proc: 0.2 ms]
      [Ref Enq: 0.0 ms]
      [Redirty Cards: 0.2 ms]
      [Humongous Register: 0.1 ms]
      [Humongous Reclaim: 0.0 ms]
      [Free CSet: 0.0 ms]
   [Eden: 24.0M(25.0M)->0.0B(25.0M) Survivors: 0.0B->0.0B Heap: 441.2M(512.0M)->426.3M(512.0M)]
 [Times: user=0.00 sys=0.00, real=0.00 secs] 
2020-10-27T23:32:39.034+0800: 0.854: [GC pause (G1 Evacuation Pause) (mixed) (to-space exhausted), 0.0019317 secs]
   [Parallel Time: 0.9 ms, GC Workers: 8]
      [GC Worker Start (ms): Min: 854.5, Avg: 854.5, Max: 854.6, Diff: 0.1]
      [Ext Root Scanning (ms): Min: 0.1, Avg: 0.1, Max: 0.1, Diff: 0.1, Sum: 0.8]
      [Update RS (ms): Min: 0.3, Avg: 0.3, Max: 0.4, Diff: 0.1, Sum: 2.7]
         [Processed Buffers: Min: 5, Avg: 6.9, Max: 9, Diff: 4, Sum: 55]
      [Scan RS (ms): Min: 0.0, Avg: 0.0, Max: 0.0, Diff: 0.0, Sum: 0.1]
      [Code Root Scanning (ms): Min: 0.0, Avg: 0.0, Max: 0.0, Diff: 0.0, Sum: 0.0]
      [Object Copy (ms): Min: 0.2, Avg: 0.3, Max: 0.3, Diff: 0.0, Sum: 2.1]
      [Termination (ms): Min: 0.0, Avg: 0.0, Max: 0.1, Diff: 0.1, Sum: 0.2]
         [Termination Attempts: Min: 1, Avg: 1.0, Max: 1, Diff: 0, Sum: 8]
      [GC Worker Other (ms): Min: 0.0, Avg: 0.0, Max: 0.0, Diff: 0.0, Sum: 0.0]
      [GC Worker Total (ms): Min: 0.7, Avg: 0.8, Max: 0.8, Diff: 0.1, Sum: 6.0]
      [GC Worker End (ms): Min: 855.3, Avg: 855.3, Max: 855.3, Diff: 0.0]
   [Code Root Fixup: 0.0 ms]
   [Code Root Purge: 0.0 ms]
   [Clear CT: 0.2 ms]
   [Other: 0.8 ms]
      [Evacuation Failure: 0.2 ms]
      [Choose CSet: 0.0 ms]
      [Ref Proc: 0.2 ms]
      [Ref Enq: 0.0 ms]
      [Redirty Cards: 0.2 ms]
      [Humongous Register: 0.1 ms]
      [Humongous Reclaim: 0.0 ms]
      [Free CSet: 0.0 ms]
   [Eden: 15.0M(25.0M)->0.0B(25.0M) Survivors: 0.0B->0.0B Heap: 445.9M(512.0M)->443.8M(512.0M)]
 [Times: user=0.00 sys=0.00, real=0.00 secs] 
2020-10-27T23:32:39.036+0800: 0.857: [GC pause (G1 Humongous Allocation) (mixed) (to-space exhausted), 0.0011174 secs]
   [Parallel Time: 0.5 ms, GC Workers: 8]
      [GC Worker Start (ms): Min: 856.9, Avg: 856.9, Max: 857.0, Diff: 0.1]
      [Ext Root Scanning (ms): Min: 0.0, Avg: 0.1, Max: 0.1, Diff: 0.1, Sum: 0.7]
      [Update RS (ms): Min: 0.0, Avg: 0.0, Max: 0.1, Diff: 0.0, Sum: 0.4]
         [Processed Buffers: Min: 1, Avg: 2.9, Max: 5, Diff: 4, Sum: 23]
      [Scan RS (ms): Min: 0.0, Avg: 0.0, Max: 0.0, Diff: 0.0, Sum: 0.1]
      [Code Root Scanning (ms): Min: 0.0, Avg: 0.0, Max: 0.0, Diff: 0.0, Sum: 0.0]
      [Object Copy (ms): Min: 0.2, Avg: 0.2, Max: 0.2, Diff: 0.0, Sum: 1.8]
      [Termination (ms): Min: 0.0, Avg: 0.0, Max: 0.0, Diff: 0.0, Sum: 0.1]
         [Termination Attempts: Min: 1, Avg: 1.0, Max: 1, Diff: 0, Sum: 8]
      [GC Worker Other (ms): Min: 0.0, Avg: 0.0, Max: 0.0, Diff: 0.0, Sum: 0.1]
      [GC Worker Total (ms): Min: 0.4, Avg: 0.4, Max: 0.4, Diff: 0.1, Sum: 3.1]
      [GC Worker End (ms): Min: 857.3, Avg: 857.3, Max: 857.3, Diff: 0.0]
   [Code Root Fixup: 0.0 ms]
   [Code Root Purge: 0.0 ms]
   [Clear CT: 0.1 ms]
   [Other: 0.5 ms]
      [Evacuation Failure: 0.1 ms]
      [Choose CSet: 0.0 ms]
      [Ref Proc: 0.2 ms]
      [Ref Enq: 0.0 ms]
      [Redirty Cards: 0.1 ms]
      [Humongous Register: 0.0 ms]
      [Humongous Reclaim: 0.0 ms]
      [Free CSet: 0.0 ms]
   [Eden: 3072.0K(25.0M)->0.0B(25.0M) Survivors: 0.0B->0.0B Heap: 446.6M(512.0M)->445.8M(512.0M)]
 [Times: user=0.00 sys=0.00, real=0.00 secs] 
2020-10-27T23:32:39.038+0800: 0.858: [GC pause (G1 Evacuation Pause) (young) (initial-mark), 0.0007015 secs]
   [Parallel Time: 0.3 ms, GC Workers: 8]
      [GC Worker Start (ms): Min: 858.2, Avg: 858.3, Max: 858.3, Diff: 0.1]
      [Ext Root Scanning (ms): Min: 0.1, Avg: 0.1, Max: 0.1, Diff: 0.1, Sum: 0.8]
      [Update RS (ms): Min: 0.1, Avg: 0.1, Max: 0.1, Diff: 0.1, Sum: 0.7]
         [Processed Buffers: Min: 1, Avg: 3.1, Max: 5, Diff: 4, Sum: 25]
      [Scan RS (ms): Min: 0.0, Avg: 0.0, Max: 0.0, Diff: 0.0, Sum: 0.0]
      [Code Root Scanning (ms): Min: 0.0, Avg: 0.0, Max: 0.0, Diff: 0.0, Sum: 0.0]
      [Object Copy (ms): Min: 0.0, Avg: 0.0, Max: 0.0, Diff: 0.0, Sum: 0.0]
      [Termination (ms): Min: 0.0, Avg: 0.0, Max: 0.1, Diff: 0.1, Sum: 0.2]
         [Termination Attempts: Min: 1, Avg: 1.0, Max: 1, Diff: 0, Sum: 8]
      [GC Worker Other (ms): Min: 0.0, Avg: 0.0, Max: 0.0, Diff: 0.0, Sum: 0.0]
      [GC Worker Total (ms): Min: 0.2, Avg: 0.2, Max: 0.2, Diff: 0.1, Sum: 1.7]
      [GC Worker End (ms): Min: 858.5, Avg: 858.5, Max: 858.5, Diff: 0.0]
   [Code Root Fixup: 0.0 ms]
   [Code Root Purge: 0.0 ms]
   [Clear CT: 0.1 ms]
   [Other: 0.3 ms]
      [Choose CSet: 0.0 ms]
      [Ref Proc: 0.1 ms]
      [Ref Enq: 0.0 ms]
      [Redirty Cards: 0.1 ms]
      [Humongous Register: 0.0 ms]
      [Humongous Reclaim: 0.0 ms]
      [Free CSet: 0.0 ms]
   [Eden: 0.0B(25.0M)->0.0B(25.0M) Survivors: 0.0B->0.0B Heap: 446.5M(512.0M)->445.8M(512.0M)]
 [Times: user=0.00 sys=0.00, real=0.00 secs] 
2020-10-27T23:32:39.038+0800: 0.859: [GC concurrent-root-region-scan-start]
2020-10-27T23:32:39.038+0800: 0.859: [GC concurrent-root-region-scan-end, 0.0000070 secs]
2020-10-27T23:32:39.038+0800: 0.859: [GC concurrent-mark-start]
2020-10-27T23:32:39.039+0800: 0.859: [GC pause (G1 Evacuation Pause) (young) (to-space exhausted), 0.0009841 secs]
   [Parallel Time: 0.3 ms, GC Workers: 8]
      [GC Worker Start (ms): Min: 859.2, Avg: 859.2, Max: 859.2, Diff: 0.1]
      [Ext Root Scanning (ms): Min: 0.1, Avg: 0.1, Max: 0.1, Diff: 0.1, Sum: 0.7]
      [Update RS (ms): Min: 0.0, Avg: 0.0, Max: 0.2, Diff: 0.2, Sum: 0.2]
         [Processed Buffers: Min: 0, Avg: 0.4, Max: 1, Diff: 1, Sum: 3]
      [Scan RS (ms): Min: 0.0, Avg: 0.0, Max: 0.0, Diff: 0.0, Sum: 0.0]
      [Code Root Scanning (ms): Min: 0.0, Avg: 0.0, Max: 0.0, Diff: 0.0, Sum: 0.0]
      [Object Copy (ms): Min: 0.0, Avg: 0.0, Max: 0.0, Diff: 0.0, Sum: 0.0]
      [Termination (ms): Min: 0.0, Avg: 0.1, Max: 0.2, Diff: 0.2, Sum: 1.1]
         [Termination Attempts: Min: 1, Avg: 1.0, Max: 1, Diff: 0, Sum: 8]
      [GC Worker Other (ms): Min: 0.0, Avg: 0.0, Max: 0.0, Diff: 0.0, Sum: 0.1]
      [GC Worker Total (ms): Min: 0.2, Avg: 0.3, Max: 0.3, Diff: 0.1, Sum: 2.1]
      [GC Worker End (ms): Min: 859.5, Avg: 859.5, Max: 859.5, Diff: 0.0]
   [Code Root Fixup: 0.0 ms]
   [Code Root Purge: 0.0 ms]
   [Clear CT: 0.2 ms]
   [Other: 0.4 ms]
      [Evacuation Failure: 0.1 ms]
      [Choose CSet: 0.0 ms]
      [Ref Proc: 0.1 ms]
      [Ref Enq: 0.0 ms]
      [Redirty Cards: 0.1 ms]
      [Humongous Register: 0.1 ms]
      [Humongous Reclaim: 0.0 ms]
      [Free CSet: 0.0 ms]
   [Eden: 1024.0K(25.0M)->0.0B(25.0M) Survivors: 0.0B->0.0B Heap: 446.8M(512.0M)->446.8M(512.0M)]
 [Times: user=0.00 sys=0.00, real=0.00 secs] 
2020-10-27T23:32:39.040+0800: 0.860: [Full GC (Allocation Failure)  446M->327M(512M), 0.0366280 secs]
   [Eden: 0.0B(25.0M)->0.0B(33.0M) Survivors: 0.0B->0.0B Heap: 446.8M(512.0M)->327.6M(512.0M)], [Metaspace: 2774K->2774K(1056768K)]
 [Times: user=0.03 sys=0.00, real=0.04 secs] 
2020-10-27T23:32:39.077+0800: 0.897: [GC concurrent-mark-abort]
2020-10-27T23:32:39.077+0800: 0.898: [GC pause (G1 Humongous Allocation) (young) (initial-mark), 0.0009873 secs]
   [Parallel Time: 0.4 ms, GC Workers: 8]
      [GC Worker Start (ms): Min: 897.7, Avg: 897.7, Max: 897.8, Diff: 0.1]
      [Ext Root Scanning (ms): Min: 0.1, Avg: 0.1, Max: 0.1, Diff: 0.1, Sum: 0.8]
      [Update RS (ms): Min: 0.0, Avg: 0.0, Max: 0.2, Diff: 0.2, Sum: 0.2]
         [Processed Buffers: Min: 0, Avg: 0.3, Max: 1, Diff: 1, Sum: 2]
      [Scan RS (ms): Min: 0.0, Avg: 0.0, Max: 0.0, Diff: 0.0, Sum: 0.0]
      [Code Root Scanning (ms): Min: 0.0, Avg: 0.0, Max: 0.0, Diff: 0.0, Sum: 0.0]
      [Object Copy (ms): Min: 0.0, Avg: 0.0, Max: 0.1, Diff: 0.1, Sum: 0.1]
      [Termination (ms): Min: 0.0, Avg: 0.1, Max: 0.2, Diff: 0.2, Sum: 1.0]
         [Termination Attempts: Min: 1, Avg: 2.6, Max: 6, Diff: 5, Sum: 21]
      [GC Worker Other (ms): Min: 0.0, Avg: 0.0, Max: 0.0, Diff: 0.0, Sum: 0.0]
      [GC Worker Total (ms): Min: 0.2, Avg: 0.3, Max: 0.3, Diff: 0.1, Sum: 2.3]
      [GC Worker End (ms): Min: 898.0, Avg: 898.0, Max: 898.0, Diff: 0.0]
   [Code Root Fixup: 0.0 ms]
   [Code Root Purge: 0.0 ms]
   [Clear CT: 0.1 ms]
   [Other: 0.4 ms]
      [Choose CSet: 0.0 ms]
      [Ref Proc: 0.2 ms]
      [Ref Enq: 0.0 ms]
      [Redirty Cards: 0.1 ms]
      [Humongous Register: 0.1 ms]
      [Humongous Reclaim: 0.0 ms]
      [Free CSet: 0.0 ms]
   [Eden: 4096.0K(33.0M)->0.0B(33.0M) Survivors: 0.0B->1024.0K Heap: 331.0M(512.0M)->327.6M(512.0M)]
 [Times: user=0.00 sys=0.00, real=0.00 secs] 
2020-10-27T23:32:39.078+0800: 0.899: [GC concurrent-root-region-scan-start]
2020-10-27T23:32:39.078+0800: 0.899: [GC concurrent-root-region-scan-end, 0.0000570 secs]
2020-10-27T23:32:39.078+0800: 0.899: [GC concurrent-mark-start]
2020-10-27T23:32:39.080+0800: 0.900: [GC concurrent-mark-end, 0.0015915 secs]
2020-10-27T23:32:39.080+0800: 0.900: [GC remark 2020-10-27T23:32:39.080+0800: 0.901: [Finalize Marking, 0.0003274 secs] 2020-10-27T23:32:39.080+0800: 0.901: [GC ref-proc, 0.0001975 secs] 2020-10-27T23:32:39.081+0800: 0.901: [Unloading, 0.0005178 secs], 0.0018629 secs]
 [Times: user=0.00 sys=0.00, real=0.00 secs] 
2020-10-27T23:32:39.082+0800: 0.903: [GC cleanup 341M->341M(512M), 0.0008519 secs]
 [Times: user=0.00 sys=0.00, real=0.00 secs] 
2020-10-27T23:32:39.087+0800: 0.908: [GC pause (G1 Evacuation Pause) (young), 0.0031071 secs]
   [Parallel Time: 2.4 ms, GC Workers: 8]
      [GC Worker Start (ms): Min: 907.7, Avg: 907.7, Max: 907.7, Diff: 0.1]
      [Ext Root Scanning (ms): Min: 0.1, Avg: 0.1, Max: 0.1, Diff: 0.1, Sum: 0.8]
      [Update RS (ms): Min: 0.7, Avg: 0.7, Max: 0.8, Diff: 0.0, Sum: 6.0]
         [Processed Buffers: Min: 11, Avg: 11.6, Max: 12, Diff: 1, Sum: 93]
      [Scan RS (ms): Min: 0.0, Avg: 0.0, Max: 0.0, Diff: 0.0, Sum: 0.0]
      [Code Root Scanning (ms): Min: 0.0, Avg: 0.0, Max: 0.0, Diff: 0.0, Sum: 0.0]
      [Object Copy (ms): Min: 1.2, Avg: 1.3, Max: 1.4, Diff: 0.2, Sum: 10.1]
      [Termination (ms): Min: 0.0, Avg: 0.1, Max: 0.2, Diff: 0.2, Sum: 0.9]
         [Termination Attempts: Min: 1, Avg: 1.0, Max: 1, Diff: 0, Sum: 8]
      [GC Worker Other (ms): Min: 0.0, Avg: 0.0, Max: 0.0, Diff: 0.0, Sum: 0.1]
      [GC Worker Total (ms): Min: 2.2, Avg: 2.2, Max: 2.3, Diff: 0.1, Sum: 17.8]
      [GC Worker End (ms): Min: 909.9, Avg: 909.9, Max: 909.9, Diff: 0.0]
   [Code Root Fixup: 0.0 ms]
   [Code Root Purge: 0.0 ms]
   [Clear CT: 0.2 ms]
   [Other: 0.5 ms]
      [Choose CSet: 0.0 ms]
      [Ref Proc: 0.1 ms]
      [Ref Enq: 0.0 ms]
      [Redirty Cards: 0.1 ms]
      [Humongous Register: 0.1 ms]
      [Humongous Reclaim: 0.0 ms]
      [Free CSet: 0.0 ms]
   [Eden: 33.0M(33.0M)->0.0B(22.0M) Survivors: 1024.0K->5120.0K Heap: 371.5M(512.0M)->337.2M(512.0M)]
 [Times: user=0.00 sys=0.00, real=0.00 secs] 
2020-10-27T23:32:39.090+0800: 0.911: [GC pause (G1 Humongous Allocation) (young) (initial-mark), 0.0016218 secs]
   [Parallel Time: 0.9 ms, GC Workers: 8]
      [GC Worker Start (ms): Min: 911.3, Avg: 911.3, Max: 911.4, Diff: 0.1]
      [Ext Root Scanning (ms): Min: 0.0, Avg: 0.1, Max: 0.2, Diff: 0.2, Sum: 1.0]
      [Update RS (ms): Min: 0.0, Avg: 0.1, Max: 0.1, Diff: 0.1, Sum: 0.4]
         [Processed Buffers: Min: 0, Avg: 1.1, Max: 2, Diff: 2, Sum: 9]
      [Scan RS (ms): Min: 0.0, Avg: 0.0, Max: 0.0, Diff: 0.0, Sum: 0.0]
      [Code Root Scanning (ms): Min: 0.0, Avg: 0.0, Max: 0.0, Diff: 0.0, Sum: 0.0]
      [Object Copy (ms): Min: 0.4, Avg: 0.5, Max: 0.6, Diff: 0.2, Sum: 4.1]
      [Termination (ms): Min: 0.0, Avg: 0.1, Max: 0.1, Diff: 0.1, Sum: 0.5]
         [Termination Attempts: Min: 1, Avg: 1.0, Max: 1, Diff: 0, Sum: 8]
      [GC Worker Other (ms): Min: 0.0, Avg: 0.0, Max: 0.0, Diff: 0.0, Sum: 0.1]
      [GC Worker Total (ms): Min: 0.7, Avg: 0.8, Max: 0.8, Diff: 0.1, Sum: 6.2]
      [GC Worker End (ms): Min: 912.1, Avg: 912.1, Max: 912.1, Diff: 0.0]
   [Code Root Fixup: 0.0 ms]
   [Code Root Purge: 0.0 ms]
   [Clear CT: 0.2 ms]
   [Other: 0.5 ms]
      [Choose CSet: 0.0 ms]
      [Ref Proc: 0.1 ms]
      [Ref Enq: 0.0 ms]
      [Redirty Cards: 0.2 ms]
      [Humongous Register: 0.1 ms]
      [Humongous Reclaim: 0.0 ms]
      [Free CSet: 0.0 ms]
   [Eden: 1024.0K(22.0M)->0.0B(24.0M) Survivors: 5120.0K->1024.0K Heap: 338.2M(512.0M)->337.6M(512.0M)]
 [Times: user=0.00 sys=0.00, real=0.00 secs] 
2020-10-27T23:32:39.092+0800: 0.913: [GC concurrent-root-region-scan-start]
2020-10-27T23:32:39.092+0800: 0.913: [GC concurrent-root-region-scan-end, 0.0000533 secs]
2020-10-27T23:32:39.092+0800: 0.913: [GC concurrent-mark-start]
2020-10-27T23:32:39.094+0800: 0.915: [GC concurrent-mark-end, 0.0016150 secs]
2020-10-27T23:32:39.094+0800: 0.915: [GC remark 2020-10-27T23:32:39.094+0800: 0.915: [Finalize Marking, 0.0002209 secs] 2020-10-27T23:32:39.094+0800: 0.915: [GC ref-proc, 0.0001788 secs] 2020-10-27T23:32:39.094+0800: 0.915: [Unloading, 0.0005459 secs], 0.0017763 secs]
 [Times: user=0.00 sys=0.00, real=0.00 secs] 
2020-10-27T23:32:39.096+0800: 0.917: [GC cleanup 351M->351M(512M), 0.0008228 secs]
 [Times: user=0.00 sys=0.00, real=0.00 secs] 
2020-10-27T23:32:39.100+0800: 0.920: [GC pause (G1 Evacuation Pause) (young), 0.0028850 secs]
   [Parallel Time: 2.2 ms, GC Workers: 8]
      [GC Worker Start (ms): Min: 920.4, Avg: 920.5, Max: 920.5, Diff: 0.1]
      [Ext Root Scanning (ms): Min: 0.1, Avg: 0.1, Max: 0.1, Diff: 0.1, Sum: 0.8]
      [Update RS (ms): Min: 0.7, Avg: 0.7, Max: 0.7, Diff: 0.0, Sum: 5.5]
         [Processed Buffers: Min: 10, Avg: 10.8, Max: 12, Diff: 2, Sum: 86]
      [Scan RS (ms): Min: 0.0, Avg: 0.0, Max: 0.0, Diff: 0.0, Sum: 0.0]
      [Code Root Scanning (ms): Min: 0.0, Avg: 0.0, Max: 0.0, Diff: 0.0, Sum: 0.0]
      [Object Copy (ms): Min: 1.1, Avg: 1.2, Max: 1.2, Diff: 0.1, Sum: 9.3]
      [Termination (ms): Min: 0.0, Avg: 0.0, Max: 0.1, Diff: 0.1, Sum: 0.4]
         [Termination Attempts: Min: 1, Avg: 1.0, Max: 1, Diff: 0, Sum: 8]
      [GC Worker Other (ms): Min: 0.0, Avg: 0.0, Max: 0.0, Diff: 0.0, Sum: 0.1]
      [GC Worker Total (ms): Min: 2.0, Avg: 2.0, Max: 2.0, Diff: 0.1, Sum: 16.1]
      [GC Worker End (ms): Min: 922.5, Avg: 922.5, Max: 922.5, Diff: 0.0]
   [Code Root Fixup: 0.0 ms]
   [Code Root Purge: 0.0 ms]
   [Clear CT: 0.2 ms]
   [Other: 0.5 ms]
      [Choose CSet: 0.0 ms]
      [Ref Proc: 0.2 ms]
      [Ref Enq: 0.0 ms]
      [Redirty Cards: 0.1 ms]
      [Humongous Register: 0.1 ms]
      [Humongous Reclaim: 0.0 ms]
      [Free CSet: 0.0 ms]
   [Eden: 24.0M(24.0M)->0.0B(21.0M) Survivors: 1024.0K->4096.0K Heap: 371.1M(512.0M)->351.5M(512.0M)]
 [Times: user=0.01 sys=0.00, real=0.00 secs] 
2020-10-27T23:32:39.106+0800: 0.927: [GC pause (G1 Evacuation Pause) (mixed), 0.0025351 secs]
   [Parallel Time: 1.8 ms, GC Workers: 8]
      [GC Worker Start (ms): Min: 927.2, Avg: 927.3, Max: 927.3, Diff: 0.1]
      [Ext Root Scanning (ms): Min: 0.1, Avg: 0.1, Max: 0.1, Diff: 0.1, Sum: 0.9]
      [Update RS (ms): Min: 0.3, Avg: 0.4, Max: 0.4, Diff: 0.1, Sum: 2.9]
         [Processed Buffers: Min: 5, Avg: 5.8, Max: 7, Diff: 2, Sum: 46]
      [Scan RS (ms): Min: 0.0, Avg: 0.0, Max: 0.0, Diff: 0.0, Sum: 0.0]
      [Code Root Scanning (ms): Min: 0.0, Avg: 0.0, Max: 0.0, Diff: 0.0, Sum: 0.0]
      [Object Copy (ms): Min: 1.1, Avg: 1.2, Max: 1.2, Diff: 0.1, Sum: 9.4]
      [Termination (ms): Min: 0.0, Avg: 0.0, Max: 0.1, Diff: 0.1, Sum: 0.3]
         [Termination Attempts: Min: 1, Avg: 1.3, Max: 2, Diff: 1, Sum: 10]
      [GC Worker Other (ms): Min: 0.0, Avg: 0.0, Max: 0.0, Diff: 0.0, Sum: 0.1]
      [GC Worker Total (ms): Min: 1.6, Avg: 1.7, Max: 1.7, Diff: 0.1, Sum: 13.5]
      [GC Worker End (ms): Min: 928.9, Avg: 929.0, Max: 929.0, Diff: 0.0]
   [Code Root Fixup: 0.0 ms]
   [Code Root Purge: 0.0 ms]
   [Clear CT: 0.1 ms]
   [Other: 0.6 ms]
      [Choose CSet: 0.0 ms]
      [Ref Proc: 0.2 ms]
      [Ref Enq: 0.0 ms]
      [Redirty Cards: 0.1 ms]
      [Humongous Register: 0.1 ms]
      [Humongous Reclaim: 0.0 ms]
      [Free CSet: 0.0 ms]
   [Eden: 21.0M(21.0M)->0.0B(21.0M) Survivors: 4096.0K->4096.0K Heap: 377.1M(512.0M)->353.7M(512.0M)]
 [Times: user=0.00 sys=0.00, real=0.00 secs] 
2020-10-27T23:32:39.109+0800: 0.930: [GC pause (G1 Humongous Allocation) (young) (initial-mark), 0.0014786 secs]
   [Parallel Time: 0.7 ms, GC Workers: 8]
      [GC Worker Start (ms): Min: 929.9, Avg: 930.0, Max: 930.0, Diff: 0.1]
      [Ext Root Scanning (ms): Min: 0.1, Avg: 0.1, Max: 0.2, Diff: 0.1, Sum: 0.9]
      [Update RS (ms): Min: 0.0, Avg: 0.1, Max: 0.1, Diff: 0.1, Sum: 0.5]
         [Processed Buffers: Min: 1, Avg: 1.0, Max: 1, Diff: 0, Sum: 8]
      [Scan RS (ms): Min: 0.0, Avg: 0.0, Max: 0.0, Diff: 0.0, Sum: 0.0]
      [Code Root Scanning (ms): Min: 0.0, Avg: 0.0, Max: 0.0, Diff: 0.0, Sum: 0.0]
      [Object Copy (ms): Min: 0.2, Avg: 0.3, Max: 0.4, Diff: 0.1, Sum: 2.6]
      [Termination (ms): Min: 0.0, Avg: 0.0, Max: 0.1, Diff: 0.1, Sum: 0.3]
         [Termination Attempts: Min: 1, Avg: 1.0, Max: 1, Diff: 0, Sum: 8]
      [GC Worker Other (ms): Min: 0.0, Avg: 0.0, Max: 0.0, Diff: 0.0, Sum: 0.1]
      [GC Worker Total (ms): Min: 0.5, Avg: 0.5, Max: 0.6, Diff: 0.1, Sum: 4.4]
      [GC Worker End (ms): Min: 930.5, Avg: 930.5, Max: 930.5, Diff: 0.0]
   [Code Root Fixup: 0.0 ms]
   [Code Root Purge: 0.0 ms]
   [Clear CT: 0.3 ms]
   [Other: 0.5 ms]
      [Choose CSet: 0.0 ms]
      [Ref Proc: 0.2 ms]
      [Ref Enq: 0.0 ms]
      [Redirty Cards: 0.2 ms]
      [Humongous Register: 0.1 ms]
      [Humongous Reclaim: 0.0 ms]
      [Free CSet: 0.0 ms]
   [Eden: 1024.0K(21.0M)->0.0B(25.0M) Survivors: 4096.0K->0.0B Heap: 353.9M(512.0M)->353.3M(512.0M)]
 [Times: user=0.00 sys=0.00, real=0.00 secs] 
2020-10-27T23:32:39.111+0800: 0.931: [GC concurrent-root-region-scan-start]
2020-10-27T23:32:39.111+0800: 0.931: [GC concurrent-root-region-scan-end, 0.0000065 secs]
2020-10-27T23:32:39.111+0800: 0.931: [GC concurrent-mark-start]
2020-10-27T23:32:39.112+0800: 0.933: [GC concurrent-mark-end, 0.0016302 secs]
2020-10-27T23:32:39.113+0800: 0.933: [GC remark 2020-10-27T23:32:39.113+0800: 0.933: [Finalize Marking, 0.0001987 secs] 2020-10-27T23:32:39.113+0800: 0.933: [GC ref-proc, 0.0001777 secs] 2020-10-27T23:32:39.113+0800: 0.934: [Unloading, 0.0005107 secs], 0.0017107 secs]
 [Times: user=0.00 sys=0.00, real=0.00 secs] 
2020-10-27T23:32:39.114+0800: 0.935: [GC cleanup 365M->365M(512M), 0.0005314 secs]
 [Times: user=0.00 sys=0.00, real=0.00 secs] 
2020-10-27T23:32:39.118+0800: 0.939: [GC pause (G1 Evacuation Pause) (young), 0.0022954 secs]
   [Parallel Time: 1.7 ms, GC Workers: 8]
      [GC Worker Start (ms): Min: 938.6, Avg: 938.7, Max: 938.7, Diff: 0.1]
      [Ext Root Scanning (ms): Min: 0.1, Avg: 0.1, Max: 0.1, Diff: 0.1, Sum: 0.8]
      [Update RS (ms): Min: 0.5, Avg: 0.6, Max: 0.6, Diff: 0.0, Sum: 4.5]
         [Processed Buffers: Min: 9, Avg: 9.0, Max: 9, Diff: 0, Sum: 72]
      [Scan RS (ms): Min: 0.0, Avg: 0.0, Max: 0.0, Diff: 0.0, Sum: 0.0]
      [Code Root Scanning (ms): Min: 0.0, Avg: 0.0, Max: 0.0, Diff: 0.0, Sum: 0.0]
      [Object Copy (ms): Min: 0.8, Avg: 0.9, Max: 0.9, Diff: 0.1, Sum: 6.9]
      [Termination (ms): Min: 0.0, Avg: 0.0, Max: 0.1, Diff: 0.1, Sum: 0.2]
         [Termination Attempts: Min: 1, Avg: 1.0, Max: 1, Diff: 0, Sum: 8]
      [GC Worker Other (ms): Min: 0.0, Avg: 0.0, Max: 0.0, Diff: 0.0, Sum: 0.1]
      [GC Worker Total (ms): Min: 1.5, Avg: 1.6, Max: 1.6, Diff: 0.1, Sum: 12.4]
      [GC Worker End (ms): Min: 940.2, Avg: 940.2, Max: 940.2, Diff: 0.0]
   [Code Root Fixup: 0.0 ms]
   [Code Root Purge: 0.0 ms]
   [Clear CT: 0.2 ms]
   [Other: 0.4 ms]
      [Choose CSet: 0.0 ms]
      [Ref Proc: 0.1 ms]
      [Ref Enq: 0.0 ms]
      [Redirty Cards: 0.1 ms]
      [Humongous Register: 0.1 ms]
      [Humongous Reclaim: 0.0 ms]
      [Free CSet: 0.0 ms]
   [Eden: 25.0M(25.0M)->0.0B(21.0M) Survivors: 0.0B->4096.0K Heap: 386.1M(512.0M)->362.9M(512.0M)]
 [Times: user=0.13 sys=0.00, real=0.00 secs] 
2020-10-27T23:32:39.124+0800: 0.945: [GC pause (G1 Evacuation Pause) (mixed) (to-space exhausted), 0.0038523 secs]
   [Parallel Time: 3.0 ms, GC Workers: 8]
      [GC Worker Start (ms): Min: 944.9, Avg: 945.0, Max: 945.0, Diff: 0.1]
      [Ext Root Scanning (ms): Min: 0.1, Avg: 0.1, Max: 0.2, Diff: 0.1, Sum: 0.8]
      [Update RS (ms): Min: 0.6, Avg: 0.6, Max: 0.7, Diff: 0.0, Sum: 5.2]
         [Processed Buffers: Min: 10, Avg: 10.3, Max: 11, Diff: 1, Sum: 82]
      [Scan RS (ms): Min: 0.0, Avg: 0.0, Max: 0.1, Diff: 0.1, Sum: 0.2]
      [Code Root Scanning (ms): Min: 0.0, Avg: 0.0, Max: 0.0, Diff: 0.0, Sum: 0.0]
      [Object Copy (ms): Min: 2.0, Avg: 2.0, Max: 2.1, Diff: 0.1, Sum: 16.2]
      [Termination (ms): Min: 0.0, Avg: 0.0, Max: 0.0, Diff: 0.0, Sum: 0.1]
         [Termination Attempts: Min: 1, Avg: 1.1, Max: 2, Diff: 1, Sum: 9]
      [GC Worker Other (ms): Min: 0.0, Avg: 0.0, Max: 0.0, Diff: 0.0, Sum: 0.1]
      [GC Worker Total (ms): Min: 2.8, Avg: 2.8, Max: 2.9, Diff: 0.1, Sum: 22.6]
      [GC Worker End (ms): Min: 947.8, Avg: 947.8, Max: 947.8, Diff: 0.0]
   [Code Root Fixup: 0.0 ms]
   [Code Root Purge: 0.0 ms]
   [Clear CT: 0.1 ms]
   [Other: 0.8 ms]
      [Evacuation Failure: 0.2 ms]
      [Choose CSet: 0.0 ms]
      [Ref Proc: 0.2 ms]
      [Ref Enq: 0.0 ms]
      [Redirty Cards: 0.2 ms]
      [Humongous Register: 0.1 ms]
      [Humongous Reclaim: 0.0 ms]
      [Free CSet: 0.0 ms]
   [Eden: 21.0M(21.0M)->0.0B(21.0M) Survivors: 4096.0K->4096.0K Heap: 392.9M(512.0M)->381.4M(512.0M)]
 [Times: user=0.00 sys=0.00, real=0.00 secs] 
2020-10-27T23:32:39.128+0800: 0.949: [GC pause (G1 Humongous Allocation) (young) (initial-mark), 0.0015223 secs]
   [Parallel Time: 0.8 ms, GC Workers: 8]
      [GC Worker Start (ms): Min: 949.0, Avg: 949.1, Max: 949.1, Diff: 0.1]
      [Ext Root Scanning (ms): Min: 0.1, Avg: 0.1, Max: 0.1, Diff: 0.1, Sum: 0.8]
      [Update RS (ms): Min: 0.1, Avg: 0.1, Max: 0.2, Diff: 0.2, Sum: 0.6]
         [Processed Buffers: Min: 1, Avg: 2.1, Max: 7, Diff: 6, Sum: 17]
      [Scan RS (ms): Min: 0.0, Avg: 0.0, Max: 0.0, Diff: 0.0, Sum: 0.0]
      [Code Root Scanning (ms): Min: 0.0, Avg: 0.0, Max: 0.0, Diff: 0.0, Sum: 0.0]
      [Object Copy (ms): Min: 0.3, Avg: 0.4, Max: 0.5, Diff: 0.2, Sum: 3.2]
      [Termination (ms): Min: 0.0, Avg: 0.1, Max: 0.1, Diff: 0.1, Sum: 0.4]
         [Termination Attempts: Min: 1, Avg: 1.0, Max: 1, Diff: 0, Sum: 8]
      [GC Worker Other (ms): Min: 0.0, Avg: 0.0, Max: 0.0, Diff: 0.0, Sum: 0.1]
      [GC Worker Total (ms): Min: 0.6, Avg: 0.6, Max: 0.7, Diff: 0.1, Sum: 5.2]
      [GC Worker End (ms): Min: 949.7, Avg: 949.7, Max: 949.7, Diff: 0.0]
   [Code Root Fixup: 0.0 ms]
   [Code Root Purge: 0.0 ms]
   [Clear CT: 0.2 ms]
   [Other: 0.5 ms]
      [Choose CSet: 0.0 ms]
      [Ref Proc: 0.2 ms]
      [Ref Enq: 0.0 ms]
      [Redirty Cards: 0.2 ms]
      [Humongous Register: 0.1 ms]
      [Humongous Reclaim: 0.0 ms]
      [Free CSet: 0.0 ms]
   [Eden: 2048.0K(21.0M)->0.0B(24.0M) Survivors: 4096.0K->1024.0K Heap: 382.8M(512.0M)->381.4M(512.0M)]
 [Times: user=0.00 sys=0.00, real=0.00 secs] 
2020-10-27T23:32:39.130+0800: 0.951: [GC concurrent-root-region-scan-start]
2020-10-27T23:32:39.130+0800: 0.951: [GC concurrent-root-region-scan-end, 0.0000435 secs]
2020-10-27T23:32:39.130+0800: 0.951: [GC concurrent-mark-start]
2020-10-27T23:32:39.132+0800: 0.952: [GC concurrent-mark-end, 0.0015567 secs]
2020-10-27T23:32:39.132+0800: 0.952: [GC remark 2020-10-27T23:32:39.132+0800: 0.952: [Finalize Marking, 0.0002202 secs] 2020-10-27T23:32:39.132+0800: 0.953: [GC ref-proc, 0.0001776 secs] 2020-10-27T23:32:39.132+0800: 0.953: [Unloading, 0.0004420 secs], 0.0016737 secs]
 [Times: user=0.00 sys=0.00, real=0.00 secs] 
2020-10-27T23:32:39.133+0800: 0.954: [GC cleanup 394M->394M(512M), 0.0006455 secs]
 [Times: user=0.00 sys=0.02, real=0.00 secs] 
2020-10-27T23:32:39.137+0800: 0.957: [GC pause (G1 Evacuation Pause) (young) (to-space exhausted), 0.0022619 secs]
   [Parallel Time: 1.2 ms, GC Workers: 8]
      [GC Worker Start (ms): Min: 957.4, Avg: 957.4, Max: 957.5, Diff: 0.1]
      [Ext Root Scanning (ms): Min: 0.1, Avg: 0.1, Max: 0.1, Diff: 0.1, Sum: 0.8]
      [Update RS (ms): Min: 0.3, Avg: 0.4, Max: 0.4, Diff: 0.1, Sum: 2.9]
         [Processed Buffers: Min: 5, Avg: 5.9, Max: 7, Diff: 2, Sum: 47]
      [Scan RS (ms): Min: 0.0, Avg: 0.0, Max: 0.0, Diff: 0.0, Sum: 0.0]
      [Code Root Scanning (ms): Min: 0.0, Avg: 0.0, Max: 0.0, Diff: 0.0, Sum: 0.0]
      [Object Copy (ms): Min: 0.6, Avg: 0.6, Max: 0.7, Diff: 0.0, Sum: 5.1]
      [Termination (ms): Min: 0.0, Avg: 0.0, Max: 0.0, Diff: 0.0, Sum: 0.2]
         [Termination Attempts: Min: 1, Avg: 1.1, Max: 2, Diff: 1, Sum: 9]
      [GC Worker Other (ms): Min: 0.0, Avg: 0.0, Max: 0.0, Diff: 0.0, Sum: 0.1]
      [GC Worker Total (ms): Min: 1.1, Avg: 1.1, Max: 1.2, Diff: 0.1, Sum: 9.2]
      [GC Worker End (ms): Min: 958.6, Avg: 958.6, Max: 958.6, Diff: 0.0]
   [Code Root Fixup: 0.0 ms]
   [Code Root Purge: 0.0 ms]
   [Clear CT: 0.3 ms]
   [Other: 0.8 ms]
      [Evacuation Failure: 0.2 ms]
      [Choose CSet: 0.0 ms]
      [Ref Proc: 0.2 ms]
      [Ref Enq: 0.0 ms]
      [Redirty Cards: 0.2 ms]
      [Humongous Register: 0.1 ms]
      [Humongous Reclaim: 0.0 ms]
      [Free CSet: 0.0 ms]
   [Eden: 24.0M(24.0M)->0.0B(21.0M) Survivors: 1024.0K->4096.0K Heap: 409.9M(512.0M)->401.4M(512.0M)]
 [Times: user=0.00 sys=0.00, real=0.00 secs] 
2020-10-27T23:32:39.141+0800: 0.961: [GC pause (G1 Evacuation Pause) (mixed) (to-space exhausted), 0.0017170 secs]
   [Parallel Time: 1.0 ms, GC Workers: 8]
      [GC Worker Start (ms): Min: 961.6, Avg: 961.6, Max: 961.6, Diff: 0.1]
      [Ext Root Scanning (ms): Min: 0.1, Avg: 0.1, Max: 0.1, Diff: 0.1, Sum: 0.8]
      [Update RS (ms): Min: 0.2, Avg: 0.3, Max: 0.3, Diff: 0.1, Sum: 2.2]
         [Processed Buffers: Min: 5, Avg: 5.9, Max: 7, Diff: 2, Sum: 47]
      [Scan RS (ms): Min: 0.0, Avg: 0.0, Max: 0.0, Diff: 0.0, Sum: 0.2]
      [Code Root Scanning (ms): Min: 0.0, Avg: 0.0, Max: 0.0, Diff: 0.0, Sum: 0.0]
      [Object Copy (ms): Min: 0.5, Avg: 0.5, Max: 0.5, Diff: 0.0, Sum: 4.0]
      [Termination (ms): Min: 0.0, Avg: 0.0, Max: 0.1, Diff: 0.1, Sum: 0.3]
         [Termination Attempts: Min: 1, Avg: 1.0, Max: 1, Diff: 0, Sum: 8]
      [GC Worker Other (ms): Min: 0.0, Avg: 0.0, Max: 0.0, Diff: 0.0, Sum: 0.1]
      [GC Worker Total (ms): Min: 0.9, Avg: 0.9, Max: 1.0, Diff: 0.1, Sum: 7.5]
      [GC Worker End (ms): Min: 962.5, Avg: 962.5, Max: 962.6, Diff: 0.0]
   [Code Root Fixup: 0.0 ms]
   [Code Root Purge: 0.0 ms]
   [Clear CT: 0.1 ms]
   [Other: 0.6 ms]
      [Evacuation Failure: 0.2 ms]
      [Choose CSet: 0.0 ms]
      [Ref Proc: 0.1 ms]
      [Ref Enq: 0.0 ms]
      [Redirty Cards: 0.1 ms]
      [Humongous Register: 0.1 ms]
      [Humongous Reclaim: 0.0 ms]
      [Free CSet: 0.0 ms]
   [Eden: 11.0M(21.0M)->0.0B(25.0M) Survivors: 4096.0K->0.0B Heap: 415.9M(512.0M)->411.5M(512.0M)]
 [Times: user=0.00 sys=0.00, real=0.00 secs] 
2020-10-27T23:32:39.143+0800: 0.964: [GC pause (G1 Evacuation Pause) (mixed) (to-space exhausted), 0.0008974 secs]
   [Parallel Time: 0.4 ms, GC Workers: 8]
      [GC Worker Start (ms): Min: 964.0, Avg: 964.1, Max: 964.1, Diff: 0.1]
      [Ext Root Scanning (ms): Min: 0.1, Avg: 0.1, Max: 0.1, Diff: 0.1, Sum: 0.8]
      [Update RS (ms): Min: 0.1, Avg: 0.2, Max: 0.2, Diff: 0.1, Sum: 1.3]
         [Processed Buffers: Min: 2, Avg: 4.4, Max: 9, Diff: 7, Sum: 35]
      [Scan RS (ms): Min: 0.0, Avg: 0.0, Max: 0.0, Diff: 0.0, Sum: 0.0]
      [Code Root Scanning (ms): Min: 0.0, Avg: 0.0, Max: 0.0, Diff: 0.0, Sum: 0.0]
      [Object Copy (ms): Min: 0.0, Avg: 0.0, Max: 0.1, Diff: 0.1, Sum: 0.4]
      [Termination (ms): Min: 0.0, Avg: 0.0, Max: 0.0, Diff: 0.0, Sum: 0.1]
         [Termination Attempts: Min: 1, Avg: 1.0, Max: 1, Diff: 0, Sum: 8]
      [GC Worker Other (ms): Min: 0.0, Avg: 0.0, Max: 0.0, Diff: 0.0, Sum: 0.0]
      [GC Worker Total (ms): Min: 0.3, Avg: 0.3, Max: 0.3, Diff: 0.1, Sum: 2.6]
      [GC Worker End (ms): Min: 964.4, Avg: 964.4, Max: 964.4, Diff: 0.0]
   [Code Root Fixup: 0.0 ms]
   [Code Root Purge: 0.0 ms]
   [Clear CT: 0.1 ms]
   [Other: 0.4 ms]
      [Evacuation Failure: 0.1 ms]
      [Choose CSet: 0.0 ms]
      [Ref Proc: 0.1 ms]
      [Ref Enq: 0.0 ms]
      [Redirty Cards: 0.1 ms]
      [Humongous Register: 0.1 ms]
      [Humongous Reclaim: 0.0 ms]
      [Free CSet: 0.0 ms]
   [Eden: 4096.0K(25.0M)->0.0B(25.0M) Survivors: 0.0B->0.0B Heap: 416.9M(512.0M)->416.1M(512.0M)]
 [Times: user=0.00 sys=0.00, real=0.00 secs] 
2020-10-27T23:32:39.144+0800: 0.965: [GC pause (G1 Humongous Allocation) (young) (initial-mark), 0.0006925 secs]
   [Parallel Time: 0.2 ms, GC Workers: 8]
      [GC Worker Start (ms): Min: 965.1, Avg: 965.2, Max: 965.2, Diff: 0.1]
      [Ext Root Scanning (ms): Min: 0.1, Avg: 0.1, Max: 0.1, Diff: 0.1, Sum: 0.7]
      [Update RS (ms): Min: 0.0, Avg: 0.0, Max: 0.0, Diff: 0.0, Sum: 0.3]
         [Processed Buffers: Min: 1, Avg: 1.9, Max: 3, Diff: 2, Sum: 15]
      [Scan RS (ms): Min: 0.0, Avg: 0.0, Max: 0.0, Diff: 0.0, Sum: 0.0]
      [Code Root Scanning (ms): Min: 0.0, Avg: 0.0, Max: 0.0, Diff: 0.0, Sum: 0.0]
      [Object Copy (ms): Min: 0.0, Avg: 0.0, Max: 0.0, Diff: 0.0, Sum: 0.0]
      [Termination (ms): Min: 0.0, Avg: 0.0, Max: 0.0, Diff: 0.0, Sum: 0.1]
         [Termination Attempts: Min: 1, Avg: 1.0, Max: 1, Diff: 0, Sum: 8]
      [GC Worker Other (ms): Min: 0.0, Avg: 0.0, Max: 0.0, Diff: 0.0, Sum: 0.1]
      [GC Worker Total (ms): Min: 0.1, Avg: 0.2, Max: 0.2, Diff: 0.1, Sum: 1.2]
      [GC Worker End (ms): Min: 965.3, Avg: 965.3, Max: 965.3, Diff: 0.0]
   [Code Root Fixup: 0.0 ms]
   [Code Root Purge: 0.0 ms]
   [Clear CT: 0.1 ms]
   [Other: 0.3 ms]
      [Choose CSet: 0.0 ms]
      [Ref Proc: 0.1 ms]
      [Ref Enq: 0.0 ms]
      [Redirty Cards: 0.1 ms]
      [Humongous Register: 0.0 ms]
      [Humongous Reclaim: 0.0 ms]
      [Free CSet: 0.0 ms]
   [Eden: 1024.0K(25.0M)->0.0B(25.0M) Survivors: 0.0B->0.0B Heap: 417.0M(512.0M)->416.1M(512.0M)]
 [Times: user=0.00 sys=0.00, real=0.00 secs] 
2020-10-27T23:32:39.145+0800: 0.966: [GC concurrent-root-region-scan-start]
2020-10-27T23:32:39.145+0800: 0.966: [GC concurrent-root-region-scan-end, 0.0000063 secs]
2020-10-27T23:32:39.145+0800: 0.966: [GC concurrent-mark-start]
2020-10-27T23:32:39.145+0800: 0.966: [GC pause (G1 Evacuation Pause) (young), 0.0007755 secs]
   [Parallel Time: 0.4 ms, GC Workers: 8]
      [GC Worker Start (ms): Min: 966.0, Avg: 966.0, Max: 966.1, Diff: 0.1]
      [Ext Root Scanning (ms): Min: 0.1, Avg: 0.1, Max: 0.1, Diff: 0.1, Sum: 0.7]
      [Update RS (ms): Min: 0.0, Avg: 0.1, Max: 0.2, Diff: 0.2, Sum: 0.5]
         [Processed Buffers: Min: 0, Avg: 0.9, Max: 1, Diff: 1, Sum: 7]
      [Scan RS (ms): Min: 0.0, Avg: 0.0, Max: 0.0, Diff: 0.0, Sum: 0.0]
      [Code Root Scanning (ms): Min: 0.0, Avg: 0.0, Max: 0.0, Diff: 0.0, Sum: 0.0]
      [Object Copy (ms): Min: 0.0, Avg: 0.0, Max: 0.0, Diff: 0.0, Sum: 0.0]
      [Termination (ms): Min: 0.0, Avg: 0.1, Max: 0.2, Diff: 0.2, Sum: 0.9]
         [Termination Attempts: Min: 1, Avg: 1.0, Max: 1, Diff: 0, Sum: 8]
      [GC Worker Other (ms): Min: 0.0, Avg: 0.0, Max: 0.0, Diff: 0.0, Sum: 0.0]
      [GC Worker Total (ms): Min: 0.2, Avg: 0.3, Max: 0.3, Diff: 0.1, Sum: 2.1]
      [GC Worker End (ms): Min: 966.3, Avg: 966.3, Max: 966.3, Diff: 0.0]
   [Code Root Fixup: 0.0 ms]
   [Code Root Purge: 0.0 ms]
   [Clear CT: 0.1 ms]
   [Other: 0.3 ms]
      [Choose CSet: 0.0 ms]
      [Ref Proc: 0.1 ms]
      [Ref Enq: 0.0 ms]
      [Redirty Cards: 0.1 ms]
      [Humongous Register: 0.1 ms]
      [Humongous Reclaim: 0.0 ms]
      [Free CSet: 0.0 ms]
   [Eden: 0.0B(25.0M)->0.0B(25.0M) Survivors: 0.0B->0.0B Heap: 416.6M(512.0M)->416.6M(512.0M)]
 [Times: user=0.00 sys=0.00, real=0.00 secs] 
2020-10-27T23:32:39.146+0800: 0.967: [GC pause (G1 Evacuation Pause) (young), 0.0008186 secs]
   [Parallel Time: 0.4 ms, GC Workers: 8]
      [GC Worker Start (ms): Min: 966.9, Avg: 967.0, Max: 967.0, Diff: 0.1]
      [Ext Root Scanning (ms): Min: 0.1, Avg: 0.1, Max: 0.1, Diff: 0.1, Sum: 0.7]
      [Update RS (ms): Min: 0.0, Avg: 0.0, Max: 0.2, Diff: 0.2, Sum: 0.2]
         [Processed Buffers: Min: 0, Avg: 0.3, Max: 1, Diff: 1, Sum: 2]
      [Scan RS (ms): Min: 0.0, Avg: 0.0, Max: 0.0, Diff: 0.0, Sum: 0.0]
      [Code Root Scanning (ms): Min: 0.0, Avg: 0.0, Max: 0.0, Diff: 0.0, Sum: 0.0]
      [Object Copy (ms): Min: 0.0, Avg: 0.0, Max: 0.0, Diff: 0.0, Sum: 0.0]
      [Termination (ms): Min: 0.0, Avg: 0.2, Max: 0.2, Diff: 0.2, Sum: 1.3]
         [Termination Attempts: Min: 1, Avg: 1.0, Max: 1, Diff: 0, Sum: 8]
      [GC Worker Other (ms): Min: 0.0, Avg: 0.0, Max: 0.0, Diff: 0.0, Sum: 0.0]
      [GC Worker Total (ms): Min: 0.2, Avg: 0.3, Max: 0.3, Diff: 0.1, Sum: 2.2]
      [GC Worker End (ms): Min: 967.2, Avg: 967.2, Max: 967.2, Diff: 0.0]
   [Code Root Fixup: 0.0 ms]
   [Code Root Purge: 0.0 ms]
   [Clear CT: 0.1 ms]
   [Other: 0.3 ms]
      [Choose CSet: 0.0 ms]
      [Ref Proc: 0.1 ms]
      [Ref Enq: 0.0 ms]
      [Redirty Cards: 0.1 ms]
      [Humongous Register: 0.0 ms]
      [Humongous Reclaim: 0.0 ms]
      [Free CSet: 0.0 ms]
   [Eden: 0.0B(25.0M)->0.0B(25.0M) Survivors: 0.0B->0.0B Heap: 416.6M(512.0M)->416.6M(512.0M)]
 [Times: user=0.00 sys=0.00, real=0.00 secs] 
2020-10-27T23:32:39.147+0800: 0.968: [Full GC (Allocation Failure)  416M->342M(512M), 0.0368697 secs]
   [Eden: 0.0B(25.0M)->0.0B(25.0M) Survivors: 0.0B->0.0B Heap: 416.6M(512.0M)->342.8M(512.0M)], [Metaspace: 2774K->2774K(1056768K)]
 [Times: user=0.05 sys=0.00, real=0.04 secs] 
2020-10-27T23:32:39.184+0800: 1.005: [GC concurrent-mark-abort]
2020-10-27T23:32:39.185+0800: 1.006: [GC pause (G1 Humongous Allocation) (young) (initial-mark), 0.0017251 secs]
   [Parallel Time: 0.6 ms, GC Workers: 8]
      [GC Worker Start (ms): Min: 1005.7, Avg: 1005.7, Max: 1005.8, Diff: 0.2]
      [Ext Root Scanning (ms): Min: 0.0, Avg: 0.2, Max: 0.3, Diff: 0.3, Sum: 1.2]
      [Update RS (ms): Min: 0.0, Avg: 0.0, Max: 0.2, Diff: 0.2, Sum: 0.4]
         [Processed Buffers: Min: 0, Avg: 0.3, Max: 1, Diff: 1, Sum: 2]
      [Scan RS (ms): Min: 0.0, Avg: 0.0, Max: 0.0, Diff: 0.0, Sum: 0.0]
      [Code Root Scanning (ms): Min: 0.0, Avg: 0.0, Max: 0.0, Diff: 0.0, Sum: 0.0]
      [Object Copy (ms): Min: 0.0, Avg: 0.1, Max: 0.2, Diff: 0.2, Sum: 0.6]
      [Termination (ms): Min: 0.0, Avg: 0.1, Max: 0.2, Diff: 0.2, Sum: 0.7]
         [Termination Attempts: Min: 1, Avg: 2.1, Max: 4, Diff: 3, Sum: 17]
      [GC Worker Other (ms): Min: 0.0, Avg: 0.0, Max: 0.0, Diff: 0.0, Sum: 0.1]
      [GC Worker Total (ms): Min: 0.3, Avg: 0.4, Max: 0.4, Diff: 0.2, Sum: 3.0]
      [GC Worker End (ms): Min: 1006.1, Avg: 1006.1, Max: 1006.1, Diff: 0.0]
   [Code Root Fixup: 0.0 ms]
   [Code Root Purge: 0.0 ms]
   [Clear CT: 0.5 ms]
   [Other: 0.6 ms]
      [Choose CSet: 0.0 ms]
      [Ref Proc: 0.2 ms]
      [Ref Enq: 0.0 ms]
      [Redirty Cards: 0.2 ms]
      [Humongous Register: 0.1 ms]
      [Humongous Reclaim: 0.0 ms]
      [Free CSet: 0.0 ms]
   [Eden: 5120.0K(25.0M)->0.0B(22.0M) Survivors: 0.0B->3072.0K Heap: 347.0M(512.0M)->344.5M(512.0M)]
 [Times: user=0.00 sys=0.00, real=0.00 secs] 
2020-10-27T23:32:39.187+0800: 1.007: [GC concurrent-root-region-scan-start]
2020-10-27T23:32:39.187+0800: 1.007: [GC concurrent-root-region-scan-end, 0.0000859 secs]
2020-10-27T23:32:39.187+0800: 1.007: [GC concurrent-mark-start]
2020-10-27T23:32:39.189+0800: 1.009: [GC concurrent-mark-end, 0.0017018 secs]
2020-10-27T23:32:39.189+0800: 1.009: [GC remark 2020-10-27T23:32:39.189+0800: 1.009: [Finalize Marking, 0.0002404 secs] 2020-10-27T23:32:39.189+0800: 1.010: [GC ref-proc, 0.0002504 secs] 2020-10-27T23:32:39.189+0800: 1.010: [Unloading, 0.0004735 secs], 0.0020541 secs]
 [Times: user=0.00 sys=0.00, real=0.00 secs] 
2020-10-27T23:32:39.191+0800: 1.012: [GC cleanup 359M->359M(512M), 0.0006836 secs]
 [Times: user=0.00 sys=0.00, real=0.00 secs] 
2020-10-27T23:32:39.194+0800: 1.015: [GC pause (G1 Evacuation Pause) (young), 0.0029533 secs]
   [Parallel Time: 2.0 ms, GC Workers: 8]
      [GC Worker Start (ms): Min: 1015.2, Avg: 1015.3, Max: 1015.4, Diff: 0.2]
      [Ext Root Scanning (ms): Min: 0.0, Avg: 0.1, Max: 0.1, Diff: 0.1, Sum: 0.8]
      [Update RS (ms): Min: 0.6, Avg: 0.8, Max: 1.7, Diff: 1.1, Sum: 6.2]
         [Processed Buffers: Min: 0, Avg: 9.1, Max: 11, Diff: 11, Sum: 73]
      [Scan RS (ms): Min: 0.0, Avg: 0.0, Max: 0.0, Diff: 0.0, Sum: 0.0]
      [Code Root Scanning (ms): Min: 0.0, Avg: 0.0, Max: 0.0, Diff: 0.0, Sum: 0.0]
      [Object Copy (ms): Min: 0.0, Avg: 0.9, Max: 1.1, Diff: 1.1, Sum: 7.5]
      [Termination (ms): Min: 0.0, Avg: 0.0, Max: 0.1, Diff: 0.1, Sum: 0.3]
         [Termination Attempts: Min: 1, Avg: 1.0, Max: 1, Diff: 0, Sum: 8]
      [GC Worker Other (ms): Min: 0.0, Avg: 0.0, Max: 0.0, Diff: 0.0, Sum: 0.1]
      [GC Worker Total (ms): Min: 1.7, Avg: 1.9, Max: 1.9, Diff: 0.2, Sum: 14.8]
      [GC Worker End (ms): Min: 1017.1, Avg: 1017.1, Max: 1017.1, Diff: 0.0]
   [Code Root Fixup: 0.0 ms]
   [Code Root Purge: 0.0 ms]
   [Clear CT: 0.2 ms]
   [Other: 0.7 ms]
      [Choose CSet: 0.0 ms]
      [Ref Proc: 0.2 ms]
      [Ref Enq: 0.0 ms]
      [Redirty Cards: 0.3 ms]
      [Humongous Register: 0.1 ms]
      [Humongous Reclaim: 0.0 ms]
      [Free CSet: 0.0 ms]
   [Eden: 22.0M(22.0M)->0.0B(21.0M) Survivors: 3072.0K->4096.0K Heap: 374.7M(512.0M)->353.6M(512.0M)]
 [Times: user=0.09 sys=0.02, real=0.00 secs] 
2020-10-27T23:32:39.202+0800: 1.022: [GC pause (G1 Evacuation Pause) (mixed), 0.0026735 secs]
   [Parallel Time: 1.9 ms, GC Workers: 8]
      [GC Worker Start (ms): Min: 1022.3, Avg: 1022.4, Max: 1022.4, Diff: 0.1]
      [Ext Root Scanning (ms): Min: 0.1, Avg: 0.1, Max: 0.1, Diff: 0.1, Sum: 0.8]
      [Update RS (ms): Min: 0.4, Avg: 0.5, Max: 0.6, Diff: 0.2, Sum: 3.8]
         [Processed Buffers: Min: 0, Avg: 6.4, Max: 8, Diff: 8, Sum: 51]
      [Scan RS (ms): Min: 0.0, Avg: 0.0, Max: 0.0, Diff: 0.0, Sum: 0.0]
      [Code Root Scanning (ms): Min: 0.0, Avg: 0.0, Max: 0.0, Diff: 0.0, Sum: 0.0]
      [Object Copy (ms): Min: 1.0, Avg: 1.1, Max: 1.2, Diff: 0.2, Sum: 9.2]
      [Termination (ms): Min: 0.0, Avg: 0.1, Max: 0.1, Diff: 0.1, Sum: 0.5]
         [Termination Attempts: Min: 1, Avg: 1.1, Max: 2, Diff: 1, Sum: 9]
      [GC Worker Other (ms): Min: 0.0, Avg: 0.0, Max: 0.0, Diff: 0.0, Sum: 0.1]
      [GC Worker Total (ms): Min: 1.8, Avg: 1.8, Max: 1.8, Diff: 0.1, Sum: 14.4]
      [GC Worker End (ms): Min: 1024.2, Avg: 1024.2, Max: 1024.2, Diff: 0.0]
   [Code Root Fixup: 0.0 ms]
   [Code Root Purge: 0.0 ms]
   [Clear CT: 0.1 ms]
   [Other: 0.7 ms]
      [Choose CSet: 0.0 ms]
      [Ref Proc: 0.3 ms]
      [Ref Enq: 0.0 ms]
      [Redirty Cards: 0.1 ms]
      [Humongous Register: 0.1 ms]
      [Humongous Reclaim: 0.0 ms]
      [Free CSet: 0.0 ms]
   [Eden: 21.0M(21.0M)->0.0B(21.0M) Survivors: 4096.0K->4096.0K Heap: 379.9M(512.0M)->358.1M(512.0M)]
 [Times: user=0.00 sys=0.00, real=0.00 secs] 
2020-10-27T23:32:39.205+0800: 1.026: [GC pause (G1 Humongous Allocation) (young) (initial-mark), 0.0022130 secs]
   [Parallel Time: 0.8 ms, GC Workers: 8]
      [GC Worker Start (ms): Min: 1025.7, Avg: 1025.8, Max: 1025.8, Diff: 0.1]
      [Ext Root Scanning (ms): Min: 0.1, Avg: 0.1, Max: 0.1, Diff: 0.1, Sum: 0.8]
      [Update RS (ms): Min: 0.0, Avg: 0.1, Max: 0.1, Diff: 0.1, Sum: 0.4]
         [Processed Buffers: Min: 1, Avg: 1.1, Max: 2, Diff: 1, Sum: 9]
      [Scan RS (ms): Min: 0.0, Avg: 0.0, Max: 0.0, Diff: 0.0, Sum: 0.0]
      [Code Root Scanning (ms): Min: 0.0, Avg: 0.0, Max: 0.0, Diff: 0.0, Sum: 0.0]
      [Object Copy (ms): Min: 0.4, Avg: 0.4, Max: 0.6, Diff: 0.2, Sum: 3.5]
      [Termination (ms): Min: 0.0, Avg: 0.1, Max: 0.2, Diff: 0.2, Sum: 0.9]
         [Termination Attempts: Min: 1, Avg: 1.0, Max: 1, Diff: 0, Sum: 8]
      [GC Worker Other (ms): Min: 0.0, Avg: 0.0, Max: 0.0, Diff: 0.0, Sum: 0.1]
      [GC Worker Total (ms): Min: 0.7, Avg: 0.7, Max: 0.7, Diff: 0.1, Sum: 5.7]
      [GC Worker End (ms): Min: 1026.5, Avg: 1026.5, Max: 1026.5, Diff: 0.0]
   [Code Root Fixup: 0.0 ms]
   [Code Root Purge: 0.0 ms]
   [Clear CT: 0.6 ms]
   [Other: 0.8 ms]
      [Choose CSet: 0.0 ms]
      [Ref Proc: 0.2 ms]
      [Ref Enq: 0.0 ms]
      [Redirty Cards: 0.4 ms]
      [Humongous Register: 0.1 ms]
      [Humongous Reclaim: 0.0 ms]
      [Free CSet: 0.0 ms]
   [Eden: 4096.0K(21.0M)->0.0B(23.0M) Survivors: 4096.0K->2048.0K Heap: 361.7M(512.0M)->358.9M(512.0M)]
 [Times: user=0.00 sys=0.00, real=0.00 secs] 
2020-10-27T23:32:39.207+0800: 1.028: [GC concurrent-root-region-scan-start]
2020-10-27T23:32:39.207+0800: 1.028: [GC concurrent-root-region-scan-end, 0.0001122 secs]
2020-10-27T23:32:39.207+0800: 1.028: [GC concurrent-mark-start]
2020-10-27T23:32:39.209+0800: 1.030: [GC concurrent-mark-end, 0.0016676 secs]
2020-10-27T23:32:39.209+0800: 1.030: [GC remark 2020-10-27T23:32:39.209+0800: 1.030: [Finalize Marking, 0.0003643 secs] 2020-10-27T23:32:39.210+0800: 1.030: [GC ref-proc, 0.0001800 secs] 2020-10-27T23:32:39.210+0800: 1.031: [Unloading, 0.0005730 secs], 0.0020508 secs]
 [Times: user=0.00 sys=0.00, real=0.00 secs] 
2020-10-27T23:32:39.212+0800: 1.032: [GC cleanup 369M->369M(512M), 0.0009673 secs]
 [Times: user=0.00 sys=0.00, real=0.00 secs] 
2020-10-27T23:32:39.215+0800: 1.036: [GC pause (G1 Evacuation Pause) (young), 0.0025390 secs]
   [Parallel Time: 1.7 ms, GC Workers: 8]
      [GC Worker Start (ms): Min: 1036.1, Avg: 1036.1, Max: 1036.2, Diff: 0.2]
      [Ext Root Scanning (ms): Min: 0.0, Avg: 0.1, Max: 0.2, Diff: 0.2, Sum: 0.8]
      [Update RS (ms): Min: 0.5, Avg: 0.5, Max: 0.5, Diff: 0.0, Sum: 3.9]
         [Processed Buffers: Min: 1, Avg: 7.1, Max: 8, Diff: 7, Sum: 57]
      [Scan RS (ms): Min: 0.0, Avg: 0.0, Max: 0.0, Diff: 0.0, Sum: 0.0]
      [Code Root Scanning (ms): Min: 0.0, Avg: 0.0, Max: 0.0, Diff: 0.0, Sum: 0.0]
      [Object Copy (ms): Min: 0.7, Avg: 0.8, Max: 0.8, Diff: 0.1, Sum: 6.3]
      [Termination (ms): Min: 0.0, Avg: 0.0, Max: 0.1, Diff: 0.1, Sum: 0.4]
         [Termination Attempts: Min: 1, Avg: 1.0, Max: 1, Diff: 0, Sum: 8]
      [GC Worker Other (ms): Min: 0.0, Avg: 0.0, Max: 0.0, Diff: 0.0, Sum: 0.1]
      [GC Worker Total (ms): Min: 1.3, Avg: 1.4, Max: 1.5, Diff: 0.2, Sum: 11.4]
      [GC Worker End (ms): Min: 1037.5, Avg: 1037.5, Max: 1037.5, Diff: 0.0]
   [Code Root Fixup: 0.0 ms]
   [Code Root Purge: 0.0 ms]
   [Clear CT: 0.4 ms]
   [Other: 0.4 ms]
      [Choose CSet: 0.0 ms]
      [Ref Proc: 0.1 ms]
      [Ref Enq: 0.0 ms]
      [Redirty Cards: 0.1 ms]
      [Humongous Register: 0.1 ms]
      [Humongous Reclaim: 0.0 ms]
      [Free CSet: 0.0 ms]
   [Eden: 23.0M(23.0M)->0.0B(21.0M) Survivors: 2048.0K->4096.0K Heap: 387.8M(512.0M)->368.1M(512.0M)]
 [Times: user=0.00 sys=0.00, real=0.00 secs] 
2020-10-27T23:32:39.222+0800: 1.042: [GC pause (G1 Evacuation Pause) (mixed) (to-space exhausted), 0.0037706 secs]
   [Parallel Time: 2.2 ms, GC Workers: 8]
      [GC Worker Start (ms): Min: 1042.3, Avg: 1042.3, Max: 1042.4, Diff: 0.2]
      [Ext Root Scanning (ms): Min: 0.0, Avg: 0.1, Max: 0.2, Diff: 0.2, Sum: 0.7]
      [Update RS (ms): Min: 0.3, Avg: 0.3, Max: 0.4, Diff: 0.0, Sum: 2.8]
         [Processed Buffers: Min: 5, Avg: 5.6, Max: 6, Diff: 1, Sum: 45]
      [Scan RS (ms): Min: 0.0, Avg: 0.0, Max: 0.0, Diff: 0.0, Sum: 0.1]
      [Code Root Scanning (ms): Min: 0.0, Avg: 0.0, Max: 0.0, Diff: 0.0, Sum: 0.0]
      [Object Copy (ms): Min: 1.5, Avg: 1.5, Max: 1.6, Diff: 0.1, Sum: 12.3]
      [Termination (ms): Min: 0.0, Avg: 0.0, Max: 0.1, Diff: 0.1, Sum: 0.2]
         [Termination Attempts: Min: 1, Avg: 1.1, Max: 2, Diff: 1, Sum: 9]
      [GC Worker Other (ms): Min: 0.0, Avg: 0.0, Max: 0.0, Diff: 0.0, Sum: 0.1]
      [GC Worker Total (ms): Min: 1.9, Avg: 2.0, Max: 2.1, Diff: 0.2, Sum: 16.3]
      [GC Worker End (ms): Min: 1044.4, Avg: 1044.4, Max: 1044.4, Diff: 0.0]
   [Code Root Fixup: 0.0 ms]
   [Code Root Purge: 0.0 ms]
   [Clear CT: 0.3 ms]
   [Other: 1.2 ms]
      [Evacuation Failure: 0.2 ms]
      [Choose CSet: 0.0 ms]
      [Ref Proc: 0.4 ms]
      [Ref Enq: 0.0 ms]
      [Redirty Cards: 0.3 ms]
      [Humongous Register: 0.1 ms]
      [Humongous Reclaim: 0.0 ms]
      [Free CSet: 0.0 ms]
   [Eden: 21.0M(21.0M)->0.0B(23.0M) Survivors: 4096.0K->2048.0K Heap: 393.7M(512.0M)->390.7M(512.0M)]
 [Times: user=0.00 sys=0.00, real=0.00 secs] 
2020-10-27T23:32:39.226+0800: 1.046: [GC pause (G1 Humongous Allocation) (young) (initial-mark), 0.0012269 secs]
   [Parallel Time: 0.5 ms, GC Workers: 8]
      [GC Worker Start (ms): Min: 1046.3, Avg: 1046.4, Max: 1046.4, Diff: 0.1]
      [Ext Root Scanning (ms): Min: 0.1, Avg: 0.1, Max: 0.2, Diff: 0.1, Sum: 0.9]
      [Update RS (ms): Min: 0.1, Avg: 0.1, Max: 0.3, Diff: 0.2, Sum: 0.9]
         [Processed Buffers: Min: 0, Avg: 2.3, Max: 7, Diff: 7, Sum: 18]
      [Scan RS (ms): Min: 0.0, Avg: 0.0, Max: 0.0, Diff: 0.0, Sum: 0.0]
      [Code Root Scanning (ms): Min: 0.0, Avg: 0.0, Max: 0.0, Diff: 0.0, Sum: 0.0]
      [Object Copy (ms): Min: 0.0, Avg: 0.2, Max: 0.2, Diff: 0.2, Sum: 1.5]
      [Termination (ms): Min: 0.0, Avg: 0.0, Max: 0.1, Diff: 0.1, Sum: 0.3]
         [Termination Attempts: Min: 1, Avg: 1.0, Max: 1, Diff: 0, Sum: 8]
      [GC Worker Other (ms): Min: 0.0, Avg: 0.0, Max: 0.0, Diff: 0.0, Sum: 0.1]
      [GC Worker Total (ms): Min: 0.4, Avg: 0.4, Max: 0.5, Diff: 0.1, Sum: 3.5]
      [GC Worker End (ms): Min: 1046.8, Avg: 1046.8, Max: 1046.8, Diff: 0.0]
   [Code Root Fixup: 0.0 ms]
   [Code Root Purge: 0.0 ms]
   [Clear CT: 0.3 ms]
   [Other: 0.4 ms]
      [Choose CSet: 0.0 ms]
      [Ref Proc: 0.2 ms]
      [Ref Enq: 0.0 ms]
      [Redirty Cards: 0.1 ms]
      [Humongous Register: 0.1 ms]
      [Humongous Reclaim: 0.0 ms]
      [Free CSet: 0.0 ms]
   [Eden: 2048.0K(23.0M)->0.0B(22.0M) Survivors: 2048.0K->3072.0K Heap: 392.1M(512.0M)->390.9M(512.0M)]
 [Times: user=0.00 sys=0.00, real=0.00 secs] 
2020-10-27T23:32:39.227+0800: 1.048: [GC concurrent-root-region-scan-start]
2020-10-27T23:32:39.227+0800: 1.048: [GC concurrent-root-region-scan-end, 0.0001237 secs]
2020-10-27T23:32:39.227+0800: 1.048: [GC concurrent-mark-start]
2020-10-27T23:32:39.228+0800: 1.049: [GC concurrent-mark-end, 0.0013687 secs]
2020-10-27T23:32:39.229+0800: 1.049: [GC remark 2020-10-27T23:32:39.229+0800: 1.049: [Finalize Marking, 0.0001173 secs] 2020-10-27T23:32:39.229+0800: 1.049: [GC ref-proc, 0.0001827 secs] 2020-10-27T23:32:39.229+0800: 1.049: [Unloading, 0.0004311 secs], 0.0014845 secs]
 [Times: user=0.00 sys=0.00, real=0.00 secs] 
2020-10-27T23:32:39.230+0800: 1.051: [GC cleanup 402M->402M(512M), 0.0005544 secs]
 [Times: user=0.00 sys=0.00, real=0.00 secs] 
2020-10-27T23:32:39.231+0800: 1.052: [GC pause (G1 Evacuation Pause) (young) (to-space exhausted), 0.0011731 secs]
   [Parallel Time: 0.6 ms, GC Workers: 8]
      [GC Worker Start (ms): Min: 1052.0, Avg: 1052.1, Max: 1052.5, Diff: 0.5]
      [Ext Root Scanning (ms): Min: 0.0, Avg: 0.1, Max: 0.1, Diff: 0.1, Sum: 0.7]
      [Update RS (ms): Min: 0.0, Avg: 0.3, Max: 0.4, Diff: 0.4, Sum: 2.4]
         [Processed Buffers: Min: 0, Avg: 5.1, Max: 6, Diff: 6, Sum: 41]
      [Scan RS (ms): Min: 0.0, Avg: 0.0, Max: 0.0, Diff: 0.0, Sum: 0.0]
      [Code Root Scanning (ms): Min: 0.0, Avg: 0.0, Max: 0.0, Diff: 0.0, Sum: 0.0]
      [Object Copy (ms): Min: 0.1, Avg: 0.1, Max: 0.1, Diff: 0.0, Sum: 0.6]
      [Termination (ms): Min: 0.0, Avg: 0.0, Max: 0.0, Diff: 0.0, Sum: 0.2]
         [Termination Attempts: Min: 1, Avg: 1.0, Max: 1, Diff: 0, Sum: 8]
      [GC Worker Other (ms): Min: 0.0, Avg: 0.0, Max: 0.0, Diff: 0.0, Sum: 0.1]
      [GC Worker Total (ms): Min: 0.1, Avg: 0.5, Max: 0.6, Diff: 0.5, Sum: 3.9]
      [GC Worker End (ms): Min: 1052.6, Avg: 1052.6, Max: 1052.6, Diff: 0.0]
   [Code Root Fixup: 0.0 ms]
   [Code Root Purge: 0.0 ms]
   [Clear CT: 0.1 ms]
   [Other: 0.5 ms]
      [Evacuation Failure: 0.1 ms]
      [Choose CSet: 0.0 ms]
      [Ref Proc: 0.1 ms]
      [Ref Enq: 0.0 ms]
      [Redirty Cards: 0.1 ms]
      [Humongous Register: 0.1 ms]
      [Humongous Reclaim: 0.0 ms]
      [Free CSet: 0.0 ms]
   [Eden: 10.0M(22.0M)->0.0B(25.0M) Survivors: 3072.0K->0.0B Heap: 404.8M(512.0M)->404.0M(512.0M)]
 [Times: user=0.00 sys=0.00, real=0.00 secs] 
2020-10-27T23:32:39.233+0800: 1.053: [GC pause (G1 Evacuation Pause) (mixed) (to-space exhausted), 0.0012546 secs]
   [Parallel Time: 0.6 ms, GC Workers: 8]
      [GC Worker Start (ms): Min: 1053.4, Avg: 1053.5, Max: 1053.5, Diff: 0.1]
      [Ext Root Scanning (ms): Min: 0.1, Avg: 0.1, Max: 0.1, Diff: 0.1, Sum: 0.7]
      [Update RS (ms): Min: 0.0, Avg: 0.0, Max: 0.0, Diff: 0.0, Sum: 0.3]
         [Processed Buffers: Min: 1, Avg: 2.4, Max: 7, Diff: 6, Sum: 19]
      [Scan RS (ms): Min: 0.0, Avg: 0.0, Max: 0.0, Diff: 0.0, Sum: 0.2]
      [Code Root Scanning (ms): Min: 0.0, Avg: 0.0, Max: 0.0, Diff: 0.0, Sum: 0.0]
      [Object Copy (ms): Min: 0.3, Avg: 0.4, Max: 0.4, Diff: 0.1, Sum: 2.9]
      [Termination (ms): Min: 0.0, Avg: 0.0, Max: 0.0, Diff: 0.0, Sum: 0.2]
         [Termination Attempts: Min: 1, Avg: 1.8, Max: 4, Diff: 3, Sum: 14]
      [GC Worker Other (ms): Min: 0.0, Avg: 0.0, Max: 0.0, Diff: 0.0, Sum: 0.1]
      [GC Worker Total (ms): Min: 0.5, Avg: 0.5, Max: 0.6, Diff: 0.0, Sum: 4.3]
      [GC Worker End (ms): Min: 1054.0, Avg: 1054.0, Max: 1054.0, Diff: 0.0]
   [Code Root Fixup: 0.0 ms]
   [Code Root Purge: 0.0 ms]
   [Clear CT: 0.1 ms]
   [Other: 0.5 ms]
      [Evacuation Failure: 0.1 ms]
      [Choose CSet: 0.0 ms]
      [Ref Proc: 0.1 ms]
      [Ref Enq: 0.0 ms]
      [Redirty Cards: 0.1 ms]
      [Humongous Register: 0.1 ms]
      [Humongous Reclaim: 0.0 ms]
      [Free CSet: 0.0 ms]
   [Eden: 1024.0K(25.0M)->0.0B(25.0M) Survivors: 0.0B->0.0B Heap: 405.0M(512.0M)->404.3M(512.0M)]
 [Times: user=0.00 sys=0.00, real=0.00 secs] 
2020-10-27T23:32:39.234+0800: 1.055: [GC pause (G1 Humongous Allocation) (mixed) (to-space exhausted), 0.0009073 secs]
   [Parallel Time: 0.4 ms, GC Workers: 8]
      [GC Worker Start (ms): Min: 1054.9, Avg: 1055.0, Max: 1055.1, Diff: 0.2]
      [Ext Root Scanning (ms): Min: 0.0, Avg: 0.1, Max: 0.1, Diff: 0.1, Sum: 0.6]
      [Update RS (ms): Min: 0.0, Avg: 0.0, Max: 0.1, Diff: 0.1, Sum: 0.4]
         [Processed Buffers: Min: 0, Avg: 2.6, Max: 8, Diff: 8, Sum: 21]
      [Scan RS (ms): Min: 0.0, Avg: 0.0, Max: 0.0, Diff: 0.0, Sum: 0.1]
      [Code Root Scanning (ms): Min: 0.0, Avg: 0.0, Max: 0.0, Diff: 0.0, Sum: 0.0]
      [Object Copy (ms): Min: 0.1, Avg: 0.2, Max: 0.2, Diff: 0.1, Sum: 1.2]
      [Termination (ms): Min: 0.0, Avg: 0.0, Max: 0.0, Diff: 0.0, Sum: 0.2]
         [Termination Attempts: Min: 1, Avg: 1.0, Max: 1, Diff: 0, Sum: 8]
      [GC Worker Other (ms): Min: 0.0, Avg: 0.0, Max: 0.0, Diff: 0.0, Sum: 0.1]
      [GC Worker Total (ms): Min: 0.2, Avg: 0.3, Max: 0.4, Diff: 0.2, Sum: 2.5]
      [GC Worker End (ms): Min: 1055.3, Avg: 1055.3, Max: 1055.3, Diff: 0.0]
   [Code Root Fixup: 0.0 ms]
   [Code Root Purge: 0.0 ms]
   [Clear CT: 0.1 ms]
   [Other: 0.4 ms]
      [Evacuation Failure: 0.1 ms]
      [Choose CSet: 0.0 ms]
      [Ref Proc: 0.1 ms]
      [Ref Enq: 0.0 ms]
      [Redirty Cards: 0.1 ms]
      [Humongous Register: 0.1 ms]
      [Humongous Reclaim: 0.0 ms]
      [Free CSet: 0.0 ms]
   [Eden: 1024.0K(25.0M)->0.0B(25.0M) Survivors: 0.0B->0.0B Heap: 404.9M(512.0M)->404.9M(512.0M)]
 [Times: user=0.00 sys=0.00, real=0.00 secs] 
2020-10-27T23:32:39.235+0800: 1.056: [Full GC (Allocation Failure)  404M->349M(512M), 0.0389031 secs]
   [Eden: 0.0B(25.0M)->0.0B(25.0M) Survivors: 0.0B->0.0B Heap: 404.9M(512.0M)->349.1M(512.0M)], [Metaspace: 2774K->2774K(1056768K)]
 [Times: user=0.01 sys=0.02, real=0.04 secs] 
2020-10-27T23:32:39.276+0800: 1.097: [GC pause (G1 Humongous Allocation) (young) (initial-mark), 0.0010448 secs]
   [Parallel Time: 0.4 ms, GC Workers: 8]
      [GC Worker Start (ms): Min: 1096.7, Avg: 1096.7, Max: 1096.7, Diff: 0.1]
      [Ext Root Scanning (ms): Min: 0.1, Avg: 0.1, Max: 0.1, Diff: 0.1, Sum: 0.9]
      [Update RS (ms): Min: 0.0, Avg: 0.1, Max: 0.2, Diff: 0.2, Sum: 0.7]
         [Processed Buffers: Min: 0, Avg: 0.9, Max: 1, Diff: 1, Sum: 7]
      [Scan RS (ms): Min: 0.0, Avg: 0.0, Max: 0.0, Diff: 0.0, Sum: 0.0]
      [Code Root Scanning (ms): Min: 0.0, Avg: 0.0, Max: 0.0, Diff: 0.0, Sum: 0.0]
      [Object Copy (ms): Min: 0.0, Avg: 0.0, Max: 0.1, Diff: 0.1, Sum: 0.2]
      [Termination (ms): Min: 0.0, Avg: 0.1, Max: 0.1, Diff: 0.1, Sum: 0.6]
         [Termination Attempts: Min: 1, Avg: 2.3, Max: 4, Diff: 3, Sum: 18]
      [GC Worker Other (ms): Min: 0.0, Avg: 0.0, Max: 0.0, Diff: 0.0, Sum: 0.0]
      [GC Worker Total (ms): Min: 0.3, Avg: 0.3, Max: 0.3, Diff: 0.1, Sum: 2.4]
      [GC Worker End (ms): Min: 1097.0, Avg: 1097.0, Max: 1097.0, Diff: 0.0]
   [Code Root Fixup: 0.0 ms]
   [Code Root Purge: 0.0 ms]
   [Clear CT: 0.2 ms]
   [Other: 0.4 ms]
      [Choose CSet: 0.0 ms]
      [Ref Proc: 0.1 ms]
      [Ref Enq: 0.0 ms]
      [Redirty Cards: 0.1 ms]
      [Humongous Register: 0.1 ms]
      [Humongous Reclaim: 0.0 ms]
      [Free CSet: 0.0 ms]
   [Eden: 4096.0K(25.0M)->0.0B(24.0M) Survivors: 0.0B->1024.0K Heap: 353.7M(512.0M)->349.3M(512.0M)]
 [Times: user=0.00 sys=0.00, real=0.00 secs] 
2020-10-27T23:32:39.277+0800: 1.098: [GC concurrent-root-region-scan-start]
2020-10-27T23:32:39.277+0800: 1.098: [GC concurrent-root-region-scan-end, 0.0001048 secs]
2020-10-27T23:32:39.277+0800: 1.098: [GC concurrent-mark-start]
2020-10-27T23:32:39.279+0800: 1.100: [GC concurrent-mark-end, 0.0018320 secs]
2020-10-27T23:32:39.279+0800: 1.100: [GC remark 2020-10-27T23:32:39.279+0800: 1.100: [Finalize Marking, 0.0001597 secs] 2020-10-27T23:32:39.279+0800: 1.100: [GC ref-proc, 0.0001993 secs] 2020-10-27T23:32:39.280+0800: 1.100: [Unloading, 0.0004858 secs], 0.0020307 secs]
 [Times: user=0.00 sys=0.00, real=0.00 secs] 
2020-10-27T23:32:39.281+0800: 1.102: [GC cleanup 361M->361M(512M), 0.0006581 secs]
 [Times: user=0.00 sys=0.00, real=0.00 secs] 
2020-10-27T23:32:39.286+0800: 1.106: [GC pause (G1 Evacuation Pause) (young), 0.0032210 secs]
   [Parallel Time: 2.0 ms, GC Workers: 8]
      [GC Worker Start (ms): Min: 1106.2, Avg: 1106.3, Max: 1106.4, Diff: 0.1]
      [Ext Root Scanning (ms): Min: 0.0, Avg: 0.1, Max: 0.1, Diff: 0.1, Sum: 0.8]
      [Update RS (ms): Min: 0.6, Avg: 0.6, Max: 0.6, Diff: 0.0, Sum: 4.7]
         [Processed Buffers: Min: 8, Avg: 9.0, Max: 10, Diff: 2, Sum: 72]
      [Scan RS (ms): Min: 0.0, Avg: 0.0, Max: 0.0, Diff: 0.0, Sum: 0.0]
      [Code Root Scanning (ms): Min: 0.0, Avg: 0.0, Max: 0.0, Diff: 0.0, Sum: 0.0]
      [Object Copy (ms): Min: 0.9, Avg: 1.0, Max: 1.0, Diff: 0.1, Sum: 7.7]
      [Termination (ms): Min: 0.0, Avg: 0.0, Max: 0.1, Diff: 0.1, Sum: 0.4]
         [Termination Attempts: Min: 1, Avg: 1.0, Max: 1, Diff: 0, Sum: 8]
      [GC Worker Other (ms): Min: 0.0, Avg: 0.0, Max: 0.0, Diff: 0.0, Sum: 0.1]
      [GC Worker Total (ms): Min: 1.7, Avg: 1.7, Max: 1.8, Diff: 0.1, Sum: 13.7]
      [GC Worker End (ms): Min: 1108.0, Avg: 1108.0, Max: 1108.0, Diff: 0.0]
   [Code Root Fixup: 0.0 ms]
   [Code Root Purge: 0.0 ms]
   [Clear CT: 0.4 ms]
   [Other: 0.9 ms]
      [Choose CSet: 0.0 ms]
      [Ref Proc: 0.5 ms]
      [Ref Enq: 0.0 ms]
      [Redirty Cards: 0.2 ms]
      [Humongous Register: 0.1 ms]
      [Humongous Reclaim: 0.0 ms]
      [Free CSet: 0.0 ms]
   [Eden: 24.0M(24.0M)->0.0B(21.0M) Survivors: 1024.0K->4096.0K Heap: 381.8M(512.0M)->354.9M(512.0M)]
 [Times: user=0.00 sys=0.00, real=0.00 secs] 
2020-10-27T23:32:39.289+0800: 1.110: [GC pause (G1 Humongous Allocation) (young) (initial-mark), 0.0013261 secs]
   [Parallel Time: 0.7 ms, GC Workers: 8]
      [GC Worker Start (ms): Min: 1109.7, Avg: 1109.7, Max: 1109.8, Diff: 0.1]
      [Ext Root Scanning (ms): Min: 0.1, Avg: 0.1, Max: 0.1, Diff: 0.0, Sum: 0.9]
      [Update RS (ms): Min: 0.0, Avg: 0.1, Max: 0.4, Diff: 0.4, Sum: 0.9]
         [Processed Buffers: Min: 0, Avg: 1.1, Max: 2, Diff: 2, Sum: 9]
      [Scan RS (ms): Min: 0.0, Avg: 0.0, Max: 0.0, Diff: 0.0, Sum: 0.0]
      [Code Root Scanning (ms): Min: 0.0, Avg: 0.0, Max: 0.0, Diff: 0.0, Sum: 0.0]
      [Object Copy (ms): Min: 0.0, Avg: 0.3, Max: 0.4, Diff: 0.4, Sum: 2.3]
      [Termination (ms): Min: 0.0, Avg: 0.1, Max: 0.2, Diff: 0.2, Sum: 0.7]
         [Termination Attempts: Min: 1, Avg: 1.0, Max: 1, Diff: 0, Sum: 8]
      [GC Worker Other (ms): Min: 0.0, Avg: 0.0, Max: 0.0, Diff: 0.0, Sum: 0.1]
      [GC Worker Total (ms): Min: 0.6, Avg: 0.6, Max: 0.6, Diff: 0.1, Sum: 4.8]
      [GC Worker End (ms): Min: 1110.3, Avg: 1110.3, Max: 1110.3, Diff: 0.0]
   [Code Root Fixup: 0.0 ms]
   [Code Root Purge: 0.0 ms]
   [Clear CT: 0.2 ms]
   [Other: 0.4 ms]
      [Choose CSet: 0.0 ms]
      [Ref Proc: 0.1 ms]
      [Ref Enq: 0.0 ms]
      [Redirty Cards: 0.1 ms]
      [Humongous Register: 0.1 ms]
      [Humongous Reclaim: 0.0 ms]
      [Free CSet: 0.0 ms]
   [Eden: 1024.0K(21.0M)->0.0B(25.0M) Survivors: 4096.0K->0.0B Heap: 355.6M(512.0M)->354.8M(512.0M)]
 [Times: user=0.11 sys=0.00, real=0.00 secs] 
2020-10-27T23:32:39.290+0800: 1.111: [GC concurrent-root-region-scan-start]
2020-10-27T23:32:39.290+0800: 1.111: [GC concurrent-root-region-scan-end, 0.0000073 secs]
2020-10-27T23:32:39.290+0800: 1.111: [GC concurrent-mark-start]
2020-10-27T23:32:39.292+0800: 1.113: [GC concurrent-mark-end, 0.0018585 secs]
2020-10-27T23:32:39.292+0800: 1.113: [GC remark 2020-10-27T23:32:39.292+0800: 1.113: [Finalize Marking, 0.0002580 secs] 2020-10-27T23:32:39.293+0800: 1.113: [GC ref-proc, 0.0001784 secs] 2020-10-27T23:32:39.293+0800: 1.113: [Unloading, 0.0005113 secs], 0.0019766 secs]
 [Times: user=0.00 sys=0.00, real=0.00 secs] 
2020-10-27T23:32:39.295+0800: 1.115: [GC cleanup 366M->366M(512M), 0.0008240 secs]
 [Times: user=0.00 sys=0.00, real=0.00 secs] 
2020-10-27T23:32:39.298+0800: 1.119: [GC pause (G1 Evacuation Pause) (young), 0.0027443 secs]
   [Parallel Time: 1.6 ms, GC Workers: 8]
      [GC Worker Start (ms): Min: 1119.1, Avg: 1119.2, Max: 1119.2, Diff: 0.1]
      [Ext Root Scanning (ms): Min: 0.0, Avg: 0.1, Max: 0.2, Diff: 0.1, Sum: 0.8]
      [Update RS (ms): Min: 0.5, Avg: 0.6, Max: 0.6, Diff: 0.1, Sum: 4.4]
         [Processed Buffers: Min: 8, Avg: 8.5, Max: 9, Diff: 1, Sum: 68]
      [Scan RS (ms): Min: 0.0, Avg: 0.0, Max: 0.0, Diff: 0.0, Sum: 0.0]
      [Code Root Scanning (ms): Min: 0.0, Avg: 0.0, Max: 0.0, Diff: 0.0, Sum: 0.0]
      [Object Copy (ms): Min: 0.8, Avg: 0.9, Max: 0.9, Diff: 0.1, Sum: 6.8]
      [Termination (ms): Min: 0.0, Avg: 0.0, Max: 0.1, Diff: 0.1, Sum: 0.3]
         [Termination Attempts: Min: 1, Avg: 1.0, Max: 1, Diff: 0, Sum: 8]
      [GC Worker Other (ms): Min: 0.0, Avg: 0.0, Max: 0.0, Diff: 0.0, Sum: 0.1]
      [GC Worker Total (ms): Min: 1.5, Avg: 1.6, Max: 1.6, Diff: 0.1, Sum: 12.5]
      [GC Worker End (ms): Min: 1120.7, Avg: 1120.7, Max: 1120.7, Diff: 0.0]
   [Code Root Fixup: 0.0 ms]
   [Code Root Purge: 0.0 ms]
   [Clear CT: 0.3 ms]
   [Other: 0.8 ms]
      [Choose CSet: 0.0 ms]
      [Ref Proc: 0.3 ms]
      [Ref Enq: 0.0 ms]
      [Redirty Cards: 0.2 ms]
      [Humongous Register: 0.1 ms]
      [Humongous Reclaim: 0.0 ms]
      [Free CSet: 0.0 ms]
   [Eden: 25.0M(25.0M)->0.0B(21.0M) Survivors: 0.0B->4096.0K Heap: 387.3M(512.0M)->362.0M(512.0M)]
 [Times: user=0.00 sys=0.00, real=0.00 secs] 
2020-10-27T23:32:39.305+0800: 1.125: [GC pause (G1 Evacuation Pause) (mixed), 0.0029302 secs]
   [Parallel Time: 2.2 ms, GC Workers: 8]
      [GC Worker Start (ms): Min: 1125.6, Avg: 1125.6, Max: 1125.7, Diff: 0.1]
      [Ext Root Scanning (ms): Min: 0.1, Avg: 0.1, Max: 0.2, Diff: 0.1, Sum: 0.8]
      [Update RS (ms): Min: 0.2, Avg: 0.3, Max: 0.3, Diff: 0.1, Sum: 2.2]
         [Processed Buffers: Min: 4, Avg: 4.6, Max: 5, Diff: 1, Sum: 37]
      [Scan RS (ms): Min: 0.0, Avg: 0.0, Max: 0.0, Diff: 0.0, Sum: 0.0]
      [Code Root Scanning (ms): Min: 0.0, Avg: 0.0, Max: 0.0, Diff: 0.0, Sum: 0.0]
      [Object Copy (ms): Min: 1.6, Avg: 1.7, Max: 1.7, Diff: 0.1, Sum: 13.2]
      [Termination (ms): Min: 0.0, Avg: 0.0, Max: 0.1, Diff: 0.1, Sum: 0.3]
         [Termination Attempts: Min: 1, Avg: 1.0, Max: 1, Diff: 0, Sum: 8]
      [GC Worker Other (ms): Min: 0.0, Avg: 0.0, Max: 0.0, Diff: 0.0, Sum: 0.1]
      [GC Worker Total (ms): Min: 2.0, Avg: 2.1, Max: 2.1, Diff: 0.1, Sum: 16.6]
      [GC Worker End (ms): Min: 1127.7, Avg: 1127.7, Max: 1127.7, Diff: 0.0]
   [Code Root Fixup: 0.0 ms]
   [Code Root Purge: 0.0 ms]
   [Clear CT: 0.1 ms]
   [Other: 0.6 ms]
      [Choose CSet: 0.0 ms]
      [Ref Proc: 0.2 ms]
      [Ref Enq: 0.0 ms]
      [Redirty Cards: 0.2 ms]
      [Humongous Register: 0.1 ms]
      [Humongous Reclaim: 0.1 ms]
      [Free CSet: 0.0 ms]
   [Eden: 21.0M(21.0M)->0.0B(21.0M) Survivors: 4096.0K->4096.0K Heap: 386.4M(512.0M)->363.9M(512.0M)]
 [Times: user=0.13 sys=0.00, real=0.00 secs] 
2020-10-27T23:32:39.308+0800: 1.129: [GC pause (G1 Humongous Allocation) (young) (initial-mark), 0.0015410 secs]
   [Parallel Time: 0.7 ms, GC Workers: 8]
      [GC Worker Start (ms): Min: 1129.1, Avg: 1129.2, Max: 1129.2, Diff: 0.1]
      [Ext Root Scanning (ms): Min: 0.1, Avg: 0.1, Max: 0.2, Diff: 0.1, Sum: 0.8]
      [Update RS (ms): Min: 0.0, Avg: 0.1, Max: 0.1, Diff: 0.0, Sum: 0.4]
         [Processed Buffers: Min: 1, Avg: 1.1, Max: 2, Diff: 1, Sum: 9]
      [Scan RS (ms): Min: 0.0, Avg: 0.0, Max: 0.0, Diff: 0.0, Sum: 0.0]
      [Code Root Scanning (ms): Min: 0.0, Avg: 0.0, Max: 0.0, Diff: 0.0, Sum: 0.0]
      [Object Copy (ms): Min: 0.4, Avg: 0.5, Max: 0.5, Diff: 0.1, Sum: 3.6]
      [Termination (ms): Min: 0.0, Avg: 0.0, Max: 0.1, Diff: 0.1, Sum: 0.3]
         [Termination Attempts: Min: 1, Avg: 1.0, Max: 1, Diff: 0, Sum: 8]
      [GC Worker Other (ms): Min: 0.0, Avg: 0.0, Max: 0.0, Diff: 0.0, Sum: 0.1]
      [GC Worker Total (ms): Min: 0.6, Avg: 0.7, Max: 0.7, Diff: 0.1, Sum: 5.3]
      [GC Worker End (ms): Min: 1129.9, Avg: 1129.9, Max: 1129.9, Diff: 0.0]
   [Code Root Fixup: 0.0 ms]
   [Code Root Purge: 0.0 ms]
   [Clear CT: 0.3 ms]
   [Other: 0.5 ms]
      [Choose CSet: 0.0 ms]
      [Ref Proc: 0.1 ms]
      [Ref Enq: 0.0 ms]
      [Redirty Cards: 0.2 ms]
      [Humongous Register: 0.1 ms]
      [Humongous Reclaim: 0.0 ms]
      [Free CSet: 0.0 ms]
   [Eden: 3072.0K(21.0M)->0.0B(24.0M) Survivors: 4096.0K->1024.0K Heap: 366.4M(512.0M)->363.9M(512.0M)]
 [Times: user=0.00 sys=0.00, real=0.00 secs] 
2020-10-27T23:32:39.310+0800: 1.131: [GC concurrent-root-region-scan-start]
2020-10-27T23:32:39.310+0800: 1.131: [GC concurrent-root-region-scan-end, 0.0000855 secs]
2020-10-27T23:32:39.310+0800: 1.131: [GC concurrent-mark-start]
2020-10-27T23:32:39.312+0800: 1.132: [GC concurrent-mark-end, 0.0015894 secs]
2020-10-27T23:32:39.312+0800: 1.133: [GC remark 2020-10-27T23:32:39.312+0800: 1.133: [Finalize Marking, 0.0003116 secs] 2020-10-27T23:32:39.312+0800: 1.133: [GC ref-proc, 0.0001826 secs] 2020-10-27T23:32:39.313+0800: 1.133: [Unloading, 0.0005123 secs], 0.0018740 secs]
 [Times: user=0.00 sys=0.00, real=0.00 secs] 
2020-10-27T23:32:39.313+0800: 1.135: [GC cleanup 377M->377M(512M), 0.0007006 secs]
 [Times: user=0.00 sys=0.00, real=0.00 secs] 
2020-10-27T23:32:39.317+0800: 1.138: [GC pause (G1 Evacuation Pause) (young), 0.0027853 secs]
   [Parallel Time: 1.8 ms, GC Workers: 8]
      [GC Worker Start (ms): Min: 1138.3, Avg: 1138.4, Max: 1138.4, Diff: 0.1]
      [Ext Root Scanning (ms): Min: 0.1, Avg: 0.1, Max: 0.1, Diff: 0.1, Sum: 0.8]
      [Update RS (ms): Min: 0.6, Avg: 0.6, Max: 0.6, Diff: 0.1, Sum: 4.8]
         [Processed Buffers: Min: 9, Avg: 9.6, Max: 11, Diff: 2, Sum: 77]
      [Scan RS (ms): Min: 0.0, Avg: 0.0, Max: 0.0, Diff: 0.0, Sum: 0.0]
      [Code Root Scanning (ms): Min: 0.0, Avg: 0.0, Max: 0.0, Diff: 0.0, Sum: 0.0]
      [Object Copy (ms): Min: 0.9, Avg: 0.9, Max: 1.0, Diff: 0.1, Sum: 7.5]
      [Termination (ms): Min: 0.0, Avg: 0.0, Max: 0.1, Diff: 0.1, Sum: 0.4]
         [Termination Attempts: Min: 1, Avg: 1.0, Max: 1, Diff: 0, Sum: 8]
      [GC Worker Other (ms): Min: 0.0, Avg: 0.0, Max: 0.0, Diff: 0.0, Sum: 0.1]
      [GC Worker Total (ms): Min: 1.7, Avg: 1.7, Max: 1.7, Diff: 0.1, Sum: 13.6]
      [GC Worker End (ms): Min: 1140.1, Avg: 1140.1, Max: 1140.1, Diff: 0.0]
   [Code Root Fixup: 0.0 ms]
   [Code Root Purge: 0.0 ms]
   [Clear CT: 0.4 ms]
   [Other: 0.6 ms]
      [Choose CSet: 0.0 ms]
      [Ref Proc: 0.1 ms]
      [Ref Enq: 0.0 ms]
      [Redirty Cards: 0.3 ms]
      [Humongous Register: 0.1 ms]
      [Humongous Reclaim: 0.0 ms]
      [Free CSet: 0.0 ms]
   [Eden: 24.0M(24.0M)->0.0B(21.0M) Survivors: 1024.0K->4096.0K Heap: 396.3M(512.0M)->370.4M(512.0M)]
 [Times: user=0.00 sys=0.00, real=0.00 secs] 
2020-10-27T23:32:39.324+0800: 1.145: [GC pause (G1 Evacuation Pause) (mixed) (to-space exhausted), 0.0032548 secs]
   [Parallel Time: 2.2 ms, GC Workers: 8]
      [GC Worker Start (ms): Min: 1145.1, Avg: 1145.2, Max: 1145.2, Diff: 0.1]
      [Ext Root Scanning (ms): Min: 0.0, Avg: 0.1, Max: 0.1, Diff: 0.1, Sum: 0.8]
      [Update RS (ms): Min: 0.5, Avg: 0.6, Max: 0.6, Diff: 0.0, Sum: 4.4]
         [Processed Buffers: Min: 8, Avg: 8.9, Max: 10, Diff: 2, Sum: 71]
      [Scan RS (ms): Min: 0.0, Avg: 0.0, Max: 0.0, Diff: 0.0, Sum: 0.1]
      [Code Root Scanning (ms): Min: 0.0, Avg: 0.0, Max: 0.0, Diff: 0.0, Sum: 0.0]
      [Object Copy (ms): Min: 1.3, Avg: 1.3, Max: 1.3, Diff: 0.0, Sum: 10.5]
      [Termination (ms): Min: 0.0, Avg: 0.0, Max: 0.0, Diff: 0.0, Sum: 0.1]
         [Termination Attempts: Min: 1, Avg: 1.0, Max: 1, Diff: 0, Sum: 8]
      [GC Worker Other (ms): Min: 0.0, Avg: 0.0, Max: 0.0, Diff: 0.0, Sum: 0.1]
      [GC Worker Total (ms): Min: 1.9, Avg: 2.0, Max: 2.0, Diff: 0.1, Sum: 16.1]
      [GC Worker End (ms): Min: 1147.2, Avg: 1147.2, Max: 1147.2, Diff: 0.0]
   [Code Root Fixup: 0.0 ms]
   [Code Root Purge: 0.0 ms]
   [Clear CT: 0.2 ms]
   [Other: 0.9 ms]
      [Evacuation Failure: 0.3 ms]
      [Choose CSet: 0.0 ms]
      [Ref Proc: 0.1 ms]
      [Ref Enq: 0.0 ms]
      [Redirty Cards: 0.3 ms]
      [Humongous Register: 0.1 ms]
      [Humongous Reclaim: 0.0 ms]
      [Free CSet: 0.0 ms]
   [Eden: 21.0M(21.0M)->0.0B(22.0M) Survivors: 4096.0K->3072.0K Heap: 399.1M(512.0M)->398.7M(512.0M)]
 [Times: user=0.00 sys=0.00, real=0.00 secs] 
2020-10-27T23:32:39.327+0800: 1.148: [GC pause (G1 Humongous Allocation) (young) (initial-mark), 0.0013253 secs]
   [Parallel Time: 0.6 ms, GC Workers: 8]
      [GC Worker Start (ms): Min: 1148.6, Avg: 1148.7, Max: 1148.8, Diff: 0.2]
      [Ext Root Scanning (ms): Min: 0.0, Avg: 0.1, Max: 0.2, Diff: 0.2, Sum: 1.0]
      [Update RS (ms): Min: 0.0, Avg: 0.1, Max: 0.1, Diff: 0.1, Sum: 0.5]
         [Processed Buffers: Min: 1, Avg: 2.1, Max: 4, Diff: 3, Sum: 17]
      [Scan RS (ms): Min: 0.0, Avg: 0.0, Max: 0.0, Diff: 0.0, Sum: 0.0]
      [Code Root Scanning (ms): Min: 0.0, Avg: 0.0, Max: 0.0, Diff: 0.0, Sum: 0.0]
      [Object Copy (ms): Min: 0.2, Avg: 0.3, Max: 0.3, Diff: 0.1, Sum: 2.1]
      [Termination (ms): Min: 0.0, Avg: 0.1, Max: 0.1, Diff: 0.1, Sum: 0.5]
         [Termination Attempts: Min: 1, Avg: 1.0, Max: 1, Diff: 0, Sum: 8]
      [GC Worker Other (ms): Min: 0.0, Avg: 0.0, Max: 0.0, Diff: 0.0, Sum: 0.0]
      [GC Worker Total (ms): Min: 0.4, Avg: 0.5, Max: 0.6, Diff: 0.2, Sum: 4.1]
      [GC Worker End (ms): Min: 1149.2, Avg: 1149.2, Max: 1149.2, Diff: 0.0]
   [Code Root Fixup: 0.0 ms]
   [Code Root Purge: 0.0 ms]
   [Clear CT: 0.2 ms]
   [Other: 0.5 ms]
      [Choose CSet: 0.0 ms]
      [Ref Proc: 0.1 ms]
      [Ref Enq: 0.0 ms]
      [Redirty Cards: 0.2 ms]
      [Humongous Register: 0.1 ms]
      [Humongous Reclaim: 0.0 ms]
      [Free CSet: 0.0 ms]
   [Eden: 1024.0K(22.0M)->0.0B(24.0M) Survivors: 3072.0K->1024.0K Heap: 399.4M(512.0M)->398.6M(512.0M)]
 [Times: user=0.00 sys=0.00, real=0.00 secs] 
2020-10-27T23:32:39.328+0800: 1.150: [GC concurrent-root-region-scan-start]
2020-10-27T23:32:39.329+0800: 1.150: [GC concurrent-root-region-scan-end, 0.0000756 secs]
2020-10-27T23:32:39.329+0800: 1.150: [GC concurrent-mark-start]
2020-10-27T23:32:39.330+0800: 1.151: [GC pause (G1 Evacuation Pause) (young) (to-space exhausted), 0.0017186 secs]
   [Parallel Time: 0.5 ms, GC Workers: 8]
      [GC Worker Start (ms): Min: 1151.6, Avg: 1151.6, Max: 1151.7, Diff: 0.1]
      [Ext Root Scanning (ms): Min: 0.1, Avg: 0.1, Max: 0.1, Diff: 0.1, Sum: 0.7]
      [Update RS (ms): Min: 0.3, Avg: 0.3, Max: 0.3, Diff: 0.1, Sum: 2.2]
         [Processed Buffers: Min: 4, Avg: 4.8, Max: 5, Diff: 1, Sum: 38]
      [Scan RS (ms): Min: 0.0, Avg: 0.0, Max: 0.0, Diff: 0.0, Sum: 0.0]
      [Code Root Scanning (ms): Min: 0.0, Avg: 0.0, Max: 0.0, Diff: 0.0, Sum: 0.0]
      [Object Copy (ms): Min: 0.0, Avg: 0.0, Max: 0.1, Diff: 0.1, Sum: 0.3]
      [Termination (ms): Min: 0.0, Avg: 0.0, Max: 0.0, Diff: 0.0, Sum: 0.2]
         [Termination Attempts: Min: 1, Avg: 1.0, Max: 1, Diff: 0, Sum: 8]
      [GC Worker Other (ms): Min: 0.0, Avg: 0.0, Max: 0.0, Diff: 0.0, Sum: 0.1]
      [GC Worker Total (ms): Min: 0.4, Avg: 0.4, Max: 0.5, Diff: 0.1, Sum: 3.5]
      [GC Worker End (ms): Min: 1152.1, Avg: 1152.1, Max: 1152.1, Diff: 0.0]
   [Code Root Fixup: 0.0 ms]
   [Code Root Purge: 0.0 ms]
   [Clear CT: 0.3 ms]
   [Other: 1.0 ms]
      [Evacuation Failure: 0.3 ms]
      [Choose CSet: 0.0 ms]
      [Ref Proc: 0.3 ms]
      [Ref Enq: 0.0 ms]
      [Redirty Cards: 0.2 ms]
      [Humongous Register: 0.1 ms]
      [Humongous Reclaim: 0.0 ms]
      [Free CSet: 0.0 ms]
   [Eden: 8192.0K(24.0M)->0.0B(25.0M) Survivors: 1024.0K->0.0B Heap: 410.1M(512.0M)->407.0M(512.0M)]
 [Times: user=0.00 sys=0.00, real=0.00 secs] 
2020-10-27T23:32:39.332+0800: 1.153: [GC concurrent-mark-end, 0.0034818 secs]
2020-10-27T23:32:39.332+0800: 1.154: [GC remark 2020-10-27T23:32:39.332+0800: 1.154: [Finalize Marking, 0.0001290 secs] 2020-10-27T23:32:39.332+0800: 1.154: [GC ref-proc, 0.0001934 secs] 2020-10-27T23:32:39.332+0800: 1.154: [Unloading, 0.0004150 secs], 0.0015683 secs]
 [Times: user=0.00 sys=0.00, real=0.00 secs] 
2020-10-27T23:32:39.334+0800: 1.155: [GC cleanup 409M->409M(512M), 0.0005061 secs]
 [Times: user=0.00 sys=0.00, real=0.00 secs] 
2020-10-27T23:32:39.335+0800: 1.156: [GC pause (G1 Evacuation Pause) (young) (to-space exhausted), 0.0008281 secs]
   [Parallel Time: 0.3 ms, GC Workers: 8]
      [GC Worker Start (ms): Min: 1156.2, Avg: 1156.3, Max: 1156.3, Diff: 0.1]
      [Ext Root Scanning (ms): Min: 0.1, Avg: 0.1, Max: 0.1, Diff: 0.1, Sum: 0.7]
      [Update RS (ms): Min: 0.1, Avg: 0.1, Max: 0.1, Diff: 0.1, Sum: 0.8]
         [Processed Buffers: Min: 2, Avg: 2.8, Max: 3, Diff: 1, Sum: 22]
      [Scan RS (ms): Min: 0.0, Avg: 0.0, Max: 0.0, Diff: 0.0, Sum: 0.0]
      [Code Root Scanning (ms): Min: 0.0, Avg: 0.0, Max: 0.0, Diff: 0.0, Sum: 0.0]
      [Object Copy (ms): Min: 0.0, Avg: 0.0, Max: 0.0, Diff: 0.0, Sum: 0.1]
      [Termination (ms): Min: 0.0, Avg: 0.0, Max: 0.0, Diff: 0.0, Sum: 0.1]
         [Termination Attempts: Min: 1, Avg: 1.0, Max: 1, Diff: 0, Sum: 8]
      [GC Worker Other (ms): Min: 0.0, Avg: 0.0, Max: 0.0, Diff: 0.0, Sum: 0.0]
      [GC Worker Total (ms): Min: 0.2, Avg: 0.2, Max: 0.2, Diff: 0.1, Sum: 1.7]
      [GC Worker End (ms): Min: 1156.5, Avg: 1156.5, Max: 1156.5, Diff: 0.0]
   [Code Root Fixup: 0.0 ms]
   [Code Root Purge: 0.0 ms]
   [Clear CT: 0.1 ms]
   [Other: 0.5 ms]
      [Evacuation Failure: 0.1 ms]
      [Choose CSet: 0.0 ms]
      [Ref Proc: 0.1 ms]
      [Ref Enq: 0.0 ms]
      [Redirty Cards: 0.1 ms]
      [Humongous Register: 0.1 ms]
      [Humongous Reclaim: 0.0 ms]
      [Free CSet: 0.0 ms]
   [Eden: 4096.0K(25.0M)->0.0B(25.0M) Survivors: 0.0B->0.0B Heap: 411.8M(512.0M)->410.4M(512.0M)]
 [Times: user=0.00 sys=0.00, real=0.00 secs] 
2020-10-27T23:32:39.336+0800: 1.158: [GC pause (G1 Evacuation Pause) (mixed) (to-space exhausted), 0.0010201 secs]
   [Parallel Time: 0.5 ms, GC Workers: 8]
      [GC Worker Start (ms): Min: 1157.6, Avg: 1157.7, Max: 1157.7, Diff: 0.1]
      [Ext Root Scanning (ms): Min: 0.1, Avg: 0.1, Max: 0.1, Diff: 0.1, Sum: 0.7]
      [Update RS (ms): Min: 0.0, Avg: 0.0, Max: 0.0, Diff: 0.0, Sum: 0.3]
         [Processed Buffers: Min: 1, Avg: 1.4, Max: 3, Diff: 2, Sum: 11]
      [Scan RS (ms): Min: 0.0, Avg: 0.0, Max: 0.0, Diff: 0.0, Sum: 0.2]
      [Code Root Scanning (ms): Min: 0.0, Avg: 0.0, Max: 0.0, Diff: 0.0, Sum: 0.0]
      [Object Copy (ms): Min: 0.2, Avg: 0.2, Max: 0.2, Diff: 0.1, Sum: 1.5]
      [Termination (ms): Min: 0.0, Avg: 0.0, Max: 0.1, Diff: 0.1, Sum: 0.2]
         [Termination Attempts: Min: 1, Avg: 1.0, Max: 1, Diff: 0, Sum: 8]
      [GC Worker Other (ms): Min: 0.0, Avg: 0.0, Max: 0.0, Diff: 0.0, Sum: 0.1]
      [GC Worker Total (ms): Min: 0.3, Avg: 0.4, Max: 0.4, Diff: 0.1, Sum: 3.0]
      [GC Worker End (ms): Min: 1158.0, Avg: 1158.0, Max: 1158.0, Diff: 0.0]
   [Code Root Fixup: 0.0 ms]
   [Code Root Purge: 0.0 ms]
   [Clear CT: 0.1 ms]
   [Other: 0.4 ms]
      [Evacuation Failure: 0.1 ms]
      [Choose CSet: 0.0 ms]
      [Ref Proc: 0.1 ms]
      [Ref Enq: 0.0 ms]
      [Redirty Cards: 0.1 ms]
      [Humongous Register: 0.1 ms]
      [Humongous Reclaim: 0.0 ms]
      [Free CSet: 0.0 ms]
   [Eden: 2048.0K(25.0M)->0.0B(25.0M) Survivors: 0.0B->0.0B Heap: 412.4M(512.0M)->411.5M(512.0M)]
 [Times: user=0.00 sys=0.00, real=0.00 secs] 
Heap
 garbage-first heap   total 524288K, used 421342K [0x00000000e0000000, 0x00000000e0101000, 0x0000000100000000)
  region size 1024K, 1 young (1024K), 0 survivors (0K)
 Metaspace       used 2780K, capacity 4486K, committed 4864K, reserved 1056768K
  class space    used 313K, capacity 386K, committed 512K, reserved 1048576K
