Java HotSpot(TM) 64-Bit Server VM (25.91-b15) for windows-amd64 JRE (1.8.0_91-b15), built on May 20 2016 17:43:15 by "java_re" with MS VC++ 10.0 (VS2010)
Memory: 4k page, physical 16718916k(8683064k free), swap 16718916k(6653724k free)
CommandLine flags: -XX:InitialHeapSize=536870912 -XX:MaxHeapSize=536870912 -XX:+PrintGC -XX:+PrintGCDateStamps -XX:+PrintGCDetails -XX:+PrintGCTimeStamps -XX:+UseCompressedClassPointers -XX:+UseCompressedOops -XX:-UseLargePagesIndividualAllocation -XX:+UseSerialGC 
2020-10-27T23:10:44.491+0800: 0.166: [GC (Allocation Failure) 2020-10-27T23:10:44.491+0800: 0.166: [DefNew: 139776K->17472K(157248K), 0.0205416 secs] 139776K->44107K(506816K), 0.0206775 secs] [Times: user=0.00 sys=0.03, real=0.02 secs] 
2020-10-27T23:10:44.544+0800: 0.219: [GC (Allocation Failure) 2020-10-27T23:10:44.544+0800: 0.219: [DefNew: 157239K->17470K(157248K), 0.0232581 secs] 183874K->81045K(506816K), 0.0233154 secs] [Times: user=0.00 sys=0.01, real=0.02 secs] 
2020-10-27T23:10:44.586+0800: 0.261: [GC (Allocation Failure) 2020-10-27T23:10:44.586+0800: 0.261: [DefNew: 157246K->17471K(157248K), 0.0209077 secs] 220821K->122290K(506816K), 0.0209652 secs] [Times: user=0.03 sys=0.00, real=0.02 secs] 
2020-10-27T23:10:44.625+0800: 0.300: [GC (Allocation Failure) 2020-10-27T23:10:44.625+0800: 0.300: [DefNew: 157247K->17469K(157248K), 0.0215456 secs] 262066K->166516K(506816K), 0.0216048 secs] [Times: user=0.00 sys=0.02, real=0.02 secs] 
2020-10-27T23:10:44.666+0800: 0.341: [GC (Allocation Failure) 2020-10-27T23:10:44.666+0800: 0.341: [DefNew: 157245K->17471K(157248K), 0.0202901 secs] 306292K->207275K(506816K), 0.0203478 secs] [Times: user=0.00 sys=0.01, real=0.02 secs] 
2020-10-27T23:10:44.705+0800: 0.380: [GC (Allocation Failure) 2020-10-27T23:10:44.705+0800: 0.380: [DefNew: 157247K->17469K(157248K), 0.0225351 secs] 347051K->253383K(506816K), 0.0226145 secs] [Times: user=0.01 sys=0.02, real=0.02 secs] 
2020-10-27T23:10:44.746+0800: 0.420: [GC (Allocation Failure) 2020-10-27T23:10:44.746+0800: 0.420: [DefNew: 157245K->17471K(157248K), 0.0227837 secs] 393159K->300708K(506816K), 0.0228426 secs] [Times: user=0.01 sys=0.00, real=0.02 secs] 
2020-10-27T23:10:44.786+0800: 0.461: [GC (Allocation Failure) 2020-10-27T23:10:44.786+0800: 0.461: [DefNew: 157247K->17471K(157248K), 0.0198660 secs] 440484K->340642K(506816K), 0.0199267 secs] [Times: user=0.00 sys=0.03, real=0.02 secs] 
2020-10-27T23:10:44.824+0800: 0.499: [GC (Allocation Failure) 2020-10-27T23:10:44.824+0800: 0.499: [DefNew: 157247K->157247K(157248K), 0.0000139 secs]2020-10-27T23:10:44.824+0800: 0.499: [Tenured: 323170K->262800K(349568K), 0.0357140 secs] 480418K->262800K(506816K), [Metaspace: 2774K->2774K(1056768K)], 0.0357986 secs] [Times: user=0.03 sys=0.00, real=0.04 secs] 
2020-10-27T23:10:44.877+0800: 0.552: [GC (Allocation Failure) 2020-10-27T23:10:44.878+0800: 0.552: [DefNew: 139776K->17470K(157248K), 0.0062244 secs] 402576K->305107K(506816K), 0.0062851 secs] [Times: user=0.01 sys=0.00, real=0.01 secs] 
2020-10-27T23:10:44.901+0800: 0.576: [GC (Allocation Failure) 2020-10-27T23:10:44.901+0800: 0.576: [DefNew: 157246K->17471K(157248K), 0.0106883 secs] 444883K->346555K(506816K), 0.0107455 secs] [Times: user=0.00 sys=0.00, real=0.01 secs] 
2020-10-27T23:10:44.929+0800: 0.604: [GC (Allocation Failure) 2020-10-27T23:10:44.929+0800: 0.604: [DefNew: 157247K->157247K(157248K), 0.0000130 secs]2020-10-27T23:10:44.929+0800: 0.604: [Tenured: 329083K->299128K(349568K), 0.0412210 secs] 486331K->299128K(506816K), [Metaspace: 2774K->2774K(1056768K)], 0.0413038 secs] [Times: user=0.05 sys=0.00, real=0.04 secs] 
2020-10-27T23:10:44.987+0800: 0.662: [GC (Allocation Failure) 2020-10-27T23:10:44.987+0800: 0.662: [DefNew: 139501K->17471K(157248K), 0.0077520 secs] 438630K->347764K(506816K), 0.0078078 secs] [Times: user=0.02 sys=0.00, real=0.01 secs] 
2020-10-27T23:10:45.012+0800: 0.687: [GC (Allocation Failure) 2020-10-27T23:10:45.012+0800: 0.687: [DefNew: 157247K->157247K(157248K), 0.0000144 secs]2020-10-27T23:10:45.012+0800: 0.687: [Tenured: 330292K->332361K(349568K), 0.0448706 secs] 487540K->332361K(506816K), [Metaspace: 2774K->2774K(1056768K)], 0.0450049 secs] [Times: user=0.05 sys=0.00, real=0.04 secs] 
2020-10-27T23:10:45.074+0800: 0.749: [GC (Allocation Failure) 2020-10-27T23:10:45.074+0800: 0.749: [DefNew: 139776K->139776K(157248K), 0.0000132 secs]2020-10-27T23:10:45.074+0800: 0.749: [Tenured: 332361K->321647K(349568K), 0.0463941 secs] 472137K->321647K(506816K), [Metaspace: 2774K->2774K(1056768K)], 0.0465265 secs] [Times: user=0.05 sys=0.00, real=0.05 secs] 
2020-10-27T23:10:45.140+0800: 0.815: [GC (Allocation Failure) 2020-10-27T23:10:45.140+0800: 0.815: [DefNew: 139297K->139297K(157248K), 0.0000143 secs]2020-10-27T23:10:45.140+0800: 0.815: [Tenured: 321647K->340837K(349568K), 0.0341897 secs] 460945K->340837K(506816K), [Metaspace: 2774K->2774K(1056768K)], 0.0342737 secs] [Times: user=0.03 sys=0.00, real=0.03 secs] 
2020-10-27T23:10:45.192+0800: 0.867: [GC (Allocation Failure) 2020-10-27T23:10:45.192+0800: 0.867: [DefNew: 139776K->139776K(157248K), 0.0000141 secs]2020-10-27T23:10:45.192+0800: 0.867: [Tenured: 340837K->343717K(349568K), 0.0406530 secs] 480613K->343717K(506816K), [Metaspace: 2774K->2774K(1056768K)], 0.0407394 secs] [Times: user=0.05 sys=0.00, real=0.04 secs] 
2020-10-27T23:10:45.250+0800: 0.925: [GC (Allocation Failure) 2020-10-27T23:10:45.250+0800: 0.925: [DefNew: 139624K->139624K(157248K), 0.0000141 secs]2020-10-27T23:10:45.250+0800: 0.925: [Tenured: 343717K->345678K(349568K), 0.0453183 secs] 483341K->345678K(506816K), [Metaspace: 2774K->2774K(1056768K)], 0.0453991 secs] [Times: user=0.05 sys=0.00, real=0.05 secs] 
2020-10-27T23:10:45.313+0800: 0.988: [GC (Allocation Failure) 2020-10-27T23:10:45.313+0800: 0.989: [DefNew: 139776K->139776K(157248K), 0.0000143 secs]2020-10-27T23:10:45.313+0800: 0.989: [Tenured: 345678K->336187K(349568K), 0.0547777 secs] 485454K->336187K(506816K), [Metaspace: 2774K->2774K(1056768K)], 0.0548537 secs] [Times: user=0.06 sys=0.00, real=0.06 secs] 
2020-10-27T23:10:45.387+0800: 1.062: [GC (Allocation Failure) 2020-10-27T23:10:45.387+0800: 1.062: [DefNew: 139776K->139776K(157248K), 0.0000296 secs]2020-10-27T23:10:45.387+0800: 1.062: [Tenured: 336187K->349410K(349568K), 0.0346931 secs] 475963K->356338K(506816K), [Metaspace: 2774K->2774K(1056768K)], 0.0348181 secs] [Times: user=0.03 sys=0.00, real=0.03 secs] 
Heap
 def new generation   total 157248K, used 12555K [0x00000000e0000000, 0x00000000eaaa0000, 0x00000000eaaa0000)
  eden space 139776K,   8% used [0x00000000e0000000, 0x00000000e0c42cc8, 0x00000000e8880000)
  from space 17472K,   0% used [0x00000000e9990000, 0x00000000e9990000, 0x00000000eaaa0000)
  to   space 17472K,   0% used [0x00000000e8880000, 0x00000000e8880000, 0x00000000e9990000)
 tenured generation   total 349568K, used 349410K [0x00000000eaaa0000, 0x0000000100000000, 0x0000000100000000)
   the space 349568K,  99% used [0x00000000eaaa0000, 0x00000000fffd8908, 0x00000000fffd8a00, 0x0000000100000000)
 Metaspace       used 2780K, capacity 4486K, committed 4864K, reserved 1056768K
  class space    used 313K, capacity 386K, committed 512K, reserved 1048576K
