Java HotSpot(TM) 64-Bit Server VM (25.91-b15) for windows-amd64 JRE (1.8.0_91-b15), built on May 20 2016 17:43:15 by "java_re" with MS VC++ 10.0 (VS2010)
Memory: 4k page, physical 16718916k(8655204k free), swap 16718916k(6617508k free)
CommandLine flags: -XX:InitialHeapSize=536870912 -XX:MaxHeapSize=536870912 -XX:MaxNewSize=178958336 -XX:MaxTenuringThreshold=6 -XX:NewSize=178958336 -XX:OldPLABSize=16 -XX:OldSize=357912576 -XX:+PrintGC -XX:+PrintGCDateStamps -XX:+PrintGCDetails -XX:+PrintGCTimeStamps -XX:+UseCompressedClassPointers -XX:+UseCompressedOops -XX:+UseConcMarkSweepGC -XX:-UseLargePagesIndividualAllocation -XX:+UseParNewGC 
2020-10-27T23:25:35.298+0800: 0.166: [GC (Allocation Failure) 2020-10-27T23:25:35.298+0800: 0.166: [ParNew: 139776K->17472K(157248K), 0.0076163 secs] 139776K->43589K(506816K), 0.0077969 secs] [Times: user=0.02 sys=0.00, real=0.01 secs] 
2020-10-27T23:25:35.333+0800: 0.202: [GC (Allocation Failure) 2020-10-27T23:25:35.333+0800: 0.202: [ParNew: 157248K->17472K(157248K), 0.0120176 secs] 183365K->93017K(506816K), 0.0120812 secs] [Times: user=0.06 sys=0.06, real=0.01 secs] 
2020-10-27T23:25:35.364+0800: 0.232: [GC (Allocation Failure) 2020-10-27T23:25:35.364+0800: 0.232: [ParNew: 157248K->17471K(157248K), 0.0225695 secs] 232793K->135862K(506816K), 0.0226314 secs] [Times: user=0.22 sys=0.03, real=0.02 secs] 
2020-10-27T23:25:35.404+0800: 0.272: [GC (Allocation Failure) 2020-10-27T23:25:35.404+0800: 0.272: [ParNew: 157247K->17472K(157248K), 0.0224263 secs] 275638K->179104K(506816K), 0.0225078 secs] [Times: user=0.11 sys=0.01, real=0.02 secs] 
2020-10-27T23:25:35.444+0800: 0.312: [GC (Allocation Failure) 2020-10-27T23:25:35.444+0800: 0.312: [ParNew: 157248K->17469K(157248K), 0.0236462 secs] 318880K->224536K(506816K), 0.0237061 secs] [Times: user=0.20 sys=0.05, real=0.02 secs] 
2020-10-27T23:25:35.468+0800: 0.336: [GC (CMS Initial Mark) [1 CMS-initial-mark: 207067K(349568K)] 224680K(506816K), 0.0001986 secs] [Times: user=0.00 sys=0.00, real=0.00 secs] 
2020-10-27T23:25:35.468+0800: 0.336: [CMS-concurrent-mark-start]
2020-10-27T23:25:35.470+0800: 0.338: [CMS-concurrent-mark: 0.001/0.001 secs] [Times: user=0.00 sys=0.00, real=0.00 secs] 
2020-10-27T23:25:35.470+0800: 0.338: [CMS-concurrent-preclean-start]
2020-10-27T23:25:35.470+0800: 0.338: [CMS-concurrent-preclean: 0.000/0.000 secs] [Times: user=0.00 sys=0.00, real=0.00 secs] 
2020-10-27T23:25:35.470+0800: 0.338: [CMS-concurrent-abortable-preclean-start]
2020-10-27T23:25:35.487+0800: 0.355: [GC (Allocation Failure) 2020-10-27T23:25:35.487+0800: 0.355: [ParNew: 157245K->17467K(157248K), 0.0192088 secs] 364312K->262276K(506816K), 0.0192676 secs] [Times: user=0.09 sys=0.03, real=0.02 secs] 
2020-10-27T23:25:35.525+0800: 0.394: [GC (Allocation Failure) 2020-10-27T23:25:35.525+0800: 0.394: [ParNew: 157243K->17468K(157248K), 0.0238267 secs] 402052K->307133K(506816K), 0.0238882 secs] [Times: user=0.13 sys=0.00, real=0.02 secs] 
2020-10-27T23:25:35.566+0800: 0.434: [GC (Allocation Failure) 2020-10-27T23:25:35.566+0800: 0.434: [ParNew: 157244K->17471K(157248K), 0.0252281 secs] 446909K->355362K(506816K), 0.0252856 secs] [Times: user=0.24 sys=0.02, real=0.03 secs] 
2020-10-27T23:25:35.591+0800: 0.460: [CMS-concurrent-abortable-preclean: 0.002/0.121 secs] [Times: user=0.52 sys=0.05, real=0.12 secs] 
2020-10-27T23:25:35.592+0800: 0.460: [GC (CMS Final Remark) [YG occupancy: 20703 K (157248 K)]2020-10-27T23:25:35.592+0800: 0.460: [Rescan (parallel) , 0.0002426 secs]2020-10-27T23:25:35.592+0800: 0.460: [weak refs processing, 0.0000098 secs]2020-10-27T23:25:35.592+0800: 0.460: [class unloading, 0.0002013 secs]2020-10-27T23:25:35.592+0800: 0.460: [scrub symbol table, 0.0003456 secs]2020-10-27T23:25:35.592+0800: 0.461: [scrub string table, 0.0000975 secs][1 CMS-remark: 337891K(349568K)] 358594K(506816K), 0.0009610 secs] [Times: user=0.00 sys=0.00, real=0.00 secs] 
2020-10-27T23:25:35.593+0800: 0.461: [CMS-concurrent-sweep-start]
2020-10-27T23:25:35.593+0800: 0.461: [CMS-concurrent-sweep: 0.001/0.001 secs] [Times: user=0.00 sys=0.00, real=0.00 secs] 
2020-10-27T23:25:35.593+0800: 0.461: [CMS-concurrent-reset-start]
2020-10-27T23:25:35.594+0800: 0.462: [CMS-concurrent-reset: 0.001/0.001 secs] [Times: user=0.00 sys=0.00, real=0.00 secs] 
2020-10-27T23:25:35.610+0800: 0.478: [GC (Allocation Failure) 2020-10-27T23:25:35.610+0800: 0.478: [ParNew: 156525K->156525K(157248K), 0.0000171 secs]2020-10-27T23:25:35.610+0800: 0.478: [CMS: 297563K->261835K(349568K), 0.0378457 secs] 454088K->261835K(506816K), [Metaspace: 2774K->2774K(1056768K)], 0.0379343 secs] [Times: user=0.03 sys=0.00, real=0.04 secs] 
2020-10-27T23:25:35.648+0800: 0.516: [GC (CMS Initial Mark) [1 CMS-initial-mark: 261835K(349568K)] 262616K(506816K), 0.0001515 secs] [Times: user=0.00 sys=0.00, real=0.00 secs] 
2020-10-27T23:25:35.648+0800: 0.516: [CMS-concurrent-mark-start]
2020-10-27T23:25:35.649+0800: 0.518: [CMS-concurrent-mark: 0.001/0.001 secs] [Times: user=0.00 sys=0.00, real=0.00 secs] 
2020-10-27T23:25:35.649+0800: 0.518: [CMS-concurrent-preclean-start]
2020-10-27T23:25:35.650+0800: 0.518: [CMS-concurrent-preclean: 0.000/0.000 secs] [Times: user=0.03 sys=0.00, real=0.00 secs] 
2020-10-27T23:25:35.650+0800: 0.518: [CMS-concurrent-abortable-preclean-start]
2020-10-27T23:25:35.665+0800: 0.533: [GC (Allocation Failure) 2020-10-27T23:25:35.665+0800: 0.533: [ParNew: 139776K->17471K(157248K), 0.0086046 secs] 401611K->316257K(506816K), 0.0086731 secs] [Times: user=0.00 sys=0.00, real=0.01 secs] 
2020-10-27T23:25:35.691+0800: 0.559: [GC (Allocation Failure) 2020-10-27T23:25:35.691+0800: 0.559: [ParNew: 157128K->17471K(157248K), 0.0123994 secs] 455913K->362753K(506816K), 0.0124807 secs] [Times: user=0.13 sys=0.00, real=0.01 secs] 
2020-10-27T23:25:35.704+0800: 0.572: [CMS-concurrent-abortable-preclean: 0.001/0.054 secs] [Times: user=0.17 sys=0.00, real=0.05 secs] 
2020-10-27T23:25:35.704+0800: 0.572: [GC (CMS Final Remark) [YG occupancy: 21081 K (157248 K)]2020-10-27T23:25:35.704+0800: 0.572: [Rescan (parallel) , 0.0003532 secs]2020-10-27T23:25:35.704+0800: 0.572: [weak refs processing, 0.0000106 secs]2020-10-27T23:25:35.704+0800: 0.572: [class unloading, 0.0001899 secs]2020-10-27T23:25:35.704+0800: 0.572: [scrub symbol table, 0.0003409 secs]2020-10-27T23:25:35.705+0800: 0.573: [scrub string table, 0.0000975 secs][1 CMS-remark: 345281K(349568K)] 366363K(506816K), 0.0010552 secs] [Times: user=0.00 sys=0.00, real=0.00 secs] 
2020-10-27T23:25:35.705+0800: 0.573: [CMS-concurrent-sweep-start]
2020-10-27T23:25:35.705+0800: 0.573: [CMS-concurrent-sweep: 0.000/0.000 secs] [Times: user=0.00 sys=0.00, real=0.00 secs] 
2020-10-27T23:25:35.705+0800: 0.573: [CMS-concurrent-reset-start]
2020-10-27T23:25:35.706+0800: 0.574: [CMS-concurrent-reset: 0.000/0.000 secs] [Times: user=0.00 sys=0.00, real=0.00 secs] 
2020-10-27T23:25:35.722+0800: 0.590: [GC (Allocation Failure) 2020-10-27T23:25:35.722+0800: 0.590: [ParNew: 156969K->156969K(157248K), 0.0000162 secs]2020-10-27T23:25:35.722+0800: 0.590: [CMS: 345244K->305525K(349568K), 0.0447008 secs] 502213K->305525K(506816K), [Metaspace: 2774K->2774K(1056768K)], 0.0447882 secs] [Times: user=0.05 sys=0.00, real=0.05 secs] 
2020-10-27T23:25:35.767+0800: 0.635: [GC (CMS Initial Mark) [1 CMS-initial-mark: 305525K(349568K)] 305845K(506816K), 0.0003266 secs] [Times: user=0.00 sys=0.00, real=0.00 secs] 
2020-10-27T23:25:35.767+0800: 0.635: [CMS-concurrent-mark-start]
2020-10-27T23:25:35.768+0800: 0.637: [CMS-concurrent-mark: 0.001/0.001 secs] [Times: user=0.00 sys=0.00, real=0.00 secs] 
2020-10-27T23:25:35.768+0800: 0.637: [CMS-concurrent-preclean-start]
2020-10-27T23:25:35.769+0800: 0.637: [CMS-concurrent-preclean: 0.001/0.001 secs] [Times: user=0.00 sys=0.00, real=0.00 secs] 
2020-10-27T23:25:35.769+0800: 0.637: [CMS-concurrent-abortable-preclean-start]
2020-10-27T23:25:35.786+0800: 0.654: [GC (Allocation Failure) 2020-10-27T23:25:35.786+0800: 0.654: [ParNew: 139776K->17471K(157248K), 0.0068338 secs] 445301K->348974K(506816K), 0.0069057 secs] [Times: user=0.13 sys=0.00, real=0.01 secs] 
2020-10-27T23:25:35.793+0800: 0.661: [CMS-concurrent-abortable-preclean: 0.001/0.024 secs] [Times: user=0.14 sys=0.00, real=0.02 secs] 
2020-10-27T23:25:35.793+0800: 0.661: [GC (CMS Final Remark) [YG occupancy: 23926 K (157248 K)]2020-10-27T23:25:35.793+0800: 0.661: [Rescan (parallel) , 0.0004313 secs]2020-10-27T23:25:35.794+0800: 0.662: [weak refs processing, 0.0000108 secs]2020-10-27T23:25:35.794+0800: 0.662: [class unloading, 0.0001982 secs]2020-10-27T23:25:35.794+0800: 0.662: [scrub symbol table, 0.0004128 secs]2020-10-27T23:25:35.794+0800: 0.662: [scrub string table, 0.0000987 secs][1 CMS-remark: 331503K(349568K)] 355429K(506816K), 0.0012141 secs] [Times: user=0.00 sys=0.00, real=0.00 secs] 
2020-10-27T23:25:35.794+0800: 0.663: [CMS-concurrent-sweep-start]
2020-10-27T23:25:35.795+0800: 0.663: [CMS-concurrent-sweep: 0.001/0.001 secs] [Times: user=0.00 sys=0.00, real=0.00 secs] 
2020-10-27T23:25:35.795+0800: 0.663: [CMS-concurrent-reset-start]
2020-10-27T23:25:35.795+0800: 0.663: [CMS-concurrent-reset: 0.000/0.000 secs] [Times: user=0.00 sys=0.00, real=0.00 secs] 
2020-10-27T23:25:35.812+0800: 0.680: [GC (Allocation Failure) 2020-10-27T23:25:35.812+0800: 0.680: [ParNew: 157247K->157247K(157248K), 0.0000153 secs]2020-10-27T23:25:35.812+0800: 0.680: [CMS: 331439K->316845K(349568K), 0.0459975 secs] 488687K->316845K(506816K), [Metaspace: 2774K->2774K(1056768K)], 0.0460819 secs] [Times: user=0.05 sys=0.00, real=0.05 secs] 
2020-10-27T23:25:35.858+0800: 0.726: [GC (CMS Initial Mark) [1 CMS-initial-mark: 316845K(349568K)] 317428K(506816K), 0.0003785 secs] [Times: user=0.00 sys=0.00, real=0.00 secs] 
2020-10-27T23:25:35.859+0800: 0.727: [CMS-concurrent-mark-start]
2020-10-27T23:25:35.860+0800: 0.728: [CMS-concurrent-mark: 0.001/0.001 secs] [Times: user=0.00 sys=0.00, real=0.00 secs] 
2020-10-27T23:25:35.860+0800: 0.728: [CMS-concurrent-preclean-start]
2020-10-27T23:25:35.860+0800: 0.728: [CMS-concurrent-preclean: 0.000/0.000 secs] [Times: user=0.00 sys=0.00, real=0.00 secs] 
2020-10-27T23:25:35.860+0800: 0.728: [CMS-concurrent-abortable-preclean-start]
2020-10-27T23:25:35.876+0800: 0.744: [GC (Allocation Failure) 2020-10-27T23:25:35.876+0800: 0.744: [ParNew (promotion failed): 139776K->157247K(157248K), 0.0092381 secs]2020-10-27T23:25:35.885+0800: 0.754: [CMS2020-10-27T23:25:35.886+0800: 0.754: [CMS-concurrent-abortable-preclean: 0.000/0.025 secs] [Times: user=0.14 sys=0.00, real=0.03 secs] 
 (concurrent mode failure): 348945K->330638K(349568K), 0.0471681 secs] 456621K->330638K(506816K), [Metaspace: 2774K->2774K(1056768K)], 0.0565398 secs] [Times: user=0.17 sys=0.00, real=0.06 secs] 
2020-10-27T23:25:35.951+0800: 0.819: [GC (Allocation Failure) 2020-10-27T23:25:35.951+0800: 0.819: [ParNew: 139776K->139776K(157248K), 0.0000160 secs]2020-10-27T23:25:35.951+0800: 0.819: [CMS: 330638K->341635K(349568K), 0.0600299 secs] 470414K->341635K(506816K), [Metaspace: 2774K->2774K(1056768K)], 0.0601139 secs] [Times: user=0.06 sys=0.00, real=0.06 secs] 
2020-10-27T23:25:36.011+0800: 0.879: [GC (CMS Initial Mark) [1 CMS-initial-mark: 341635K(349568K)] 341779K(506816K), 0.0001735 secs] [Times: user=0.00 sys=0.00, real=0.00 secs] 
2020-10-27T23:25:36.011+0800: 0.879: [CMS-concurrent-mark-start]
2020-10-27T23:25:36.012+0800: 0.881: [CMS-concurrent-mark: 0.001/0.001 secs] [Times: user=0.00 sys=0.00, real=0.00 secs] 
2020-10-27T23:25:36.012+0800: 0.881: [CMS-concurrent-preclean-start]
2020-10-27T23:25:36.013+0800: 0.881: [CMS-concurrent-preclean: 0.000/0.000 secs] [Times: user=0.00 sys=0.00, real=0.00 secs] 
2020-10-27T23:25:36.013+0800: 0.881: [CMS-concurrent-abortable-preclean-start]
2020-10-27T23:25:36.013+0800: 0.881: [CMS-concurrent-abortable-preclean: 0.000/0.000 secs] [Times: user=0.00 sys=0.00, real=0.00 secs] 
2020-10-27T23:25:36.013+0800: 0.881: [GC (CMS Final Remark) [YG occupancy: 12056 K (157248 K)]2020-10-27T23:25:36.013+0800: 0.881: [Rescan (parallel) , 0.0003850 secs]2020-10-27T23:25:36.013+0800: 0.882: [weak refs processing, 0.0000110 secs]2020-10-27T23:25:36.013+0800: 0.882: [class unloading, 0.0001944 secs]2020-10-27T23:25:36.014+0800: 0.882: [scrub symbol table, 0.0003836 secs]2020-10-27T23:25:36.014+0800: 0.882: [scrub string table, 0.0001003 secs][1 CMS-remark: 341635K(349568K)] 353691K(506816K), 0.0011429 secs] [Times: user=0.00 sys=0.00, real=0.00 secs] 
2020-10-27T23:25:36.014+0800: 0.882: [CMS-concurrent-sweep-start]
2020-10-27T23:25:36.015+0800: 0.883: [CMS-concurrent-sweep: 0.000/0.000 secs] [Times: user=0.00 sys=0.00, real=0.00 secs] 
2020-10-27T23:25:36.015+0800: 0.883: [CMS-concurrent-reset-start]
2020-10-27T23:25:36.015+0800: 0.883: [CMS-concurrent-reset: 0.000/0.000 secs] [Times: user=0.00 sys=0.00, real=0.00 secs] 
2020-10-27T23:25:36.031+0800: 0.899: [GC (Allocation Failure) 2020-10-27T23:25:36.031+0800: 0.899: [ParNew: 139776K->139776K(157248K), 0.0000173 secs]2020-10-27T23:25:36.031+0800: 0.899: [CMS: 341279K->344101K(349568K), 0.0494692 secs] 481055K->344101K(506816K), [Metaspace: 2774K->2774K(1056768K)], 0.0495974 secs] [Times: user=0.05 sys=0.00, real=0.05 secs] 
2020-10-27T23:25:36.081+0800: 0.949: [GC (CMS Initial Mark) [1 CMS-initial-mark: 344101K(349568K)] 347580K(506816K), 0.0005789 secs] [Times: user=0.00 sys=0.00, real=0.00 secs] 
2020-10-27T23:25:36.081+0800: 0.950: [CMS-concurrent-mark-start]
2020-10-27T23:25:36.083+0800: 0.951: [CMS-concurrent-mark: 0.001/0.001 secs] [Times: user=0.00 sys=0.00, real=0.00 secs] 
2020-10-27T23:25:36.083+0800: 0.951: [CMS-concurrent-preclean-start]
2020-10-27T23:25:36.083+0800: 0.951: [CMS-concurrent-preclean: 0.000/0.000 secs] [Times: user=0.00 sys=0.00, real=0.00 secs] 
2020-10-27T23:25:36.083+0800: 0.951: [CMS-concurrent-abortable-preclean-start]
2020-10-27T23:25:36.083+0800: 0.951: [CMS-concurrent-abortable-preclean: 0.000/0.000 secs] [Times: user=0.00 sys=0.00, real=0.00 secs] 
2020-10-27T23:25:36.083+0800: 0.951: [GC (CMS Final Remark) [YG occupancy: 17922 K (157248 K)]2020-10-27T23:25:36.083+0800: 0.951: [Rescan (parallel) , 0.0006619 secs]2020-10-27T23:25:36.084+0800: 0.952: [weak refs processing, 0.0000111 secs]2020-10-27T23:25:36.084+0800: 0.952: [class unloading, 0.0002035 secs]2020-10-27T23:25:36.084+0800: 0.952: [scrub symbol table, 0.0004347 secs]2020-10-27T23:25:36.085+0800: 0.953: [scrub string table, 0.0001047 secs][1 CMS-remark: 344101K(349568K)] 362024K(506816K), 0.0014784 secs] [Times: user=0.00 sys=0.00, real=0.00 secs] 
2020-10-27T23:25:36.085+0800: 0.953: [CMS-concurrent-sweep-start]
2020-10-27T23:25:36.085+0800: 0.954: [CMS-concurrent-sweep: 0.001/0.001 secs] [Times: user=0.00 sys=0.00, real=0.00 secs] 
2020-10-27T23:25:36.085+0800: 0.954: [CMS-concurrent-reset-start]
2020-10-27T23:25:36.086+0800: 0.954: [CMS-concurrent-reset: 0.000/0.000 secs] [Times: user=0.00 sys=0.00, real=0.00 secs] 
2020-10-27T23:25:36.099+0800: 0.968: [GC (Allocation Failure) 2020-10-27T23:25:36.099+0800: 0.968: [ParNew: 139236K->139236K(157248K), 0.0000191 secs]2020-10-27T23:25:36.100+0800: 0.968: [CMS: 343978K->349524K(349568K), 0.0525175 secs] 483215K->355001K(506816K), [Metaspace: 2774K->2774K(1056768K)], 0.0526115 secs] [Times: user=0.06 sys=0.00, real=0.05 secs] 
2020-10-27T23:25:36.152+0800: 1.020: [GC (CMS Initial Mark) [1 CMS-initial-mark: 349524K(349568K)] 355566K(506816K), 0.0001658 secs] [Times: user=0.00 sys=0.00, real=0.00 secs] 
2020-10-27T23:25:36.153+0800: 1.021: [CMS-concurrent-mark-start]
2020-10-27T23:25:36.154+0800: 1.022: [CMS-concurrent-mark: 0.002/0.002 secs] [Times: user=0.00 sys=0.00, real=0.00 secs] 
2020-10-27T23:25:36.154+0800: 1.022: [CMS-concurrent-preclean-start]
2020-10-27T23:25:36.155+0800: 1.024: [CMS-concurrent-preclean: 0.001/0.001 secs] [Times: user=0.00 sys=0.00, real=0.00 secs] 
2020-10-27T23:25:36.156+0800: 1.024: [CMS-concurrent-abortable-preclean-start]
2020-10-27T23:25:36.156+0800: 1.024: [CMS-concurrent-abortable-preclean: 0.000/0.000 secs] [Times: user=0.00 sys=0.00, real=0.00 secs] 
2020-10-27T23:25:36.156+0800: 1.024: [GC (CMS Final Remark) [YG occupancy: 32125 K (157248 K)]2020-10-27T23:25:36.156+0800: 1.024: [Rescan (parallel) , 0.0003839 secs]2020-10-27T23:25:36.156+0800: 1.024: [weak refs processing, 0.0000200 secs]2020-10-27T23:25:36.156+0800: 1.024: [class unloading, 0.0001860 secs]2020-10-27T23:25:36.156+0800: 1.024: [scrub symbol table, 0.0004032 secs]2020-10-27T23:25:36.157+0800: 1.025: [scrub string table, 0.0000894 secs][1 CMS-remark: 349524K(349568K)] 381649K(506816K), 0.0011954 secs] [Times: user=0.00 sys=0.00, real=0.00 secs] 
2020-10-27T23:25:36.157+0800: 1.025: [CMS-concurrent-sweep-start]
2020-10-27T23:25:36.158+0800: 1.026: [CMS-concurrent-sweep: 0.000/0.000 secs] [Times: user=0.00 sys=0.00, real=0.00 secs] 
2020-10-27T23:25:36.158+0800: 1.026: [CMS-concurrent-reset-start]
2020-10-27T23:25:36.158+0800: 1.026: [CMS-concurrent-reset: 0.000/0.000 secs] [Times: user=0.00 sys=0.00, real=0.00 secs] 
2020-10-27T23:25:36.173+0800: 1.041: [GC (Allocation Failure) 2020-10-27T23:25:36.173+0800: 1.041: [ParNew: 157157K->157157K(157248K), 0.0000161 secs]2020-10-27T23:25:36.173+0800: 1.041: [CMS: 349445K->349475K(349568K), 0.0535638 secs] 506603K->358674K(506816K), [Metaspace: 2774K->2774K(1056768K)], 0.0536503 secs] [Times: user=0.05 sys=0.00, real=0.05 secs] 
2020-10-27T23:25:36.227+0800: 1.095: [GC (CMS Initial Mark) [1 CMS-initial-mark: 349475K(349568K)] 359099K(506816K), 0.0003485 secs] [Times: user=0.00 sys=0.00, real=0.00 secs] 
2020-10-27T23:25:36.227+0800: 1.095: [CMS-concurrent-mark-start]
Heap
 par new generation   total 157248K, used 15191K [0x00000000e0000000, 0x00000000eaaa0000, 0x00000000eaaa0000)
  eden space 139776K,  10% used [0x00000000e0000000, 0x00000000e0ed5c78, 0x00000000e8880000)
  from space 17472K,   0% used [0x00000000e8880000, 0x00000000e8880000, 0x00000000e9990000)
  to   space 17472K,   0% used [0x00000000e9990000, 0x00000000e9990000, 0x00000000eaaa0000)
 concurrent mark-sweep generation total 349568K, used 349475K [0x00000000eaaa0000, 0x0000000100000000, 0x0000000100000000)
 Metaspace       used 2780K, capacity 4486K, committed 4864K, reserved 1056768K
  class space    used 313K, capacity 386K, committed 512K, reserved 1048576K
