Java HotSpot(TM) 64-Bit Server VM (25.91-b15) for windows-amd64 JRE (1.8.0_91-b15), built on May 20 2016 17:43:15 by "java_re" with MS VC++ 10.0 (VS2010)
Memory: 4k page, physical 16718916k(8690320k free), swap 16718916k(6660636k free)
CommandLine flags: -XX:InitialHeapSize=268435456 -XX:MaxHeapSize=268435456 -XX:+PrintGC -XX:+PrintGCDateStamps -XX:+PrintGCDetails -XX:+PrintGCTimeStamps -XX:+UseCompressedClassPointers -XX:+UseCompressedOops -XX:-UseLargePagesIndividualAllocation -XX:+UseSerialGC 
2020-10-27T23:07:53.571+0800: 0.131: [GC (Allocation Failure) 2020-10-27T23:07:53.571+0800: 0.131: [DefNew: 69952K->8704K(78656K), 0.0112382 secs] 69952K->22468K(253440K), 0.0114005 secs] [Times: user=0.00 sys=0.00, real=0.01 secs] 
2020-10-27T23:07:53.596+0800: 0.156: [GC (Allocation Failure) 2020-10-27T23:07:53.596+0800: 0.156: [DefNew: 78656K->8703K(78656K), 0.0162855 secs] 92420K->49846K(253440K), 0.0163371 secs] [Times: user=0.00 sys=0.01, real=0.02 secs] 
2020-10-27T23:07:53.627+0800: 0.186: [GC (Allocation Failure) 2020-10-27T23:07:53.627+0800: 0.186: [DefNew: 78541K->8700K(78656K), 0.0114991 secs] 119684K->72884K(253440K), 0.0115678 secs] [Times: user=0.01 sys=0.00, real=0.01 secs] 
2020-10-27T23:07:53.652+0800: 0.211: [GC (Allocation Failure) 2020-10-27T23:07:53.652+0800: 0.211: [DefNew: 78652K->8702K(78656K), 0.0126566 secs] 142836K->99590K(253440K), 0.0127105 secs] [Times: user=0.00 sys=0.00, real=0.01 secs] 
2020-10-27T23:07:53.674+0800: 0.234: [GC (Allocation Failure) 2020-10-27T23:07:53.674+0800: 0.234: [DefNew: 77995K->8702K(78656K), 0.0123879 secs] 168883K->124479K(253440K), 0.0124413 secs] [Times: user=0.02 sys=0.00, real=0.01 secs] 
2020-10-27T23:07:53.696+0800: 0.255: [GC (Allocation Failure) 2020-10-27T23:07:53.696+0800: 0.255: [DefNew: 78654K->8702K(78656K), 0.0113746 secs] 194431K->147054K(253440K), 0.0114352 secs] [Times: user=0.00 sys=0.00, real=0.01 secs] 
2020-10-27T23:07:53.715+0800: 0.275: [GC (Allocation Failure) 2020-10-27T23:07:53.715+0800: 0.275: [DefNew: 78479K->8701K(78656K), 0.0197631 secs] 216832K->174032K(253440K), 0.0198334 secs] [Times: user=0.01 sys=0.00, real=0.02 secs] 
2020-10-27T23:07:53.751+0800: 0.311: [GC (Allocation Failure) 2020-10-27T23:07:53.751+0800: 0.311: [DefNew: 78653K->78653K(78656K), 0.0000246 secs]2020-10-27T23:07:53.751+0800: 0.311: [Tenured: 165330K->168265K(174784K), 0.0320485 secs] 243984K->168265K(253440K), [Metaspace: 2774K->2774K(1056768K)], 0.0321589 secs] [Times: user=0.03 sys=0.00, real=0.03 secs] 
2020-10-27T23:07:53.793+0800: 0.352: [GC (Allocation Failure) 2020-10-27T23:07:53.793+0800: 0.352: [DefNew: 69362K->69362K(78656K), 0.0000185 secs]2020-10-27T23:07:53.793+0800: 0.352: [Tenured: 168265K->174779K(174784K), 0.0241790 secs] 237627K->178331K(253440K), [Metaspace: 2774K->2774K(1056768K)], 0.0242925 secs] [Times: user=0.02 sys=0.00, real=0.02 secs] 
2020-10-27T23:07:53.828+0800: 0.387: [Full GC (Allocation Failure) 2020-10-27T23:07:53.828+0800: 0.387: [Tenured: 174779K->174750K(174784K), 0.0238773 secs] 253238K->190205K(253440K), [Metaspace: 2774K->2774K(1056768K)], 0.0239517 secs] [Times: user=0.02 sys=0.00, real=0.02 secs] 
2020-10-27T23:07:53.860+0800: 0.419: [Full GC (Allocation Failure) 2020-10-27T23:07:53.860+0800: 0.419: [Tenured: 174750K->174741K(174784K), 0.0379117 secs] 253382K->197183K(253440K), [Metaspace: 2774K->2774K(1056768K)], 0.0379830 secs] [Times: user=0.03 sys=0.00, real=0.04 secs] 
2020-10-27T23:07:53.906+0800: 0.465: [Full GC (Allocation Failure) 2020-10-27T23:07:53.906+0800: 0.466: [Tenured: 174741K->174741K(174784K), 0.0068285 secs] 253363K->213490K(253440K), [Metaspace: 2774K->2774K(1056768K)], 0.0068918 secs] [Times: user=0.00 sys=0.00, real=0.01 secs] 
2020-10-27T23:07:53.920+0800: 0.479: [Full GC (Allocation Failure) 2020-10-27T23:07:53.920+0800: 0.479: [Tenured: 174741K->174743K(174784K), 0.0148923 secs] 253309K->222527K(253440K), [Metaspace: 2774K->2774K(1056768K)], 0.0149649 secs] [Times: user=0.02 sys=0.00, real=0.01 secs] 
2020-10-27T23:07:53.939+0800: 0.498: [Full GC (Allocation Failure) 2020-10-27T23:07:53.939+0800: 0.498: [Tenured: 174743K->174182K(174784K), 0.0174841 secs] 253274K->229107K(253440K), [Metaspace: 2774K->2774K(1056768K)], 0.0175533 secs] [Times: user=0.02 sys=0.00, real=0.02 secs] 
2020-10-27T23:07:53.960+0800: 0.519: [Full GC (Allocation Failure) 2020-10-27T23:07:53.960+0800: 0.519: [Tenured: 174716K->174696K(174784K), 0.0309876 secs] 253352K->223224K(253440K), [Metaspace: 2774K->2774K(1056768K)], 0.0310490 secs] [Times: user=0.03 sys=0.00, real=0.03 secs] 
2020-10-27T23:07:53.995+0800: 0.555: [Full GC (Allocation Failure) 2020-10-27T23:07:53.995+0800: 0.555: [Tenured: 174763K->174763K(174784K), 0.0084764 secs] 253419K->231920K(253440K), [Metaspace: 2774K->2774K(1056768K)], 0.0085376 secs] [Times: user=0.00 sys=0.00, real=0.01 secs] 
2020-10-27T23:07:54.007+0800: 0.566: [Full GC (Allocation Failure) 2020-10-27T23:07:54.007+0800: 0.566: [Tenured: 174763K->174559K(174784K), 0.0157018 secs] 253394K->232904K(253440K), [Metaspace: 2774K->2774K(1056768K)], 0.0157622 secs] [Times: user=0.01 sys=0.00, real=0.02 secs] 
2020-10-27T23:07:54.026+0800: 0.585: [Full GC (Allocation Failure) 2020-10-27T23:07:54.026+0800: 0.585: [Tenured: 174559K->174378K(174784K), 0.0200442 secs] 253034K->232551K(253440K), [Metaspace: 2774K->2774K(1056768K)], 0.0201064 secs] [Times: user=0.02 sys=0.00, real=0.02 secs] 
2020-10-27T23:07:54.048+0800: 0.607: [Full GC (Allocation Failure) 2020-10-27T23:07:54.048+0800: 0.607: [Tenured: 174378K->174770K(174784K), 0.0319111 secs] 252444K->226805K(253440K), [Metaspace: 2774K->2774K(1056768K)], 0.0319702 secs] [Times: user=0.03 sys=0.00, real=0.03 secs] 
2020-10-27T23:07:54.084+0800: 0.643: [Full GC (Allocation Failure) 2020-10-27T23:07:54.084+0800: 0.643: [Tenured: 174770K->174770K(174784K), 0.0077007 secs] 253286K->231539K(253440K), [Metaspace: 2774K->2774K(1056768K)], 0.0077644 secs] [Times: user=0.02 sys=0.00, real=0.01 secs] 
2020-10-27T23:07:54.095+0800: 0.654: [Full GC (Allocation Failure) 2020-10-27T23:07:54.095+0800: 0.654: [Tenured: 174770K->174770K(174784K), 0.0084675 secs] 253211K->237804K(253440K), [Metaspace: 2774K->2774K(1056768K)], 0.0085339 secs] [Times: user=0.01 sys=0.00, real=0.01 secs] 
2020-10-27T23:07:54.105+0800: 0.665: [Full GC (Allocation Failure) 2020-10-27T23:07:54.105+0800: 0.665: [Tenured: 174770K->174770K(174784K), 0.0094500 secs] 253214K->244497K(253440K), [Metaspace: 2774K->2774K(1056768K)], 0.0095059 secs] [Times: user=0.00 sys=0.00, real=0.01 secs] 
2020-10-27T23:07:54.116+0800: 0.675: [Full GC (Allocation Failure) 2020-10-27T23:07:54.116+0800: 0.675: [Tenured: 174770K->174529K(174784K), 0.0322164 secs] 253405K->238640K(253440K), [Metaspace: 2774K->2774K(1056768K)], 0.0322650 secs] [Times: user=0.03 sys=0.00, real=0.03 secs] 
2020-10-27T23:07:54.150+0800: 0.709: [Full GC (Allocation Failure) 2020-10-27T23:07:54.150+0800: 0.709: [Tenured: 174529K->174529K(174784K), 0.0075367 secs] 253137K->244233K(253440K), [Metaspace: 2774K->2774K(1056768K)], 0.0075967 secs] [Times: user=0.00 sys=0.00, real=0.01 secs] 
2020-10-27T23:07:54.159+0800: 0.718: [Full GC (Allocation Failure) 2020-10-27T23:07:54.159+0800: 0.718: [Tenured: 174673K->174673K(174784K), 0.0038927 secs] 253222K->245822K(253440K), [Metaspace: 2774K->2774K(1056768K)], 0.0039422 secs] [Times: user=0.00 sys=0.00, real=0.00 secs] 
2020-10-27T23:07:54.164+0800: 0.723: [Full GC (Allocation Failure) 2020-10-27T23:07:54.164+0800: 0.723: [Tenured: 174673K->174673K(174784K), 0.0077805 secs] 253071K->247327K(253440K), [Metaspace: 2774K->2774K(1056768K)], 0.0078305 secs] [Times: user=0.02 sys=0.00, real=0.01 secs] 
2020-10-27T23:07:54.173+0800: 0.732: [Full GC (Allocation Failure) 2020-10-27T23:07:54.173+0800: 0.732: [Tenured: 174701K->174729K(174784K), 0.0326486 secs] 253346K->243208K(253440K), [Metaspace: 2774K->2774K(1056768K)], 0.0326978 secs] [Times: user=0.03 sys=0.00, real=0.03 secs] 
2020-10-27T23:07:54.207+0800: 0.766: [Full GC (Allocation Failure) 2020-10-27T23:07:54.207+0800: 0.766: [Tenured: 174729K->174729K(174784K), 0.0102994 secs] 253344K->246356K(253440K), [Metaspace: 2774K->2774K(1056768K)], 0.0103716 secs] [Times: user=0.02 sys=0.00, real=0.01 secs] 
2020-10-27T23:07:54.219+0800: 0.778: [Full GC (Allocation Failure) 2020-10-27T23:07:54.219+0800: 0.778: [Tenured: 174729K->174729K(174784K), 0.0064955 secs] 253183K->248762K(253440K), [Metaspace: 2774K->2774K(1056768K)], 0.0065480 secs] [Times: user=0.00 sys=0.00, real=0.01 secs] 
2020-10-27T23:07:54.226+0800: 0.785: [Full GC (Allocation Failure) 2020-10-27T23:07:54.226+0800: 0.785: [Tenured: 174729K->174729K(174784K), 0.0092672 secs] 252978K->249773K(253440K), [Metaspace: 2774K->2774K(1056768K)], 0.0093148 secs] [Times: user=0.01 sys=0.00, real=0.01 secs] 
2020-10-27T23:07:54.236+0800: 0.795: [Full GC (Allocation Failure) 2020-10-27T23:07:54.236+0800: 0.795: [Tenured: 174729K->174402K(174784K), 0.0315163 secs] 253162K->246645K(253440K), [Metaspace: 2774K->2774K(1056768K)], 0.0315640 secs] [Times: user=0.03 sys=0.00, real=0.03 secs] 
2020-10-27T23:07:54.269+0800: 0.828: [Full GC (Allocation Failure) 2020-10-27T23:07:54.269+0800: 0.828: [Tenured: 174679K->174679K(174784K), 0.0068227 secs] 253233K->249812K(253440K), [Metaspace: 2774K->2774K(1056768K)], 0.0068986 secs] [Times: user=0.02 sys=0.00, real=0.01 secs] 
2020-10-27T23:07:54.276+0800: 0.835: [Full GC (Allocation Failure) 2020-10-27T23:07:54.276+0800: 0.835: [Tenured: 174679K->174679K(174784K), 0.0017512 secs] 253135K->250508K(253440K), [Metaspace: 2774K->2774K(1056768K)], 0.0017818 secs] [Times: user=0.00 sys=0.00, real=0.00 secs] 
2020-10-27T23:07:54.278+0800: 0.837: [Full GC (Allocation Failure) 2020-10-27T23:07:54.278+0800: 0.838: [Tenured: 174679K->174679K(174784K), 0.0068155 secs] 253274K->250414K(253440K), [Metaspace: 2774K->2774K(1056768K)], 0.0068597 secs] [Times: user=0.00 sys=0.00, real=0.01 secs] 
2020-10-27T23:07:54.286+0800: 0.845: [Full GC (Allocation Failure) 2020-10-27T23:07:54.286+0800: 0.845: [Tenured: 174751K->174776K(174784K), 0.0315718 secs] 253386K->248723K(253440K), [Metaspace: 2774K->2774K(1056768K)], 0.0316171 secs] [Times: user=0.03 sys=0.00, real=0.03 secs] 
2020-10-27T23:07:54.318+0800: 0.877: [Full GC (Allocation Failure) 2020-10-27T23:07:54.318+0800: 0.877: [Tenured: 174776K->174776K(174784K), 0.0078608 secs] 253281K->251459K(253440K), [Metaspace: 2774K->2774K(1056768K)], 0.0079098 secs] [Times: user=0.02 sys=0.00, real=0.01 secs] 
2020-10-27T23:07:54.326+0800: 0.885: [Full GC (Allocation Failure) 2020-10-27T23:07:54.326+0800: 0.885: [Tenured: 174776K->174776K(174784K), 0.0054698 secs] 253348K->252525K(253440K), [Metaspace: 2774K->2774K(1056768K)], 0.0055172 secs] [Times: user=0.00 sys=0.00, real=0.01 secs] 
2020-10-27T23:07:54.332+0800: 0.891: [Full GC (Allocation Failure) 2020-10-27T23:07:54.332+0800: 0.891: [Tenured: 174776K->174776K(174784K), 0.0045644 secs] 253359K->252803K(253440K), [Metaspace: 2774K->2774K(1056768K)], 0.0046069 secs] [Times: user=0.02 sys=0.00, real=0.00 secs] 
2020-10-27T23:07:54.337+0800: 0.896: [Full GC (Allocation Failure) 2020-10-27T23:07:54.337+0800: 0.896: [Tenured: 174776K->174623K(174784K), 0.0291269 secs] 252947K->251263K(253440K), [Metaspace: 2774K->2774K(1056768K)], 0.0291732 secs] [Times: user=0.01 sys=0.00, real=0.03 secs] 
2020-10-27T23:07:54.367+0800: 0.926: [Full GC (Allocation Failure) 2020-10-27T23:07:54.367+0800: 0.926: [Tenured: 174783K->174783K(174784K), 0.0073268 secs] 253434K->251405K(253440K), [Metaspace: 2774K->2774K(1056768K)], 0.0073885 secs] [Times: user=0.02 sys=0.00, real=0.01 secs] 
2020-10-27T23:07:54.375+0800: 0.934: [Full GC (Allocation Failure) 2020-10-27T23:07:54.375+0800: 0.934: [Tenured: 174783K->174783K(174784K), 0.0059877 secs] 253425K->252338K(253440K), [Metaspace: 2774K->2774K(1056768K)], 0.0060334 secs] [Times: user=0.00 sys=0.00, real=0.01 secs] 
2020-10-27T23:07:54.381+0800: 0.940: [Full GC (Allocation Failure) 2020-10-27T23:07:54.381+0800: 0.940: [Tenured: 174783K->174783K(174784K), 0.0057999 secs] 253401K->252723K(253440K), [Metaspace: 2774K->2774K(1056768K)], 0.0058433 secs] [Times: user=0.01 sys=0.00, real=0.01 secs] 
2020-10-27T23:07:54.387+0800: 0.946: [Full GC (Allocation Failure) 2020-10-27T23:07:54.387+0800: 0.946: [Tenured: 174783K->174700K(174784K), 0.0318054 secs] 252723K->251597K(253440K), [Metaspace: 2774K->2774K(1056768K)], 0.0318490 secs] [Times: user=0.03 sys=0.00, real=0.03 secs] 
2020-10-27T23:07:54.419+0800: 0.978: [Full GC (Allocation Failure) 2020-10-27T23:07:54.419+0800: 0.978: [Tenured: 174700K->174700K(174784K), 0.0060489 secs] 252393K->252370K(253440K), [Metaspace: 2774K->2774K(1056768K)], 0.0060910 secs] [Times: user=0.00 sys=0.00, real=0.01 secs] 
2020-10-27T23:07:54.425+0800: 0.984: [Full GC (Allocation Failure) 2020-10-27T23:07:54.425+0800: 0.984: [Tenured: 174700K->174700K(174784K), 0.0016435 secs] 252370K->252370K(253440K), [Metaspace: 2774K->2774K(1056768K)], 0.0016712 secs] [Times: user=0.00 sys=0.00, real=0.00 secs] 
Heap
 def new generation   total 78656K, used 77954K [0x00000000f0000000, 0x00000000f5550000, 0x00000000f5550000)
  eden space 69952K, 100% used [0x00000000f0000000, 0x00000000f4450000, 0x00000000f4450000)
  from space 8704K,  91% used [0x00000000f4cd0000, 0x00000000f54a0a88, 0x00000000f5550000)
  to   space 8704K,   0% used [0x00000000f4450000, 0x00000000f4450000, 0x00000000f4cd0000)
 tenured generation   total 174784K, used 174700K [0x00000000f5550000, 0x0000000100000000, 0x0000000100000000)
   the space 174784K,  99% used [0x00000000f5550000, 0x00000000fffeb3d8, 0x00000000fffeb400, 0x0000000100000000)
 Metaspace       used 2804K, capacity 4486K, committed 4864K, reserved 1056768K
  class space    used 316K, capacity 386K, committed 512K, reserved 1048576K
