Java HotSpot(TM) 64-Bit Server VM (25.91-b15) for windows-amd64 JRE (1.8.0_91-b15), built on May 20 2016 17:43:15 by "java_re" with MS VC++ 10.0 (VS2010)
Memory: 4k page, physical 16718916k(8651592k free), swap 16718916k(6621728k free)
CommandLine flags: -XX:InitialHeapSize=268435456 -XX:MaxHeapSize=268435456 -XX:MaxNewSize=89481216 -XX:MaxTenuringThreshold=6 -XX:NewSize=89481216 -XX:OldPLABSize=16 -XX:OldSize=178954240 -XX:+PrintGC -XX:+PrintGCDateStamps -XX:+PrintGCDetails -XX:+PrintGCTimeStamps -XX:+UseCompressedClassPointers -XX:+UseCompressedOops -XX:+UseConcMarkSweepGC -XX:-UseLargePagesIndividualAllocation -XX:+UseParNewGC 
2020-10-27T23:25:14.090+0800: 0.135: [GC (Allocation Failure) 2020-10-27T23:25:14.090+0800: 0.135: [ParNew: 69952K->8703K(78656K), 0.0040670 secs] 69952K->20772K(253440K), 0.0042670 secs] [Times: user=0.00 sys=0.00, real=0.00 secs] 
2020-10-27T23:25:14.111+0800: 0.156: [GC (Allocation Failure) 2020-10-27T23:25:14.111+0800: 0.156: [ParNew: 78655K->8704K(78656K), 0.0063169 secs] 90724K->39867K(253440K), 0.0063776 secs] [Times: user=0.00 sys=0.00, real=0.01 secs] 
2020-10-27T23:25:14.133+0800: 0.178: [GC (Allocation Failure) 2020-10-27T23:25:14.133+0800: 0.178: [ParNew: 78656K->8704K(78656K), 0.0134545 secs] 109819K->66241K(253440K), 0.0135169 secs] [Times: user=0.13 sys=0.00, real=0.01 secs] 
2020-10-27T23:25:14.160+0800: 0.205: [GC (Allocation Failure) 2020-10-27T23:25:14.160+0800: 0.205: [ParNew: 78656K->8691K(78656K), 0.0118109 secs] 136193K->88722K(253440K), 0.0118691 secs] [Times: user=0.13 sys=0.00, real=0.01 secs] 
2020-10-27T23:25:14.180+0800: 0.225: [GC (Allocation Failure) 2020-10-27T23:25:14.180+0800: 0.225: [ParNew: 78477K->8701K(78656K), 0.0135592 secs] 158509K->114774K(253440K), 0.0136197 secs] [Times: user=0.11 sys=0.02, real=0.01 secs] 
2020-10-27T23:25:14.194+0800: 0.239: [GC (CMS Initial Mark) [1 CMS-initial-mark: 106073K(174784K)] 115106K(253440K), 0.0001910 secs] [Times: user=0.00 sys=0.00, real=0.00 secs] 
2020-10-27T23:25:14.194+0800: 0.239: [CMS-concurrent-mark-start]
2020-10-27T23:25:14.195+0800: 0.240: [CMS-concurrent-mark: 0.001/0.001 secs] [Times: user=0.00 sys=0.00, real=0.00 secs] 
2020-10-27T23:25:14.195+0800: 0.240: [CMS-concurrent-preclean-start]
2020-10-27T23:25:14.195+0800: 0.240: [CMS-concurrent-preclean: 0.000/0.000 secs] [Times: user=0.00 sys=0.00, real=0.00 secs] 
2020-10-27T23:25:14.195+0800: 0.240: [CMS-concurrent-abortable-preclean-start]
2020-10-27T23:25:14.203+0800: 0.248: [GC (Allocation Failure) 2020-10-27T23:25:14.203+0800: 0.248: [ParNew: 78653K->8702K(78656K), 0.0128955 secs] 184726K->139418K(253440K), 0.0129569 secs] [Times: user=0.13 sys=0.00, real=0.01 secs] 
2020-10-27T23:25:14.225+0800: 0.270: [GC (Allocation Failure) 2020-10-27T23:25:14.225+0800: 0.270: [ParNew: 78654K->8700K(78656K), 0.0119635 secs] 209370K->162635K(253440K), 0.0120270 secs] [Times: user=0.11 sys=0.02, real=0.01 secs] 
2020-10-27T23:25:14.245+0800: 0.290: [GC (Allocation Failure) 2020-10-27T23:25:14.245+0800: 0.290: [ParNew: 78468K->78468K(78656K), 0.0000158 secs]2020-10-27T23:25:14.245+0800: 0.290: [CMS2020-10-27T23:25:14.245+0800: 0.290: [CMS-concurrent-abortable-preclean: 0.001/0.050 secs] [Times: user=0.27 sys=0.02, real=0.05 secs] 
 (concurrent mode failure): 153935K->163712K(174784K), 0.0265426 secs] 232404K->163712K(253440K), [Metaspace: 2774K->2774K(1056768K)], 0.0266250 secs] [Times: user=0.02 sys=0.00, real=0.03 secs] 
2020-10-27T23:25:14.280+0800: 0.325: [GC (Allocation Failure) 2020-10-27T23:25:14.280+0800: 0.325: [ParNew: 69295K->69295K(78656K), 0.0000157 secs]2020-10-27T23:25:14.280+0800: 0.325: [CMS: 163712K->174471K(174784K), 0.0258837 secs] 233008K->177150K(253440K), [Metaspace: 2774K->2774K(1056768K)], 0.0259697 secs] [Times: user=0.03 sys=0.00, real=0.03 secs] 
2020-10-27T23:25:14.306+0800: 0.351: [GC (CMS Initial Mark) [1 CMS-initial-mark: 174471K(174784K)] 177893K(253440K), 0.0002816 secs] [Times: user=0.00 sys=0.00, real=0.00 secs] 
2020-10-27T23:25:14.306+0800: 0.351: [CMS-concurrent-mark-start]
2020-10-27T23:25:14.307+0800: 0.352: [CMS-concurrent-mark: 0.001/0.001 secs] [Times: user=0.00 sys=0.00, real=0.00 secs] 
2020-10-27T23:25:14.307+0800: 0.352: [CMS-concurrent-preclean-start]
2020-10-27T23:25:14.308+0800: 0.353: [CMS-concurrent-preclean: 0.001/0.001 secs] [Times: user=0.00 sys=0.00, real=0.00 secs] 
2020-10-27T23:25:14.308+0800: 0.353: [CMS-concurrent-abortable-preclean-start]
2020-10-27T23:25:14.308+0800: 0.353: [CMS-concurrent-abortable-preclean: 0.000/0.000 secs] [Times: user=0.00 sys=0.00, real=0.00 secs] 
2020-10-27T23:25:14.308+0800: 0.353: [GC (CMS Final Remark) [YG occupancy: 15959 K (78656 K)]2020-10-27T23:25:14.308+0800: 0.353: [Rescan (parallel) , 0.0003830 secs]2020-10-27T23:25:14.308+0800: 0.354: [weak refs processing, 0.0000098 secs]2020-10-27T23:25:14.308+0800: 0.354: [class unloading, 0.0002154 secs]2020-10-27T23:25:14.309+0800: 0.354: [scrub symbol table, 0.0003734 secs]2020-10-27T23:25:14.309+0800: 0.354: [scrub string table, 0.0000959 secs][1 CMS-remark: 174471K(174784K)] 190431K(253440K), 0.0011490 secs] [Times: user=0.00 sys=0.00, real=0.00 secs] 
2020-10-27T23:25:14.309+0800: 0.354: [CMS-concurrent-sweep-start]
2020-10-27T23:25:14.310+0800: 0.355: [CMS-concurrent-sweep: 0.000/0.000 secs] [Times: user=0.00 sys=0.00, real=0.00 secs] 
2020-10-27T23:25:14.310+0800: 0.355: [CMS-concurrent-reset-start]
2020-10-27T23:25:14.310+0800: 0.355: [CMS-concurrent-reset: 0.000/0.000 secs] [Times: user=0.00 sys=0.00, real=0.00 secs] 
2020-10-27T23:25:14.317+0800: 0.362: [GC (Allocation Failure) 2020-10-27T23:25:14.317+0800: 0.362: [ParNew: 78113K->78113K(78656K), 0.0000157 secs]2020-10-27T23:25:14.317+0800: 0.362: [CMS: 174471K->174606K(174784K), 0.0274097 secs] 252584K->194987K(253440K), [Metaspace: 2774K->2774K(1056768K)], 0.0274921 secs] [Times: user=0.03 sys=0.00, real=0.03 secs] 
2020-10-27T23:25:14.345+0800: 0.390: [GC (CMS Initial Mark) [1 CMS-initial-mark: 174606K(174784K)] 195700K(253440K), 0.0002935 secs] [Times: user=0.00 sys=0.00, real=0.00 secs] 
2020-10-27T23:25:14.345+0800: 0.390: [CMS-concurrent-mark-start]
2020-10-27T23:25:14.346+0800: 0.391: [CMS-concurrent-mark: 0.001/0.001 secs] [Times: user=0.00 sys=0.00, real=0.00 secs] 
2020-10-27T23:25:14.346+0800: 0.391: [CMS-concurrent-preclean-start]
2020-10-27T23:25:14.347+0800: 0.392: [CMS-concurrent-preclean: 0.001/0.001 secs] [Times: user=0.00 sys=0.00, real=0.00 secs] 
2020-10-27T23:25:14.347+0800: 0.392: [CMS-concurrent-abortable-preclean-start]
2020-10-27T23:25:14.347+0800: 0.392: [CMS-concurrent-abortable-preclean: 0.000/0.000 secs] [Times: user=0.00 sys=0.00, real=0.00 secs] 
2020-10-27T23:25:14.347+0800: 0.392: [GC (CMS Final Remark) [YG occupancy: 33937 K (78656 K)]2020-10-27T23:25:14.347+0800: 0.392: [Rescan (parallel) , 0.0004436 secs]2020-10-27T23:25:14.347+0800: 0.392: [weak refs processing, 0.0000109 secs]2020-10-27T23:25:14.347+0800: 0.392: [class unloading, 0.0001826 secs]2020-10-27T23:25:14.347+0800: 0.393: [scrub symbol table, 0.0003416 secs]2020-10-27T23:25:14.348+0800: 0.393: [scrub string table, 0.0000947 secs][1 CMS-remark: 174606K(174784K)] 208544K(253440K), 0.0011449 secs] [Times: user=0.00 sys=0.00, real=0.00 secs] 
2020-10-27T23:25:14.348+0800: 0.393: [CMS-concurrent-sweep-start]
2020-10-27T23:25:14.348+0800: 0.393: [CMS-concurrent-sweep: 0.000/0.000 secs] [Times: user=0.00 sys=0.00, real=0.00 secs] 
2020-10-27T23:25:14.348+0800: 0.393: [CMS-concurrent-reset-start]
2020-10-27T23:25:14.348+0800: 0.393: [CMS-concurrent-reset: 0.000/0.000 secs] [Times: user=0.00 sys=0.00, real=0.00 secs] 
2020-10-27T23:25:14.354+0800: 0.399: [GC (Allocation Failure) 2020-10-27T23:25:14.354+0800: 0.399: [ParNew: 78651K->78651K(78656K), 0.0000146 secs]2020-10-27T23:25:14.354+0800: 0.399: [CMS: 174419K->174165K(174784K), 0.0284593 secs] 253070K->202988K(253440K), [Metaspace: 2774K->2774K(1056768K)], 0.0285430 secs] [Times: user=0.02 sys=0.00, real=0.03 secs] 
2020-10-27T23:25:14.383+0800: 0.428: [GC (CMS Initial Mark) [1 CMS-initial-mark: 174165K(174784K)] 204762K(253440K), 0.0003431 secs] [Times: user=0.00 sys=0.00, real=0.00 secs] 
2020-10-27T23:25:14.383+0800: 0.428: [CMS-concurrent-mark-start]
2020-10-27T23:25:14.384+0800: 0.429: [CMS-concurrent-mark: 0.001/0.001 secs] [Times: user=0.05 sys=0.00, real=0.00 secs] 
2020-10-27T23:25:14.384+0800: 0.429: [CMS-concurrent-preclean-start]
2020-10-27T23:25:14.385+0800: 0.430: [CMS-concurrent-preclean: 0.001/0.001 secs] [Times: user=0.00 sys=0.00, real=0.00 secs] 
2020-10-27T23:25:14.385+0800: 0.430: [CMS-concurrent-abortable-preclean-start]
2020-10-27T23:25:14.385+0800: 0.430: [CMS-concurrent-abortable-preclean: 0.000/0.000 secs] [Times: user=0.00 sys=0.00, real=0.00 secs] 
2020-10-27T23:25:14.385+0800: 0.430: [GC (CMS Final Remark) [YG occupancy: 39252 K (78656 K)]2020-10-27T23:25:14.385+0800: 0.430: [Rescan (parallel) , 0.0004622 secs]2020-10-27T23:25:14.386+0800: 0.431: [weak refs processing, 0.0000118 secs]2020-10-27T23:25:14.386+0800: 0.431: [class unloading, 0.0002171 secs]2020-10-27T23:25:14.386+0800: 0.431: [scrub symbol table, 0.0004694 secs]2020-10-27T23:25:14.386+0800: 0.432: [scrub string table, 0.0001100 secs][1 CMS-remark: 174165K(174784K)] 213417K(253440K), 0.0013535 secs] [Times: user=0.00 sys=0.00, real=0.00 secs] 
2020-10-27T23:25:14.387+0800: 0.432: [CMS-concurrent-sweep-start]
2020-10-27T23:25:14.387+0800: 0.432: [CMS-concurrent-sweep: 0.000/0.000 secs] [Times: user=0.00 sys=0.00, real=0.00 secs] 
2020-10-27T23:25:14.387+0800: 0.432: [CMS-concurrent-reset-start]
2020-10-27T23:25:14.387+0800: 0.432: [CMS-concurrent-reset: 0.000/0.000 secs] [Times: user=0.00 sys=0.00, real=0.00 secs] 
2020-10-27T23:25:14.392+0800: 0.437: [GC (Allocation Failure) 2020-10-27T23:25:14.392+0800: 0.437: [ParNew: 78526K->78526K(78656K), 0.0000250 secs]2020-10-27T23:25:14.392+0800: 0.437: [CMS: 174165K->174633K(174784K), 0.0288540 secs] 252692K->212190K(253440K), [Metaspace: 2774K->2774K(1056768K)], 0.0289566 secs] [Times: user=0.03 sys=0.00, real=0.03 secs] 
2020-10-27T23:25:14.421+0800: 0.466: [GC (CMS Initial Mark) [1 CMS-initial-mark: 174633K(174784K)] 212390K(253440K), 0.0002853 secs] [Times: user=0.00 sys=0.00, real=0.00 secs] 
2020-10-27T23:25:14.422+0800: 0.467: [CMS-concurrent-mark-start]
2020-10-27T23:25:14.423+0800: 0.467: [CMS-concurrent-mark: 0.001/0.001 secs] [Times: user=0.00 sys=0.00, real=0.00 secs] 
2020-10-27T23:25:14.423+0800: 0.468: [CMS-concurrent-preclean-start]
2020-10-27T23:25:14.423+0800: 0.468: [CMS-concurrent-preclean: 0.001/0.001 secs] [Times: user=0.00 sys=0.00, real=0.00 secs] 
2020-10-27T23:25:14.423+0800: 0.468: [CMS-concurrent-abortable-preclean-start]
2020-10-27T23:25:14.423+0800: 0.468: [CMS-concurrent-abortable-preclean: 0.000/0.000 secs] [Times: user=0.00 sys=0.00, real=0.00 secs] 
2020-10-27T23:25:14.423+0800: 0.468: [GC (CMS Final Remark) [YG occupancy: 52680 K (78656 K)]2020-10-27T23:25:14.423+0800: 0.468: [Rescan (parallel) , 0.0002869 secs]2020-10-27T23:25:14.424+0800: 0.469: [weak refs processing, 0.0000101 secs]2020-10-27T23:25:14.424+0800: 0.469: [class unloading, 0.0001814 secs]2020-10-27T23:25:14.424+0800: 0.469: [scrub symbol table, 0.0003255 secs]2020-10-27T23:25:14.424+0800: 0.469: [scrub string table, 0.0000878 secs][1 CMS-remark: 174633K(174784K)] 227313K(253440K), 0.0009589 secs] [Times: user=0.00 sys=0.00, real=0.00 secs] 
2020-10-27T23:25:14.424+0800: 0.469: [CMS-concurrent-sweep-start]
2020-10-27T23:25:14.425+0800: 0.470: [CMS-concurrent-sweep: 0.000/0.000 secs] [Times: user=0.00 sys=0.00, real=0.00 secs] 
2020-10-27T23:25:14.425+0800: 0.470: [CMS-concurrent-reset-start]
2020-10-27T23:25:14.425+0800: 0.470: [CMS-concurrent-reset: 0.000/0.000 secs] [Times: user=0.00 sys=0.00, real=0.00 secs] 
2020-10-27T23:25:14.427+0800: 0.472: [GC (Allocation Failure) 2020-10-27T23:25:14.427+0800: 0.472: [ParNew: 78455K->78455K(78656K), 0.0000141 secs]2020-10-27T23:25:14.427+0800: 0.472: [CMS: 174633K->174347K(174784K), 0.0297614 secs] 253088K->221040K(253440K), [Metaspace: 2774K->2774K(1056768K)], 0.0298356 secs] [Times: user=0.03 sys=0.00, real=0.03 secs] 
2020-10-27T23:25:14.457+0800: 0.502: [GC (CMS Initial Mark) [1 CMS-initial-mark: 174347K(174784K)] 221727K(253440K), 0.0002667 secs] [Times: user=0.00 sys=0.00, real=0.00 secs] 
2020-10-27T23:25:14.458+0800: 0.503: [CMS-concurrent-mark-start]
2020-10-27T23:25:14.459+0800: 0.504: [CMS-concurrent-mark: 0.001/0.001 secs] [Times: user=0.00 sys=0.00, real=0.00 secs] 
2020-10-27T23:25:14.459+0800: 0.504: [CMS-concurrent-preclean-start]
2020-10-27T23:25:14.459+0800: 0.504: [CMS-concurrent-preclean: 0.001/0.001 secs] [Times: user=0.00 sys=0.00, real=0.00 secs] 
2020-10-27T23:25:14.459+0800: 0.504: [CMS-concurrent-abortable-preclean-start]
2020-10-27T23:25:14.459+0800: 0.504: [CMS-concurrent-abortable-preclean: 0.000/0.000 secs] [Times: user=0.00 sys=0.00, real=0.00 secs] 
2020-10-27T23:25:14.460+0800: 0.504: [GC (CMS Final Remark) [YG occupancy: 60894 K (78656 K)]2020-10-27T23:25:14.460+0800: 0.504: [Rescan (parallel) , 0.0003577 secs]2020-10-27T23:25:14.460+0800: 0.505: [weak refs processing, 0.0000112 secs]2020-10-27T23:25:14.460+0800: 0.505: [class unloading, 0.0001970 secs]2020-10-27T23:25:14.460+0800: 0.505: [scrub symbol table, 0.0004744 secs]2020-10-27T23:25:14.461+0800: 0.506: [scrub string table, 0.0000981 secs][1 CMS-remark: 174347K(174784K)] 235241K(253440K), 0.0012031 secs] [Times: user=0.00 sys=0.00, real=0.00 secs] 
2020-10-27T23:25:14.461+0800: 0.506: [CMS-concurrent-sweep-start]
2020-10-27T23:25:14.461+0800: 0.506: [CMS-concurrent-sweep: 0.000/0.000 secs] [Times: user=0.00 sys=0.00, real=0.00 secs] 
2020-10-27T23:25:14.461+0800: 0.506: [CMS-concurrent-reset-start]
2020-10-27T23:25:14.461+0800: 0.506: [CMS-concurrent-reset: 0.000/0.000 secs] [Times: user=0.00 sys=0.00, real=0.00 secs] 
2020-10-27T23:25:14.463+0800: 0.508: [GC (Allocation Failure) 2020-10-27T23:25:14.463+0800: 0.508: [ParNew: 78318K->78318K(78656K), 0.0000154 secs]2020-10-27T23:25:14.463+0800: 0.508: [CMS: 174298K->174695K(174784K), 0.0305623 secs] 252616K->226009K(253440K), [Metaspace: 2774K->2774K(1056768K)], 0.0306353 secs] [Times: user=0.03 sys=0.00, real=0.03 secs] 
2020-10-27T23:25:14.497+0800: 0.542: [GC (CMS Initial Mark) [1 CMS-initial-mark: 174695K(174784K)] 226787K(253440K), 0.0002292 secs] [Times: user=0.00 sys=0.00, real=0.00 secs] 
2020-10-27T23:25:14.497+0800: 0.542: [CMS-concurrent-mark-start]
2020-10-27T23:25:14.498+0800: 0.543: [CMS-concurrent-mark: 0.001/0.001 secs] [Times: user=0.00 sys=0.00, real=0.00 secs] 
2020-10-27T23:25:14.498+0800: 0.543: [CMS-concurrent-preclean-start]
2020-10-27T23:25:14.498+0800: 0.543: [CMS-concurrent-preclean: 0.001/0.001 secs] [Times: user=0.00 sys=0.00, real=0.00 secs] 
2020-10-27T23:25:14.498+0800: 0.543: [CMS-concurrent-abortable-preclean-start]
2020-10-27T23:25:14.498+0800: 0.543: [CMS-concurrent-abortable-preclean: 0.000/0.000 secs] [Times: user=0.00 sys=0.00, real=0.00 secs] 
2020-10-27T23:25:14.499+0800: 0.544: [GC (CMS Final Remark) [YG occupancy: 64487 K (78656 K)]2020-10-27T23:25:14.499+0800: 0.544: [Rescan (parallel) , 0.0004242 secs]2020-10-27T23:25:14.499+0800: 0.544: [weak refs processing, 0.0000122 secs]2020-10-27T23:25:14.499+0800: 0.544: [class unloading, 0.0001873 secs]2020-10-27T23:25:14.499+0800: 0.544: [scrub symbol table, 0.0003430 secs]2020-10-27T23:25:14.500+0800: 0.545: [scrub string table, 0.0000956 secs][1 CMS-remark: 174695K(174784K)] 239183K(253440K), 0.0011270 secs] [Times: user=0.00 sys=0.00, real=0.00 secs] 
2020-10-27T23:25:14.500+0800: 0.545: [CMS-concurrent-sweep-start]
2020-10-27T23:25:14.500+0800: 0.545: [CMS-concurrent-sweep: 0.000/0.000 secs] [Times: user=0.00 sys=0.00, real=0.00 secs] 
2020-10-27T23:25:14.500+0800: 0.545: [CMS-concurrent-reset-start]
2020-10-27T23:25:14.500+0800: 0.545: [CMS-concurrent-reset: 0.000/0.000 secs] [Times: user=0.00 sys=0.00, real=0.00 secs] 
2020-10-27T23:25:14.502+0800: 0.547: [GC (Allocation Failure) 2020-10-27T23:25:14.502+0800: 0.547: [ParNew: 78564K->78564K(78656K), 0.0000139 secs]2020-10-27T23:25:14.502+0800: 0.547: [CMS: 174557K->174682K(174784K), 0.0313586 secs] 253121K->226507K(253440K), [Metaspace: 2774K->2774K(1056768K)], 0.0314311 secs] [Times: user=0.03 sys=0.00, real=0.03 secs] 
2020-10-27T23:25:14.534+0800: 0.578: [GC (CMS Initial Mark) [1 CMS-initial-mark: 174682K(174784K)] 227743K(253440K), 0.0006278 secs] [Times: user=0.00 sys=0.00, real=0.00 secs] 
2020-10-27T23:25:14.534+0800: 0.579: [CMS-concurrent-mark-start]
2020-10-27T23:25:14.535+0800: 0.580: [CMS-concurrent-mark: 0.001/0.001 secs] [Times: user=0.00 sys=0.00, real=0.00 secs] 
2020-10-27T23:25:14.535+0800: 0.580: [CMS-concurrent-preclean-start]
2020-10-27T23:25:14.536+0800: 0.581: [CMS-concurrent-preclean: 0.001/0.001 secs] [Times: user=0.00 sys=0.00, real=0.00 secs] 
2020-10-27T23:25:14.536+0800: 0.581: [CMS-concurrent-abortable-preclean-start]
2020-10-27T23:25:14.536+0800: 0.581: [CMS-concurrent-abortable-preclean: 0.000/0.000 secs] [Times: user=0.00 sys=0.00, real=0.00 secs] 
2020-10-27T23:25:14.536+0800: 0.581: [GC (CMS Final Remark) [YG occupancy: 68923 K (78656 K)]2020-10-27T23:25:14.536+0800: 0.581: [Rescan (parallel) , 0.0005394 secs]2020-10-27T23:25:14.537+0800: 0.582: [weak refs processing, 0.0000117 secs]2020-10-27T23:25:14.537+0800: 0.582: [class unloading, 0.0002025 secs]2020-10-27T23:25:14.537+0800: 0.582: [scrub symbol table, 0.0004216 secs]2020-10-27T23:25:14.537+0800: 0.582: [scrub string table, 0.0001008 secs][1 CMS-remark: 174682K(174784K)] 243606K(253440K), 0.0013381 secs] [Times: user=0.00 sys=0.00, real=0.00 secs] 
2020-10-27T23:25:14.538+0800: 0.583: [CMS-concurrent-sweep-start]
2020-10-27T23:25:14.538+0800: 0.583: [CMS-concurrent-sweep: 0.000/0.000 secs] [Times: user=0.00 sys=0.00, real=0.00 secs] 
2020-10-27T23:25:14.538+0800: 0.583: [CMS-concurrent-reset-start]
2020-10-27T23:25:14.538+0800: 0.583: [CMS-concurrent-reset: 0.000/0.000 secs] [Times: user=0.00 sys=0.00, real=0.00 secs] 
2020-10-27T23:25:14.539+0800: 0.584: [GC (Allocation Failure) 2020-10-27T23:25:14.539+0800: 0.584: [ParNew: 77966K->77966K(78656K), 0.0000132 secs]2020-10-27T23:25:14.539+0800: 0.584: [CMS: 174268K->174710K(174784K), 0.0308687 secs] 252234K->232979K(253440K), [Metaspace: 2774K->2774K(1056768K)], 0.0309369 secs] [Times: user=0.03 sys=0.00, real=0.03 secs] 
2020-10-27T23:25:14.570+0800: 0.615: [GC (CMS Initial Mark) [1 CMS-initial-mark: 174710K(174784K)] 233684K(253440K), 0.0003942 secs] [Times: user=0.00 sys=0.00, real=0.00 secs] 
2020-10-27T23:25:14.571+0800: 0.615: [CMS-concurrent-mark-start]
2020-10-27T23:25:14.571+0800: 0.616: [CMS-concurrent-mark: 0.001/0.001 secs] [Times: user=0.00 sys=0.00, real=0.00 secs] 
2020-10-27T23:25:14.571+0800: 0.616: [CMS-concurrent-preclean-start]
2020-10-27T23:25:14.572+0800: 0.617: [CMS-concurrent-preclean: 0.001/0.001 secs] [Times: user=0.00 sys=0.00, real=0.00 secs] 
2020-10-27T23:25:14.572+0800: 0.617: [CMS-concurrent-abortable-preclean-start]
2020-10-27T23:25:14.572+0800: 0.617: [CMS-concurrent-abortable-preclean: 0.000/0.000 secs] [Times: user=0.00 sys=0.00, real=0.00 secs] 
2020-10-27T23:25:14.572+0800: 0.617: [GC (CMS Final Remark) [YG occupancy: 70308 K (78656 K)]2020-10-27T23:25:14.572+0800: 0.617: [Rescan (parallel) , 0.0002279 secs]2020-10-27T23:25:14.573+0800: 0.618: [weak refs processing, 0.0000111 secs]2020-10-27T23:25:14.573+0800: 0.618: [class unloading, 0.0001959 secs]2020-10-27T23:25:14.573+0800: 0.618: [scrub symbol table, 0.0003297 secs]2020-10-27T23:25:14.573+0800: 0.618: [scrub string table, 0.0000895 secs][1 CMS-remark: 174710K(174784K)] 245018K(253440K), 0.0009364 secs] [Times: user=0.00 sys=0.00, real=0.00 secs] 
2020-10-27T23:25:14.573+0800: 0.618: [CMS-concurrent-sweep-start]
2020-10-27T23:25:14.574+0800: 0.619: [CMS-concurrent-sweep: 0.000/0.000 secs] [Times: user=0.00 sys=0.00, real=0.00 secs] 
2020-10-27T23:25:14.574+0800: 0.619: [CMS-concurrent-reset-start]
2020-10-27T23:25:14.574+0800: 0.619: [CMS-concurrent-reset: 0.000/0.000 secs] [Times: user=0.00 sys=0.00, real=0.00 secs] 
2020-10-27T23:25:14.575+0800: 0.620: [GC (Allocation Failure) 2020-10-27T23:25:14.575+0800: 0.620: [ParNew: 78260K->78260K(78656K), 0.0000135 secs]2020-10-27T23:25:14.575+0800: 0.620: [CMS: 174331K->174720K(174784K), 0.0296897 secs] 252592K->235524K(253440K), [Metaspace: 2774K->2774K(1056768K)], 0.0297580 secs] [Times: user=0.03 sys=0.00, real=0.03 secs] 
2020-10-27T23:25:14.605+0800: 0.650: [GC (CMS Initial Mark) [1 CMS-initial-mark: 174720K(174784K)] 236047K(253440K), 0.0002507 secs] [Times: user=0.00 sys=0.00, real=0.00 secs] 
2020-10-27T23:25:14.605+0800: 0.650: [CMS-concurrent-mark-start]
2020-10-27T23:25:14.606+0800: 0.651: [CMS-concurrent-mark: 0.001/0.001 secs] [Times: user=0.00 sys=0.00, real=0.00 secs] 
2020-10-27T23:25:14.606+0800: 0.651: [CMS-concurrent-preclean-start]
2020-10-27T23:25:14.607+0800: 0.652: [CMS-concurrent-preclean: 0.001/0.001 secs] [Times: user=0.00 sys=0.00, real=0.00 secs] 
2020-10-27T23:25:14.607+0800: 0.652: [CMS-concurrent-abortable-preclean-start]
2020-10-27T23:25:14.607+0800: 0.652: [CMS-concurrent-abortable-preclean: 0.000/0.000 secs] [Times: user=0.00 sys=0.00, real=0.00 secs] 
2020-10-27T23:25:14.607+0800: 0.652: [GC (CMS Final Remark) [YG occupancy: 72477 K (78656 K)]2020-10-27T23:25:14.607+0800: 0.652: [Rescan (parallel) , 0.0005501 secs]2020-10-27T23:25:14.607+0800: 0.652: [weak refs processing, 0.0000101 secs]2020-10-27T23:25:14.607+0800: 0.652: [class unloading, 0.0002096 secs]2020-10-27T23:25:14.608+0800: 0.652: [scrub symbol table, 0.0003375 secs]2020-10-27T23:25:14.608+0800: 0.653: [scrub string table, 0.0000957 secs][1 CMS-remark: 174720K(174784K)] 247197K(253440K), 0.0012629 secs] [Times: user=0.00 sys=0.00, real=0.00 secs] 
2020-10-27T23:25:14.608+0800: 0.653: [CMS-concurrent-sweep-start]
2020-10-27T23:25:14.608+0800: 0.653: [CMS-concurrent-sweep: 0.000/0.000 secs] [Times: user=0.00 sys=0.00, real=0.00 secs] 
2020-10-27T23:25:14.608+0800: 0.653: [CMS-concurrent-reset-start]
2020-10-27T23:25:14.609+0800: 0.654: [CMS-concurrent-reset: 0.000/0.000 secs] [Times: user=0.00 sys=0.00, real=0.00 secs] 
2020-10-27T23:25:14.609+0800: 0.654: [GC (Allocation Failure) 2020-10-27T23:25:14.609+0800: 0.654: [ParNew: 78649K->78649K(78656K), 0.0000138 secs]2020-10-27T23:25:14.609+0800: 0.654: [CMS: 174683K->174570K(174784K), 0.0310473 secs] 253332K->236575K(253440K), [Metaspace: 2774K->2774K(1056768K)], 0.0311372 secs] [Times: user=0.03 sys=0.00, real=0.03 secs] 
2020-10-27T23:25:14.641+0800: 0.686: [GC (CMS Initial Mark) [1 CMS-initial-mark: 174570K(174784K)] 237137K(253440K), 0.0002959 secs] [Times: user=0.00 sys=0.00, real=0.00 secs] 
2020-10-27T23:25:14.641+0800: 0.686: [CMS-concurrent-mark-start]
2020-10-27T23:25:14.642+0800: 0.687: [CMS-concurrent-mark: 0.001/0.001 secs] [Times: user=0.00 sys=0.00, real=0.00 secs] 
2020-10-27T23:25:14.642+0800: 0.687: [CMS-concurrent-preclean-start]
2020-10-27T23:25:14.643+0800: 0.688: [CMS-concurrent-preclean: 0.001/0.001 secs] [Times: user=0.00 sys=0.00, real=0.00 secs] 
2020-10-27T23:25:14.643+0800: 0.688: [CMS-concurrent-abortable-preclean-start]
2020-10-27T23:25:14.643+0800: 0.688: [CMS-concurrent-abortable-preclean: 0.000/0.000 secs] [Times: user=0.00 sys=0.00, real=0.00 secs] 
2020-10-27T23:25:14.643+0800: 0.688: [GC (CMS Final Remark) [YG occupancy: 71567 K (78656 K)]2020-10-27T23:25:14.643+0800: 0.688: [Rescan (parallel) , 0.0003929 secs]2020-10-27T23:25:14.643+0800: 0.688: [weak refs processing, 0.0000105 secs]2020-10-27T23:25:14.643+0800: 0.688: [class unloading, 0.0001958 secs]2020-10-27T23:25:14.644+0800: 0.688: [scrub symbol table, 0.0003423 secs]2020-10-27T23:25:14.644+0800: 0.689: [scrub string table, 0.0000969 secs][1 CMS-remark: 174570K(174784K)] 246138K(253440K), 0.0011116 secs] [Times: user=0.00 sys=0.00, real=0.00 secs] 
2020-10-27T23:25:14.644+0800: 0.689: [CMS-concurrent-sweep-start]
2020-10-27T23:25:14.644+0800: 0.689: [CMS-concurrent-sweep: 0.000/0.000 secs] [Times: user=0.00 sys=0.00, real=0.00 secs] 
2020-10-27T23:25:14.644+0800: 0.689: [CMS-concurrent-reset-start]
2020-10-27T23:25:14.645+0800: 0.689: [CMS-concurrent-reset: 0.000/0.000 secs] [Times: user=0.00 sys=0.00, real=0.00 secs] 
2020-10-27T23:25:14.645+0800: 0.690: [GC (Allocation Failure) 2020-10-27T23:25:14.645+0800: 0.690: [ParNew: 78115K->78115K(78656K), 0.0000130 secs]2020-10-27T23:25:14.645+0800: 0.690: [CMS: 174570K->174624K(174784K), 0.0312900 secs] 252686K->235968K(253440K), [Metaspace: 2774K->2774K(1056768K)], 0.0313638 secs] [Times: user=0.03 sys=0.00, real=0.03 secs] 
2020-10-27T23:25:14.677+0800: 0.722: [GC (CMS Initial Mark) [1 CMS-initial-mark: 174624K(174784K)] 236963K(253440K), 0.0003325 secs] [Times: user=0.00 sys=0.00, real=0.00 secs] 
2020-10-27T23:25:14.677+0800: 0.722: [CMS-concurrent-mark-start]
2020-10-27T23:25:14.678+0800: 0.723: [CMS-concurrent-mark: 0.001/0.001 secs] [Times: user=0.00 sys=0.00, real=0.00 secs] 
2020-10-27T23:25:14.678+0800: 0.723: [CMS-concurrent-preclean-start]
2020-10-27T23:25:14.679+0800: 0.724: [CMS-concurrent-preclean: 0.001/0.001 secs] [Times: user=0.00 sys=0.00, real=0.00 secs] 
2020-10-27T23:25:14.679+0800: 0.724: [CMS-concurrent-abortable-preclean-start]
2020-10-27T23:25:14.679+0800: 0.724: [CMS-concurrent-abortable-preclean: 0.000/0.000 secs] [Times: user=0.00 sys=0.00, real=0.00 secs] 
2020-10-27T23:25:14.679+0800: 0.724: [GC (CMS Final Remark) [YG occupancy: 73702 K (78656 K)]2020-10-27T23:25:14.679+0800: 0.724: [Rescan (parallel) , 0.0006303 secs]2020-10-27T23:25:14.680+0800: 0.724: [weak refs processing, 0.0000112 secs]2020-10-27T23:25:14.680+0800: 0.725: [class unloading, 0.0002105 secs]2020-10-27T23:25:14.680+0800: 0.725: [scrub symbol table, 0.0004328 secs]2020-10-27T23:25:14.680+0800: 0.725: [scrub string table, 0.0001055 secs][1 CMS-remark: 174624K(174784K)] 248326K(253440K), 0.0014555 secs] [Times: user=0.00 sys=0.00, real=0.00 secs] 
2020-10-27T23:25:14.681+0800: 0.725: [CMS-concurrent-sweep-start]
2020-10-27T23:25:14.681+0800: 0.726: [CMS-concurrent-sweep: 0.000/0.000 secs] [Times: user=0.00 sys=0.00, real=0.00 secs] 
2020-10-27T23:25:14.681+0800: 0.726: [CMS-concurrent-reset-start]
2020-10-27T23:25:14.681+0800: 0.726: [CMS-concurrent-reset: 0.000/0.000 secs] [Times: user=0.00 sys=0.00, real=0.00 secs] 
2020-10-27T23:25:14.681+0800: 0.726: [GC (Allocation Failure) 2020-10-27T23:25:14.681+0800: 0.726: [ParNew: 78370K->78370K(78656K), 0.0000132 secs]2020-10-27T23:25:14.681+0800: 0.726: [CMS: 174621K->174717K(174784K), 0.0311957 secs] 252992K->238027K(253440K), [Metaspace: 2774K->2774K(1056768K)], 0.0312805 secs] [Times: user=0.03 sys=0.00, real=0.03 secs] 
2020-10-27T23:25:14.713+0800: 0.758: [GC (CMS Initial Mark) [1 CMS-initial-mark: 174717K(174784K)] 238353K(253440K), 0.0002080 secs] [Times: user=0.00 sys=0.00, real=0.00 secs] 
2020-10-27T23:25:14.713+0800: 0.758: [CMS-concurrent-mark-start]
2020-10-27T23:25:14.714+0800: 0.759: [CMS-concurrent-mark: 0.001/0.001 secs] [Times: user=0.00 sys=0.00, real=0.00 secs] 
2020-10-27T23:25:14.714+0800: 0.759: [CMS-concurrent-preclean-start]
2020-10-27T23:25:14.715+0800: 0.760: [CMS-concurrent-preclean: 0.001/0.001 secs] [Times: user=0.00 sys=0.00, real=0.00 secs] 
2020-10-27T23:25:14.715+0800: 0.760: [CMS-concurrent-abortable-preclean-start]
2020-10-27T23:25:14.715+0800: 0.760: [CMS-concurrent-abortable-preclean: 0.000/0.000 secs] [Times: user=0.00 sys=0.00, real=0.00 secs] 
2020-10-27T23:25:14.715+0800: 0.760: [GC (CMS Final Remark) [YG occupancy: 74443 K (78656 K)]2020-10-27T23:25:14.715+0800: 0.760: [Rescan (parallel) , 0.0003395 secs]2020-10-27T23:25:14.715+0800: 0.760: [weak refs processing, 0.0000112 secs]2020-10-27T23:25:14.715+0800: 0.760: [class unloading, 0.0001936 secs]2020-10-27T23:25:14.715+0800: 0.760: [scrub symbol table, 0.0004249 secs]2020-10-27T23:25:14.716+0800: 0.761: [scrub string table, 0.0001043 secs][1 CMS-remark: 174717K(174784K)] 249161K(253440K), 0.0011400 secs] [Times: user=0.00 sys=0.00, real=0.00 secs] 
2020-10-27T23:25:14.716+0800: 0.761: [CMS-concurrent-sweep-start]
2020-10-27T23:25:14.716+0800: 0.761: [CMS-concurrent-sweep: 0.000/0.000 secs] [Times: user=0.00 sys=0.00, real=0.00 secs] 
2020-10-27T23:25:14.716+0800: 0.761: [CMS-concurrent-reset-start]
2020-10-27T23:25:14.717+0800: 0.761: [CMS-concurrent-reset: 0.000/0.000 secs] [Times: user=0.00 sys=0.00, real=0.00 secs] 
2020-10-27T23:25:14.717+0800: 0.762: [GC (Allocation Failure) 2020-10-27T23:25:14.717+0800: 0.762: [ParNew: 78582K->78582K(78656K), 0.0000175 secs]2020-10-27T23:25:14.717+0800: 0.762: [CMS: 174717K->174618K(174784K), 0.0296560 secs] 253300K->239486K(253440K), [Metaspace: 2774K->2774K(1056768K)], 0.0297332 secs] [Times: user=0.03 sys=0.00, real=0.03 secs] 
2020-10-27T23:25:14.748+0800: 0.793: [Full GC (Allocation Failure) 2020-10-27T23:25:14.748+0800: 0.793: [CMS: 174680K->174691K(174784K), 0.0315520 secs] 253317K->242264K(253440K), [Metaspace: 2774K->2774K(1056768K)], 0.0316017 secs] [Times: user=0.03 sys=0.00, real=0.03 secs] 
2020-10-27T23:25:14.780+0800: 0.825: [GC (CMS Initial Mark) [1 CMS-initial-mark: 174691K(174784K)] 243043K(253440K), 0.0002771 secs] [Times: user=0.00 sys=0.00, real=0.00 secs] 
2020-10-27T23:25:14.780+0800: 0.825: [CMS-concurrent-mark-start]
2020-10-27T23:25:14.781+0800: 0.826: [CMS-concurrent-mark: 0.001/0.001 secs] [Times: user=0.00 sys=0.00, real=0.00 secs] 
2020-10-27T23:25:14.781+0800: 0.826: [CMS-concurrent-preclean-start]
2020-10-27T23:25:14.782+0800: 0.827: [Full GC (Allocation Failure) 2020-10-27T23:25:14.782+0800: 0.827: [CMS2020-10-27T23:25:14.782+0800: 0.827: [CMS-concurrent-preclean: 0.001/0.001 secs] [Times: user=0.00 sys=0.00, real=0.00 secs] 
 (concurrent mode failure): 174745K->174754K(174784K), 0.0316697 secs] 253395K->245134K(253440K), [Metaspace: 2774K->2774K(1056768K)], 0.0317214 secs] [Times: user=0.03 sys=0.00, real=0.03 secs] 
2020-10-27T23:25:14.815+0800: 0.860: [Full GC (Allocation Failure) 2020-10-27T23:25:14.815+0800: 0.860: [CMS: 174754K->174633K(174784K), 0.0307463 secs] 253154K->245573K(253440K), [Metaspace: 2774K->2774K(1056768K)], 0.0308000 secs] [Times: user=0.03 sys=0.00, real=0.03 secs] 
2020-10-27T23:25:14.846+0800: 0.891: [GC (CMS Initial Mark) [1 CMS-initial-mark: 174633K(174784K)] 246294K(253440K), 0.0004185 secs] [Times: user=0.00 sys=0.00, real=0.00 secs] 
2020-10-27T23:25:14.847+0800: 0.891: [CMS-concurrent-mark-start]
2020-10-27T23:25:14.847+0800: 0.892: [CMS-concurrent-mark: 0.001/0.001 secs] [Times: user=0.00 sys=0.00, real=0.00 secs] 
2020-10-27T23:25:14.847+0800: 0.892: [CMS-concurrent-preclean-start]
2020-10-27T23:25:14.848+0800: 0.892: [Full GC (Allocation Failure) 2020-10-27T23:25:14.848+0800: 0.893: [CMS2020-10-27T23:25:14.848+0800: 0.893: [CMS-concurrent-preclean: 0.001/0.001 secs] [Times: user=0.00 sys=0.00, real=0.00 secs] 
 (concurrent mode failure): 174633K->174558K(174784K), 0.0319159 secs] 253189K->246662K(253440K), [Metaspace: 2774K->2774K(1056768K)], 0.0319666 secs] [Times: user=0.03 sys=0.00, real=0.03 secs] 
2020-10-27T23:25:14.880+0800: 0.925: [Full GC (Allocation Failure) 2020-10-27T23:25:14.880+0800: 0.925: [CMS: 174558K->174335K(174784K), 0.0270640 secs] 253161K->248747K(253440K), [Metaspace: 2774K->2774K(1056768K)], 0.0271111 secs] [Times: user=0.03 sys=0.00, real=0.03 secs] 
2020-10-27T23:25:14.908+0800: 0.952: [GC (CMS Initial Mark) [1 CMS-initial-mark: 174335K(174784K)] 248904K(253440K), 0.0001974 secs] [Times: user=0.00 sys=0.00, real=0.00 secs] 
2020-10-27T23:25:14.908+0800: 0.953: [CMS-concurrent-mark-start]
2020-10-27T23:25:14.909+0800: 0.953: [Full GC (Allocation Failure) 2020-10-27T23:25:14.909+0800: 0.953: [CMS2020-10-27T23:25:14.911+0800: 0.955: [CMS-concurrent-mark: 0.001/0.003 secs] [Times: user=0.00 sys=0.00, real=0.00 secs] 
 (concurrent mode failure): 174522K->174307K(174784K), 0.0294208 secs] 253165K->248651K(253440K), [Metaspace: 2774K->2774K(1056768K)], 0.0294725 secs] [Times: user=0.03 sys=0.00, real=0.03 secs] 
2020-10-27T23:25:14.939+0800: 0.984: [Full GC (Allocation Failure) 2020-10-27T23:25:14.939+0800: 0.984: [CMS: 174307K->174592K(174784K), 0.0325263 secs] 252738K->249031K(253440K), [Metaspace: 2774K->2774K(1056768K)], 0.0325772 secs] [Times: user=0.03 sys=0.00, real=0.03 secs] 
2020-10-27T23:25:14.972+0800: 1.016: [GC (CMS Initial Mark) [1 CMS-initial-mark: 174592K(174784K)] 249417K(253440K), 0.0003610 secs] [Times: user=0.00 sys=0.00, real=0.00 secs] 
2020-10-27T23:25:14.972+0800: 1.017: [CMS-concurrent-mark-start]
2020-10-27T23:25:14.973+0800: 1.017: [Full GC (Allocation Failure) 2020-10-27T23:25:14.973+0800: 1.017: [CMS2020-10-27T23:25:14.975+0800: 1.020: [CMS-concurrent-mark: 0.001/0.003 secs] [Times: user=0.00 sys=0.00, real=0.00 secs] 
 (concurrent mode failure): 174592K->174323K(174784K), 0.0078767 secs] 252731K->249513K(253440K), [Metaspace: 2774K->2774K(1056768K)], 0.0079632 secs] [Times: user=0.02 sys=0.00, real=0.01 secs] 
2020-10-27T23:25:14.981+0800: 1.026: [Full GC (Allocation Failure) 2020-10-27T23:25:14.981+0800: 1.026: [CMS: 174575K->174767K(174784K), 0.0291256 secs] 253216K->251115K(253440K), [Metaspace: 2774K->2774K(1056768K)], 0.0291827 secs] [Times: user=0.03 sys=0.00, real=0.03 secs] 
2020-10-27T23:25:15.011+0800: 1.055: [GC (CMS Initial Mark) [1 CMS-initial-mark: 174767K(174784K)] 251499K(253440K), 0.0001491 secs] [Times: user=0.00 sys=0.00, real=0.00 secs] 
2020-10-27T23:25:15.011+0800: 1.056: [CMS-concurrent-mark-start]
2020-10-27T23:25:15.011+0800: 1.056: [Full GC (Allocation Failure) 2020-10-27T23:25:15.011+0800: 1.056: [CMS2020-10-27T23:25:15.013+0800: 1.058: [CMS-concurrent-mark: 0.001/0.003 secs] [Times: user=0.00 sys=0.00, real=0.00 secs] 
 (concurrent mode failure): 174767K->174648K(174784K), 0.0158960 secs] 253399K->251134K(253440K), [Metaspace: 2774K->2774K(1056768K)], 0.0159461 secs] [Times: user=0.02 sys=0.00, real=0.02 secs] 
2020-10-27T23:25:15.028+0800: 1.072: [Full GC (Allocation Failure) 2020-10-27T23:25:15.028+0800: 1.072: [CMS: 174648K->174272K(174784K), 0.0210667 secs] 253255K->251390K(253440K), [Metaspace: 2774K->2774K(1056768K)], 0.0211206 secs] [Times: user=0.01 sys=0.00, real=0.02 secs] 
2020-10-27T23:25:15.049+0800: 1.094: [GC (CMS Initial Mark) [1 CMS-initial-mark: 174272K(174784K)] 251600K(253440K), 0.0002594 secs] [Times: user=0.00 sys=0.00, real=0.00 secs] 
2020-10-27T23:25:15.049+0800: 1.094: [CMS-concurrent-mark-start]
2020-10-27T23:25:15.050+0800: 1.095: [CMS-concurrent-mark: 0.001/0.001 secs] [Times: user=0.00 sys=0.00, real=0.00 secs] 
2020-10-27T23:25:15.050+0800: 1.095: [CMS-concurrent-preclean-start]
Heap
 par new generation   total 78656K, used 77453K [0x00000000f0000000, 0x00000000f5550000, 0x00000000f5550000)
  eden space 69952K, 100% used [0x00000000f0000000, 0x00000000f4450000, 0x00000000f4450000)
  from space 8704K,  86% used [0x00000000f4cd0000, 0x00000000f54235c8, 0x00000000f5550000)
  to   space 8704K,   0% used [0x00000000f4450000, 0x00000000f4450000, 0x00000000f4cd0000)
 concurrent mark-sweep generation total 174784K, used 174272K [0x00000000f5550000, 0x0000000100000000, 0x0000000100000000)
 Metaspace       used 2780K, capacity 4486K, committed 4864K, reserved 1056768K
  class space    used 313K, capacity 386K, committed 512K, reserved 1048576K
